

Microchip Technology PIC18 LITE Macro Assembler V1.31 build 56723 
                                                                                               Fri May 02 20:46:47 2014

Microchip Technology Omniscient Code Generator (Lite mode) build 56723
     1                           	processor	18F47J53
     2                           	fnconf	rparam,??,?,0
     3                           	opt	pw 120
     4                           	opt	lm
     5                           	psect	text0,global,reloc=2,class=CODE,delta=1
     6                           	psect	cinit,global,reloc=2,class=CODE,delta=1
     7                           	psect	cstackCOMRAM,global,class=COMRAM,space=1,delta=1
     8                           	psect	text1,global,reloc=2,class=CODE,delta=1
     9                           	psect	intsave_regs,global,class=BIGRAM,space=1,delta=1
    10                           	psect	rparam,global,class=COMRAM,space=1,delta=1
    11  0000                     _ADCON0	set	4034
    12  0000                     _LATAbits	set	3977
    13  0000                     _OSCCONbits	set	4051
    14  0000                     _TRISAbits	set	3986
    15  0000                     _TRISBbits	set	3987
    16  0000                     _TRISCbits	set	3988
    17  0000                     _TRISDbits	set	3989
    18  0000                     _TRISEbits	set	3990
    19                           
    20 ;;
    21 ;;Main: autosize = 0, tempsize = 1, incstack = 0, save=0
    22 ;;
    23 ;; *************** function _main *****************
    24 ;; Defined at:
    25 ;;		line 69 in file "cmain.c"
    26 ;; Parameters:    Size  Location     Type
    27 ;;		None
    28 ;; Auto vars:     Size  Location     Type
    29 ;;		None
    30 ;; Return value:  Size  Location     Type
    31 ;;                  2   23[COMRAM] int 
    32 ;; Registers used:
    33 ;;		wreg, status,2, cstack
    34 ;; Tracked objects:
    35 ;;		On entry : 0/0
    36 ;;		On exit  : 0/0
    37 ;;		Unchanged: 0/0
    38 ;; Data sizes:     COMRAM   BANK0   BANK1   BANK2   BANK3   BANK4   BANK5   BANK6   BANK7   BANK8   BANK9  BANK10  BANK1
      +1  BANK12  BANK13  BANK14
    39 ;;      Params:         0       0       0       0       0       0       0       0       0       0       0       0       
      +0       0       0       0
    40 ;;      Locals:         0       0       0       0       0       0       0       0       0       0       0       0       
      +0       0       0       0
    41 ;;      Temps:          1       0       0       0       0       0       0       0       0       0       0       0       
      +0       0       0       0
    42 ;;      Totals:         1       0       0       0       0       0       0       0       0       0       0       0       
      +0       0       0       0
    43 ;;Total ram usage:        1 bytes
    44 ;; Hardware stack levels required when called:    1
    45 ;; This function calls:
    46 ;;		_init_io
    47 ;; This function is called by:
    48 ;;		Startup code after reset
    49 ;; This function uses a non-reentrant model
    50 ;;
    51                           
    52                           	psect	text0
    53  01FF92                     __ptext0:
    54                           	opt stack 0
    55  01FF92                     _main:
    56                           	opt stack 30
    57                           
    58                           ;cmain.c: 72: OSCCONbits.IRCF = 0x07;
    59                           
    60                           ;incstack = 0
    61  01FF92  88D3               	bsf	4051,4,c	;volatile
    62  01FF94  8AD3               	bsf	4051,5,c	;volatile
    63  01FF96  8CD3               	bsf	4051,6,c	;volatile
    64                           
    65                           ;cmain.c: 73: OSCCONbits.SCS = 0x03;
    66  01FF98  0E03               	movlw	3
    67  01FF9A  12D3               	iorwf	4051,f,c	;volatile
    68                           
    69                           ;cmain.c: 75: init_io();
    70  01FF9C  ECE2  F0FF         	call	_init_io	;wreg free
    71                           
    72                           ;cmain.c: 77: LATAbits.LA1 = 1;
    73  01FFA0  8289               	bsf	3977,1,c	;volatile
    74  01FFA2                     l655:
    75                           
    76                           ;cmain.c: 80: LATAbits.LA0 = 1;
    77  01FFA2  8089               	bsf	3977,0,c	;volatile
    78                           
    79                           ;cmain.c: 81: _delay((unsigned long)((50)*(8000000/4000.0)));
    80  01FFA4  0E82               	movlw	130
    81  01FFA6  6E01               	movwf	??_main& (0+255),c
    82  01FFA8  0EDE               	movlw	222
    83  01FFAA                     u17:
    84  01FFAA  2EE8               	decfsz	wreg,f,c
    85  01FFAC  D7FE               	goto	u17
    86  01FFAE  2E01               	decfsz	??_main& (0+255),f,c
    87  01FFB0  D7FC               	goto	u17
    88                           
    89                           ;cmain.c: 82: LATAbits.LA0 = 0;
    90  01FFB2  9089               	bcf	3977,0,c	;volatile
    91                           
    92                           ;cmain.c: 83: _delay((unsigned long)((50)*(8000000/4000.0)));
    93  01FFB4  0E82               	movlw	130
    94  01FFB6  6E01               	movwf	??_main& (0+255),c
    95  01FFB8  0EDE               	movlw	222
    96  01FFBA                     u27:
    97  01FFBA  2EE8               	decfsz	wreg,f,c
    98  01FFBC  D7FE               	goto	u27
    99  01FFBE  2E01               	decfsz	??_main& (0+255),f,c
   100  01FFC0  D7FC               	goto	u27
   101  01FFC2  D7EF               	goto	l655
   102  01FFC4                     __end_of_main:
   103                           	opt stack 0
   104                           wreg	equ	0xFE8
   105                           
   106                           	psect	cinit
   107  01FF8C                     __pcinit:
   108                           	opt stack 0
   109  01FF8C                     start_initialization:
   110                           	opt stack 0
   111  01FF8C                     __initialization:
   112                           	opt stack 0
   113  01FF8C                     end_of_initialization:
   114                           	opt stack 0
   115  01FF8C                     __end_of__initialization:
   116                           	opt stack 0
   117  01FF8C  0100               	movlb	0
   118  01FF8E  EFC9  F0FF         	goto	_main	;jump to C main() function
   119                           wreg	equ	0xFE8
   120                           
   121                           	psect	cstackCOMRAM
   122  000001                     __pcstackCOMRAM:
   123                           	opt stack 0
   124  000001                     ??_main:
   125  000001                     
   126                           ; 2 bytes @ 0x0
   127  000001                     	ds	1
   128                           wreg	equ	0xFE8
   129                           
   130 ;; *************** function _init_io *****************
   131 ;; Defined at:
   132 ;;		line 37 in file "cmain.c"
   133 ;; Parameters:    Size  Location     Type
   134 ;;		None
   135 ;; Auto vars:     Size  Location     Type
   136 ;;		None
   137 ;; Return value:  Size  Location     Type
   138 ;;		None               void
   139 ;; Registers used:
   140 ;;		wreg, status,2
   141 ;; Tracked objects:
   142 ;;		On entry : 0/0
   143 ;;		On exit  : 0/0
   144 ;;		Unchanged: 0/0
   145 ;; Data sizes:     COMRAM   BANK0   BANK1   BANK2   BANK3   BANK4   BANK5   BANK6   BANK7   BANK8   BANK9  BANK10  BANK1
      +1  BANK12  BANK13  BANK14
   146 ;;      Params:         0       0       0       0       0       0       0       0       0       0       0       0       
      +0       0       0       0
   147 ;;      Locals:         0       0       0       0       0       0       0       0       0       0       0       0       
      +0       0       0       0
   148 ;;      Temps:          0       0       0       0       0       0       0       0       0       0       0       0       
      +0       0       0       0
   149 ;;      Totals:         0       0       0       0       0       0       0       0       0       0       0       0       
      +0       0       0       0
   150 ;;Total ram usage:        0 bytes
   151 ;; Hardware stack levels used:    1
   152 ;; This function calls:
   153 ;;		Nothing
   154 ;; This function is called by:
   155 ;;		_main
   156 ;; This function uses a non-reentrant model
   157 ;;
   158                           
   159                           	psect	text1
   160  01FFC4                     __ptext1:
   161                           	opt stack 0
   162  01FFC4                     _init_io:
   163                           	opt stack 30
   164                           
   165                           ;cmain.c: 38: TRISAbits.TRISA0 = 0;
   166                           
   167                           ;incstack = 0
   168  01FFC4  9092               	bcf	3986,0,c	;volatile
   169                           
   170                           ;cmain.c: 39: TRISAbits.TRISA1 = 0;
   171  01FFC6  9292               	bcf	3986,1,c	;volatile
   172                           
   173                           ;cmain.c: 40: TRISAbits.TRISA2 = 0;
   174  01FFC8  9492               	bcf	3986,2,c	;volatile
   175                           
   176                           ;cmain.c: 41: ADCON0 = 0x00;
   177  01FFCA  0E00               	movlw	0
   178  01FFCC  6EC2               	movwf	4034,c	;volatile
   179                           
   180                           ;cmain.c: 43: TRISBbits.TRISB0 = 0;
   181  01FFCE  9093               	bcf	3987,0,c	;volatile
   182                           
   183                           ;cmain.c: 44: TRISBbits.TRISB1 = 0;
   184  01FFD0  9293               	bcf	3987,1,c	;volatile
   185                           
   186                           ;cmain.c: 45: TRISBbits.TRISB2 = 0;
   187  01FFD2  9493               	bcf	3987,2,c	;volatile
   188                           
   189                           ;cmain.c: 46: TRISBbits.TRISB3 = 0;
   190  01FFD4  9693               	bcf	3987,3,c	;volatile
   191                           
   192                           ;cmain.c: 47: TRISBbits.TRISB4 = 0;
   193  01FFD6  9893               	bcf	3987,4,c	;volatile
   194                           
   195                           ;cmain.c: 48: TRISBbits.TRISB5 = 1;
   196  01FFD8  8A93               	bsf	3987,5,c	;volatile
   197                           
   198                           ;cmain.c: 50: TRISCbits.TRISC0 = 0;
   199  01FFDA  9094               	bcf	3988,0,c	;volatile
   200                           
   201                           ;cmain.c: 51: TRISCbits.TRISC1 = 0;
   202  01FFDC  9294               	bcf	3988,1,c	;volatile
   203                           
   204                           ;cmain.c: 52: TRISCbits.TRISC2 = 0;
   205  01FFDE  9494               	bcf	3988,2,c	;volatile
   206                           
   207                           ;cmain.c: 53: TRISCbits.TRISC3 = 0;
   208  01FFE0  9694               	bcf	3988,3,c	;volatile
   209                           
   210                           ;cmain.c: 54: TRISCbits.TRISC6 = 1;
   211  01FFE2  8C94               	bsf	3988,6,c	;volatile
   212                           
   213                           ;cmain.c: 55: TRISCbits.TRISC7 = 1;
   214  01FFE4  8E94               	bsf	3988,7,c	;volatile
   215                           
   216                           ;cmain.c: 57: TRISDbits.TRISD0 = 1;
   217  01FFE6  8095               	bsf	3989,0,c	;volatile
   218                           
   219                           ;cmain.c: 58: TRISDbits.TRISD1 = 1;
   220  01FFE8  8295               	bsf	3989,1,c	;volatile
   221                           
   222                           ;cmain.c: 59: TRISDbits.TRISD4 = 1;
   223  01FFEA  8895               	bsf	3989,4,c	;volatile
   224                           
   225                           ;cmain.c: 60: TRISDbits.TRISD5 = 1;
   226  01FFEC  8A95               	bsf	3989,5,c	;volatile
   227                           
   228                           ;cmain.c: 61: TRISDbits.TRISD6 = 0;
   229  01FFEE  9C95               	bcf	3989,6,c	;volatile
   230                           
   231                           ;cmain.c: 63: TRISEbits.TRISE0 = 1;
   232  01FFF0  8096               	bsf	3990,0,c	;volatile
   233                           
   234                           ;cmain.c: 64: TRISEbits.TRISE1 = 1;
   235  01FFF2  8296               	bsf	3990,1,c	;volatile
   236                           
   237                           ;cmain.c: 65: TRISEbits.TRISE2 = 1;
   238  01FFF4  8496               	bsf	3990,2,c	;volatile
   239  01FFF6  0012               	return	
   240  01FFF8                     __end_of_init_io:
   241                           	opt stack 0
   242  0000                     wreg	equ	0xFE8
   243                           wreg	equ	0xFE8
   244                           
   245                           	psect	rparam
   246  0000                     wreg	equ	0xFE8


Data Sizes:
    Strings     0
    Constant    0
    Data        0
    BSS         0
    Persistent  0
    Stack       0

Auto Spaces:
    Space          Size  Autos    Used
    COMRAM           95      1       1
    BANK0           160      0       0
    BANK1           256      0       0
    BANK2           256      0       0
    BANK3           256      0       0
    BANK4           256      0       0
    BANK5           256      0       0
    BANK6           256      0       0
    BANK7           256      0       0
    BANK8           256      0       0
    BANK9           256      0       0
    BANK10          256      0       0
    BANK11          256      0       0
    BANK12          256      0       0
    BANK13          256      0       0
    BANK14          176      0       0

Pointer List with Targets:

    None.

Critical Paths under _main in COMRAM

    None.

Critical Paths under _main in BANK0

    None.

Critical Paths under _main in BANK1

    None.

Critical Paths under _main in BANK2

    None.

Critical Paths under _main in BANK3

    None.

Critical Paths under _main in BANK4

    None.

Critical Paths under _main in BANK5

    None.

Critical Paths under _main in BANK6

    None.

Critical Paths under _main in BANK7

    None.

Critical Paths under _main in BANK8

    None.

Critical Paths under _main in BANK9

    None.

Critical Paths under _main in BANK10

    None.

Critical Paths under _main in BANK11

    None.

Critical Paths under _main in BANK12

    None.

Critical Paths under _main in BANK13

    None.

Critical Paths under _main in BANK14

    None.

Call Graph Tables:

 ---------------------------------------------------------------------------------
 (Depth) Function   	        Calls       Base Space   Used Autos Params    Refs
 ---------------------------------------------------------------------------------
 (0) _main                                                 1     1      0       0
                                              0 COMRAM     1     1      0
                            _init_io
 ---------------------------------------------------------------------------------
 (1) _init_io                                              0     0      0       0
 ---------------------------------------------------------------------------------
 Estimated maximum stack depth 1
 ---------------------------------------------------------------------------------

 Call Graph Graphs:

 _main (ROOT)
   _init_io

 Address spaces:
Name               Size   Autos  Total    Cost      Usage
BITCOMRAM           5F      0       0       0        0.0%
NULL                 0      0       0       0        0.0%
CODE                 0      0       0       0        0.0%
COMRAM              5F      1       1       1        1.1%
STACK                0      0       0       2        0.0%
DATA                 0      0       0       3        0.0%
BITBANK0            A0      0       0       4        0.0%
BANK0               A0      0       0       5        0.0%
ABS                  0      0       0       6        0.0%
BITBANK1           100      0       0       7        0.0%
BANK1              100      0       0       8        0.0%
BITBANK2           100      0       0       9        0.0%
BANK2              100      0       0      10        0.0%
BITBANK3           100      0       0      11        0.0%
BANK3              100      0       0      12        0.0%
BITBANK4           100      0       0      13        0.0%
BANK4              100      0       0      14        0.0%
BITBANK5           100      0       0      15        0.0%
BANK5              100      0       0      16        0.0%
BITBANK6           100      0       0      17        0.0%
BANK6              100      0       0      18        0.0%
BITBANK7           100      0       0      19        0.0%
BANK7              100      0       0      20        0.0%
BITBANK8           100      0       0      21        0.0%
BANK8              100      0       0      22        0.0%
BITBANK9           100      0       0      23        0.0%
BANK9              100      0       0      24        0.0%
BITBANK10          100      0       0      25        0.0%
BANK10             100      0       0      26        0.0%
BITBANK11          100      0       0      27        0.0%
BANK11             100      0       0      28        0.0%
BITBANK12          100      0       0      29        0.0%
BANK12             100      0       0      30        0.0%
BITBANK13          100      0       0      31        0.0%
BANK13             100      0       0      32        0.0%
BITBANK14           B0      0       0      33        0.0%
BANK14              B0      0       0      34        0.0%
BIGRAM             EAF      0       0      35        0.0%
BITSFR_2             0      0       0      40        0.0%
SFR_2                0      0       0      40        0.0%
BITSFR_1             0      0       0      40        0.0%
SFR_1                0      0       0      40        0.0%
BITSFR               0      0       0      40        0.0%
SFR                  0      0       0      40        0.0%


Microchip Technology PIC18 Macro Assembler V1.31 build 56723 
Symbol Table                                                                                   Fri May 02 20:46:47 2014

                     u17 FFAA                       u27 FFBA             __CFG_CP0$OFF 000000  
                    l655 FFA2                      wreg 000FE8                     _main FF92  
                   start 0000            __CFG_IESO$OFF 000000                    ?_main 0001  
         __CFG_FCMEN$OFF 000000          __end_of_init_io FFF8          __initialization FF8C  
           __end_of_main FFC4                   ??_main 0001            __activetblptr 000000  
                 _ADCON0 000FC2           __CFG_WDTEN$OFF 000000           __CFG_XINST$OFF 000000  
         __CFG_STVREN$ON 000000                ??_init_io 0001               __accesstop 0060  
__end_of__initialization FF8C           __pcstackCOMRAM 0001          __CFG_OSC$INTOSC 000000  
                __Hparam 0000                  __Lparam 0000                  __pcinit FF8C  
                __ramtop 0F00                  __ptext0 FF92                  __ptext1 FFC4  
                _init_io FFC4     end_of_initialization FF8C                _TRISAbits 000F92  
              _TRISBbits 000F93                _TRISCbits 000F94                _TRISDbits 000F95  
              _TRISEbits 000F96      start_initialization FF8C                 ?_init_io 0001  
               _LATAbits 000F89                 __Hrparam 0000                 __Lrparam 0000  
       __size_of_init_io 0034            __size_of_main 0032               _OSCCONbits 000FD3  
