MPLINK 4.05, Linker
Linker Map File - Created Thu Oct 19 10:51:45 2006

                                 Section Info
                  Section       Type    Address   Location Size(Bytes)
                ---------  ---------  ---------  ---------  ---------
                  STARTUP       code   0x000000    program   0x00000c
                   .cinit    romdata   0x00002a    program   0x000002
                    PROG1       code   0x00002c    program   0x000b42
                    PROG2       code   0x000b6e    program   0x00007c
   .config_300001_P18PT.O    romdata   0x300001    program   0x000001
   .config_300002_P18PT.O    romdata   0x300002    program   0x000001
   .config_300003_P18PT.O    romdata   0x300003    program   0x000001
   .config_300005_P18PT.O    romdata   0x300005    program   0x000001
   .config_300006_P18PT.O    romdata   0x300006    program   0x000001
                variables      udata   0x000080       data   0x000014
                 MATH_VAR      udata   0x000094       data   0x000009
               D_LCD_DATA      udata   0x00009d       data   0x000004



                              Program Memory Usage 
                               Start         End      
                           ---------   ---------      
                            0x000000    0x00000b      
                            0x00002a    0x000be9      
                            0x300001    0x300003      
                            0x300005    0x300006      
            3025 out of 33048 program addresses used, program memory utilization is 9%



                              Symbols - Sorted by Name
                     Name    Address   Location    Storage File                     
                ---------  ---------  ---------  --------- ---------                
                 Delay1ms   0x000208    program     static C:\d\Projects\LCDS\oc19\18\p18lcd.asm
                Delay30ms   0x000214    program     static C:\d\Projects\LCDS\oc19\18\p18lcd.asm
             DelayXCycles   0x000202    program     static C:\d\Projects\LCDS\oc19\18\p18lcd.asm
                  Delay_1   0x00020a    program     static C:\d\Projects\LCDS\oc19\18\p18lcd.asm
                    FinRd   0x0001f0    program     static C:\d\Projects\LCDS\oc19\18\p18lcd.asm
                  LCDBusy   0x0001f2    program     extern C:\d\Projects\LCDS\oc19\18\p18lcd.asm
                  LCDInit   0x000056    program     extern C:\d\Projects\LCDS\oc19\18\p18lcd.asm
                LCDLine_1   0x00002c    program     extern C:\d\Projects\LCDS\oc19\18\p18lcd.asm
                LCDLine_2   0x000034    program     extern C:\d\Projects\LCDS\oc19\18\p18lcd.asm
                  LCDRead   0x000176    program     static C:\d\Projects\LCDS\oc19\18\p18lcd.asm
                 LCDWrite   0x00016c    program     extern C:\d\Projects\LCDS\oc19\18\p18lcd.asm
           LCDWriteNibble   0x00012c    program     static C:\d\Projects\LCDS\oc19\18\p18lcd.asm
               LOOPU1608A   0x000b9e    program     static C:\d\Projects\LCDS\oc19\18\p18math.asm
               LOOPU1608B   0x000bba    program     static C:\d\Projects\LCDS\oc19\18\p18math.asm
               LOOPUM0808   0x000b88    program     static C:\d\Projects\LCDS\oc19\18\p18math.asm
              LOOPUM0808A   0x000b76    program     static C:\d\Projects\LCDS\oc19\18\p18math.asm
                LUM0808NA   0x000b8e    program     static C:\d\Projects\LCDS\oc19\18\p18math.asm
               LUM0808NAP   0x000b84    program     static C:\d\Projects\LCDS\oc19\18\p18math.asm
                      Lb1   0x000ad4    program     static C:\d\Projects\LCDS\oc19\18\P18pt.ASM
                      Lb2   0x000adc    program     static C:\d\Projects\LCDS\oc19\18\P18pt.ASM
                      Lb3   0x000ae4    program     static C:\d\Projects\LCDS\oc19\18\P18pt.ASM
                      Lb4   0x000aec    program     static C:\d\Projects\LCDS\oc19\18\P18pt.ASM
                LongDelay   0x0002be    program     static C:\d\Projects\LCDS\oc19\18\p18lcd.asm
            LongDelayLast   0x0002e4    program     static C:\d\Projects\LCDS\oc19\18\p18lcd.asm
                UDIV1608L   0x000b98    program     extern C:\d\Projects\LCDS\oc19\18\p18math.asm
                UMUL0808L   0x000b6e    program     extern C:\d\Projects\LCDS\oc19\18\p18math.asm
                   UOK68A   0x000bae    program     static C:\d\Projects\LCDS\oc19\18\p18math.asm
                   UOK68B   0x000be2    program     static C:\d\Projects\LCDS\oc19\18\p18math.asm
              _PROG1_0016   0x000042    program     static C:\d\Projects\LCDS\oc19\18\p18lcd.asm
              _PROG1_01F0   0x0004e2    program     static C:\d\Projects\LCDS\oc19\18\P18pt.ASM
              _PROG1_01F6   0x0004e8    program     static C:\d\Projects\LCDS\oc19\18\P18pt.ASM
              _PROG1_0214   0x000506    program     static C:\d\Projects\LCDS\oc19\18\P18pt.ASM
              _PROG1_0218   0x00050a    program     static C:\d\Projects\LCDS\oc19\18\P18pt.ASM
              _PROG1_0238   0x00052a    program     static C:\d\Projects\LCDS\oc19\18\P18pt.ASM
              _PROG1_023C   0x00052e    program     static C:\d\Projects\LCDS\oc19\18\P18pt.ASM
              _PROG1_0258   0x00054a    program     static C:\d\Projects\LCDS\oc19\18\P18pt.ASM
              _PROG1_025C   0x00054e    program     static C:\d\Projects\LCDS\oc19\18\P18pt.ASM
              _PROG1_0278   0x00056a    program     static C:\d\Projects\LCDS\oc19\18\P18pt.ASM
              _PROG1_0280   0x000572    program     static C:\d\Projects\LCDS\oc19\18\P18pt.ASM
              _PROG1_0298   0x00058a    program     static C:\d\Projects\LCDS\oc19\18\P18pt.ASM
              _PROG1_0366   0x000658    program     static C:\d\Projects\LCDS\oc19\18\P18pt.ASM
              _PROG1_0370   0x000662    program     static C:\d\Projects\LCDS\oc19\18\P18pt.ASM
              _PROG1_03D6   0x0006c8    program     static C:\d\Projects\LCDS\oc19\18\P18pt.ASM
              _PROG1_043C   0x00072e    program     static C:\d\Projects\LCDS\oc19\18\P18pt.ASM
              _PROG1_044A   0x00073c    program     static C:\d\Projects\LCDS\oc19\18\P18pt.ASM
              _PROG1_044E   0x000740    program     static C:\d\Projects\LCDS\oc19\18\P18pt.ASM
              _PROG1_0452   0x000744    program     static C:\d\Projects\LCDS\oc19\18\P18pt.ASM
              _PROG1_0460   0x000752    program     static C:\d\Projects\LCDS\oc19\18\P18pt.ASM
              _PROG1_0464   0x000756    program     static C:\d\Projects\LCDS\oc19\18\P18pt.ASM
              _PROG1_0468   0x00075a    program     static C:\d\Projects\LCDS\oc19\18\P18pt.ASM
              _PROG1_046E   0x000760    program     static C:\d\Projects\LCDS\oc19\18\P18pt.ASM
              _PROG1_047C   0x00076e    program     static C:\d\Projects\LCDS\oc19\18\P18pt.ASM
              _PROG1_0480   0x000772    program     static C:\d\Projects\LCDS\oc19\18\P18pt.ASM
              _PROG1_0484   0x000776    program     static C:\d\Projects\LCDS\oc19\18\P18pt.ASM
              _PROG1_048A   0x00077c    program     static C:\d\Projects\LCDS\oc19\18\P18pt.ASM
              _PROG1_0494   0x000786    program     static C:\d\Projects\LCDS\oc19\18\P18pt.ASM
              _PROG1_049A   0x00078c    program     static C:\d\Projects\LCDS\oc19\18\P18pt.ASM
              _PROG1_0536   0x000828    program     static C:\d\Projects\LCDS\oc19\18\P18pt.ASM
              _PROG1_054A   0x00083c    program     static C:\d\Projects\LCDS\oc19\18\P18pt.ASM
              _PROG1_0604   0x0008f6    program     static C:\d\Projects\LCDS\oc19\18\P18pt.ASM
              _PROG1_063C   0x00092e    program     static C:\d\Projects\LCDS\oc19\18\P18pt.ASM
              _PROG1_0646   0x000938    program     static C:\d\Projects\LCDS\oc19\18\P18pt.ASM
              _PROG1_067E   0x000970    program     static C:\d\Projects\LCDS\oc19\18\P18pt.ASM
              _PROG1_0688   0x00097a    program     static C:\d\Projects\LCDS\oc19\18\P18pt.ASM
              _PROG1_06C2   0x0009b4    program     static C:\d\Projects\LCDS\oc19\18\P18pt.ASM
              _PROG1_06CA   0x0009bc    program     static C:\d\Projects\LCDS\oc19\18\P18pt.ASM
              _PROG1_0708   0x0009fa    program     static C:\d\Projects\LCDS\oc19\18\P18pt.ASM
              _PROG1_0728   0x000a1a    program     static C:\d\Projects\LCDS\oc19\18\P18pt.ASM
              _PROG1_0766   0x000a58    program     static C:\d\Projects\LCDS\oc19\18\P18pt.ASM
              _PROG1_0808   0x000afa    program     static C:\d\Projects\LCDS\oc19\18\P18pt.ASM
              _PROG1_0818   0x000b0a    program     static C:\d\Projects\LCDS\oc19\18\P18pt.ASM
              _PROG1_081C   0x000b0e    program     static C:\d\Projects\LCDS\oc19\18\P18pt.ASM
              _PROG1_0820   0x000b12    program     static C:\d\Projects\LCDS\oc19\18\P18pt.ASM
              _PROG1_0830   0x000b22    program     static C:\d\Projects\LCDS\oc19\18\P18pt.ASM
              _PROG1_0834   0x000b26    program     static C:\d\Projects\LCDS\oc19\18\P18pt.ASM
              _PROG1_0838   0x000b2a    program     static C:\d\Projects\LCDS\oc19\18\P18pt.ASM
              _PROG1_0848   0x000b3a    program     static C:\d\Projects\LCDS\oc19\18\P18pt.ASM
              _PROG1_084C   0x000b3e    program     static C:\d\Projects\LCDS\oc19\18\P18pt.ASM
              _PROG1_0850   0x000b42    program     static C:\d\Projects\LCDS\oc19\18\P18pt.ASM
              _PROG1_0860   0x000b52    program     static C:\d\Projects\LCDS\oc19\18\P18pt.ASM
              _PROG1_0864   0x000b56    program     static C:\d\Projects\LCDS\oc19\18\P18pt.ASM
              _PROG1_0868   0x000b5a    program     static C:\d\Projects\LCDS\oc19\18\P18pt.ASM
              _PROG1_0870   0x000b62    program     static C:\d\Projects\LCDS\oc19\18\P18pt.ASM
                   b_wait   0x00051c    program     static C:\d\Projects\LCDS\oc19\18\P18pt.ASM
                bin16_bcd   0x000a92    program     static C:\d\Projects\LCDS\oc19\18\P18pt.ASM
                  bin_bcd   0x000a5c    program     static C:\d\Projects\LCDS\oc19\18\P18pt.ASM
                   buzzer   0x000660    program     static C:\d\Projects\LCDS\oc19\18\P18pt.ASM
                   c_wait   0x000560    program     static C:\d\Projects\LCDS\oc19\18\P18pt.ASM
               ccpr1l_out   0x0006da    program     static C:\d\Projects\LCDS\oc19\18\P18pt.ASM
                 clk_done   0x000876    program     static C:\d\Projects\LCDS\oc19\18\P18pt.ASM
                    clock   0x00083a    program     static C:\d\Projects\LCDS\oc19\18\P18pt.ASM
                     col1   0x0006e2    program     static C:\d\Projects\LCDS\oc19\18\P18pt.ASM
             convert_temp   0x0007a0    program     static C:\d\Projects\LCDS\oc19\18\P18pt.ASM
                   d100l1   0x000988    program     static C:\d\Projects\LCDS\oc19\18\P18pt.ASM
                     d1l1   0x00099c    program     static C:\d\Projects\LCDS\oc19\18\P18pt.ASM
                  d_write   0x00003c    program     extern C:\d\Projects\LCDS\oc19\18\p18lcd.asm
              delay_100ms   0x000980    program     static C:\d\Projects\LCDS\oc19\18\P18pt.ASM
                 delay_1s   0x000992    program     static C:\d\Projects\LCDS\oc19\18\P18pt.ASM
                 get_temp   0x000724    program     static C:\d\Projects\LCDS\oc19\18\P18pt.ASM
                ghundreth   0x000a62    program     static C:\d\Projects\LCDS\oc19\18\P18pt.ASM
                   gtenth   0x000a70    program     static C:\d\Projects\LCDS\oc19\18\P18pt.ASM
                  i_write   0x00004e    program     extern C:\d\Projects\LCDS\oc19\18\p18lcd.asm
               inc_ccpr1l   0x0006ca    program     static C:\d\Projects\LCDS\oc19\18\P18pt.ASM
                   inc_dc   0x0006c6    program     static C:\d\Projects\LCDS\oc19\18\P18pt.ASM
                inc_hours   0x0009c8    program     static C:\d\Projects\LCDS\oc19\18\P18pt.ASM
                 inc_mins   0x0009f8    program     static C:\d\Projects\LCDS\oc19\18\P18pt.ASM
              inc_minutes   0x000a26    program     static C:\d\Projects\LCDS\oc19\18\P18pt.ASM
                     lil1   0x000070    program     static C:\d\Projects\LCDS\oc19\18\p18lcd.asm
                     lil2   0x000086    program     static C:\d\Projects\LCDS\oc19\18\p18lcd.asm
                     menu   0x0004e0    program     static C:\d\Projects\LCDS\oc19\18\P18pt.ASM
                 menu_buz   0x000508    program     static C:\d\Projects\LCDS\oc19\18\P18pt.ASM
               menu_clock   0x00054c    program     static C:\d\Projects\LCDS\oc19\18\P18pt.ASM
                menu_temp   0x00052c    program     static C:\d\Projects\LCDS\oc19\18\P18pt.ASM
               next_digit   0x0009d4    program     static C:\d\Projects\LCDS\oc19\18\P18pt.ASM
              next_digit?   0x000a32    program     static C:\d\Projects\LCDS\oc19\18\P18pt.ASM
                     over   0x000a7e    program     static C:\d\Projects\LCDS\oc19\18\P18pt.ASM
                 overflow   0x000848    program     static C:\d\Projects\LCDS\oc19\18\P18pt.ASM
                     pol1   0x00069e    program     static C:\d\Projects\LCDS\oc19\18\P18pt.ASM
                pr2_again   0x000688    program     static C:\d\Projects\LCDS\oc19\18\P18pt.ASM
                  pr2_out   0x000696    program     static C:\d\Projects\LCDS\oc19\18\P18pt.ASM
               prod_table   0x0002f2    program     static C:\d\Projects\LCDS\oc19\18\P18pt.ASM
                  pwm_out   0x00070a    program     static C:\d\Projects\LCDS\oc19\18\P18pt.ASM
                 set_time   0x0009aa    program     static C:\d\Projects\LCDS\oc19\18\P18pt.ASM
           set_time_again   0x0009b2    program     static C:\d\Projects\LCDS\oc19\18\P18pt.ASM
            set_time_done   0x000a56    program     static C:\d\Projects\LCDS\oc19\18\P18pt.ASM
              stan_char_1   0x0008fc    program     static C:\d\Projects\LCDS\oc19\18\P18pt.ASM
              stan_char_2   0x00093e    program     static C:\d\Projects\LCDS\oc19\18\P18pt.ASM
         stan_next_char_1   0x00091a    program     static C:\d\Projects\LCDS\oc19\18\P18pt.ASM
         stan_next_char_2   0x00095c    program     static C:\d\Projects\LCDS\oc19\18\P18pt.ASM
               stan_table   0x0003e2    program     static C:\d\Projects\LCDS\oc19\18\P18pt.ASM
                    start   0x0004a2    program     static C:\d\Projects\LCDS\oc19\18\P18pt.ASM
                   t_wait   0x000540    program     static C:\d\Projects\LCDS\oc19\18\P18pt.ASM
                     temp   0x000710    program     static C:\d\Projects\LCDS\oc19\18\P18pt.ASM
                 temp_now   0x000728    program     static C:\d\Projects\LCDS\oc19\18\P18pt.ASM
                   v_wait   0x0004fc    program     static C:\d\Projects\LCDS\oc19\18\P18pt.ASM
                voltmeter   0x000570    program     static C:\d\Projects\LCDS\oc19\18\P18pt.ASM
              volts_again   0x000586    program     static C:\d\Projects\LCDS\oc19\18\P18pt.ASM
             write_eeprom   0x000af6    program     static C:\d\Projects\LCDS\oc19\18\P18pt.ASM
                   AARGB0   0x000094       data     extern C:\d\Projects\LCDS\oc19\18\p18math.asm
                   AARGB1   0x000095       data     extern C:\d\Projects\LCDS\oc19\18\p18math.asm
                   AARGB5   0x000096       data     static C:\d\Projects\LCDS\oc19\18\p18math.asm
                   BARGB0   0x000097       data     extern C:\d\Projects\LCDS\oc19\18\p18math.asm
                   BARGB1   0x000098       data     static C:\d\Projects\LCDS\oc19\18\p18math.asm
                  COUNTER   0x00009d       data     static C:\d\Projects\LCDS\oc19\18\p18lcd.asm
                     Hund   0x000091       data     static C:\d\Projects\LCDS\oc19\18\P18pt.ASM
                LOOPCOUNT   0x00009c       data     static C:\d\Projects\LCDS\oc19\18\p18math.asm
                      LSD   0x000087       data     static C:\d\Projects\LCDS\oc19\18\P18pt.ASM
                      MSD   0x000089       data     static C:\d\Projects\LCDS\oc19\18\P18pt.ASM
                      MsD   0x000088       data     static C:\d\Projects\LCDS\oc19\18\P18pt.ASM
                     NumH   0x00008d       data     static C:\d\Projects\LCDS\oc19\18\P18pt.ASM
                     NumL   0x00008e       data     static C:\d\Projects\LCDS\oc19\18\P18pt.ASM
                     Ones   0x000093       data     static C:\d\Projects\LCDS\oc19\18\P18pt.ASM
                    REMB0   0x000099       data     static C:\d\Projects\LCDS\oc19\18\p18math.asm
                    REMB1   0x00009a       data     static C:\d\Projects\LCDS\oc19\18\p18math.asm
                     TEMP   0x00009b       data     static C:\d\Projects\LCDS\oc19\18\p18math.asm
                     TenK   0x00008f       data     static C:\d\Projects\LCDS\oc19\18\P18pt.ASM
                     Tens   0x000092       data     static C:\d\Projects\LCDS\oc19\18\P18pt.ASM
                     Thou   0x000090       data     static C:\d\Projects\LCDS\oc19\18\P18pt.ASM
                 cmd_byte   0x000085       data     static C:\d\Projects\LCDS\oc19\18\P18pt.ASM
                    delay   0x00009e       data     static C:\d\Projects\LCDS\oc19\18\p18lcd.asm
                    hours   0x00008c       data     static C:\d\Projects\LCDS\oc19\18\P18pt.ASM
                  minutes   0x00008b       data     static C:\d\Projects\LCDS\oc19\18\P18pt.ASM
                ptr_count   0x000081       data     static C:\d\Projects\LCDS\oc19\18\P18pt.ASM
                  ptr_pos   0x000080       data     static C:\d\Projects\LCDS\oc19\18\P18pt.ASM
                  seconds   0x00008a       data     static C:\d\Projects\LCDS\oc19\18\P18pt.ASM
                   temp_1   0x000082       data     static C:\d\Projects\LCDS\oc19\18\P18pt.ASM
                   temp_2   0x000083       data     static C:\d\Projects\LCDS\oc19\18\P18pt.ASM
                   temp_3   0x000084       data     static C:\d\Projects\LCDS\oc19\18\P18pt.ASM
                  temp_rd   0x0000a0       data     static C:\d\Projects\LCDS\oc19\18\p18lcd.asm
                  temp_wr   0x00009f       data     extern C:\d\Projects\LCDS\oc19\18\p18lcd.asm
              temperature   0x000086       data     static C:\d\Projects\LCDS\oc19\18\P18pt.ASM



                              Symbols - Sorted by Address
                     Name    Address   Location    Storage File                     
                ---------  ---------  ---------  --------- ---------                
                LCDLine_1   0x00002c    program     extern C:\d\Projects\LCDS\oc19\18\p18lcd.asm
                LCDLine_2   0x000034    program     extern C:\d\Projects\LCDS\oc19\18\p18lcd.asm
                  d_write   0x00003c    program     extern C:\d\Projects\LCDS\oc19\18\p18lcd.asm
              _PROG1_0016   0x000042    program     static C:\d\Projects\LCDS\oc19\18\p18lcd.asm
                  i_write   0x00004e    program     extern C:\d\Projects\LCDS\oc19\18\p18lcd.asm
                  LCDInit   0x000056    program     extern C:\d\Projects\LCDS\oc19\18\p18lcd.asm
                     lil1   0x000070    program     static C:\d\Projects\LCDS\oc19\18\p18lcd.asm
                     lil2   0x000086    program     static C:\d\Projects\LCDS\oc19\18\p18lcd.asm
           LCDWriteNibble   0x00012c    program     static C:\d\Projects\LCDS\oc19\18\p18lcd.asm
                 LCDWrite   0x00016c    program     extern C:\d\Projects\LCDS\oc19\18\p18lcd.asm
                  LCDRead   0x000176    program     static C:\d\Projects\LCDS\oc19\18\p18lcd.asm
                    FinRd   0x0001f0    program     static C:\d\Projects\LCDS\oc19\18\p18lcd.asm
                  LCDBusy   0x0001f2    program     extern C:\d\Projects\LCDS\oc19\18\p18lcd.asm
             DelayXCycles   0x000202    program     static C:\d\Projects\LCDS\oc19\18\p18lcd.asm
                 Delay1ms   0x000208    program     static C:\d\Projects\LCDS\oc19\18\p18lcd.asm
                  Delay_1   0x00020a    program     static C:\d\Projects\LCDS\oc19\18\p18lcd.asm
                Delay30ms   0x000214    program     static C:\d\Projects\LCDS\oc19\18\p18lcd.asm
                LongDelay   0x0002be    program     static C:\d\Projects\LCDS\oc19\18\p18lcd.asm
            LongDelayLast   0x0002e4    program     static C:\d\Projects\LCDS\oc19\18\p18lcd.asm
               prod_table   0x0002f2    program     static C:\d\Projects\LCDS\oc19\18\P18pt.ASM
               stan_table   0x0003e2    program     static C:\d\Projects\LCDS\oc19\18\P18pt.ASM
                    start   0x0004a2    program     static C:\d\Projects\LCDS\oc19\18\P18pt.ASM
                     menu   0x0004e0    program     static C:\d\Projects\LCDS\oc19\18\P18pt.ASM
              _PROG1_01F0   0x0004e2    program     static C:\d\Projects\LCDS\oc19\18\P18pt.ASM
              _PROG1_01F6   0x0004e8    program     static C:\d\Projects\LCDS\oc19\18\P18pt.ASM
                   v_wait   0x0004fc    program     static C:\d\Projects\LCDS\oc19\18\P18pt.ASM
              _PROG1_0214   0x000506    program     static C:\d\Projects\LCDS\oc19\18\P18pt.ASM
                 menu_buz   0x000508    program     static C:\d\Projects\LCDS\oc19\18\P18pt.ASM
              _PROG1_0218   0x00050a    program     static C:\d\Projects\LCDS\oc19\18\P18pt.ASM
                   b_wait   0x00051c    program     static C:\d\Projects\LCDS\oc19\18\P18pt.ASM
              _PROG1_0238   0x00052a    program     static C:\d\Projects\LCDS\oc19\18\P18pt.ASM
                menu_temp   0x00052c    program     static C:\d\Projects\LCDS\oc19\18\P18pt.ASM
              _PROG1_023C   0x00052e    program     static C:\d\Projects\LCDS\oc19\18\P18pt.ASM
                   t_wait   0x000540    program     static C:\d\Projects\LCDS\oc19\18\P18pt.ASM
              _PROG1_0258   0x00054a    program     static C:\d\Projects\LCDS\oc19\18\P18pt.ASM
               menu_clock   0x00054c    program     static C:\d\Projects\LCDS\oc19\18\P18pt.ASM
              _PROG1_025C   0x00054e    program     static C:\d\Projects\LCDS\oc19\18\P18pt.ASM
                   c_wait   0x000560    program     static C:\d\Projects\LCDS\oc19\18\P18pt.ASM
              _PROG1_0278   0x00056a    program     static C:\d\Projects\LCDS\oc19\18\P18pt.ASM
                voltmeter   0x000570    program     static C:\d\Projects\LCDS\oc19\18\P18pt.ASM
              _PROG1_0280   0x000572    program     static C:\d\Projects\LCDS\oc19\18\P18pt.ASM
              volts_again   0x000586    program     static C:\d\Projects\LCDS\oc19\18\P18pt.ASM
              _PROG1_0298   0x00058a    program     static C:\d\Projects\LCDS\oc19\18\P18pt.ASM
              _PROG1_0366   0x000658    program     static C:\d\Projects\LCDS\oc19\18\P18pt.ASM
                   buzzer   0x000660    program     static C:\d\Projects\LCDS\oc19\18\P18pt.ASM
              _PROG1_0370   0x000662    program     static C:\d\Projects\LCDS\oc19\18\P18pt.ASM
                pr2_again   0x000688    program     static C:\d\Projects\LCDS\oc19\18\P18pt.ASM
                  pr2_out   0x000696    program     static C:\d\Projects\LCDS\oc19\18\P18pt.ASM
                     pol1   0x00069e    program     static C:\d\Projects\LCDS\oc19\18\P18pt.ASM
                   inc_dc   0x0006c6    program     static C:\d\Projects\LCDS\oc19\18\P18pt.ASM
              _PROG1_03D6   0x0006c8    program     static C:\d\Projects\LCDS\oc19\18\P18pt.ASM
               inc_ccpr1l   0x0006ca    program     static C:\d\Projects\LCDS\oc19\18\P18pt.ASM
               ccpr1l_out   0x0006da    program     static C:\d\Projects\LCDS\oc19\18\P18pt.ASM
                     col1   0x0006e2    program     static C:\d\Projects\LCDS\oc19\18\P18pt.ASM
                  pwm_out   0x00070a    program     static C:\d\Projects\LCDS\oc19\18\P18pt.ASM
                     temp   0x000710    program     static C:\d\Projects\LCDS\oc19\18\P18pt.ASM
                 get_temp   0x000724    program     static C:\d\Projects\LCDS\oc19\18\P18pt.ASM
                 temp_now   0x000728    program     static C:\d\Projects\LCDS\oc19\18\P18pt.ASM
              _PROG1_043C   0x00072e    program     static C:\d\Projects\LCDS\oc19\18\P18pt.ASM
              _PROG1_044A   0x00073c    program     static C:\d\Projects\LCDS\oc19\18\P18pt.ASM
              _PROG1_044E   0x000740    program     static C:\d\Projects\LCDS\oc19\18\P18pt.ASM
              _PROG1_0452   0x000744    program     static C:\d\Projects\LCDS\oc19\18\P18pt.ASM
              _PROG1_0460   0x000752    program     static C:\d\Projects\LCDS\oc19\18\P18pt.ASM
              _PROG1_0464   0x000756    program     static C:\d\Projects\LCDS\oc19\18\P18pt.ASM
              _PROG1_0468   0x00075a    program     static C:\d\Projects\LCDS\oc19\18\P18pt.ASM
              _PROG1_046E   0x000760    program     static C:\d\Projects\LCDS\oc19\18\P18pt.ASM
              _PROG1_047C   0x00076e    program     static C:\d\Projects\LCDS\oc19\18\P18pt.ASM
              _PROG1_0480   0x000772    program     static C:\d\Projects\LCDS\oc19\18\P18pt.ASM
              _PROG1_0484   0x000776    program     static C:\d\Projects\LCDS\oc19\18\P18pt.ASM
              _PROG1_048A   0x00077c    program     static C:\d\Projects\LCDS\oc19\18\P18pt.ASM
              _PROG1_0494   0x000786    program     static C:\d\Projects\LCDS\oc19\18\P18pt.ASM
              _PROG1_049A   0x00078c    program     static C:\d\Projects\LCDS\oc19\18\P18pt.ASM
             convert_temp   0x0007a0    program     static C:\d\Projects\LCDS\oc19\18\P18pt.ASM
              _PROG1_0536   0x000828    program     static C:\d\Projects\LCDS\oc19\18\P18pt.ASM
                    clock   0x00083a    program     static C:\d\Projects\LCDS\oc19\18\P18pt.ASM
              _PROG1_054A   0x00083c    program     static C:\d\Projects\LCDS\oc19\18\P18pt.ASM
                 overflow   0x000848    program     static C:\d\Projects\LCDS\oc19\18\P18pt.ASM
                 clk_done   0x000876    program     static C:\d\Projects\LCDS\oc19\18\P18pt.ASM
              _PROG1_0604   0x0008f6    program     static C:\d\Projects\LCDS\oc19\18\P18pt.ASM
              stan_char_1   0x0008fc    program     static C:\d\Projects\LCDS\oc19\18\P18pt.ASM
         stan_next_char_1   0x00091a    program     static C:\d\Projects\LCDS\oc19\18\P18pt.ASM
              _PROG1_063C   0x00092e    program     static C:\d\Projects\LCDS\oc19\18\P18pt.ASM
              _PROG1_0646   0x000938    program     static C:\d\Projects\LCDS\oc19\18\P18pt.ASM
              stan_char_2   0x00093e    program     static C:\d\Projects\LCDS\oc19\18\P18pt.ASM
         stan_next_char_2   0x00095c    program     static C:\d\Projects\LCDS\oc19\18\P18pt.ASM
              _PROG1_067E   0x000970    program     static C:\d\Projects\LCDS\oc19\18\P18pt.ASM
              _PROG1_0688   0x00097a    program     static C:\d\Projects\LCDS\oc19\18\P18pt.ASM
              delay_100ms   0x000980    program     static C:\d\Projects\LCDS\oc19\18\P18pt.ASM
                   d100l1   0x000988    program     static C:\d\Projects\LCDS\oc19\18\P18pt.ASM
                 delay_1s   0x000992    program     static C:\d\Projects\LCDS\oc19\18\P18pt.ASM
                     d1l1   0x00099c    program     static C:\d\Projects\LCDS\oc19\18\P18pt.ASM
                 set_time   0x0009aa    program     static C:\d\Projects\LCDS\oc19\18\P18pt.ASM
           set_time_again   0x0009b2    program     static C:\d\Projects\LCDS\oc19\18\P18pt.ASM
              _PROG1_06C2   0x0009b4    program     static C:\d\Projects\LCDS\oc19\18\P18pt.ASM
              _PROG1_06CA   0x0009bc    program     static C:\d\Projects\LCDS\oc19\18\P18pt.ASM
                inc_hours   0x0009c8    program     static C:\d\Projects\LCDS\oc19\18\P18pt.ASM
               next_digit   0x0009d4    program     static C:\d\Projects\LCDS\oc19\18\P18pt.ASM
                 inc_mins   0x0009f8    program     static C:\d\Projects\LCDS\oc19\18\P18pt.ASM
              _PROG1_0708   0x0009fa    program     static C:\d\Projects\LCDS\oc19\18\P18pt.ASM
              _PROG1_0728   0x000a1a    program     static C:\d\Projects\LCDS\oc19\18\P18pt.ASM
              inc_minutes   0x000a26    program     static C:\d\Projects\LCDS\oc19\18\P18pt.ASM
              next_digit?   0x000a32    program     static C:\d\Projects\LCDS\oc19\18\P18pt.ASM
            set_time_done   0x000a56    program     static C:\d\Projects\LCDS\oc19\18\P18pt.ASM
              _PROG1_0766   0x000a58    program     static C:\d\Projects\LCDS\oc19\18\P18pt.ASM
                  bin_bcd   0x000a5c    program     static C:\d\Projects\LCDS\oc19\18\P18pt.ASM
                ghundreth   0x000a62    program     static C:\d\Projects\LCDS\oc19\18\P18pt.ASM
                   gtenth   0x000a70    program     static C:\d\Projects\LCDS\oc19\18\P18pt.ASM
                     over   0x000a7e    program     static C:\d\Projects\LCDS\oc19\18\P18pt.ASM
                bin16_bcd   0x000a92    program     static C:\d\Projects\LCDS\oc19\18\P18pt.ASM
                      Lb1   0x000ad4    program     static C:\d\Projects\LCDS\oc19\18\P18pt.ASM
                      Lb2   0x000adc    program     static C:\d\Projects\LCDS\oc19\18\P18pt.ASM
                      Lb3   0x000ae4    program     static C:\d\Projects\LCDS\oc19\18\P18pt.ASM
                      Lb4   0x000aec    program     static C:\d\Projects\LCDS\oc19\18\P18pt.ASM
             write_eeprom   0x000af6    program     static C:\d\Projects\LCDS\oc19\18\P18pt.ASM
              _PROG1_0808   0x000afa    program     static C:\d\Projects\LCDS\oc19\18\P18pt.ASM
              _PROG1_0818   0x000b0a    program     static C:\d\Projects\LCDS\oc19\18\P18pt.ASM
              _PROG1_081C   0x000b0e    program     static C:\d\Projects\LCDS\oc19\18\P18pt.ASM
              _PROG1_0820   0x000b12    program     static C:\d\Projects\LCDS\oc19\18\P18pt.ASM
              _PROG1_0830   0x000b22    program     static C:\d\Projects\LCDS\oc19\18\P18pt.ASM
              _PROG1_0834   0x000b26    program     static C:\d\Projects\LCDS\oc19\18\P18pt.ASM
              _PROG1_0838   0x000b2a    program     static C:\d\Projects\LCDS\oc19\18\P18pt.ASM
              _PROG1_0848   0x000b3a    program     static C:\d\Projects\LCDS\oc19\18\P18pt.ASM
              _PROG1_084C   0x000b3e    program     static C:\d\Projects\LCDS\oc19\18\P18pt.ASM
              _PROG1_0850   0x000b42    program     static C:\d\Projects\LCDS\oc19\18\P18pt.ASM
              _PROG1_0860   0x000b52    program     static C:\d\Projects\LCDS\oc19\18\P18pt.ASM
              _PROG1_0864   0x000b56    program     static C:\d\Projects\LCDS\oc19\18\P18pt.ASM
              _PROG1_0868   0x000b5a    program     static C:\d\Projects\LCDS\oc19\18\P18pt.ASM
              _PROG1_0870   0x000b62    program     static C:\d\Projects\LCDS\oc19\18\P18pt.ASM
                UMUL0808L   0x000b6e    program     extern C:\d\Projects\LCDS\oc19\18\p18math.asm
              LOOPUM0808A   0x000b76    program     static C:\d\Projects\LCDS\oc19\18\p18math.asm
               LUM0808NAP   0x000b84    program     static C:\d\Projects\LCDS\oc19\18\p18math.asm
               LOOPUM0808   0x000b88    program     static C:\d\Projects\LCDS\oc19\18\p18math.asm
                LUM0808NA   0x000b8e    program     static C:\d\Projects\LCDS\oc19\18\p18math.asm
                UDIV1608L   0x000b98    program     extern C:\d\Projects\LCDS\oc19\18\p18math.asm
               LOOPU1608A   0x000b9e    program     static C:\d\Projects\LCDS\oc19\18\p18math.asm
                   UOK68A   0x000bae    program     static C:\d\Projects\LCDS\oc19\18\p18math.asm
               LOOPU1608B   0x000bba    program     static C:\d\Projects\LCDS\oc19\18\p18math.asm
                   UOK68B   0x000be2    program     static C:\d\Projects\LCDS\oc19\18\p18math.asm
                  ptr_pos   0x000080       data     static C:\d\Projects\LCDS\oc19\18\P18pt.ASM
                ptr_count   0x000081       data     static C:\d\Projects\LCDS\oc19\18\P18pt.ASM
                   temp_1   0x000082       data     static C:\d\Projects\LCDS\oc19\18\P18pt.ASM
                   temp_2   0x000083       data     static C:\d\Projects\LCDS\oc19\18\P18pt.ASM
                   temp_3   0x000084       data     static C:\d\Projects\LCDS\oc19\18\P18pt.ASM
                 cmd_byte   0x000085       data     static C:\d\Projects\LCDS\oc19\18\P18pt.ASM
              temperature   0x000086       data     static C:\d\Projects\LCDS\oc19\18\P18pt.ASM
                      LSD   0x000087       data     static C:\d\Projects\LCDS\oc19\18\P18pt.ASM
                      MsD   0x000088       data     static C:\d\Projects\LCDS\oc19\18\P18pt.ASM
                      MSD   0x000089       data     static C:\d\Projects\LCDS\oc19\18\P18pt.ASM
                  seconds   0x00008a       data     static C:\d\Projects\LCDS\oc19\18\P18pt.ASM
                  minutes   0x00008b       data     static C:\d\Projects\LCDS\oc19\18\P18pt.ASM
                    hours   0x00008c       data     static C:\d\Projects\LCDS\oc19\18\P18pt.ASM
                     NumH   0x00008d       data     static C:\d\Projects\LCDS\oc19\18\P18pt.ASM
                     NumL   0x00008e       data     static C:\d\Projects\LCDS\oc19\18\P18pt.ASM
                     TenK   0x00008f       data     static C:\d\Projects\LCDS\oc19\18\P18pt.ASM
                     Thou   0x000090       data     static C:\d\Projects\LCDS\oc19\18\P18pt.ASM
                     Hund   0x000091       data     static C:\d\Projects\LCDS\oc19\18\P18pt.ASM
                     Tens   0x000092       data     static C:\d\Projects\LCDS\oc19\18\P18pt.ASM
                     Ones   0x000093       data     static C:\d\Projects\LCDS\oc19\18\P18pt.ASM
                   AARGB0   0x000094       data     extern C:\d\Projects\LCDS\oc19\18\p18math.asm
                   AARGB1   0x000095       data     extern C:\d\Projects\LCDS\oc19\18\p18math.asm
                   AARGB5   0x000096       data     static C:\d\Projects\LCDS\oc19\18\p18math.asm
                   BARGB0   0x000097       data     extern C:\d\Projects\LCDS\oc19\18\p18math.asm
                   BARGB1   0x000098       data     static C:\d\Projects\LCDS\oc19\18\p18math.asm
                    REMB0   0x000099       data     static C:\d\Projects\LCDS\oc19\18\p18math.asm
                    REMB1   0x00009a       data     static C:\d\Projects\LCDS\oc19\18\p18math.asm
                     TEMP   0x00009b       data     static C:\d\Projects\LCDS\oc19\18\p18math.asm
                LOOPCOUNT   0x00009c       data     static C:\d\Projects\LCDS\oc19\18\p18math.asm
                  COUNTER   0x00009d       data     static C:\d\Projects\LCDS\oc19\18\p18lcd.asm
                    delay   0x00009e       data     static C:\d\Projects\LCDS\oc19\18\p18lcd.asm
                  temp_wr   0x00009f       data     extern C:\d\Projects\LCDS\oc19\18\p18lcd.asm
                  temp_rd   0x0000a0       data     static C:\d\Projects\LCDS\oc19\18\p18lcd.asm


