MPASM  5.03                       P16MATH.ASM   7-6-2006  13:51:19         PAGE  1


LOC  OBJECT CODE     LINE SOURCE TEXT
  VALUE

                      00001 ;************************************************************************
                      00002 ;*      Microchip Technology Inc. 2002                                  *
                      00003 ;*      Assembler version: 2.0000                                       *
                      00004 ;*      Filename:                                                       *
                      00005 ;*              p16math.asm                                             *
                      00006 ;************************************************************************
                      00007 
                      00008         list            p=16F877
                      00009         #include        P16F877.inc
                      00001         LIST
                      00002 ; P16F877.INC  Standard Header File, Version 1.00    Microchip Technology, Inc.
Message[301]: MESSAGE: (Processor-header file mismatch.  Verify selected processor.)
                      00373         LIST
                      00010 
                      00011         #define _C      STATUS,0
                      00012 
                      00013 MATH_VAR        UDATA   0X50
0050                  00014 AARGB0          RES 1
0051                  00015 AARGB1          RES 1
0052                  00016 AARGB5          RES 1
0053                  00017 BARGB0          RES 1
0054                  00018 BARGB1          RES 1
0055                  00019 REMB0           RES 1
0056                  00020 REMB1           RES 1
0057                  00021 TEMP            RES 1
0058                  00022 LOOPCOUNT       RES 1
                      00023 
  0000                00024         GLOBAL  AARGB0, AARGB1, BARGB0
                      00025 
                      00026 PROG2   CODE
                      00027 ;---------------- 8 * 8 UNSIGNED MULTIPLY -----------------------
                      00028 
                      00029 ;       Max Timing:     3+12+6*8+7 = 70 clks
                      00030 ;       Min Timing:     3+7*6+5+3 = 53 clks
                      00031 ;       PM: 19            DM: 4
0000                  00032 UMUL0808L
0000   01??           00033                 CLRF    AARGB1
0001   3008           00034                 MOVLW   0x08
0002   00??           00035                 MOVWF   LOOPCOUNT
0003   08??           00036                 MOVF    AARGB0,W
                      00037 
0004                  00038 LOOPUM0808A
0004   0C??           00039                 RRF     BARGB0, F
0005   1803           00040                 BTFSC   _C
0006   2???           00041                 GOTO    LUM0808NAP
0007   0B??           00042                 DECFSZ  LOOPCOUNT, F
0008   2???           00043                 GOTO    LOOPUM0808A
                      00044 
0009   01??           00045                 CLRF    AARGB0
000A   3400           00046                 RETLW   0x00
                      00047 
000B                  00048 LUM0808NAP
000B   1003           00049                 BCF     _C
MPASM  5.03                       P16MATH.ASM   7-6-2006  13:51:19         PAGE  2


LOC  OBJECT CODE     LINE SOURCE TEXT
  VALUE

000C   2???           00050                 GOTO    LUM0808NA
                      00051 
000D                  00052 LOOPUM0808
000D   0C??           00053                 RRF             BARGB0, F
000E   1803           00054                 BTFSC   _C
000F   07??           00055                 ADDWF   AARGB0, F
0010   0C??           00056 LUM0808NA       RRF    AARGB0, F
0011   0C??           00057                 RRF    AARGB1, F
0012   0B??           00058                 DECFSZ          LOOPCOUNT, F
0013   2???           00059                 GOTO            LOOPUM0808
0014   0008           00060                 return
  0000                00061                 GLOBAL  UMUL0808L
                      00062 ;----------------  16/8 UNSIGNED DIVIDE   ------------------------
                      00063               
                      00064 ;       Max Timing: 2+7*12+11+3+7*24+23 = 291 clks
                      00065 ;       Min Timing: 2+7*11+10+3+7*17+16 = 227 clks
                      00066 ;       PM: 39                                  DM: 7
                      00067 
0015                  00068 UDIV1608L
  0000                00069                 GLOBAL          UDIV1608L
0015   01??           00070                 CLRF            REMB0
0016   3008           00071                 MOVLW           8
0017   00??           00072                 MOVWF           LOOPCOUNT
                      00073 
0018   0D??           00074 LOOPU1608A      RLF             AARGB0,W
0019   0D??           00075                 RLF             REMB0, F
001A   08??           00076                 MOVF            BARGB0,W
001B   02??           00077                 SUBWF           REMB0, F
                      00078 
001C   1803           00079                 BTFSC           _C
001D   2???           00080                 GOTO            UOK68A          
001E   07??           00081                 ADDWF           REMB0, F
001F   1003           00082                 BCF             _C
0020   0D??           00083 UOK68A          RLF             AARGB0, F
                      00084 
0021   0B??           00085                 DECFSZ          LOOPCOUNT, F
0022   2???           00086                 GOTO            LOOPU1608A
                      00087 
0023   01??           00088                 CLRF            TEMP
                      00089 
0024   3008           00090                 MOVLW           8
0025   00??           00091                 MOVWF           LOOPCOUNT
                      00092 
0026   0D??           00093 LOOPU1608B      RLF             AARGB1,W
0027   0D??           00094                 RLF             REMB0, F
0028   0D??           00095                 RLF             TEMP, F
0029   08??           00096                 MOVF            BARGB0,W
002A   02??           00097                 SUBWF           REMB0, F
002B   01??           00098                 CLRF            AARGB5
002C   0103           00099                 CLRW
002D   1C03           00100                 BTFSS           _C
002E   0F??           00101                 INCFSZ          AARGB5,W
002F   02??           00102                 SUBWF           TEMP, F
MPASM  5.03                       P16MATH.ASM   7-6-2006  13:51:19         PAGE  3


LOC  OBJECT CODE     LINE SOURCE TEXT
  VALUE

                      00103 
0030   1803           00104                 BTFSC           _C
0031   2???           00105                 GOTO            UOK68B          
0032   08??           00106                 MOVF            BARGB0,W
0033   07??           00107                 ADDWF           REMB0, F
0034   01??           00108                 CLRF            AARGB5
0035   0103           00109                 CLRW
0036   1803           00110                 BTFSC           _C
0037   0F??           00111                 INCFSZ          AARGB5,W
0038   07??           00112                 ADDWF           TEMP, F
                      00113 
0039   1003           00114                 BCF             _C
003A   0D??           00115 UOK68B          RLF             AARGB1, F
                      00116 
003B   0B??           00117                 DECFSZ          LOOPCOUNT, F
003C   2???           00118                 GOTO            LOOPU1608B
003D   0008           00119                 return
  0000                00120                 GLOBAL  UDIV1608L
                      00121 
                      00122                 end
MPASM  5.03                       P16MATH.ASM   7-6-2006  13:51:19         PAGE  4


SYMBOL TABLE
  LABEL                             VALUE 

AARGB0                            00000050
AARGB1                            00000051
AARGB5                            00000052
ACKDT                             00000005
ACKEN                             00000004
ACKSTAT                           00000006
ADCON0                            0000001F
ADCON1                            0000009F
ADCS0                             00000006
ADCS1                             00000007
ADDEN                             00000003
ADFM                              00000007
ADIE                              00000006
ADIF                              00000006
ADON                              00000000
ADRESH                            0000001E
ADRESL                            0000009E
BARGB0                            00000053
BARGB1                            00000054
BCLIE                             00000003
BCLIF                             00000003
BF                                00000000
BRGH                              00000002
C                                 00000000
CCP1CON                           00000017
CCP1IE                            00000002
CCP1IF                            00000002
CCP1M0                            00000000
CCP1M1                            00000001
CCP1M2                            00000002
CCP1M3                            00000003
CCP1X                             00000005
CCP1Y                             00000004
CCP2CON                           0000001D
CCP2IE                            00000000
CCP2IF                            00000000
CCP2M0                            00000000
CCP2M1                            00000001
CCP2M2                            00000002
CCP2M3                            00000003
CCP2X                             00000005
CCP2Y                             00000004
CCPR1H                            00000016
CCPR1L                            00000015
CCPR2H                            0000001C
CCPR2L                            0000001B
CHS0                              00000003
CHS1                              00000004
CHS2                              00000005
CKE                               00000006
CKP                               00000004
CREN                              00000004
CSRC                              00000007
MPASM  5.03                       P16MATH.ASM   7-6-2006  13:51:19         PAGE  5


SYMBOL TABLE
  LABEL                             VALUE 

D                                 00000005
DATA_ADDRESS                      00000005
DC                                00000001
D_A                               00000005
EEADR                             0000010D
EEADRH                            0000010F
EECON1                            0000018C
EECON2                            0000018D
EEDATA                            0000010C
EEDATH                            0000010E
EEIE                              00000004
EEIF                              00000004
EEPGD                             00000007
F                                 00000001
FERR                              00000002
FSR                               00000004
GCEN                              00000007
GIE                               00000007
GO                                00000002
GO_DONE                           00000002
I2C_DATA                          00000005
I2C_READ                          00000002
I2C_START                         00000003
I2C_STOP                          00000004
IBF                               00000007
IBOV                              00000005
INDF                              00000000
INTCON                            0000000B
INTE                              00000004
INTEDG                            00000006
INTF                              00000001
IRP                               00000007
LOOPCOUNT                         00000058
LOOPU1608A                        00000018
LOOPU1608B                        00000026
LOOPUM0808                        0000000D
LOOPUM0808A                       00000004
LUM0808NA                         00000010
LUM0808NAP                        0000000B
NOT_A                             00000005
NOT_ADDRESS                       00000005
NOT_BO                            00000000
NOT_BOR                           00000000
NOT_DONE                          00000002
NOT_PD                            00000003
NOT_POR                           00000001
NOT_RBPU                          00000007
NOT_RC8                           00000006
NOT_T1SYNC                        00000002
NOT_TO                            00000004
NOT_TX8                           00000006
NOT_W                             00000002
NOT_WRITE                         00000002
MPASM  5.03                       P16MATH.ASM   7-6-2006  13:51:19         PAGE  6


SYMBOL TABLE
  LABEL                             VALUE 

OBF                               00000006
OERR                              00000001
OPTION_REG                        00000081
P                                 00000004
PCFG0                             00000000
PCFG1                             00000001
PCFG2                             00000002
PCFG3                             00000003
PCL                               00000002
PCLATH                            0000000A
PCON                              0000008E
PEIE                              00000006
PEN                               00000002
PIE1                              0000008C
PIE2                              0000008D
PIR1                              0000000C
PIR2                              0000000D
PORTA                             00000005
PORTB                             00000006
PORTC                             00000007
PORTD                             00000008
PORTE                             00000009
PR2                               00000092
PS0                               00000000
PS1                               00000001
PS2                               00000002
PSA                               00000003
PSPIE                             00000007
PSPIF                             00000007
PSPMODE                           00000004
R                                 00000002
RBIE                              00000003
RBIF                              00000000
RC8_9                             00000006
RC9                               00000006
RCD8                              00000000
RCEN                              00000003
RCIE                              00000005
RCIF                              00000005
RCREG                             0000001A
RCSTA                             00000018
RD                                00000000
READ_WRITE                        00000002
REMB0                             00000055
REMB1                             00000056
RP0                               00000005
RP1                               00000006
RSEN                              00000001
RX9                               00000006
RX9D                              00000000
R_W                               00000002
S                                 00000003
SEN                               00000000
MPASM  5.03                       P16MATH.ASM   7-6-2006  13:51:19         PAGE  7


SYMBOL TABLE
  LABEL                             VALUE 

SMP                               00000007
SPBRG                             00000099
SPEN                              00000007
SREN                              00000005
SSPADD                            00000093
SSPBUF                            00000013
SSPCON                            00000014
SSPCON2                           00000091
SSPEN                             00000005
SSPIE                             00000003
SSPIF                             00000003
SSPM0                             00000000
SSPM1                             00000001
SSPM2                             00000002
SSPM3                             00000003
SSPOV                             00000006
SSPSTAT                           00000094
STATUS                            00000003
SYNC                              00000004
T0CS                              00000005
T0IE                              00000005
T0IF                              00000002
T0SE                              00000004
T1CKPS0                           00000004
T1CKPS1                           00000005
T1CON                             00000010
T1INSYNC                          00000002
T1OSCEN                           00000003
T1SYNC                            00000002
T2CKPS0                           00000000
T2CKPS1                           00000001
T2CON                             00000012
TEMP                              00000057
TMR0                              00000001
TMR1CS                            00000001
TMR1H                             0000000F
TMR1IE                            00000000
TMR1IF                            00000000
TMR1L                             0000000E
TMR1ON                            00000000
TMR2                              00000011
TMR2IE                            00000001
TMR2IF                            00000001
TMR2ON                            00000002
TOUTPS0                           00000003
TOUTPS1                           00000004
TOUTPS2                           00000005
TOUTPS3                           00000006
TRISA                             00000085
TRISB                             00000086
TRISC                             00000087
TRISD                             00000088
TRISE                             00000089
MPASM  5.03                       P16MATH.ASM   7-6-2006  13:51:19         PAGE  8


SYMBOL TABLE
  LABEL                             VALUE 

TRISE0                            00000000
TRISE1                            00000001
TRISE2                            00000002
TRMT                              00000001
TX8_9                             00000006
TX9                               00000006
TX9D                              00000000
TXD8                              00000000
TXEN                              00000005
TXIE                              00000004
TXIF                              00000004
TXREG                             00000019
TXSTA                             00000098
UA                                00000001
UDIV1608L                         00000015
UMUL0808L                         00000000
UOK68A                            00000020
UOK68B                            0000003A
W                                 00000000
WCOL                              00000007
WR                                00000001
WREN                              00000002
WRERR                             00000003
Z                                 00000002
_BODEN_OFF                        00003FBF
_BODEN_ON                         00003FFF
_C                                STATUS,0
_CPD_OFF                          00003FFF
_CPD_ON                           00003EFF
_CP_ALL                           00000FCF
_CP_HALF                          00001FDF
_CP_OFF                           00003FFF
_CP_UPPER_256                     00002FEF
_DEBUG_OFF                        00003FFF
_DEBUG_ON                         000037FF
_HS_OSC                           00003FFE
_LP_OSC                           00003FFC
_LVP_OFF                          00003F7F
_LVP_ON                           00003FFF
_PWRTE_OFF                        00003FFF
_PWRTE_ON                         00003FF7
_RC_OSC                           00003FFF
_WDT_OFF                          00003FFB
_WDT_ON                           00003FFF
_WRT_ENABLE_OFF                   00003DFF
_WRT_ENABLE_ON                    00003FFF
_XT_OSC                           00003FFD
__16F877A                         00000001

Errors   :     0
Warnings :     0 reported,     0 suppressed
Messages :     1 reported,     0 suppressed

