MPLINK 4.03, Linker
Linker Map File - Created Thu Jul 06 13:51:19 2006

                                 Section Info
                  Section       Type    Address   Location Size(Bytes)
                ---------  ---------  ---------  ---------  ---------
                  STARTUP       code   0x000000    program   0x00000a
                   .cinit    romdata   0x000005    program   0x000004
                   stan_t       code   0x000100    program   0x000840
                    PROG1       code   0x000520    program   0x00026c
                    PROG2       code   0x000800    program   0x00007c
                  .config       code   0x002007    program   0x000002
               D_LCD_DATA      udata   0x000020       data   0x000004
                variables      udata   0x000030       data   0x000014
                 MATH_VAR      udata   0x000050       data   0x000009



                              Program Memory Usage 
                               Start         End      
                           ---------   ---------      
                            0x000000    0x000006      
                            0x000100    0x000655      
                            0x000800    0x00083d      
                            0x002007    0x002007      
            1436 out of 8453 program addresses used, program memory utilization is 16%



                              Symbols - Sorted by Name
                     Name    Address   Location    Storage File                     
                ---------  ---------  ---------  --------- ---------                
                 Delay1ms   0x000616    program     static C:\d\Projects\LCDS\jun23final\16\p16lcd.asm
                Delay30ms   0x00061d    program     static C:\d\Projects\LCDS\jun23final\16\p16lcd.asm
             DelayXCycles   0x000613    program     static C:\d\Projects\LCDS\jun23final\16\p16lcd.asm
                  Delay_1   0x000619    program     static C:\d\Projects\LCDS\jun23final\16\p16lcd.asm
                    FinRd   0x00060b    program     static C:\d\Projects\LCDS\jun23final\16\p16lcd.asm
                  LCDBusy   0x00060c    program     extern C:\d\Projects\LCDS\jun23final\16\p16lcd.asm
                  LCDInit   0x00053d    program     extern C:\d\Projects\LCDS\jun23final\16\p16lcd.asm
                LCDLine_1   0x000520    program     extern C:\d\Projects\LCDS\jun23final\16\p16lcd.asm
                LCDLine_2   0x000526    program     extern C:\d\Projects\LCDS\jun23final\16\p16lcd.asm
                  LCDRead   0x0005ca    program     static C:\d\Projects\LCDS\jun23final\16\p16lcd.asm
                 LCDWrite   0x0005c1    program     extern C:\d\Projects\LCDS\jun23final\16\p16lcd.asm
           LCDWriteNibble   0x00059d    program     static C:\d\Projects\LCDS\jun23final\16\p16lcd.asm
               LOOPU1608A   0x000818    program     static C:\d\Projects\LCDS\jun23final\16\p16math.asm
               LOOPU1608B   0x000826    program     static C:\d\Projects\LCDS\jun23final\16\p16math.asm
               LOOPUM0808   0x00080d    program     static C:\d\Projects\LCDS\jun23final\16\p16math.asm
              LOOPUM0808A   0x000804    program     static C:\d\Projects\LCDS\jun23final\16\p16math.asm
                LUM0808NA   0x000810    program     static C:\d\Projects\LCDS\jun23final\16\p16math.asm
               LUM0808NAP   0x00080b    program     static C:\d\Projects\LCDS\jun23final\16\p16math.asm
                      Lb1   0x0004d3    program     static C:\d\Projects\LCDS\jun23final\16\p16demo.asm
                      Lb2   0x0004d7    program     static C:\d\Projects\LCDS\jun23final\16\p16demo.asm
                      Lb3   0x0004db    program     static C:\d\Projects\LCDS\jun23final\16\p16demo.asm
                      Lb4   0x0004df    program     static C:\d\Projects\LCDS\jun23final\16\p16demo.asm
                LongDelay   0x000648    program     static C:\d\Projects\LCDS\jun23final\16\p16lcd.asm
            LongDelayLast   0x000652    program     static C:\d\Projects\LCDS\jun23final\16\p16lcd.asm
                UDIV1608L   0x000815    program     extern C:\d\Projects\LCDS\jun23final\16\p16math.asm
                UMUL0808L   0x000800    program     extern C:\d\Projects\LCDS\jun23final\16\p16math.asm
                   UOK68A   0x000820    program     static C:\d\Projects\LCDS\jun23final\16\p16math.asm
                   UOK68B   0x00083a    program     static C:\d\Projects\LCDS\jun23final\16\p16math.asm
              _PROG1_0015   0x000535    program     static C:\d\Projects\LCDS\jun23final\16\p16lcd.asm
              _PROG1_0038   0x000558    program     static C:\d\Projects\LCDS\jun23final\16\p16lcd.asm
              _PROG1_0043   0x000563    program     static C:\d\Projects\LCDS\jun23final\16\p16lcd.asm
             _stan_t_01E4   0x0001e4    program     static C:\d\Projects\LCDS\jun23final\16\p16demo.asm
             _stan_t_01E6   0x0001e6    program     static C:\d\Projects\LCDS\jun23final\16\p16demo.asm
             _stan_t_01F8   0x0001f8    program     static C:\d\Projects\LCDS\jun23final\16\p16demo.asm
             _stan_t_01FA   0x0001fa    program     static C:\d\Projects\LCDS\jun23final\16\p16demo.asm
             _stan_t_020C   0x00020c    program     static C:\d\Projects\LCDS\jun23final\16\p16demo.asm
             _stan_t_020E   0x00020e    program     static C:\d\Projects\LCDS\jun23final\16\p16demo.asm
             _stan_t_0220   0x000220    program     static C:\d\Projects\LCDS\jun23final\16\p16demo.asm
             _stan_t_0222   0x000222    program     static C:\d\Projects\LCDS\jun23final\16\p16demo.asm
             _stan_t_0234   0x000234    program     static C:\d\Projects\LCDS\jun23final\16\p16demo.asm
             _stan_t_0238   0x000238    program     static C:\d\Projects\LCDS\jun23final\16\p16demo.asm
             _stan_t_0248   0x000248    program     static C:\d\Projects\LCDS\jun23final\16\p16demo.asm
             _stan_t_029D   0x00029d    program     static C:\d\Projects\LCDS\jun23final\16\p16demo.asm
             _stan_t_02A4   0x0002a4    program     static C:\d\Projects\LCDS\jun23final\16\p16demo.asm
             _stan_t_02CC   0x0002cc    program     static C:\d\Projects\LCDS\jun23final\16\p16demo.asm
             _stan_t_02DE   0x0002de    program     static C:\d\Projects\LCDS\jun23final\16\p16demo.asm
             _stan_t_02EE   0x0002ee    program     static C:\d\Projects\LCDS\jun23final\16\p16demo.asm
             _stan_t_031C   0x00031c    program     static C:\d\Projects\LCDS\jun23final\16\p16demo.asm
             _stan_t_0325   0x000325    program     static C:\d\Projects\LCDS\jun23final\16\p16demo.asm
             _stan_t_0330   0x000330    program     static C:\d\Projects\LCDS\jun23final\16\p16demo.asm
             _stan_t_0333   0x000333    program     static C:\d\Projects\LCDS\jun23final\16\p16demo.asm
             _stan_t_033C   0x00033c    program     static C:\d\Projects\LCDS\jun23final\16\p16demo.asm
             _stan_t_033F   0x00033f    program     static C:\d\Projects\LCDS\jun23final\16\p16demo.asm
             _stan_t_0348   0x000348    program     static C:\d\Projects\LCDS\jun23final\16\p16demo.asm
             _stan_t_034B   0x00034b    program     static C:\d\Projects\LCDS\jun23final\16\p16demo.asm
             _stan_t_038D   0x00038d    program     static C:\d\Projects\LCDS\jun23final\16\p16demo.asm
             _stan_t_0395   0x000395    program     static C:\d\Projects\LCDS\jun23final\16\p16demo.asm
             _stan_t_03E8   0x0003e8    program     static C:\d\Projects\LCDS\jun23final\16\p16demo.asm
             _stan_t_0402   0x000402    program     static C:\d\Projects\LCDS\jun23final\16\p16demo.asm
             _stan_t_040A   0x00040a    program     static C:\d\Projects\LCDS\jun23final\16\p16demo.asm
             _stan_t_0425   0x000425    program     static C:\d\Projects\LCDS\jun23final\16\p16demo.asm
             _stan_t_042D   0x00042d    program     static C:\d\Projects\LCDS\jun23final\16\p16demo.asm
             _stan_t_0438   0x000438    program     static C:\d\Projects\LCDS\jun23final\16\p16demo.asm
             _stan_t_043A   0x00043a    program     static C:\d\Projects\LCDS\jun23final\16\p16demo.asm
             _stan_t_0444   0x000444    program     static C:\d\Projects\LCDS\jun23final\16\p16demo.asm
             _stan_t_0446   0x000446    program     static C:\d\Projects\LCDS\jun23final\16\p16demo.asm
             _stan_t_0448   0x000448    program     static C:\d\Projects\LCDS\jun23final\16\p16demo.asm
             _stan_t_0450   0x000450    program     static C:\d\Projects\LCDS\jun23final\16\p16demo.asm
             _stan_t_0453   0x000453    program     static C:\d\Projects\LCDS\jun23final\16\p16demo.asm
             _stan_t_045C   0x00045c    program     static C:\d\Projects\LCDS\jun23final\16\p16demo.asm
             _stan_t_046D   0x00046d    program     static C:\d\Projects\LCDS\jun23final\16\p16demo.asm
             _stan_t_0479   0x000479    program     static C:\d\Projects\LCDS\jun23final\16\p16demo.asm
             _stan_t_0482   0x000482    program     static C:\d\Projects\LCDS\jun23final\16\p16demo.asm
             _stan_t_0493   0x000493    program     static C:\d\Projects\LCDS\jun23final\16\p16demo.asm
             _stan_t_04E8   0x0004e8    program     static C:\d\Projects\LCDS\jun23final\16\p16demo.asm
             _stan_t_04F1   0x0004f1    program     static C:\d\Projects\LCDS\jun23final\16\p16demo.asm
             _stan_t_04FA   0x0004fa    program     static C:\d\Projects\LCDS\jun23final\16\p16demo.asm
             _stan_t_0503   0x000503    program     static C:\d\Projects\LCDS\jun23final\16\p16demo.asm
             _stan_t_050C   0x00050c    program     static C:\d\Projects\LCDS\jun23final\16\p16demo.asm
             _stan_t_050F   0x00050f    program     static C:\d\Projects\LCDS\jun23final\16\p16demo.asm
             _stan_t_051C   0x00051c    program     static C:\d\Projects\LCDS\jun23final\16\p16demo.asm
             _stan_t_051E   0x00051e    program     static C:\d\Projects\LCDS\jun23final\16\p16demo.asm
                   b_wait   0x000205    program     static C:\d\Projects\LCDS\jun23final\16\p16demo.asm
                bin16_bcd   0x0004b2    program     static C:\d\Projects\LCDS\jun23final\16\p16demo.asm
                  bin_bcd   0x000495    program     static C:\d\Projects\LCDS\jun23final\16\p16demo.asm
                   buzzer   0x0002a3    program     static C:\d\Projects\LCDS\jun23final\16\p16demo.asm
                   c_wait   0x00022d    program     static C:\d\Projects\LCDS\jun23final\16\p16demo.asm
               ccpr1l_out   0x0002e6    program     static C:\d\Projects\LCDS\jun23final\16\p16demo.asm
                 clk_done   0x0003b4    program     static C:\d\Projects\LCDS\jun23final\16\p16demo.asm
                    clock   0x000394    program     static C:\d\Projects\LCDS\jun23final\16\p16demo.asm
             convert_temp   0x000359    program     static C:\d\Projects\LCDS\jun23final\16\p16demo.asm
                  d_write   0x00052c    program     extern C:\d\Projects\LCDS\jun23final\16\p16lcd.asm
              delay_100ms   0x000431    program     static C:\d\Projects\LCDS\jun23final\16\p16demo.asm
                 delay_1s   0x00043c    program     static C:\d\Projects\LCDS\jun23final\16\p16demo.asm
                 get_temp   0x000314    program     static C:\d\Projects\LCDS\jun23final\16\p16demo.asm
                ghundreth   0x00049a    program     static C:\d\Projects\LCDS\jun23final\16\p16demo.asm
                   gtenth   0x0004a1    program     static C:\d\Projects\LCDS\jun23final\16\p16demo.asm
                  i_write   0x000539    program     extern C:\d\Projects\LCDS\jun23final\16\p16lcd.asm
               inc_ccpr1l   0x0002df    program     static C:\d\Projects\LCDS\jun23final\16\p16demo.asm
                   inc_dc   0x0002dd    program     static C:\d\Projects\LCDS\jun23final\16\p16demo.asm
                inc_hours   0x000458    program     static C:\d\Projects\LCDS\jun23final\16\p16demo.asm
                 inc_mins   0x00046c    program     static C:\d\Projects\LCDS\jun23final\16\p16demo.asm
              inc_minutes   0x00047e    program     static C:\d\Projects\LCDS\jun23final\16\p16demo.asm
                     menu   0x0001e3    program     static C:\d\Projects\LCDS\jun23final\16\p16demo.asm
                 menu_buz   0x0001f9    program     static C:\d\Projects\LCDS\jun23final\16\p16demo.asm
               menu_clock   0x000221    program     static C:\d\Projects\LCDS\jun23final\16\p16demo.asm
                menu_temp   0x00020d    program     static C:\d\Projects\LCDS\jun23final\16\p16demo.asm
               next_digit   0x00045e    program     static C:\d\Projects\LCDS\jun23final\16\p16demo.asm
              next_digit?   0x000484    program     static C:\d\Projects\LCDS\jun23final\16\p16demo.asm
                     over   0x0004a8    program     static C:\d\Projects\LCDS\jun23final\16\p16demo.asm
                 overflow   0x00039d    program     static C:\d\Projects\LCDS\jun23final\16\p16demo.asm
                pr2_again   0x0002bd    program     static C:\d\Projects\LCDS\jun23final\16\p16demo.asm
                  pr2_out   0x0002c4    program     static C:\d\Projects\LCDS\jun23final\16\p16demo.asm
                  pwm_out   0x0002ff    program     static C:\d\Projects\LCDS\jun23final\16\p16demo.asm
                 set_time   0x00044a    program     static C:\d\Projects\LCDS\jun23final\16\p16demo.asm
           set_time_again   0x00044f    program     static C:\d\Projects\LCDS\jun23final\16\p16demo.asm
            set_time_done   0x000492    program     static C:\d\Projects\LCDS\jun23final\16\p16demo.asm
                    ssprw   0x000516    program     static C:\d\Projects\LCDS\jun23final\16\p16demo.asm
              stan_char_1   0x0003eb    program     static C:\d\Projects\LCDS\jun23final\16\p16demo.asm
              stan_char_2   0x00040e    program     static C:\d\Projects\LCDS\jun23final\16\p16demo.asm
         stan_next_char_1   0x0003f0    program     static C:\d\Projects\LCDS\jun23final\16\p16demo.asm
         stan_next_char_2   0x000413    program     static C:\d\Projects\LCDS\jun23final\16\p16demo.asm
               stan_table   0x000100    program     static C:\d\Projects\LCDS\jun23final\16\p16demo.asm
                    start   0x0001c1    program     static C:\d\Projects\LCDS\jun23final\16\p16demo.asm
                   t_wait   0x000219    program     static C:\d\Projects\LCDS\jun23final\16\p16demo.asm
                     temp   0x000302    program     static C:\d\Projects\LCDS\jun23final\16\p16demo.asm
                 temp_now   0x000318    program     static C:\d\Projects\LCDS\jun23final\16\p16demo.asm
                   v_wait   0x0001f1    program     static C:\d\Projects\LCDS\jun23final\16\p16demo.asm
                voltmeter   0x000237    program     static C:\d\Projects\LCDS\jun23final\16\p16demo.asm
              volts_again   0x000244    program     static C:\d\Projects\LCDS\jun23final\16\p16demo.asm
             write_eeprom   0x0004e4    program     static C:\d\Projects\LCDS\jun23final\16\p16demo.asm
                   AARGB0   0x000050       data     extern C:\d\Projects\LCDS\jun23final\16\p16math.asm
                   AARGB1   0x000051       data     extern C:\d\Projects\LCDS\jun23final\16\p16math.asm
                   AARGB5   0x000052       data     static C:\d\Projects\LCDS\jun23final\16\p16math.asm
                   BARGB0   0x000053       data     extern C:\d\Projects\LCDS\jun23final\16\p16math.asm
                   BARGB1   0x000054       data     static C:\d\Projects\LCDS\jun23final\16\p16math.asm
                  COUNTER   0x000020       data     static C:\d\Projects\LCDS\jun23final\16\p16lcd.asm
                     Hund   0x000041       data     static C:\d\Projects\LCDS\jun23final\16\p16demo.asm
                LOOPCOUNT   0x000058       data     static C:\d\Projects\LCDS\jun23final\16\p16math.asm
                      LSD   0x000037       data     static C:\d\Projects\LCDS\jun23final\16\p16demo.asm
                      MSD   0x000039       data     static C:\d\Projects\LCDS\jun23final\16\p16demo.asm
                      MsD   0x000038       data     static C:\d\Projects\LCDS\jun23final\16\p16demo.asm
                     NumH   0x00003d       data     static C:\d\Projects\LCDS\jun23final\16\p16demo.asm
                     NumL   0x00003e       data     static C:\d\Projects\LCDS\jun23final\16\p16demo.asm
                     Ones   0x000043       data     static C:\d\Projects\LCDS\jun23final\16\p16demo.asm
                    REMB0   0x000055       data     static C:\d\Projects\LCDS\jun23final\16\p16math.asm
                    REMB1   0x000056       data     static C:\d\Projects\LCDS\jun23final\16\p16math.asm
                     TEMP   0x000057       data     static C:\d\Projects\LCDS\jun23final\16\p16math.asm
                     TenK   0x00003f       data     static C:\d\Projects\LCDS\jun23final\16\p16demo.asm
                     Tens   0x000042       data     static C:\d\Projects\LCDS\jun23final\16\p16demo.asm
                     Thou   0x000040       data     static C:\d\Projects\LCDS\jun23final\16\p16demo.asm
                 cmd_byte   0x000035       data     static C:\d\Projects\LCDS\jun23final\16\p16demo.asm
                    delay   0x000021       data     static C:\d\Projects\LCDS\jun23final\16\p16lcd.asm
                    hours   0x00003c       data     static C:\d\Projects\LCDS\jun23final\16\p16demo.asm
                  minutes   0x00003b       data     static C:\d\Projects\LCDS\jun23final\16\p16demo.asm
                ptr_count   0x000031       data     static C:\d\Projects\LCDS\jun23final\16\p16demo.asm
                  ptr_pos   0x000030       data     static C:\d\Projects\LCDS\jun23final\16\p16demo.asm
                  seconds   0x00003a       data     static C:\d\Projects\LCDS\jun23final\16\p16demo.asm
                   temp_1   0x000032       data     static C:\d\Projects\LCDS\jun23final\16\p16demo.asm
                   temp_2   0x000033       data     static C:\d\Projects\LCDS\jun23final\16\p16demo.asm
                   temp_3   0x000034       data     static C:\d\Projects\LCDS\jun23final\16\p16demo.asm
                  temp_rd   0x000023       data     static C:\d\Projects\LCDS\jun23final\16\p16lcd.asm
                  temp_wr   0x000022       data     extern C:\d\Projects\LCDS\jun23final\16\p16lcd.asm
              temperature   0x000036       data     static C:\d\Projects\LCDS\jun23final\16\p16demo.asm



                              Symbols - Sorted by Address
                     Name    Address   Location    Storage File                     
                ---------  ---------  ---------  --------- ---------                
               stan_table   0x000100    program     static C:\d\Projects\LCDS\jun23final\16\p16demo.asm
                    start   0x0001c1    program     static C:\d\Projects\LCDS\jun23final\16\p16demo.asm
                     menu   0x0001e3    program     static C:\d\Projects\LCDS\jun23final\16\p16demo.asm
             _stan_t_01E4   0x0001e4    program     static C:\d\Projects\LCDS\jun23final\16\p16demo.asm
             _stan_t_01E6   0x0001e6    program     static C:\d\Projects\LCDS\jun23final\16\p16demo.asm
                   v_wait   0x0001f1    program     static C:\d\Projects\LCDS\jun23final\16\p16demo.asm
             _stan_t_01F8   0x0001f8    program     static C:\d\Projects\LCDS\jun23final\16\p16demo.asm
                 menu_buz   0x0001f9    program     static C:\d\Projects\LCDS\jun23final\16\p16demo.asm
             _stan_t_01FA   0x0001fa    program     static C:\d\Projects\LCDS\jun23final\16\p16demo.asm
                   b_wait   0x000205    program     static C:\d\Projects\LCDS\jun23final\16\p16demo.asm
             _stan_t_020C   0x00020c    program     static C:\d\Projects\LCDS\jun23final\16\p16demo.asm
                menu_temp   0x00020d    program     static C:\d\Projects\LCDS\jun23final\16\p16demo.asm
             _stan_t_020E   0x00020e    program     static C:\d\Projects\LCDS\jun23final\16\p16demo.asm
                   t_wait   0x000219    program     static C:\d\Projects\LCDS\jun23final\16\p16demo.asm
             _stan_t_0220   0x000220    program     static C:\d\Projects\LCDS\jun23final\16\p16demo.asm
               menu_clock   0x000221    program     static C:\d\Projects\LCDS\jun23final\16\p16demo.asm
             _stan_t_0222   0x000222    program     static C:\d\Projects\LCDS\jun23final\16\p16demo.asm
                   c_wait   0x00022d    program     static C:\d\Projects\LCDS\jun23final\16\p16demo.asm
             _stan_t_0234   0x000234    program     static C:\d\Projects\LCDS\jun23final\16\p16demo.asm
                voltmeter   0x000237    program     static C:\d\Projects\LCDS\jun23final\16\p16demo.asm
             _stan_t_0238   0x000238    program     static C:\d\Projects\LCDS\jun23final\16\p16demo.asm
              volts_again   0x000244    program     static C:\d\Projects\LCDS\jun23final\16\p16demo.asm
             _stan_t_0248   0x000248    program     static C:\d\Projects\LCDS\jun23final\16\p16demo.asm
             _stan_t_029D   0x00029d    program     static C:\d\Projects\LCDS\jun23final\16\p16demo.asm
                   buzzer   0x0002a3    program     static C:\d\Projects\LCDS\jun23final\16\p16demo.asm
             _stan_t_02A4   0x0002a4    program     static C:\d\Projects\LCDS\jun23final\16\p16demo.asm
                pr2_again   0x0002bd    program     static C:\d\Projects\LCDS\jun23final\16\p16demo.asm
                  pr2_out   0x0002c4    program     static C:\d\Projects\LCDS\jun23final\16\p16demo.asm
             _stan_t_02CC   0x0002cc    program     static C:\d\Projects\LCDS\jun23final\16\p16demo.asm
                   inc_dc   0x0002dd    program     static C:\d\Projects\LCDS\jun23final\16\p16demo.asm
             _stan_t_02DE   0x0002de    program     static C:\d\Projects\LCDS\jun23final\16\p16demo.asm
               inc_ccpr1l   0x0002df    program     static C:\d\Projects\LCDS\jun23final\16\p16demo.asm
               ccpr1l_out   0x0002e6    program     static C:\d\Projects\LCDS\jun23final\16\p16demo.asm
             _stan_t_02EE   0x0002ee    program     static C:\d\Projects\LCDS\jun23final\16\p16demo.asm
                  pwm_out   0x0002ff    program     static C:\d\Projects\LCDS\jun23final\16\p16demo.asm
                     temp   0x000302    program     static C:\d\Projects\LCDS\jun23final\16\p16demo.asm
                 get_temp   0x000314    program     static C:\d\Projects\LCDS\jun23final\16\p16demo.asm
                 temp_now   0x000318    program     static C:\d\Projects\LCDS\jun23final\16\p16demo.asm
             _stan_t_031C   0x00031c    program     static C:\d\Projects\LCDS\jun23final\16\p16demo.asm
             _stan_t_0325   0x000325    program     static C:\d\Projects\LCDS\jun23final\16\p16demo.asm
             _stan_t_0330   0x000330    program     static C:\d\Projects\LCDS\jun23final\16\p16demo.asm
             _stan_t_0333   0x000333    program     static C:\d\Projects\LCDS\jun23final\16\p16demo.asm
             _stan_t_033C   0x00033c    program     static C:\d\Projects\LCDS\jun23final\16\p16demo.asm
             _stan_t_033F   0x00033f    program     static C:\d\Projects\LCDS\jun23final\16\p16demo.asm
             _stan_t_0348   0x000348    program     static C:\d\Projects\LCDS\jun23final\16\p16demo.asm
             _stan_t_034B   0x00034b    program     static C:\d\Projects\LCDS\jun23final\16\p16demo.asm
             convert_temp   0x000359    program     static C:\d\Projects\LCDS\jun23final\16\p16demo.asm
             _stan_t_038D   0x00038d    program     static C:\d\Projects\LCDS\jun23final\16\p16demo.asm
                    clock   0x000394    program     static C:\d\Projects\LCDS\jun23final\16\p16demo.asm
             _stan_t_0395   0x000395    program     static C:\d\Projects\LCDS\jun23final\16\p16demo.asm
                 overflow   0x00039d    program     static C:\d\Projects\LCDS\jun23final\16\p16demo.asm
                 clk_done   0x0003b4    program     static C:\d\Projects\LCDS\jun23final\16\p16demo.asm
             _stan_t_03E8   0x0003e8    program     static C:\d\Projects\LCDS\jun23final\16\p16demo.asm
              stan_char_1   0x0003eb    program     static C:\d\Projects\LCDS\jun23final\16\p16demo.asm
         stan_next_char_1   0x0003f0    program     static C:\d\Projects\LCDS\jun23final\16\p16demo.asm
             _stan_t_0402   0x000402    program     static C:\d\Projects\LCDS\jun23final\16\p16demo.asm
             _stan_t_040A   0x00040a    program     static C:\d\Projects\LCDS\jun23final\16\p16demo.asm
              stan_char_2   0x00040e    program     static C:\d\Projects\LCDS\jun23final\16\p16demo.asm
         stan_next_char_2   0x000413    program     static C:\d\Projects\LCDS\jun23final\16\p16demo.asm
             _stan_t_0425   0x000425    program     static C:\d\Projects\LCDS\jun23final\16\p16demo.asm
             _stan_t_042D   0x00042d    program     static C:\d\Projects\LCDS\jun23final\16\p16demo.asm
              delay_100ms   0x000431    program     static C:\d\Projects\LCDS\jun23final\16\p16demo.asm
             _stan_t_0438   0x000438    program     static C:\d\Projects\LCDS\jun23final\16\p16demo.asm
             _stan_t_043A   0x00043a    program     static C:\d\Projects\LCDS\jun23final\16\p16demo.asm
                 delay_1s   0x00043c    program     static C:\d\Projects\LCDS\jun23final\16\p16demo.asm
             _stan_t_0444   0x000444    program     static C:\d\Projects\LCDS\jun23final\16\p16demo.asm
             _stan_t_0446   0x000446    program     static C:\d\Projects\LCDS\jun23final\16\p16demo.asm
             _stan_t_0448   0x000448    program     static C:\d\Projects\LCDS\jun23final\16\p16demo.asm
                 set_time   0x00044a    program     static C:\d\Projects\LCDS\jun23final\16\p16demo.asm
           set_time_again   0x00044f    program     static C:\d\Projects\LCDS\jun23final\16\p16demo.asm
             _stan_t_0450   0x000450    program     static C:\d\Projects\LCDS\jun23final\16\p16demo.asm
             _stan_t_0453   0x000453    program     static C:\d\Projects\LCDS\jun23final\16\p16demo.asm
                inc_hours   0x000458    program     static C:\d\Projects\LCDS\jun23final\16\p16demo.asm
             _stan_t_045C   0x00045c    program     static C:\d\Projects\LCDS\jun23final\16\p16demo.asm
               next_digit   0x00045e    program     static C:\d\Projects\LCDS\jun23final\16\p16demo.asm
                 inc_mins   0x00046c    program     static C:\d\Projects\LCDS\jun23final\16\p16demo.asm
             _stan_t_046D   0x00046d    program     static C:\d\Projects\LCDS\jun23final\16\p16demo.asm
             _stan_t_0479   0x000479    program     static C:\d\Projects\LCDS\jun23final\16\p16demo.asm
              inc_minutes   0x00047e    program     static C:\d\Projects\LCDS\jun23final\16\p16demo.asm
             _stan_t_0482   0x000482    program     static C:\d\Projects\LCDS\jun23final\16\p16demo.asm
              next_digit?   0x000484    program     static C:\d\Projects\LCDS\jun23final\16\p16demo.asm
            set_time_done   0x000492    program     static C:\d\Projects\LCDS\jun23final\16\p16demo.asm
             _stan_t_0493   0x000493    program     static C:\d\Projects\LCDS\jun23final\16\p16demo.asm
                  bin_bcd   0x000495    program     static C:\d\Projects\LCDS\jun23final\16\p16demo.asm
                ghundreth   0x00049a    program     static C:\d\Projects\LCDS\jun23final\16\p16demo.asm
                   gtenth   0x0004a1    program     static C:\d\Projects\LCDS\jun23final\16\p16demo.asm
                     over   0x0004a8    program     static C:\d\Projects\LCDS\jun23final\16\p16demo.asm
                bin16_bcd   0x0004b2    program     static C:\d\Projects\LCDS\jun23final\16\p16demo.asm
                      Lb1   0x0004d3    program     static C:\d\Projects\LCDS\jun23final\16\p16demo.asm
                      Lb2   0x0004d7    program     static C:\d\Projects\LCDS\jun23final\16\p16demo.asm
                      Lb3   0x0004db    program     static C:\d\Projects\LCDS\jun23final\16\p16demo.asm
                      Lb4   0x0004df    program     static C:\d\Projects\LCDS\jun23final\16\p16demo.asm
             write_eeprom   0x0004e4    program     static C:\d\Projects\LCDS\jun23final\16\p16demo.asm
             _stan_t_04E8   0x0004e8    program     static C:\d\Projects\LCDS\jun23final\16\p16demo.asm
             _stan_t_04F1   0x0004f1    program     static C:\d\Projects\LCDS\jun23final\16\p16demo.asm
             _stan_t_04FA   0x0004fa    program     static C:\d\Projects\LCDS\jun23final\16\p16demo.asm
             _stan_t_0503   0x000503    program     static C:\d\Projects\LCDS\jun23final\16\p16demo.asm
             _stan_t_050C   0x00050c    program     static C:\d\Projects\LCDS\jun23final\16\p16demo.asm
             _stan_t_050F   0x00050f    program     static C:\d\Projects\LCDS\jun23final\16\p16demo.asm
                    ssprw   0x000516    program     static C:\d\Projects\LCDS\jun23final\16\p16demo.asm
             _stan_t_051C   0x00051c    program     static C:\d\Projects\LCDS\jun23final\16\p16demo.asm
             _stan_t_051E   0x00051e    program     static C:\d\Projects\LCDS\jun23final\16\p16demo.asm
                LCDLine_1   0x000520    program     extern C:\d\Projects\LCDS\jun23final\16\p16lcd.asm
                LCDLine_2   0x000526    program     extern C:\d\Projects\LCDS\jun23final\16\p16lcd.asm
                  d_write   0x00052c    program     extern C:\d\Projects\LCDS\jun23final\16\p16lcd.asm
              _PROG1_0015   0x000535    program     static C:\d\Projects\LCDS\jun23final\16\p16lcd.asm
                  i_write   0x000539    program     extern C:\d\Projects\LCDS\jun23final\16\p16lcd.asm
                  LCDInit   0x00053d    program     extern C:\d\Projects\LCDS\jun23final\16\p16lcd.asm
              _PROG1_0038   0x000558    program     static C:\d\Projects\LCDS\jun23final\16\p16lcd.asm
              _PROG1_0043   0x000563    program     static C:\d\Projects\LCDS\jun23final\16\p16lcd.asm
           LCDWriteNibble   0x00059d    program     static C:\d\Projects\LCDS\jun23final\16\p16lcd.asm
                 LCDWrite   0x0005c1    program     extern C:\d\Projects\LCDS\jun23final\16\p16lcd.asm
                  LCDRead   0x0005ca    program     static C:\d\Projects\LCDS\jun23final\16\p16lcd.asm
                    FinRd   0x00060b    program     static C:\d\Projects\LCDS\jun23final\16\p16lcd.asm
                  LCDBusy   0x00060c    program     extern C:\d\Projects\LCDS\jun23final\16\p16lcd.asm
             DelayXCycles   0x000613    program     static C:\d\Projects\LCDS\jun23final\16\p16lcd.asm
                 Delay1ms   0x000616    program     static C:\d\Projects\LCDS\jun23final\16\p16lcd.asm
                  Delay_1   0x000619    program     static C:\d\Projects\LCDS\jun23final\16\p16lcd.asm
                Delay30ms   0x00061d    program     static C:\d\Projects\LCDS\jun23final\16\p16lcd.asm
                LongDelay   0x000648    program     static C:\d\Projects\LCDS\jun23final\16\p16lcd.asm
            LongDelayLast   0x000652    program     static C:\d\Projects\LCDS\jun23final\16\p16lcd.asm
                UMUL0808L   0x000800    program     extern C:\d\Projects\LCDS\jun23final\16\p16math.asm
              LOOPUM0808A   0x000804    program     static C:\d\Projects\LCDS\jun23final\16\p16math.asm
               LUM0808NAP   0x00080b    program     static C:\d\Projects\LCDS\jun23final\16\p16math.asm
               LOOPUM0808   0x00080d    program     static C:\d\Projects\LCDS\jun23final\16\p16math.asm
                LUM0808NA   0x000810    program     static C:\d\Projects\LCDS\jun23final\16\p16math.asm
                UDIV1608L   0x000815    program     extern C:\d\Projects\LCDS\jun23final\16\p16math.asm
               LOOPU1608A   0x000818    program     static C:\d\Projects\LCDS\jun23final\16\p16math.asm
                   UOK68A   0x000820    program     static C:\d\Projects\LCDS\jun23final\16\p16math.asm
               LOOPU1608B   0x000826    program     static C:\d\Projects\LCDS\jun23final\16\p16math.asm
                   UOK68B   0x00083a    program     static C:\d\Projects\LCDS\jun23final\16\p16math.asm
                  COUNTER   0x000020       data     static C:\d\Projects\LCDS\jun23final\16\p16lcd.asm
                    delay   0x000021       data     static C:\d\Projects\LCDS\jun23final\16\p16lcd.asm
                  temp_wr   0x000022       data     extern C:\d\Projects\LCDS\jun23final\16\p16lcd.asm
                  temp_rd   0x000023       data     static C:\d\Projects\LCDS\jun23final\16\p16lcd.asm
                  ptr_pos   0x000030       data     static C:\d\Projects\LCDS\jun23final\16\p16demo.asm
                ptr_count   0x000031       data     static C:\d\Projects\LCDS\jun23final\16\p16demo.asm
                   temp_1   0x000032       data     static C:\d\Projects\LCDS\jun23final\16\p16demo.asm
                   temp_2   0x000033       data     static C:\d\Projects\LCDS\jun23final\16\p16demo.asm
                   temp_3   0x000034       data     static C:\d\Projects\LCDS\jun23final\16\p16demo.asm
                 cmd_byte   0x000035       data     static C:\d\Projects\LCDS\jun23final\16\p16demo.asm
              temperature   0x000036       data     static C:\d\Projects\LCDS\jun23final\16\p16demo.asm
                      LSD   0x000037       data     static C:\d\Projects\LCDS\jun23final\16\p16demo.asm
                      MsD   0x000038       data     static C:\d\Projects\LCDS\jun23final\16\p16demo.asm
                      MSD   0x000039       data     static C:\d\Projects\LCDS\jun23final\16\p16demo.asm
                  seconds   0x00003a       data     static C:\d\Projects\LCDS\jun23final\16\p16demo.asm
                  minutes   0x00003b       data     static C:\d\Projects\LCDS\jun23final\16\p16demo.asm
                    hours   0x00003c       data     static C:\d\Projects\LCDS\jun23final\16\p16demo.asm
                     NumH   0x00003d       data     static C:\d\Projects\LCDS\jun23final\16\p16demo.asm
                     NumL   0x00003e       data     static C:\d\Projects\LCDS\jun23final\16\p16demo.asm
                     TenK   0x00003f       data     static C:\d\Projects\LCDS\jun23final\16\p16demo.asm
                     Thou   0x000040       data     static C:\d\Projects\LCDS\jun23final\16\p16demo.asm
                     Hund   0x000041       data     static C:\d\Projects\LCDS\jun23final\16\p16demo.asm
                     Tens   0x000042       data     static C:\d\Projects\LCDS\jun23final\16\p16demo.asm
                     Ones   0x000043       data     static C:\d\Projects\LCDS\jun23final\16\p16demo.asm
                   AARGB0   0x000050       data     extern C:\d\Projects\LCDS\jun23final\16\p16math.asm
                   AARGB1   0x000051       data     extern C:\d\Projects\LCDS\jun23final\16\p16math.asm
                   AARGB5   0x000052       data     static C:\d\Projects\LCDS\jun23final\16\p16math.asm
                   BARGB0   0x000053       data     extern C:\d\Projects\LCDS\jun23final\16\p16math.asm
                   BARGB1   0x000054       data     static C:\d\Projects\LCDS\jun23final\16\p16math.asm
                    REMB0   0x000055       data     static C:\d\Projects\LCDS\jun23final\16\p16math.asm
                    REMB1   0x000056       data     static C:\d\Projects\LCDS\jun23final\16\p16math.asm
                     TEMP   0x000057       data     static C:\d\Projects\LCDS\jun23final\16\p16math.asm
                LOOPCOUNT   0x000058       data     static C:\d\Projects\LCDS\jun23final\16\p16math.asm


