MPLINK 4.35, Linker
Linker Map File - Created Tue Apr 20 14:22:54 2010

                                 Section Info
                  Section       Type    Address   Location Size(Bytes)
                ---------  ---------  ---------  ---------  ---------
                      RST       code   0x000000    program   0x000004
                   .cinit    romdata   0x000002    program   0x000004
                      INT       code   0x000004    program   0x000002
                      PGM       code   0x000005    program   0x0009f6
.config_2007_THB_SENSOR.O       code   0x002007    program   0x000002
                   .udata      udata   0x000020       data   0x00004b
               .udata_shr      udata   0x000070       data   0x00000d



                              Program Memory Usage 
                               Start         End      
                           ---------   ---------      
                            0x000000    0x0004ff      
                            0x002007    0x002007      
            1281 out of 2309 program addresses used, program memory utilization is 55%



                              Symbols - Sorted by Name
                     Name    Address   Location    Storage File                     
                ---------  ---------  ---------  --------- ---------                
             _Clock_Pulse   0x0004eb    program     static D:\Pic\MASM Projects\THB_Sensor\i2c.asm
                 _Cont_In   0x0004a6    program     static D:\Pic\MASM Projects\THB_Sensor\i2c.asm
           _Error_Routine   0x000497    program     static D:\Pic\MASM Projects\THB_Sensor\i2c.asm
                _HIGH_SCL   0x0004f7    program     static D:\Pic\MASM Projects\THB_Sensor\i2c.asm
                _HIGH_SDA   0x0004ee    program     static D:\Pic\MASM Projects\THB_Sensor\i2c.asm
                 _I2C_Ack   0x0004d0    program     static D:\Pic\MASM Projects\THB_Sensor\i2c.asm
                _I2C_Addr   0x0004e7    program     static D:\Pic\MASM Projects\THB_Sensor\i2c.asm
                 _I2C_Nak   0x0004bb    program     static D:\Pic\MASM Projects\THB_Sensor\i2c.asm
                 _I2C_Out   0x0004aa    program     static D:\Pic\MASM Projects\THB_Sensor\i2c.asm
                _I2C_Read   0x000499    program     static D:\Pic\MASM Projects\THB_Sensor\i2c.asm
            _I2C_Send_Nak   0x0004c6    program     static D:\Pic\MASM Projects\THB_Sensor\i2c.asm
            _I2C_Set_Read   0x0004e2    program     static D:\Pic\MASM Projects\THB_Sensor\i2c.asm
           _I2C_Set_Write   0x0004de    program     static D:\Pic\MASM Projects\THB_Sensor\i2c.asm
               _I2C_Start   0x0004d3    program     static D:\Pic\MASM Projects\THB_Sensor\i2c.asm
                _I2C_Stop   0x0004d9    program     static D:\Pic\MASM Projects\THB_Sensor\i2c.asm
                  _In_Bit   0x00049d    program     static D:\Pic\MASM Projects\THB_Sensor\i2c.asm
                  _In_One   0x0004a4    program     static D:\Pic\MASM Projects\THB_Sensor\i2c.asm
                 _In_Zero   0x0004a1    program     static D:\Pic\MASM Projects\THB_Sensor\i2c.asm
                 _LOW_SCL   0x0004fb    program     static D:\Pic\MASM Projects\THB_Sensor\i2c.asm
                 _LOW_SDA   0x0004f2    program     static D:\Pic\MASM Projects\THB_Sensor\i2c.asm
              _No_ACK_Rec   0x0004ce    program     static D:\Pic\MASM Projects\THB_Sensor\i2c.asm
                 _Out_Bit   0x0004ad    program     static D:\Pic\MASM Projects\THB_Sensor\i2c.asm
                _Out_Cont   0x0004b8    program     static D:\Pic\MASM Projects\THB_Sensor\i2c.asm
                 _Out_One   0x0004b6    program     static D:\Pic\MASM Projects\THB_Sensor\i2c.asm
                _Out_Zero   0x0004b2    program     static D:\Pic\MASM Projects\THB_Sensor\i2c.asm
                _PGM_0043   0x00024b    program     static D:\Pic\MASM Projects\THB_Sensor\thb_pressure.asm
                _PGM_018C   0x000191    program     static D:\Pic\MASM Projects\THB_Sensor\thb_sensor.asm
                _Read_BMP   0x00046f    program     extern D:\Pic\MASM Projects\THB_Sensor\i2c.asm
                _SCK_HIGH   0x0001ac    program     static D:\Pic\MASM Projects\THB_Sensor\thb_humidity.asm
                 _SCK_LOW   0x0001aa    program     static D:\Pic\MASM Projects\THB_Sensor\thb_humidity.asm
                _SDT_HIGH   0x0001ae    program     static D:\Pic\MASM Projects\THB_Sensor\thb_humidity.asm
                 _SDT_LOW   0x0001b2    program     static D:\Pic\MASM Projects\THB_Sensor\thb_humidity.asm
              _Seq_Read_1   0x00048a    program     static D:\Pic\MASM Projects\THB_Sensor\i2c.asm
              _Seq_Read_2   0x000491    program     static D:\Pic\MASM Projects\THB_Sensor\i2c.asm
              _Seq_Read_3   0x000493    program     static D:\Pic\MASM Projects\THB_Sensor\i2c.asm
            _Seq_Read_BMP   0x00047f    program     extern D:\Pic\MASM Projects\THB_Sensor\i2c.asm
              _WaitForACK   0x0004be    program     static D:\Pic\MASM Projects\THB_Sensor\i2c.asm
            _WaitForWrite   0x0004c9    program     static D:\Pic\MASM Projects\THB_Sensor\i2c.asm
               _Write_BMP   0x000460    program     extern D:\Pic\MASM Projects\THB_Sensor\i2c.asm
                    _absa   0x000360    program     static D:\Pic\MASM Projects\THB_Sensor\thb_maths.asm
                    _absb   0x000373    program     static D:\Pic\MASM Projects\THB_Sensor\thb_maths.asm
                     _add   0x0002e5    program     extern D:\Pic\MASM Projects\THB_Sensor\thb_maths.asm
                   _addba   0x00033f    program     static D:\Pic\MASM Projects\THB_Sensor\thb_maths.asm
                  _adjBCD   0x000443    program     static D:\Pic\MASM Projects\THB_Sensor\thb_send.asm
                  _adjDEC   0x00043c    program     static D:\Pic\MASM Projects\THB_Sensor\thb_send.asm
                 _bt2rega   0x00026d    program     extern D:\Pic\MASM Projects\THB_Sensor\thb_maths.asm
                 _bt2regb   0x000277    program     extern D:\Pic\MASM Projects\THB_Sensor\thb_maths.asm
                _cal_loop   0x00020f    program     static D:\Pic\MASM Projects\THB_Sensor\thb_pressure.asm
                _clear_uh   0x000202    program     extern D:\Pic\MASM Projects\THB_Sensor\thb_humidity.asm
                _clear_up   0x00022f    program     extern D:\Pic\MASM Projects\THB_Sensor\thb_pressure.asm
                _clear_ut   0x000216    program     extern D:\Pic\MASM Projects\THB_Sensor\thb_pressure.asm
                    _clra   0x00035b    program     static D:\Pic\MASM Projects\THB_Sensor\thb_maths.asm
                   _clrba   0x000357    program     static D:\Pic\MASM Projects\THB_Sensor\thb_maths.asm
                 _comp_uh   0x000101    program     static D:\Pic\MASM Projects\THB_Sensor\thb_sensor.asm
                 _comp_up   0x00005c    program     static D:\Pic\MASM Projects\THB_Sensor\thb_sensor.asm
                 _comp_ut   0x000037    program     static D:\Pic\MASM Projects\THB_Sensor\thb_sensor.asm
                   _d_400   0x000424    program     static D:\Pic\MASM Projects\THB_Sensor\thb_send.asm
               _delay10ms   0x00018c    program     static D:\Pic\MASM Projects\THB_Sensor\thb_sensor.asm
                 _delay1s   0x000193    program     static D:\Pic\MASM Projects\THB_Sensor\thb_sensor.asm
            _delay1s_loop   0x000195    program     static D:\Pic\MASM Projects\THB_Sensor\thb_sensor.asm
                  _divide   0x000306    program     extern D:\Pic\MASM Projects\THB_Sensor\thb_maths.asm
                  _dremlt   0x00033a    program     static D:\Pic\MASM Projects\THB_Sensor\thb_maths.asm
                  _dtstgt   0x000328    program     static D:\Pic\MASM Projects\THB_Sensor\thb_maths.asm
                  _dvloop   0x000319    program     static D:\Pic\MASM Projects\THB_Sensor\thb_maths.asm
                _e2p_read   0x00025d    program     extern D:\Pic\MASM Projects\THB_Sensor\thb_pressure.asm
               _e2p_write   0x000248    program     static D:\Pic\MASM Projects\THB_Sensor\thb_pressure.asm
                 _ee2rega   0x0002b4    program     extern D:\Pic\MASM Projects\THB_Sensor\thb_maths.asm
                 _ee2regb   0x0002c1    program     extern D:\Pic\MASM Projects\THB_Sensor\thb_maths.asm
                 _h_clock   0x0001bf    program     static D:\Pic\MASM Projects\THB_Sensor\thb_humidity.asm
                  _h_init   0x0001a7    program     extern D:\Pic\MASM Projects\THB_Sensor\thb_humidity.asm
               _h_rcv_ack   0x0001c2    program     static D:\Pic\MASM Projects\THB_Sensor\thb_humidity.asm
                _h_rcv_b1   0x0001e7    program     static D:\Pic\MASM Projects\THB_Sensor\thb_humidity.asm
               _h_rcv_bit   0x0001d7    program     static D:\Pic\MASM Projects\THB_Sensor\thb_humidity.asm
              _h_rcv_byte   0x0001e4    program     static D:\Pic\MASM Projects\THB_Sensor\thb_humidity.asm
           _h_read_values   0x0001ed    program     static D:\Pic\MASM Projects\THB_Sensor\thb_humidity.asm
               _h_snd_ack   0x0001c7    program     static D:\Pic\MASM Projects\THB_Sensor\thb_humidity.asm
                _h_snd_b1   0x0001df    program     static D:\Pic\MASM Projects\THB_Sensor\thb_humidity.asm
               _h_snd_bit   0x0001d2    program     static D:\Pic\MASM Projects\THB_Sensor\thb_humidity.asm
              _h_snd_byte   0x0001dc    program     static D:\Pic\MASM Projects\THB_Sensor\thb_humidity.asm
              _h_snd_nack   0x0001ca    program     static D:\Pic\MASM Projects\THB_Sensor\thb_humidity.asm
                 _h_start   0x0001b7    program     static D:\Pic\MASM Projects\THB_Sensor\thb_humidity.asm
              _h_wait_mes   0x0001cc    program     static D:\Pic\MASM Projects\THB_Sensor\thb_humidity.asm
             _h_wait_mes1   0x0001ce    program     static D:\Pic\MASM Projects\THB_Sensor\thb_humidity.asm
                _hexToDec   0x00042b    program     static D:\Pic\MASM Projects\THB_Sensor\thb_send.asm
                  _i_init   0x00044e    program     extern D:\Pic\MASM Projects\THB_Sensor\thb_init.asm
                    _init   0x000005    program     static D:\Pic\MASM Projects\THB_Sensor\thb_sensor.asm
                  _loop16   0x000432    program     static D:\Pic\MASM Projects\THB_Sensor\thb_send.asm
               _main_loop   0x000021    program     static D:\Pic\MASM Projects\THB_Sensor\thb_sensor.asm
                   _movac   0x00034e    program     static D:\Pic\MASM Projects\THB_Sensor\thb_maths.asm
                  _muloop   0x0002f9    program     static D:\Pic\MASM Projects\THB_Sensor\thb_maths.asm
                _multiply   0x0002ef    program     extern D:\Pic\MASM Projects\THB_Sensor\thb_maths.asm
                   _nega1   0x000370    program     static D:\Pic\MASM Projects\THB_Sensor\thb_maths.asm
                 _negatea   0x000363    program     static D:\Pic\MASM Projects\THB_Sensor\thb_maths.asm
                 _negateb   0x000376    program     static D:\Pic\MASM Projects\THB_Sensor\thb_maths.asm
                   _negb1   0x000383    program     static D:\Pic\MASM Projects\THB_Sensor\thb_maths.asm
                  _p_init   0x000208    program     extern D:\Pic\MASM Projects\THB_Sensor\thb_pressure.asm
                _read_cal   0x000209    program     static D:\Pic\MASM Projects\THB_Sensor\thb_pressure.asm
               _read_loop   0x000026    program     static D:\Pic\MASM Projects\THB_Sensor\thb_sensor.asm
                 _read_uh   0x000206    program     extern D:\Pic\MASM Projects\THB_Sensor\thb_humidity.asm
                 _read_up   0x000233    program     extern D:\Pic\MASM Projects\THB_Sensor\thb_pressure.asm
                 _read_ut   0x00021a    program     extern D:\Pic\MASM Projects\THB_Sensor\thb_pressure.asm
               _rega2regb   0x000264    program     extern D:\Pic\MASM Projects\THB_Sensor\thb_maths.asm
                 _rega2sh   0x000281    program     extern D:\Pic\MASM Projects\THB_Sensor\thb_maths.asm
                  _send_0   0x00041a    program     static D:\Pic\MASM Projects\THB_Sensor\thb_send.asm
                  _send_1   0x00041f    program     static D:\Pic\MASM Projects\THB_Sensor\thb_send.asm
                _send_bit   0x000416    program     static D:\Pic\MASM Projects\THB_Sensor\thb_send.asm
               _send_data   0x00038f    program     extern D:\Pic\MASM Projects\THB_Sensor\thb_send.asm
              _send_frame   0x0003c1    program     static D:\Pic\MASM Projects\THB_Sensor\thb_send.asm
                _send_nib   0x000411    program     static D:\Pic\MASM Projects\THB_Sensor\thb_send.asm
                 _sh2rega   0x000288    program     extern D:\Pic\MASM Projects\THB_Sensor\thb_maths.asm
                 _sh2regb   0x000295    program     extern D:\Pic\MASM Projects\THB_Sensor\thb_maths.asm
                    _shl4   0x000173    program     static D:\Pic\MASM Projects\THB_Sensor\thb_sensor.asm
                 _shl4_lp   0x000176    program     static D:\Pic\MASM Projects\THB_Sensor\thb_sensor.asm
                    _shl8   0x000181    program     static D:\Pic\MASM Projects\THB_Sensor\thb_sensor.asm
                 _shlrega   0x0002ce    program     extern D:\Pic\MASM Projects\THB_Sensor\thb_maths.asm
                _shlrega1   0x0002cf    program     static D:\Pic\MASM Projects\THB_Sensor\thb_maths.asm
              _short_loop   0x00000e    program     static D:\Pic\MASM Projects\THB_Sensor\thb_sensor.asm
                 _shrrega   0x0002d7    program     extern D:\Pic\MASM Projects\THB_Sensor\thb_maths.asm
                _shrrega1   0x0002d8    program     static D:\Pic\MASM Projects\THB_Sensor\thb_maths.asm
                    _slac   0x000386    program     static D:\Pic\MASM Projects\THB_Sensor\thb_maths.asm
                     _slc   0x00038a    program     static D:\Pic\MASM Projects\THB_Sensor\thb_maths.asm
               _sleep16ms   0x00019f    program     extern D:\Pic\MASM Projects\THB_Sensor\thb_sensor.asm
                 _sleep4s   0x000199    program     static D:\Pic\MASM Projects\THB_Sensor\thb_sensor.asm
                _subtract   0x0002e2    program     extern D:\Pic\MASM Projects\THB_Sensor\thb_maths.asm
                _temp_pos   0x00039c    program     static D:\Pic\MASM Projects\THB_Sensor\thb_send.asm
                _tx_delay   0x000427    program     static D:\Pic\MASM Projects\THB_Sensor\thb_send.asm
                _ush2rega   0x0002a2    program     extern D:\Pic\MASM Projects\THB_Sensor\thb_maths.asm
                _ush2regb   0x0002ab    program     extern D:\Pic\MASM Projects\THB_Sensor\thb_maths.asm
                   humi_0   0x000170    program     static D:\Pic\MASM Projects\THB_Sensor\thb_sensor.asm
                       B3   0x00002e       data     static D:\Pic\MASM Projects\THB_Sensor\thb_sensor.asm
                       B4   0x000030       data     static D:\Pic\MASM Projects\THB_Sensor\thb_sensor.asm
                       B5   0x000032       data     static D:\Pic\MASM Projects\THB_Sensor\thb_sensor.asm
                       B6   0x000034       data     static D:\Pic\MASM Projects\THB_Sensor\thb_sensor.asm
                       B7   0x000036       data     static D:\Pic\MASM Projects\THB_Sensor\thb_sensor.asm
                 I2C_Addr   0x00007b       data     extern D:\Pic\MASM Projects\THB_Sensor\i2c.asm
                I2C_Count   0x000077       data     static D:\Pic\MASM Projects\THB_Sensor\i2c.asm
                I2C_Flags   0x000078       data     static D:\Pic\MASM Projects\THB_Sensor\i2c.asm
               I2C_InByte   0x000079       data     static D:\Pic\MASM Projects\THB_Sensor\i2c.asm
                  I2C_Len   0x00007c       data     extern D:\Pic\MASM Projects\THB_Sensor\i2c.asm
              I2C_OutByte   0x000076       data     static D:\Pic\MASM Projects\THB_Sensor\i2c.asm
                 I2C_Save   0x00007a       data     static D:\Pic\MASM Projects\THB_Sensor\i2c.asm
                   MCOUNT   0x000075       data     static D:\Pic\MASM Projects\THB_Sensor\thb_maths.asm
                    MTEMP   0x000074       data     static D:\Pic\MASM Projects\THB_Sensor\thb_maths.asm
                    REGA0   0x00004d       data     extern D:\Pic\MASM Projects\THB_Sensor\thb_maths.asm
                    REGA1   0x00004c       data     extern D:\Pic\MASM Projects\THB_Sensor\thb_maths.asm
                    REGA2   0x00004b       data     extern D:\Pic\MASM Projects\THB_Sensor\thb_maths.asm
                    REGA3   0x00004a       data     extern D:\Pic\MASM Projects\THB_Sensor\thb_maths.asm
                    REGB0   0x000051       data     extern D:\Pic\MASM Projects\THB_Sensor\thb_maths.asm
                    REGB1   0x000050       data     extern D:\Pic\MASM Projects\THB_Sensor\thb_maths.asm
                    REGB2   0x00004f       data     extern D:\Pic\MASM Projects\THB_Sensor\thb_maths.asm
                    REGB3   0x00004e       data     extern D:\Pic\MASM Projects\THB_Sensor\thb_maths.asm
                    REGC0   0x000052       data     static D:\Pic\MASM Projects\THB_Sensor\thb_maths.asm
                    REGC1   0x000053       data     static D:\Pic\MASM Projects\THB_Sensor\thb_maths.asm
                    REGC2   0x000054       data     static D:\Pic\MASM Projects\THB_Sensor\thb_maths.asm
                    REGC3   0x000055       data     static D:\Pic\MASM Projects\THB_Sensor\thb_maths.asm
                       UH   0x000045       data     extern D:\Pic\MASM Projects\THB_Sensor\thb_pressure.asm
                       UP   0x00003f       data     extern D:\Pic\MASM Projects\THB_Sensor\thb_pressure.asm
                       UT   0x000042       data     extern D:\Pic\MASM Projects\THB_Sensor\thb_pressure.asm
                       X1   0x000028       data     static D:\Pic\MASM Projects\THB_Sensor\thb_sensor.asm
                       X2   0x00002a       data     static D:\Pic\MASM Projects\THB_Sensor\thb_sensor.asm
                       X3   0x00002c       data     static D:\Pic\MASM Projects\THB_Sensor\thb_sensor.asm
                bcd_te_on   0x00006a       data     static D:\Pic\MASM Projects\THB_Sensor\thb_send.asm
                bcd_th_hu   0x000069       data     static D:\Pic\MASM Projects\THB_Sensor\thb_send.asm
                     byte   0x00003c       data     static D:\Pic\MASM Projects\THB_Sensor\thb_humidity.asm
                  counter   0x000058       data     static D:\Pic\MASM Projects\THB_Sensor\thb_send.asm
                 delCount   0x000049       data     static D:\Pic\MASM Projects\THB_Sensor\thb_pressure.asm
                    delay   0x000039       data     static D:\Pic\MASM Projects\THB_Sensor\thb_sensor.asm
                  delay1s   0x00003a       data     static D:\Pic\MASM Projects\THB_Sensor\thb_sensor.asm
                 e2p_addr   0x000073       data     extern D:\Pic\MASM Projects\THB_Sensor\thb_pressure.asm
                 e2p_data   0x000072       data     static D:\Pic\MASM Projects\THB_Sensor\thb_pressure.asm
                    flags   0x000020       data     static D:\Pic\MASM Projects\THB_Sensor\thb_sensor.asm
                 humidity   0x000026       data     extern D:\Pic\MASM Projects\THB_Sensor\thb_sensor.asm
                  measure   0x000070       data     extern D:\Pic\MASM Projects\THB_Sensor\thb_pressure.asm
                  mes_lsb   0x00003e       data     static D:\Pic\MASM Projects\THB_Sensor\thb_humidity.asm
                  mes_msb   0x00003d       data     static D:\Pic\MASM Projects\THB_Sensor\thb_humidity.asm
                    nbits   0x00003b       data     static D:\Pic\MASM Projects\THB_Sensor\thb_humidity.asm
                  nib_del   0x000068       data     static D:\Pic\MASM Projects\THB_Sensor\thb_send.asm
                  nib_tmp   0x000067       data     static D:\Pic\MASM Projects\THB_Sensor\thb_send.asm
                 parCount   0x000048       data     static D:\Pic\MASM Projects\THB_Sensor\thb_pressure.asm
                 pressure   0x000024       data     extern D:\Pic\MASM Projects\THB_Sensor\thb_sensor.asm
               read_count   0x000021       data     static D:\Pic\MASM Projects\THB_Sensor\thb_sensor.asm
                  sn_addr   0x000064       data     static D:\Pic\MASM Projects\THB_Sensor\thb_send.asm
                  sn_chck   0x000066       data     static D:\Pic\MASM Projects\THB_Sensor\thb_send.asm
                  sn_humi   0x00005c       data     static D:\Pic\MASM Projects\THB_Sensor\thb_send.asm
                  sn_pres   0x00005f       data     static D:\Pic\MASM Projects\THB_Sensor\thb_send.asm
                  sn_temp   0x000059       data     static D:\Pic\MASM Projects\THB_Sensor\thb_send.asm
                  sn_type   0x000063       data     static D:\Pic\MASM Projects\THB_Sensor\thb_send.asm
                   sn_xor   0x000065       data     static D:\Pic\MASM Projects\THB_Sensor\thb_send.asm
                     temp   0x000038       data     static D:\Pic\MASM Projects\THB_Sensor\thb_sensor.asm
                    temp1   0x000056       data     static D:\Pic\MASM Projects\THB_Sensor\thb_send.asm
                    temp2   0x000057       data     static D:\Pic\MASM Projects\THB_Sensor\thb_send.asm
              temperature   0x000022       data     extern D:\Pic\MASM Projects\THB_Sensor\thb_sensor.asm



                              Symbols - Sorted by Address
                     Name    Address   Location    Storage File                     
                ---------  ---------  ---------  --------- ---------                
                    _init   0x000005    program     static D:\Pic\MASM Projects\THB_Sensor\thb_sensor.asm
              _short_loop   0x00000e    program     static D:\Pic\MASM Projects\THB_Sensor\thb_sensor.asm
               _main_loop   0x000021    program     static D:\Pic\MASM Projects\THB_Sensor\thb_sensor.asm
               _read_loop   0x000026    program     static D:\Pic\MASM Projects\THB_Sensor\thb_sensor.asm
                 _comp_ut   0x000037    program     static D:\Pic\MASM Projects\THB_Sensor\thb_sensor.asm
                 _comp_up   0x00005c    program     static D:\Pic\MASM Projects\THB_Sensor\thb_sensor.asm
                 _comp_uh   0x000101    program     static D:\Pic\MASM Projects\THB_Sensor\thb_sensor.asm
                   humi_0   0x000170    program     static D:\Pic\MASM Projects\THB_Sensor\thb_sensor.asm
                    _shl4   0x000173    program     static D:\Pic\MASM Projects\THB_Sensor\thb_sensor.asm
                 _shl4_lp   0x000176    program     static D:\Pic\MASM Projects\THB_Sensor\thb_sensor.asm
                    _shl8   0x000181    program     static D:\Pic\MASM Projects\THB_Sensor\thb_sensor.asm
               _delay10ms   0x00018c    program     static D:\Pic\MASM Projects\THB_Sensor\thb_sensor.asm
                _PGM_018C   0x000191    program     static D:\Pic\MASM Projects\THB_Sensor\thb_sensor.asm
                 _delay1s   0x000193    program     static D:\Pic\MASM Projects\THB_Sensor\thb_sensor.asm
            _delay1s_loop   0x000195    program     static D:\Pic\MASM Projects\THB_Sensor\thb_sensor.asm
                 _sleep4s   0x000199    program     static D:\Pic\MASM Projects\THB_Sensor\thb_sensor.asm
               _sleep16ms   0x00019f    program     extern D:\Pic\MASM Projects\THB_Sensor\thb_sensor.asm
                  _h_init   0x0001a7    program     extern D:\Pic\MASM Projects\THB_Sensor\thb_humidity.asm
                 _SCK_LOW   0x0001aa    program     static D:\Pic\MASM Projects\THB_Sensor\thb_humidity.asm
                _SCK_HIGH   0x0001ac    program     static D:\Pic\MASM Projects\THB_Sensor\thb_humidity.asm
                _SDT_HIGH   0x0001ae    program     static D:\Pic\MASM Projects\THB_Sensor\thb_humidity.asm
                 _SDT_LOW   0x0001b2    program     static D:\Pic\MASM Projects\THB_Sensor\thb_humidity.asm
                 _h_start   0x0001b7    program     static D:\Pic\MASM Projects\THB_Sensor\thb_humidity.asm
                 _h_clock   0x0001bf    program     static D:\Pic\MASM Projects\THB_Sensor\thb_humidity.asm
               _h_rcv_ack   0x0001c2    program     static D:\Pic\MASM Projects\THB_Sensor\thb_humidity.asm
               _h_snd_ack   0x0001c7    program     static D:\Pic\MASM Projects\THB_Sensor\thb_humidity.asm
              _h_snd_nack   0x0001ca    program     static D:\Pic\MASM Projects\THB_Sensor\thb_humidity.asm
              _h_wait_mes   0x0001cc    program     static D:\Pic\MASM Projects\THB_Sensor\thb_humidity.asm
             _h_wait_mes1   0x0001ce    program     static D:\Pic\MASM Projects\THB_Sensor\thb_humidity.asm
               _h_snd_bit   0x0001d2    program     static D:\Pic\MASM Projects\THB_Sensor\thb_humidity.asm
               _h_rcv_bit   0x0001d7    program     static D:\Pic\MASM Projects\THB_Sensor\thb_humidity.asm
              _h_snd_byte   0x0001dc    program     static D:\Pic\MASM Projects\THB_Sensor\thb_humidity.asm
                _h_snd_b1   0x0001df    program     static D:\Pic\MASM Projects\THB_Sensor\thb_humidity.asm
              _h_rcv_byte   0x0001e4    program     static D:\Pic\MASM Projects\THB_Sensor\thb_humidity.asm
                _h_rcv_b1   0x0001e7    program     static D:\Pic\MASM Projects\THB_Sensor\thb_humidity.asm
           _h_read_values   0x0001ed    program     static D:\Pic\MASM Projects\THB_Sensor\thb_humidity.asm
                _clear_uh   0x000202    program     extern D:\Pic\MASM Projects\THB_Sensor\thb_humidity.asm
                 _read_uh   0x000206    program     extern D:\Pic\MASM Projects\THB_Sensor\thb_humidity.asm
                  _p_init   0x000208    program     extern D:\Pic\MASM Projects\THB_Sensor\thb_pressure.asm
                _read_cal   0x000209    program     static D:\Pic\MASM Projects\THB_Sensor\thb_pressure.asm
                _cal_loop   0x00020f    program     static D:\Pic\MASM Projects\THB_Sensor\thb_pressure.asm
                _clear_ut   0x000216    program     extern D:\Pic\MASM Projects\THB_Sensor\thb_pressure.asm
                 _read_ut   0x00021a    program     extern D:\Pic\MASM Projects\THB_Sensor\thb_pressure.asm
                _clear_up   0x00022f    program     extern D:\Pic\MASM Projects\THB_Sensor\thb_pressure.asm
                 _read_up   0x000233    program     extern D:\Pic\MASM Projects\THB_Sensor\thb_pressure.asm
               _e2p_write   0x000248    program     static D:\Pic\MASM Projects\THB_Sensor\thb_pressure.asm
                _PGM_0043   0x00024b    program     static D:\Pic\MASM Projects\THB_Sensor\thb_pressure.asm
                _e2p_read   0x00025d    program     extern D:\Pic\MASM Projects\THB_Sensor\thb_pressure.asm
               _rega2regb   0x000264    program     extern D:\Pic\MASM Projects\THB_Sensor\thb_maths.asm
                 _bt2rega   0x00026d    program     extern D:\Pic\MASM Projects\THB_Sensor\thb_maths.asm
                 _bt2regb   0x000277    program     extern D:\Pic\MASM Projects\THB_Sensor\thb_maths.asm
                 _rega2sh   0x000281    program     extern D:\Pic\MASM Projects\THB_Sensor\thb_maths.asm
                 _sh2rega   0x000288    program     extern D:\Pic\MASM Projects\THB_Sensor\thb_maths.asm
                 _sh2regb   0x000295    program     extern D:\Pic\MASM Projects\THB_Sensor\thb_maths.asm
                _ush2rega   0x0002a2    program     extern D:\Pic\MASM Projects\THB_Sensor\thb_maths.asm
                _ush2regb   0x0002ab    program     extern D:\Pic\MASM Projects\THB_Sensor\thb_maths.asm
                 _ee2rega   0x0002b4    program     extern D:\Pic\MASM Projects\THB_Sensor\thb_maths.asm
                 _ee2regb   0x0002c1    program     extern D:\Pic\MASM Projects\THB_Sensor\thb_maths.asm
                 _shlrega   0x0002ce    program     extern D:\Pic\MASM Projects\THB_Sensor\thb_maths.asm
                _shlrega1   0x0002cf    program     static D:\Pic\MASM Projects\THB_Sensor\thb_maths.asm
                 _shrrega   0x0002d7    program     extern D:\Pic\MASM Projects\THB_Sensor\thb_maths.asm
                _shrrega1   0x0002d8    program     static D:\Pic\MASM Projects\THB_Sensor\thb_maths.asm
                _subtract   0x0002e2    program     extern D:\Pic\MASM Projects\THB_Sensor\thb_maths.asm
                     _add   0x0002e5    program     extern D:\Pic\MASM Projects\THB_Sensor\thb_maths.asm
                _multiply   0x0002ef    program     extern D:\Pic\MASM Projects\THB_Sensor\thb_maths.asm
                  _muloop   0x0002f9    program     static D:\Pic\MASM Projects\THB_Sensor\thb_maths.asm
                  _divide   0x000306    program     extern D:\Pic\MASM Projects\THB_Sensor\thb_maths.asm
                  _dvloop   0x000319    program     static D:\Pic\MASM Projects\THB_Sensor\thb_maths.asm
                  _dtstgt   0x000328    program     static D:\Pic\MASM Projects\THB_Sensor\thb_maths.asm
                  _dremlt   0x00033a    program     static D:\Pic\MASM Projects\THB_Sensor\thb_maths.asm
                   _addba   0x00033f    program     static D:\Pic\MASM Projects\THB_Sensor\thb_maths.asm
                   _movac   0x00034e    program     static D:\Pic\MASM Projects\THB_Sensor\thb_maths.asm
                   _clrba   0x000357    program     static D:\Pic\MASM Projects\THB_Sensor\thb_maths.asm
                    _clra   0x00035b    program     static D:\Pic\MASM Projects\THB_Sensor\thb_maths.asm
                    _absa   0x000360    program     static D:\Pic\MASM Projects\THB_Sensor\thb_maths.asm
                 _negatea   0x000363    program     static D:\Pic\MASM Projects\THB_Sensor\thb_maths.asm
                   _nega1   0x000370    program     static D:\Pic\MASM Projects\THB_Sensor\thb_maths.asm
                    _absb   0x000373    program     static D:\Pic\MASM Projects\THB_Sensor\thb_maths.asm
                 _negateb   0x000376    program     static D:\Pic\MASM Projects\THB_Sensor\thb_maths.asm
                   _negb1   0x000383    program     static D:\Pic\MASM Projects\THB_Sensor\thb_maths.asm
                    _slac   0x000386    program     static D:\Pic\MASM Projects\THB_Sensor\thb_maths.asm
                     _slc   0x00038a    program     static D:\Pic\MASM Projects\THB_Sensor\thb_maths.asm
               _send_data   0x00038f    program     extern D:\Pic\MASM Projects\THB_Sensor\thb_send.asm
                _temp_pos   0x00039c    program     static D:\Pic\MASM Projects\THB_Sensor\thb_send.asm
              _send_frame   0x0003c1    program     static D:\Pic\MASM Projects\THB_Sensor\thb_send.asm
                _send_nib   0x000411    program     static D:\Pic\MASM Projects\THB_Sensor\thb_send.asm
                _send_bit   0x000416    program     static D:\Pic\MASM Projects\THB_Sensor\thb_send.asm
                  _send_0   0x00041a    program     static D:\Pic\MASM Projects\THB_Sensor\thb_send.asm
                  _send_1   0x00041f    program     static D:\Pic\MASM Projects\THB_Sensor\thb_send.asm
                   _d_400   0x000424    program     static D:\Pic\MASM Projects\THB_Sensor\thb_send.asm
                _tx_delay   0x000427    program     static D:\Pic\MASM Projects\THB_Sensor\thb_send.asm
                _hexToDec   0x00042b    program     static D:\Pic\MASM Projects\THB_Sensor\thb_send.asm
                  _loop16   0x000432    program     static D:\Pic\MASM Projects\THB_Sensor\thb_send.asm
                  _adjDEC   0x00043c    program     static D:\Pic\MASM Projects\THB_Sensor\thb_send.asm
                  _adjBCD   0x000443    program     static D:\Pic\MASM Projects\THB_Sensor\thb_send.asm
                  _i_init   0x00044e    program     extern D:\Pic\MASM Projects\THB_Sensor\thb_init.asm
               _Write_BMP   0x000460    program     extern D:\Pic\MASM Projects\THB_Sensor\i2c.asm
                _Read_BMP   0x00046f    program     extern D:\Pic\MASM Projects\THB_Sensor\i2c.asm
            _Seq_Read_BMP   0x00047f    program     extern D:\Pic\MASM Projects\THB_Sensor\i2c.asm
              _Seq_Read_1   0x00048a    program     static D:\Pic\MASM Projects\THB_Sensor\i2c.asm
              _Seq_Read_2   0x000491    program     static D:\Pic\MASM Projects\THB_Sensor\i2c.asm
              _Seq_Read_3   0x000493    program     static D:\Pic\MASM Projects\THB_Sensor\i2c.asm
           _Error_Routine   0x000497    program     static D:\Pic\MASM Projects\THB_Sensor\i2c.asm
                _I2C_Read   0x000499    program     static D:\Pic\MASM Projects\THB_Sensor\i2c.asm
                  _In_Bit   0x00049d    program     static D:\Pic\MASM Projects\THB_Sensor\i2c.asm
                 _In_Zero   0x0004a1    program     static D:\Pic\MASM Projects\THB_Sensor\i2c.asm
                  _In_One   0x0004a4    program     static D:\Pic\MASM Projects\THB_Sensor\i2c.asm
                 _Cont_In   0x0004a6    program     static D:\Pic\MASM Projects\THB_Sensor\i2c.asm
                 _I2C_Out   0x0004aa    program     static D:\Pic\MASM Projects\THB_Sensor\i2c.asm
                 _Out_Bit   0x0004ad    program     static D:\Pic\MASM Projects\THB_Sensor\i2c.asm
                _Out_Zero   0x0004b2    program     static D:\Pic\MASM Projects\THB_Sensor\i2c.asm
                 _Out_One   0x0004b6    program     static D:\Pic\MASM Projects\THB_Sensor\i2c.asm
                _Out_Cont   0x0004b8    program     static D:\Pic\MASM Projects\THB_Sensor\i2c.asm
                 _I2C_Nak   0x0004bb    program     static D:\Pic\MASM Projects\THB_Sensor\i2c.asm
              _WaitForACK   0x0004be    program     static D:\Pic\MASM Projects\THB_Sensor\i2c.asm
            _I2C_Send_Nak   0x0004c6    program     static D:\Pic\MASM Projects\THB_Sensor\i2c.asm
            _WaitForWrite   0x0004c9    program     static D:\Pic\MASM Projects\THB_Sensor\i2c.asm
              _No_ACK_Rec   0x0004ce    program     static D:\Pic\MASM Projects\THB_Sensor\i2c.asm
                 _I2C_Ack   0x0004d0    program     static D:\Pic\MASM Projects\THB_Sensor\i2c.asm
               _I2C_Start   0x0004d3    program     static D:\Pic\MASM Projects\THB_Sensor\i2c.asm
                _I2C_Stop   0x0004d9    program     static D:\Pic\MASM Projects\THB_Sensor\i2c.asm
           _I2C_Set_Write   0x0004de    program     static D:\Pic\MASM Projects\THB_Sensor\i2c.asm
            _I2C_Set_Read   0x0004e2    program     static D:\Pic\MASM Projects\THB_Sensor\i2c.asm
                _I2C_Addr   0x0004e7    program     static D:\Pic\MASM Projects\THB_Sensor\i2c.asm
             _Clock_Pulse   0x0004eb    program     static D:\Pic\MASM Projects\THB_Sensor\i2c.asm
                _HIGH_SDA   0x0004ee    program     static D:\Pic\MASM Projects\THB_Sensor\i2c.asm
                 _LOW_SDA   0x0004f2    program     static D:\Pic\MASM Projects\THB_Sensor\i2c.asm
                _HIGH_SCL   0x0004f7    program     static D:\Pic\MASM Projects\THB_Sensor\i2c.asm
                 _LOW_SCL   0x0004fb    program     static D:\Pic\MASM Projects\THB_Sensor\i2c.asm
                    flags   0x000020       data     static D:\Pic\MASM Projects\THB_Sensor\thb_sensor.asm
               read_count   0x000021       data     static D:\Pic\MASM Projects\THB_Sensor\thb_sensor.asm
              temperature   0x000022       data     extern D:\Pic\MASM Projects\THB_Sensor\thb_sensor.asm
                 pressure   0x000024       data     extern D:\Pic\MASM Projects\THB_Sensor\thb_sensor.asm
                 humidity   0x000026       data     extern D:\Pic\MASM Projects\THB_Sensor\thb_sensor.asm
                       X1   0x000028       data     static D:\Pic\MASM Projects\THB_Sensor\thb_sensor.asm
                       X2   0x00002a       data     static D:\Pic\MASM Projects\THB_Sensor\thb_sensor.asm
                       X3   0x00002c       data     static D:\Pic\MASM Projects\THB_Sensor\thb_sensor.asm
                       B3   0x00002e       data     static D:\Pic\MASM Projects\THB_Sensor\thb_sensor.asm
                       B4   0x000030       data     static D:\Pic\MASM Projects\THB_Sensor\thb_sensor.asm
                       B5   0x000032       data     static D:\Pic\MASM Projects\THB_Sensor\thb_sensor.asm
                       B6   0x000034       data     static D:\Pic\MASM Projects\THB_Sensor\thb_sensor.asm
                       B7   0x000036       data     static D:\Pic\MASM Projects\THB_Sensor\thb_sensor.asm
                     temp   0x000038       data     static D:\Pic\MASM Projects\THB_Sensor\thb_sensor.asm
                    delay   0x000039       data     static D:\Pic\MASM Projects\THB_Sensor\thb_sensor.asm
                  delay1s   0x00003a       data     static D:\Pic\MASM Projects\THB_Sensor\thb_sensor.asm
                    nbits   0x00003b       data     static D:\Pic\MASM Projects\THB_Sensor\thb_humidity.asm
                     byte   0x00003c       data     static D:\Pic\MASM Projects\THB_Sensor\thb_humidity.asm
                  mes_msb   0x00003d       data     static D:\Pic\MASM Projects\THB_Sensor\thb_humidity.asm
                  mes_lsb   0x00003e       data     static D:\Pic\MASM Projects\THB_Sensor\thb_humidity.asm
                       UP   0x00003f       data     extern D:\Pic\MASM Projects\THB_Sensor\thb_pressure.asm
                       UT   0x000042       data     extern D:\Pic\MASM Projects\THB_Sensor\thb_pressure.asm
                       UH   0x000045       data     extern D:\Pic\MASM Projects\THB_Sensor\thb_pressure.asm
                 parCount   0x000048       data     static D:\Pic\MASM Projects\THB_Sensor\thb_pressure.asm
                 delCount   0x000049       data     static D:\Pic\MASM Projects\THB_Sensor\thb_pressure.asm
                    REGA3   0x00004a       data     extern D:\Pic\MASM Projects\THB_Sensor\thb_maths.asm
                    REGA2   0x00004b       data     extern D:\Pic\MASM Projects\THB_Sensor\thb_maths.asm
                    REGA1   0x00004c       data     extern D:\Pic\MASM Projects\THB_Sensor\thb_maths.asm
                    REGA0   0x00004d       data     extern D:\Pic\MASM Projects\THB_Sensor\thb_maths.asm
                    REGB3   0x00004e       data     extern D:\Pic\MASM Projects\THB_Sensor\thb_maths.asm
                    REGB2   0x00004f       data     extern D:\Pic\MASM Projects\THB_Sensor\thb_maths.asm
                    REGB1   0x000050       data     extern D:\Pic\MASM Projects\THB_Sensor\thb_maths.asm
                    REGB0   0x000051       data     extern D:\Pic\MASM Projects\THB_Sensor\thb_maths.asm
                    REGC0   0x000052       data     static D:\Pic\MASM Projects\THB_Sensor\thb_maths.asm
                    REGC1   0x000053       data     static D:\Pic\MASM Projects\THB_Sensor\thb_maths.asm
                    REGC2   0x000054       data     static D:\Pic\MASM Projects\THB_Sensor\thb_maths.asm
                    REGC3   0x000055       data     static D:\Pic\MASM Projects\THB_Sensor\thb_maths.asm
                    temp1   0x000056       data     static D:\Pic\MASM Projects\THB_Sensor\thb_send.asm
                    temp2   0x000057       data     static D:\Pic\MASM Projects\THB_Sensor\thb_send.asm
                  counter   0x000058       data     static D:\Pic\MASM Projects\THB_Sensor\thb_send.asm
                  sn_temp   0x000059       data     static D:\Pic\MASM Projects\THB_Sensor\thb_send.asm
                  sn_humi   0x00005c       data     static D:\Pic\MASM Projects\THB_Sensor\thb_send.asm
                  sn_pres   0x00005f       data     static D:\Pic\MASM Projects\THB_Sensor\thb_send.asm
                  sn_type   0x000063       data     static D:\Pic\MASM Projects\THB_Sensor\thb_send.asm
                  sn_addr   0x000064       data     static D:\Pic\MASM Projects\THB_Sensor\thb_send.asm
                   sn_xor   0x000065       data     static D:\Pic\MASM Projects\THB_Sensor\thb_send.asm
                  sn_chck   0x000066       data     static D:\Pic\MASM Projects\THB_Sensor\thb_send.asm
                  nib_tmp   0x000067       data     static D:\Pic\MASM Projects\THB_Sensor\thb_send.asm
                  nib_del   0x000068       data     static D:\Pic\MASM Projects\THB_Sensor\thb_send.asm
                bcd_th_hu   0x000069       data     static D:\Pic\MASM Projects\THB_Sensor\thb_send.asm
                bcd_te_on   0x00006a       data     static D:\Pic\MASM Projects\THB_Sensor\thb_send.asm
                  measure   0x000070       data     extern D:\Pic\MASM Projects\THB_Sensor\thb_pressure.asm
                 e2p_data   0x000072       data     static D:\Pic\MASM Projects\THB_Sensor\thb_pressure.asm
                 e2p_addr   0x000073       data     extern D:\Pic\MASM Projects\THB_Sensor\thb_pressure.asm
                    MTEMP   0x000074       data     static D:\Pic\MASM Projects\THB_Sensor\thb_maths.asm
                   MCOUNT   0x000075       data     static D:\Pic\MASM Projects\THB_Sensor\thb_maths.asm
              I2C_OutByte   0x000076       data     static D:\Pic\MASM Projects\THB_Sensor\i2c.asm
                I2C_Count   0x000077       data     static D:\Pic\MASM Projects\THB_Sensor\i2c.asm
                I2C_Flags   0x000078       data     static D:\Pic\MASM Projects\THB_Sensor\i2c.asm
               I2C_InByte   0x000079       data     static D:\Pic\MASM Projects\THB_Sensor\i2c.asm
                 I2C_Save   0x00007a       data     static D:\Pic\MASM Projects\THB_Sensor\i2c.asm
                 I2C_Addr   0x00007b       data     extern D:\Pic\MASM Projects\THB_Sensor\i2c.asm
                  I2C_Len   0x00007c       data     extern D:\Pic\MASM Projects\THB_Sensor\i2c.asm


