

Microchip Technology PIC PRO Macro Assembler V1.12 build 49521 
                                                                                               Sat May 25 14:24:20 2013

HI-TECH Software Omniscient Code Generator (PRO mode) build 49521
     1                           	processor	16F1784
     2                           	opt	pw 120
     3                           	opt	pm
     4                           	psect	text204,local,class=CODE,merge=1,delta=2
     5                           	psect	cinit,global,class=CODE,merge=1,delta=2
     6                           	psect	cstackCOMMON,global,class=COMMON,space=1,delta=1
     7                           	psect	cstackBANK0,global,class=BANK0,space=1,delta=1
     8                           	psect	text212,local,class=CODE,merge=1,delta=2
     9                           	psect	pa_nodes,global,class=CODE,delta=2
    10                           	dabs	1,0x7E,2
    11  0000                     	;# 
    12  0001                     	;# 
    13  0002                     	;# 
    14  0003                     	;# 
    15  0004                     	;# 
    16  0005                     	;# 
    17  0006                     	;# 
    18  0007                     	;# 
    19  0008                     	;# 
    20  0009                     	;# 
    21  000A                     	;# 
    22  000B                     	;# 
    23  000C                     	;# 
    24  000D                     	;# 
    25  000E                     	;# 
    26  000F                     	;# 
    27  0010                     	;# 
    28  0011                     	;# 
    29  0012                     	;# 
    30  0013                     	;# 
    31  0014                     	;# 
    32  0015                     	;# 
    33  0016                     	;# 
    34  0016                     	;# 
    35  0017                     	;# 
    36  0018                     	;# 
    37  0019                     	;# 
    38  001A                     	;# 
    39  001B                     	;# 
    40  001C                     	;# 
    41  008C                     	;# 
    42  008D                     	;# 
    43  008E                     	;# 
    44  008F                     	;# 
    45  0090                     	;# 
    46  0091                     	;# 
    47  0092                     	;# 
    48  0093                     	;# 
    49  0094                     	;# 
    50  0095                     	;# 
    51  0096                     	;# 
    52  0097                     	;# 
    53  0098                     	;# 
    54  0099                     	;# 
    55  009A                     	;# 
    56  009B                     	;# 
    57  009B                     	;# 
    58  009C                     	;# 
    59  009D                     	;# 
    60  009E                     	;# 
    61  009F                     	;# 
    62  010C                     	;# 
    63  010D                     	;# 
    64  010E                     	;# 
    65  010F                     	;# 
    66  0110                     	;# 
    67  0111                     	;# 
    68  0112                     	;# 
    69  0113                     	;# 
    70  0114                     	;# 
    71  0115                     	;# 
    72  0116                     	;# 
    73  0117                     	;# 
    74  0118                     	;# 
    75  0119                     	;# 
    76  011A                     	;# 
    77  011B                     	;# 
    78  011C                     	;# 
    79  011D                     	;# 
    80  011D                     	;# 
    81  011D                     	;# 
    82  011E                     	;# 
    83  011F                     	;# 
    84  018C                     	;# 
    85  018D                     	;# 
    86  018F                     	;# 
    87  0190                     	;# 
    88  0191                     	;# 
    89  0191                     	;# 
    90  0192                     	;# 
    91  0193                     	;# 
    92  0193                     	;# 
    93  0193                     	;# 
    94  0194                     	;# 
    95  0195                     	;# 
    96  0196                     	;# 
    97  0197                     	;# 
    98  0199                     	;# 
    99  0199                     	;# 
   100  0199                     	;# 
   101  019A                     	;# 
   102  019A                     	;# 
   103  019A                     	;# 
   104  019B                     	;# 
   105  019B                     	;# 
   106  019B                     	;# 
   107  019B                     	;# 
   108  019B                     	;# 
   109  019C                     	;# 
   110  019C                     	;# 
   111  019C                     	;# 
   112  019D                     	;# 
   113  019D                     	;# 
   114  019D                     	;# 
   115  019E                     	;# 
   116  019E                     	;# 
   117  019E                     	;# 
   118  019F                     	;# 
   119  019F                     	;# 
   120  019F                     	;# 
   121  019F                     	;# 
   122  019F                     	;# 
   123  020C                     	;# 
   124  020D                     	;# 
   125  020E                     	;# 
   126  020F                     	;# 
   127  0210                     	;# 
   128  0211                     	;# 
   129  0211                     	;# 
   130  0212                     	;# 
   131  0212                     	;# 
   132  0213                     	;# 
   133  0213                     	;# 
   134  0214                     	;# 
   135  0214                     	;# 
   136  0215                     	;# 
   137  0215                     	;# 
   138  0216                     	;# 
   139  0216                     	;# 
   140  0217                     	;# 
   141  0217                     	;# 
   142  028C                     	;# 
   143  028D                     	;# 
   144  028E                     	;# 
   145  028F                     	;# 
   146  0290                     	;# 
   147  0291                     	;# 
   148  0291                     	;# 
   149  0292                     	;# 
   150  0293                     	;# 
   151  0298                     	;# 
   152  0298                     	;# 
   153  0299                     	;# 
   154  029A                     	;# 
   155  030C                     	;# 
   156  030D                     	;# 
   157  030E                     	;# 
   158  030F                     	;# 
   159  0310                     	;# 
   160  0311                     	;# 
   161  0311                     	;# 
   162  0312                     	;# 
   163  0313                     	;# 
   164  038C                     	;# 
   165  038D                     	;# 
   166  038E                     	;# 
   167  038F                     	;# 
   168  0390                     	;# 
   169  0391                     	;# 
   170  0392                     	;# 
   171  0393                     	;# 
   172  0394                     	;# 
   173  0395                     	;# 
   174  0396                     	;# 
   175  0397                     	;# 
   176  0398                     	;# 
   177  0399                     	;# 
   178  039D                     	;# 
   179  039E                     	;# 
   180  039F                     	;# 
   181  0511                     	;# 
   182  0513                     	;# 
   183  051A                     	;# 
   184  0811                     	;# 
   185  0812                     	;# 
   186  0813                     	;# 
   187  0814                     	;# 
   188  0815                     	;# 
   189  0816                     	;# 
   190  0817                     	;# 
   191  0818                     	;# 
   192  0819                     	;# 
   193  081A                     	;# 
   194  081B                     	;# 
   195  081C                     	;# 
   196  081D                     	;# 
   197  081E                     	;# 
   198  081F                     	;# 
   199  0820                     	;# 
   200  0821                     	;# 
   201  0821                     	;# 
   202  0822                     	;# 
   203  0823                     	;# 
   204  0823                     	;# 
   205  0824                     	;# 
   206  0825                     	;# 
   207  0825                     	;# 
   208  0826                     	;# 
   209  0827                     	;# 
   210  0827                     	;# 
   211  0828                     	;# 
   212  0829                     	;# 
   213  082A                     	;# 
   214  082B                     	;# 
   215  082C                     	;# 
   216  082D                     	;# 
   217  082E                     	;# 
   218  082F                     	;# 
   219  0831                     	;# 
   220  0832                     	;# 
   221  0833                     	;# 
   222  0834                     	;# 
   223  0835                     	;# 
   224  0836                     	;# 
   225  0837                     	;# 
   226  0838                     	;# 
   227  0839                     	;# 
   228  083A                     	;# 
   229  083B                     	;# 
   230  083C                     	;# 
   231  083D                     	;# 
   232  083E                     	;# 
   233  083F                     	;# 
   234  0840                     	;# 
   235  0841                     	;# 
   236  0841                     	;# 
   237  0842                     	;# 
   238  0843                     	;# 
   239  0843                     	;# 
   240  0844                     	;# 
   241  0845                     	;# 
   242  0845                     	;# 
   243  0846                     	;# 
   244  0847                     	;# 
   245  0847                     	;# 
   246  0848                     	;# 
   247  0849                     	;# 
   248  084A                     	;# 
   249  084B                     	;# 
   250  084C                     	;# 
   251  084D                     	;# 
   252  084E                     	;# 
   253  084F                     	;# 
   254  0851                     	;# 
   255  0852                     	;# 
   256  0853                     	;# 
   257  0854                     	;# 
   258  0855                     	;# 
   259  0856                     	;# 
   260  0857                     	;# 
   261  0858                     	;# 
   262  0859                     	;# 
   263  085A                     	;# 
   264  085B                     	;# 
   265  085C                     	;# 
   266  085D                     	;# 
   267  085E                     	;# 
   268  085F                     	;# 
   269  0860                     	;# 
   270  0861                     	;# 
   271  0861                     	;# 
   272  0862                     	;# 
   273  0863                     	;# 
   274  0863                     	;# 
   275  0864                     	;# 
   276  0865                     	;# 
   277  0865                     	;# 
   278  0866                     	;# 
   279  0867                     	;# 
   280  0867                     	;# 
   281  0868                     	;# 
   282  0869                     	;# 
   283  086A                     	;# 
   284  086B                     	;# 
   285  086C                     	;# 
   286  086D                     	;# 
   287  086E                     	;# 
   288  086F                     	;# 
   289  0FE4                     	;# 
   290  0FE5                     	;# 
   291  0FE6                     	;# 
   292  0FE7                     	;# 
   293  0FE8                     	;# 
   294  0FE9                     	;# 
   295  0FEA                     	;# 
   296  0FEB                     	;# 
   297  0FED                     	;# 
   298  0FEE                     	;# 
   299  0FEF                     	;# 
   300  0011                     _PIR1bits	set	17
   301  0099                     _OSCCONbits	set	153
   302  008E                     _TRISCbits	set	142
   303  0212                     _SSPADD	set	530
   304  0211                     _SSPBUF	set	529
   305  0216                     _SSPCON2bits	set	534
   306  0215                     _SSPCONbits	set	533
   307                           
   308                           	psect	text204
   309  0000                     __ptext204:	
   310                           
   311                           ;psect for function _Send_I2C_NAK
   312                           ; #config settings
   313  0000                     
   314                           	psect	cinit
   315  0679                     start_initialization:	
   316  0679                     __initialization:	
   317  0679                     end_of_initialization:	
   318                           ;End of C runtime variable initialization code
   319                           
   320  0679                     __end_of__initialization:	
   321  0679  0020               	movlb	0
   322  067A  2E7B               	ljmp	_main	;jump to C main() function
   323  067B                     __pmaintext:	
   324 ;;
   325 ;;Main: autosize = 0, tempsize = 2, incstack = 0, save=0
   326 ;;
   327 ;; *************** function _main *****************
   328 ;; Defined at:
   329 ;;		line 147 in file "../16F1784_I2C_EEPROM.c"
   330 ;; Parameters:    Size  Location     Type
   331 ;;		None
   332 ;; Auto vars:     Size  Location     Type
   333 ;;  eeprom_array   40    0[BANK0 ] unsigned int [20]
   334 ;;  block_addres    2   50[BANK0 ] volatile unsigned int 
   335 ;;  word_address    2   48[BANK0 ] volatile unsigned int 
   336 ;;  i               2   44[BANK0 ] unsigned int 
   337 ;;  ACK_bit         2   42[BANK0 ] unsigned int 
   338 ;;  eeprom_data     2   46[BANK0 ] volatile unsigned int 
   339 ;;  incoming_dat    2   40[BANK0 ] volatile unsigned int 
   340 ;; Return value:  Size  Location     Type
   341 ;;		None               void
   342 ;; Registers used:
   343 ;;		wreg, fsr1l, fsr1h, status,2, status,0, pclath, cstack
   344 ;; Tracked objects:
   345 ;;		On entry : 17F/0
   346 ;;		On exit  : 1F/0
   347 ;;		Unchanged: 0/0
   348 ;; Data sizes:     COMMON   BANK0   BANK1   BANK2   BANK3   BANK4   BANK5   BANK6
   349 ;;      Params:         0       0       0       0       0       0       0       0
   350 ;;      Locals:         0      52       0       0       0       0       0       0
   351 ;;      Temps:          2       0       0       0       0       0       0       0
   352 ;;      Totals:         2      52       0       0       0       0       0       0
   353 ;;Total ram usage:       54 bytes
   354 ;; Hardware stack levels required when called:    1
   355 ;; This function calls:
   356 ;;		_Send_I2C_StartBit
   357 ;;		_Send_I2C_ControlByte
   358 ;;		_Send_I2C_Data
   359 ;;		_Send_I2C_StopBit
   360 ;;		_Read_I2C_Data
   361 ;;		_Send_I2C_NAK
   362 ;;		_Send_I2C_ACK
   363 ;; This function is called by:
   364 ;;		Startup code after reset
   365 ;; This function uses a non-reentrant model
   366 ;;
   367                           
   368                           
   369                           ;psect for function _main
   370  067B                     _main:	
   371                           
   372                           ;16F1784_I2C_EEPROM.c: 149: unsigned int eeprom_array[20];
   373                           ;16F1784_I2C_EEPROM.c: 150: unsigned int i;
   374                           ;16F1784_I2C_EEPROM.c: 151: volatile unsigned int eeprom_data,incoming_data;
   375                           ;16F1784_I2C_EEPROM.c: 152: volatile unsigned int block_address, word_address;
   376                           ;16F1784_I2C_EEPROM.c: 153: unsigned int ACK_bit;
   377                           ;16F1784_I2C_EEPROM.c: 157: OSCCONbits.IRCF = 0x0F;
   378                           
   379                           ; Regs used in _main: [wreg+fsr1l-status,0+pclath+cstack]
   380  067B  3078               	movlw	120
   381  067C  0021               	movlb	1	; select bank1
   382  067D  0499               	iorwf	25,f	;volatile
   383                           
   384                           ;16F1784_I2C_EEPROM.c: 158: OSCCONbits.SCS = 0x02;
   385  067E  0819               	movf	25,w	;volatile
   386  067F  39FC               	andlw	-4
   387  0680  3802               	iorlw	2
   388  0681  0099               	movwf	25	;volatile
   389                           
   390                           ;16F1784_I2C_EEPROM.c: 161: TRISCbits.TRISC0 = 0;
   391  0682  100E               	bcf	14,0	;volatile
   392                           
   393                           ;16F1784_I2C_EEPROM.c: 162: TRISCbits.TRISC1 = 0;
   394  0683  108E               	bcf	14,1	;volatile
   395                           
   396                           ;16F1784_I2C_EEPROM.c: 163: TRISCbits.TRISC2 = 0;
   397  0684  110E               	bcf	14,2	;volatile
   398                           
   399                           ;16F1784_I2C_EEPROM.c: 164: TRISCbits.TRISC3 = 1;
   400  0685  158E               	bsf	14,3	;volatile
   401                           
   402                           ;16F1784_I2C_EEPROM.c: 165: TRISCbits.TRISC4 = 1;
   403  0686  160E               	bsf	14,4	;volatile
   404                           
   405                           ;16F1784_I2C_EEPROM.c: 166: TRISCbits.TRISC5 = 0;
   406  0687  128E               	bcf	14,5	;volatile
   407                           
   408                           ;16F1784_I2C_EEPROM.c: 167: TRISCbits.TRISC6 = 0;
   409  0688  130E               	bcf	14,6	;volatile
   410                           
   411                           ;16F1784_I2C_EEPROM.c: 168: TRISCbits.TRISC7 = 0;
   412  0689  138E               	bcf	14,7	;volatile
   413                           
   414                           ;16F1784_I2C_EEPROM.c: 181: SSPCONbits.SSPM=0x08;
   415  068A  0024               	movlb	4	; select bank4
   416  068B  0815               	movf	21,w	;volatile
   417  068C  39F0               	andlw	-16
   418  068D  3808               	iorlw	8
   419  068E  0095               	movwf	21	;volatile
   420                           
   421                           ;16F1784_I2C_EEPROM.c: 182: SSPCONbits.SSPEN=1;
   422  068F  1695               	bsf	21,5	;volatile
   423                           
   424                           ;16F1784_I2C_EEPROM.c: 194: SSPADD = 39;
   425  0690  3027               	movlw	39
   426  0691  0092               	movwf	18	;volatile
   427                           
   428                           ;16F1784_I2C_EEPROM.c: 198: _delay((unsigned long)((10)*(16000000/4000.0)));
   429  0692  3034               	movlw	52
   430  0693  00F5               	movwf	??_main+1
   431  0694  30F1               	movlw	241
   432  0695  00F4               	movwf	??_main
   433  0696                     u217:	
   434  0696  0BF4               	decfsz	??_main,f
   435  0697  2E96               	goto	u217
   436  0698  0BF5               	decfsz	??_main+1,f
   437  0699  2E96               	goto	u217
   438  069A  2E9B               	nop2
   439                           
   440                           ;16F1784_I2C_EEPROM.c: 205: block_address = 0x00;
   441  069B  0020               	movlb	0	; select bank0
   442  069C  01D2               	clrf	main@block_address	;volatile
   443  069D  01D3               	clrf	main@block_address+1	;volatile
   444                           
   445                           ;16F1784_I2C_EEPROM.c: 206: word_address = 0x00;
   446  069E  01D0               	clrf	main@word_address	;volatile
   447  069F  01D1               	clrf	main@word_address+1	;volatile
   448                           
   449                           ;16F1784_I2C_EEPROM.c: 207: eeprom_data = 0x55;
   450  06A0  3055               	movlw	85
   451  06A1  00CE               	movwf	main@eeprom_data	;volatile
   452  06A2  01CF               	clrf	main@eeprom_data+1	;volatile
   453                           
   454                           ;16F1784_I2C_EEPROM.c: 209: Send_I2C_StartBit();
   455  06A3  27CD  3186         	fcall	_Send_I2C_StartBit
   456                           
   457                           ;16F1784_I2C_EEPROM.c: 210: Send_I2C_ControlByte(block_address,0);
   458  06A5  0853               	movf	main@block_address+1,w	;volatile
   459  06A6  00F1               	movwf	?_Send_I2C_ControlByte+1
   460  06A7  0852               	movf	main@block_address,w	;volatile
   461  06A8  00F0               	movwf	?_Send_I2C_ControlByte
   462  06A9  01F2               	clrf	?_Send_I2C_ControlByte+2
   463  06AA  01F3               	clrf	?_Send_I2C_ControlByte+3
   464  06AB  27D4  3186         	fcall	_Send_I2C_ControlByte
   465                           
   466                           ;16F1784_I2C_EEPROM.c: 211: Send_I2C_Data(word_address);
   467  06AD  0851               	movf	main@word_address+1,w	;volatile
   468  06AE  00F1               	movwf	?_Send_I2C_Data+1
   469  06AF  0850               	movf	main@word_address,w	;volatile
   470  06B0  00F0               	movwf	?_Send_I2C_Data
   471  06B1  27C5  3186         	fcall	_Send_I2C_Data
   472                           
   473                           ;16F1784_I2C_EEPROM.c: 212: Send_I2C_Data(eeprom_data);
   474  06B3  084F               	movf	main@eeprom_data+1,w	;volatile
   475  06B4  00F1               	movwf	?_Send_I2C_Data+1
   476  06B5  084E               	movf	main@eeprom_data,w	;volatile
   477  06B6  00F0               	movwf	?_Send_I2C_Data
   478  06B7  27C5  3186         	fcall	_Send_I2C_Data
   479                           
   480                           ;16F1784_I2C_EEPROM.c: 213: Send_I2C_StopBit();
   481  06B9  27DE  3186         	fcall	_Send_I2C_StopBit
   482                           
   483                           ;16F1784_I2C_EEPROM.c: 226: block_address = 0x00;
   484  06BB  01D2               	clrf	main@block_address	;volatile
   485  06BC  01D3               	clrf	main@block_address+1	;volatile
   486                           
   487                           ;16F1784_I2C_EEPROM.c: 228: ACK_bit = 1;
   488  06BD  01CA               	clrf	main@ACK_bit
   489  06BE  0ACA               	incf	main@ACK_bit,f
   490  06BF                     L1:	
   491  06BF  01CB               	clrf	main@ACK_bit+1
   492  06C0  084B               	movf	main@ACK_bit+1,w
   493  06C1  044A               	iorwf	main@ACK_bit,w
   494  06C2  1903               	btfsc	3,2
   495  06C3  2ED6               	goto	l775
   496                           
   497                           ;16F1784_I2C_EEPROM.c: 230: {
   498                           ;16F1784_I2C_EEPROM.c: 231: Send_I2C_StartBit();
   499                           
   500                           ;16F1784_I2C_EEPROM.c: 229: while(ACK_bit)
   501  06C4  27CD  3186         	fcall	_Send_I2C_StartBit
   502                           
   503                           ;16F1784_I2C_EEPROM.c: 232: Send_I2C_ControlByte(block_address,0);
   504  06C6  0853               	movf	main@block_address+1,w	;volatile
   505  06C7  00F1               	movwf	?_Send_I2C_ControlByte+1
   506  06C8  0852               	movf	main@block_address,w	;volatile
   507  06C9  00F0               	movwf	?_Send_I2C_ControlByte
   508  06CA  01F2               	clrf	?_Send_I2C_ControlByte+2
   509  06CB  01F3               	clrf	?_Send_I2C_ControlByte+3
   510  06CC  27D4  3186         	fcall	_Send_I2C_ControlByte
   511                           
   512                           ;16F1784_I2C_EEPROM.c: 233: ACK_bit = SSPCON2bits.ACKSTAT;
   513  06CE  0024               	movlb	4	; select bank4
   514  06CF  0E16               	swapf	22,w	;volatile
   515  06D0  0C89               	rrf	9,f
   516  06D1  0C89               	rrf	9,f
   517  06D2  3901               	andlw	1
   518  06D3  0020               	movlb	0	; select bank0
   519  06D4  00CA               	movwf	main@ACK_bit
   520  06D5  2EBF               	goto	L1
   521  06D6                     l775:	
   522                           
   523                           ;16F1784_I2C_EEPROM.c: 234: }
   524                           ;16F1784_I2C_EEPROM.c: 242: block_address = 0x00;
   525  06D6  01D2               	clrf	main@block_address	;volatile
   526  06D7  01D3               	clrf	main@block_address+1	;volatile
   527                           
   528                           ;16F1784_I2C_EEPROM.c: 243: word_address = 0x00;
   529  06D8  01D0               	clrf	main@word_address	;volatile
   530  06D9  01D1               	clrf	main@word_address+1	;volatile
   531                           
   532                           ;16F1784_I2C_EEPROM.c: 245: Send_I2C_StartBit();
   533  06DA  27CD  3186         	fcall	_Send_I2C_StartBit
   534                           
   535                           ;16F1784_I2C_EEPROM.c: 246: Send_I2C_ControlByte(block_address,0);
   536  06DC  0853               	movf	main@block_address+1,w	;volatile
   537  06DD  00F1               	movwf	?_Send_I2C_ControlByte+1
   538  06DE  0852               	movf	main@block_address,w	;volatile
   539  06DF  00F0               	movwf	?_Send_I2C_ControlByte
   540  06E0  01F2               	clrf	?_Send_I2C_ControlByte+2
   541  06E1  01F3               	clrf	?_Send_I2C_ControlByte+3
   542  06E2  27D4  3186         	fcall	_Send_I2C_ControlByte
   543                           
   544                           ;16F1784_I2C_EEPROM.c: 247: Send_I2C_Data(word_address);
   545  06E4  0851               	movf	main@word_address+1,w	;volatile
   546  06E5  00F1               	movwf	?_Send_I2C_Data+1
   547  06E6  0850               	movf	main@word_address,w	;volatile
   548  06E7  00F0               	movwf	?_Send_I2C_Data
   549  06E8  27C5  3186         	fcall	_Send_I2C_Data
   550                           
   551                           ;16F1784_I2C_EEPROM.c: 249: Send_I2C_StartBit();
   552  06EA  27CD  3186         	fcall	_Send_I2C_StartBit
   553                           
   554                           ;16F1784_I2C_EEPROM.c: 250: Send_I2C_ControlByte(block_address,1);
   555  06EC  0853               	movf	main@block_address+1,w	;volatile
   556  06ED  00F1               	movwf	?_Send_I2C_ControlByte+1
   557  06EE  0852               	movf	main@block_address,w	;volatile
   558  06EF  00F0               	movwf	?_Send_I2C_ControlByte
   559  06F0  01F2               	clrf	?_Send_I2C_ControlByte+2
   560  06F1  0AF2               	incf	?_Send_I2C_ControlByte+2,f
   561  06F2  01F3               	clrf	?_Send_I2C_ControlByte+3
   562  06F3  27D4  3186         	fcall	_Send_I2C_ControlByte
   563                           
   564                           ;16F1784_I2C_EEPROM.c: 251: incoming_data = Read_I2C_Data();
   565  06F5  27E5  3186         	fcall	_Read_I2C_Data
   566  06F7  0871               	movf	?_Read_I2C_Data+1,w
   567  06F8  0020               	movlb	0	; select bank0
   568  06F9  00C9               	movwf	main@incoming_data+1	;volatile
   569  06FA  0870               	movf	?_Read_I2C_Data,w
   570  06FB  00C8               	movwf	main@incoming_data	;volatile
   571                           
   572                           ;16F1784_I2C_EEPROM.c: 252: Send_I2C_NAK();
   573  06FC  27F0  3186         	fcall	_Send_I2C_NAK
   574                           
   575                           ;16F1784_I2C_EEPROM.c: 253: Send_I2C_StopBit();
   576  06FE  27DE  3186         	fcall	_Send_I2C_StopBit
   577                           
   578                           ;16F1784_I2C_EEPROM.c: 265: block_address = 0x00;
   579  0700  01D2               	clrf	main@block_address	;volatile
   580  0701  01D3               	clrf	main@block_address+1	;volatile
   581                           
   582                           ;16F1784_I2C_EEPROM.c: 266: word_address = 0x00;
   583  0702  01D0               	clrf	main@word_address	;volatile
   584  0703  01D1               	clrf	main@word_address+1	;volatile
   585                           
   586                           ;16F1784_I2C_EEPROM.c: 268: Send_I2C_StartBit();
   587  0704  27CD  3186         	fcall	_Send_I2C_StartBit
   588                           
   589                           ;16F1784_I2C_EEPROM.c: 269: Send_I2C_ControlByte(block_address,0);
   590  0706  0853               	movf	main@block_address+1,w	;volatile
   591  0707  00F1               	movwf	?_Send_I2C_ControlByte+1
   592  0708  0852               	movf	main@block_address,w	;volatile
   593  0709  00F0               	movwf	?_Send_I2C_ControlByte
   594  070A  01F2               	clrf	?_Send_I2C_ControlByte+2
   595  070B  01F3               	clrf	?_Send_I2C_ControlByte+3
   596  070C  27D4  3186         	fcall	_Send_I2C_ControlByte
   597                           
   598                           ;16F1784_I2C_EEPROM.c: 270: Send_I2C_Data(word_address);
   599  070E  0851               	movf	main@word_address+1,w	;volatile
   600  070F  00F1               	movwf	?_Send_I2C_Data+1
   601  0710  0850               	movf	main@word_address,w	;volatile
   602  0711  00F0               	movwf	?_Send_I2C_Data
   603  0712  27C5  3186         	fcall	_Send_I2C_Data
   604                           
   605                           ;16F1784_I2C_EEPROM.c: 271: Send_I2C_Data('M');
   606  0714  304D               	movlw	77
   607  0715  00F0               	movwf	?_Send_I2C_Data
   608  0716  01F1               	clrf	?_Send_I2C_Data+1
   609  0717  27C5  3186         	fcall	_Send_I2C_Data
   610                           
   611                           ;16F1784_I2C_EEPROM.c: 272: Send_I2C_Data('i');
   612  0719  3069               	movlw	105
   613  071A  00F0               	movwf	?_Send_I2C_Data
   614  071B  01F1               	clrf	?_Send_I2C_Data+1
   615  071C  27C5  3186         	fcall	_Send_I2C_Data
   616                           
   617                           ;16F1784_I2C_EEPROM.c: 273: Send_I2C_Data('c');
   618  071E  3063               	movlw	99
   619  071F  00F0               	movwf	?_Send_I2C_Data
   620  0720  01F1               	clrf	?_Send_I2C_Data+1
   621  0721  27C5  3186         	fcall	_Send_I2C_Data
   622                           
   623                           ;16F1784_I2C_EEPROM.c: 274: Send_I2C_Data('r');
   624  0723  3072               	movlw	114
   625  0724  00F0               	movwf	?_Send_I2C_Data
   626  0725  01F1               	clrf	?_Send_I2C_Data+1
   627  0726  27C5  3186         	fcall	_Send_I2C_Data
   628                           
   629                           ;16F1784_I2C_EEPROM.c: 275: Send_I2C_Data('o');
   630  0728  306F               	movlw	111
   631  0729  00F0               	movwf	?_Send_I2C_Data
   632  072A  01F1               	clrf	?_Send_I2C_Data+1
   633  072B  27C5  3186         	fcall	_Send_I2C_Data
   634                           
   635                           ;16F1784_I2C_EEPROM.c: 276: Send_I2C_Data('c');
   636  072D  3063               	movlw	99
   637  072E  00F0               	movwf	?_Send_I2C_Data
   638  072F  01F1               	clrf	?_Send_I2C_Data+1
   639  0730  27C5  3186         	fcall	_Send_I2C_Data
   640                           
   641                           ;16F1784_I2C_EEPROM.c: 277: Send_I2C_Data('h');
   642  0732  3068               	movlw	104
   643  0733  00F0               	movwf	?_Send_I2C_Data
   644  0734  01F1               	clrf	?_Send_I2C_Data+1
   645  0735  27C5  3186         	fcall	_Send_I2C_Data
   646                           
   647                           ;16F1784_I2C_EEPROM.c: 278: Send_I2C_Data('i');
   648  0737  3069               	movlw	105
   649  0738  00F0               	movwf	?_Send_I2C_Data
   650  0739  01F1               	clrf	?_Send_I2C_Data+1
   651  073A  27C5  3186         	fcall	_Send_I2C_Data
   652                           
   653                           ;16F1784_I2C_EEPROM.c: 279: Send_I2C_Data('p');
   654  073C  3070               	movlw	112
   655  073D  00F0               	movwf	?_Send_I2C_Data
   656  073E  01F1               	clrf	?_Send_I2C_Data+1
   657  073F  27C5  3186         	fcall	_Send_I2C_Data
   658                           
   659                           ;16F1784_I2C_EEPROM.c: 280: Send_I2C_Data(' ');
   660  0741  3020               	movlw	32
   661  0742  00F0               	movwf	?_Send_I2C_Data
   662  0743  01F1               	clrf	?_Send_I2C_Data+1
   663  0744  27C5  3186         	fcall	_Send_I2C_Data
   664                           
   665                           ;16F1784_I2C_EEPROM.c: 281: Send_I2C_Data('R');
   666  0746  3052               	movlw	82
   667  0747  00F0               	movwf	?_Send_I2C_Data
   668  0748  01F1               	clrf	?_Send_I2C_Data+1
   669  0749  27C5  3186         	fcall	_Send_I2C_Data
   670                           
   671                           ;16F1784_I2C_EEPROM.c: 282: Send_I2C_Data('o');
   672  074B  306F               	movlw	111
   673  074C  00F0               	movwf	?_Send_I2C_Data
   674  074D  01F1               	clrf	?_Send_I2C_Data+1
   675  074E  27C5  3186         	fcall	_Send_I2C_Data
   676                           
   677                           ;16F1784_I2C_EEPROM.c: 283: Send_I2C_Data('c');
   678  0750  3063               	movlw	99
   679  0751  00F0               	movwf	?_Send_I2C_Data
   680  0752  01F1               	clrf	?_Send_I2C_Data+1
   681  0753  27C5  3186         	fcall	_Send_I2C_Data
   682                           
   683                           ;16F1784_I2C_EEPROM.c: 284: Send_I2C_Data('k');
   684  0755  306B               	movlw	107
   685  0756  00F0               	movwf	?_Send_I2C_Data
   686  0757  01F1               	clrf	?_Send_I2C_Data+1
   687  0758  27C5  3186         	fcall	_Send_I2C_Data
   688                           
   689                           ;16F1784_I2C_EEPROM.c: 285: Send_I2C_Data('s');
   690  075A  3073               	movlw	115
   691  075B  00F0               	movwf	?_Send_I2C_Data
   692  075C  01F1               	clrf	?_Send_I2C_Data+1
   693  075D  27C5  3186         	fcall	_Send_I2C_Data
   694                           
   695                           ;16F1784_I2C_EEPROM.c: 286: Send_I2C_Data('!');
   696  075F  3021               	movlw	33
   697  0760  00F0               	movwf	?_Send_I2C_Data
   698  0761  01F1               	clrf	?_Send_I2C_Data+1
   699  0762  27C5  3186         	fcall	_Send_I2C_Data
   700                           
   701                           ;16F1784_I2C_EEPROM.c: 287: Send_I2C_StopBit();
   702  0764  27DE  3186         	fcall	_Send_I2C_StopBit
   703                           
   704                           ;16F1784_I2C_EEPROM.c: 290: block_address = 0x00;
   705  0766  01D2               	clrf	main@block_address	;volatile
   706  0767  01D3               	clrf	main@block_address+1	;volatile
   707                           
   708                           ;16F1784_I2C_EEPROM.c: 291: ACK_bit = 1;
   709  0768  01CA               	clrf	main@ACK_bit
   710  0769  0ACA               	incf	main@ACK_bit,f
   711  076A                     L2:	
   712  076A  01CB               	clrf	main@ACK_bit+1
   713  076B  084B               	movf	main@ACK_bit+1,w
   714  076C  044A               	iorwf	main@ACK_bit,w
   715  076D  1903               	btfsc	3,2
   716  076E  2F81               	goto	l845
   717                           
   718                           ;16F1784_I2C_EEPROM.c: 293: {
   719                           ;16F1784_I2C_EEPROM.c: 294: Send_I2C_StartBit();
   720                           
   721                           ;16F1784_I2C_EEPROM.c: 292: while(ACK_bit)
   722  076F  27CD  3186         	fcall	_Send_I2C_StartBit
   723                           
   724                           ;16F1784_I2C_EEPROM.c: 295: Send_I2C_ControlByte(block_address,0);
   725  0771  0853               	movf	main@block_address+1,w	;volatile
   726  0772  00F1               	movwf	?_Send_I2C_ControlByte+1
   727  0773  0852               	movf	main@block_address,w	;volatile
   728  0774  00F0               	movwf	?_Send_I2C_ControlByte
   729  0775  01F2               	clrf	?_Send_I2C_ControlByte+2
   730  0776  01F3               	clrf	?_Send_I2C_ControlByte+3
   731  0777  27D4  3186         	fcall	_Send_I2C_ControlByte
   732                           
   733                           ;16F1784_I2C_EEPROM.c: 296: ACK_bit = SSPCON2bits.ACKSTAT;
   734  0779  0024               	movlb	4	; select bank4
   735  077A  0E16               	swapf	22,w	;volatile
   736  077B  0C89               	rrf	9,f
   737  077C  0C89               	rrf	9,f
   738  077D  3901               	andlw	1
   739  077E  0020               	movlb	0	; select bank0
   740  077F  00CA               	movwf	main@ACK_bit
   741  0780  2F6A               	goto	L2
   742  0781                     l845:	
   743                           
   744                           ;16F1784_I2C_EEPROM.c: 297: }
   745                           ;16F1784_I2C_EEPROM.c: 308: block_address = 0x00;
   746  0781  01D2               	clrf	main@block_address	;volatile
   747  0782  01D3               	clrf	main@block_address+1	;volatile
   748                           
   749                           ;16F1784_I2C_EEPROM.c: 309: word_address = 0x00;
   750  0783  01D0               	clrf	main@word_address	;volatile
   751  0784  01D1               	clrf	main@word_address+1	;volatile
   752                           
   753                           ;16F1784_I2C_EEPROM.c: 311: Send_I2C_StartBit();
   754  0785  27CD  3186         	fcall	_Send_I2C_StartBit
   755                           
   756                           ;16F1784_I2C_EEPROM.c: 312: Send_I2C_ControlByte(block_address,0);
   757  0787  0853               	movf	main@block_address+1,w	;volatile
   758  0788  00F1               	movwf	?_Send_I2C_ControlByte+1
   759  0789  0852               	movf	main@block_address,w	;volatile
   760  078A  00F0               	movwf	?_Send_I2C_ControlByte
   761  078B  01F2               	clrf	?_Send_I2C_ControlByte+2
   762  078C  01F3               	clrf	?_Send_I2C_ControlByte+3
   763  078D  27D4  3186         	fcall	_Send_I2C_ControlByte
   764                           
   765                           ;16F1784_I2C_EEPROM.c: 313: Send_I2C_Data(word_address);
   766  078F  0851               	movf	main@word_address+1,w	;volatile
   767  0790  00F1               	movwf	?_Send_I2C_Data+1
   768  0791  0850               	movf	main@word_address,w	;volatile
   769  0792  00F0               	movwf	?_Send_I2C_Data
   770  0793  27C5  3186         	fcall	_Send_I2C_Data
   771                           
   772                           ;16F1784_I2C_EEPROM.c: 315: Send_I2C_StartBit();
   773  0795  27CD  3186         	fcall	_Send_I2C_StartBit
   774                           
   775                           ;16F1784_I2C_EEPROM.c: 316: Send_I2C_ControlByte(block_address,1);
   776  0797  0853               	movf	main@block_address+1,w	;volatile
   777  0798  00F1               	movwf	?_Send_I2C_ControlByte+1
   778  0799  0852               	movf	main@block_address,w	;volatile
   779  079A  00F0               	movwf	?_Send_I2C_ControlByte
   780  079B  01F2               	clrf	?_Send_I2C_ControlByte+2
   781  079C  0AF2               	incf	?_Send_I2C_ControlByte+2,f
   782  079D  01F3               	clrf	?_Send_I2C_ControlByte+3
   783  079E  27D4  3186         	fcall	_Send_I2C_ControlByte
   784                           
   785                           ;16F1784_I2C_EEPROM.c: 318: for (i=0;i<=14;i++)
   786  07A0  01CC               	clrf	main@i
   787  07A1  01CD               	clrf	main@i+1
   788  07A2                     l863:	
   789                           
   790                           ;16F1784_I2C_EEPROM.c: 319: {
   791                           ;16F1784_I2C_EEPROM.c: 320: eeprom_array[i] = Read_I2C_Data();
   792  07A2  27E5  3186         	fcall	_Read_I2C_Data
   793  07A4  0020               	movlb	0	; select bank0
   794  07A5  354C               	lslf	main@i,w
   795  07A6  3E20               	addlw	main@eeprom_array& (0+255)
   796  07A7  0086               	movwf	6
   797  07A8  0187               	clrf	7
   798  07A9  0870               	movf	?_Read_I2C_Data,w
   799  07AA  3FC0               	movwi [0]fsr1
   800  07AB  0871               	movf	?_Read_I2C_Data+1,w
   801  07AC  3FC1               	movwi [1]fsr1
   802                           
   803                           ;16F1784_I2C_EEPROM.c: 321: Send_I2C_ACK();
   804  07AD  27F8  3186         	fcall	_Send_I2C_ACK
   805  07AF  0ACC               	incf	main@i,f
   806  07B0  1903               	skipnz
   807  07B1  0ACD               	incf	main@i+1,f
   808  07B2  3000               	movlw	0
   809  07B3  024D               	subwf	main@i+1,w
   810  07B4  300F               	movlw	15
   811  07B5  1903               	skipnz
   812  07B6  024C               	subwf	main@i,w
   813  07B7  1C03               	skipc
   814  07B8  2FA2               	goto	l863
   815                           
   816                           ;16F1784_I2C_EEPROM.c: 322: }
   817                           ;16F1784_I2C_EEPROM.c: 324: eeprom_array[15] = Read_I2C_Data();
   818  07B9  27E5  3186         	fcall	_Read_I2C_Data
   819  07BB  0871               	movf	?_Read_I2C_Data+1,w
   820  07BC  0020               	movlb	0	; select bank0
   821  07BD  00BF               	movwf	main@eeprom_array+31
   822  07BE  0870               	movf	?_Read_I2C_Data,w
   823  07BF  00BE               	movwf	main@eeprom_array+30
   824                           
   825                           ;16F1784_I2C_EEPROM.c: 325: Send_I2C_NAK();
   826  07C0  27F0  3186         	fcall	_Send_I2C_NAK
   827                           
   828                           ;16F1784_I2C_EEPROM.c: 326: Send_I2C_StopBit();
   829  07C2  27DE  3186         	fcall	_Send_I2C_StopBit
   830  07C4                     l69:	
   831                           ;16F1784_I2C_EEPROM.c: 328: while (1);
   832                           
   833  07C4  2FC4               	goto	l69
   834  07C5                     __end_of_main:	
   835  07C5                     __ptext205:	
   836 ;; *************** function _Send_I2C_Data *****************
   837 ;; Defined at:
   838 ;;		line 58 in file "../16F1784_I2C_EEPROM.c"
   839 ;; Parameters:    Size  Location     Type
   840 ;;  databyte        2    0[COMMON] unsigned int 
   841 ;; Auto vars:     Size  Location     Type
   842 ;;		None
   843 ;; Return value:  Size  Location     Type
   844 ;;		None               void
   845 ;; Registers used:
   846 ;;		wreg
   847 ;; Tracked objects:
   848 ;;		On entry : 1F/0
   849 ;;		On exit  : 1F/0
   850 ;;		Unchanged: FFFE0/0
   851 ;; Data sizes:     COMMON   BANK0   BANK1   BANK2   BANK3   BANK4   BANK5   BANK6
   852 ;;      Params:         2       0       0       0       0       0       0       0
   853 ;;      Locals:         0       0       0       0       0       0       0       0
   854 ;;      Temps:          0       0       0       0       0       0       0       0
   855 ;;      Totals:         2       0       0       0       0       0       0       0
   856 ;;Total ram usage:        2 bytes
   857 ;; Hardware stack levels used:    1
   858 ;; This function calls:
   859 ;;		Nothing
   860 ;; This function is called by:
   861 ;;		_main
   862 ;; This function uses a non-reentrant model
   863 ;;
   864                           
   865                           
   866                           ;psect for function _Send_I2C_Data
   867  07C5                     _Send_I2C_Data:	
   868                           
   869                           ;16F1784_I2C_EEPROM.c: 59: PIR1bits.SSP1IF=0;
   870                           
   871                           ; Regs used in _Send_I2C_Data: [wreg]
   872  07C5  1191               	bcf	17,3	;volatile
   873                           
   874                           ;16F1784_I2C_EEPROM.c: 60: SSPBUF = databyte;
   875  07C6  0870               	movf	Send_I2C_Data@databyte,w
   876  07C7  0024               	movlb	4	; select bank4
   877  07C8  0091               	movwf	17	;volatile
   878  07C9                     l19:	
   879                           ;16F1784_I2C_EEPROM.c: 61: while(!PIR1bits.SSP1IF);
   880                           
   881  07C9  0020               	movlb	0	; select bank0
   882  07CA  1991               	btfsc	17,3	;volatile
   883  07CB  0008               	return
   884  07CC  2FC9               	goto	l19
   885  07CD                     __end_of_Send_I2C_Data:	
   886  07CD                     __ptext208:	
   887 ;; *************** function _Send_I2C_StartBit *****************
   888 ;; Defined at:
   889 ;;		line 105 in file "../16F1784_I2C_EEPROM.c"
   890 ;; Parameters:    Size  Location     Type
   891 ;;		None
   892 ;; Auto vars:     Size  Location     Type
   893 ;;		None
   894 ;; Return value:  Size  Location     Type
   895 ;;		None               void
   896 ;; Registers used:
   897 ;;		None
   898 ;; Tracked objects:
   899 ;;		On entry : 1F/0
   900 ;;		On exit  : 1F/0
   901 ;;		Unchanged: FFFE0/0
   902 ;; Data sizes:     COMMON   BANK0   BANK1   BANK2   BANK3   BANK4   BANK5   BANK6
   903 ;;      Params:         0       0       0       0       0       0       0       0
   904 ;;      Locals:         0       0       0       0       0       0       0       0
   905 ;;      Temps:          0       0       0       0       0       0       0       0
   906 ;;      Totals:         0       0       0       0       0       0       0       0
   907 ;;Total ram usage:        0 bytes
   908 ;; Hardware stack levels used:    1
   909 ;; This function calls:
   910 ;;		Nothing
   911 ;; This function is called by:
   912 ;;		_main
   913 ;; This function uses a non-reentrant model
   914 ;;
   915                           
   916                           
   917                           ;psect for function _Send_I2C_StartBit
   918  07CD                     _Send_I2C_StartBit:	
   919                           
   920                           ;16F1784_I2C_EEPROM.c: 106: PIR1bits.SSP1IF=0;
   921                           
   922                           ; Regs used in _Send_I2C_StartBit: []
   923  07CD  1191               	bcf	17,3	;volatile
   924                           
   925                           ;16F1784_I2C_EEPROM.c: 107: SSPCON2bits.SEN=1;
   926  07CE  0024               	movlb	4	; select bank4
   927  07CF  1416               	bsf	22,0	;volatile
   928  07D0                     l37:	
   929                           ;16F1784_I2C_EEPROM.c: 108: while(!PIR1bits.SSP1IF);
   930                           
   931  07D0  0020               	movlb	0	; select bank0
   932  07D1  1991               	btfsc	17,3	;volatile
   933  07D2  0008               	return
   934  07D3  2FD0               	goto	l37
   935  07D4                     __end_of_Send_I2C_StartBit:	
   936  07D4                     __ptext207:	
   937 ;; *************** function _Send_I2C_ControlByte *****************
   938 ;; Defined at:
   939 ;;		line 88 in file "../16F1784_I2C_EEPROM.c"
   940 ;; Parameters:    Size  Location     Type
   941 ;;  BlockAddress    2    0[COMMON] unsigned int 
   942 ;;  RW_bit          2    2[COMMON] unsigned int 
   943 ;; Auto vars:     Size  Location     Type
   944 ;;		None
   945 ;; Return value:  Size  Location     Type
   946 ;;		None               void
   947 ;; Registers used:
   948 ;;		wreg, status,2, status,0
   949 ;; Tracked objects:
   950 ;;		On entry : 1F/0
   951 ;;		On exit  : 1F/0
   952 ;;		Unchanged: FFFE0/0
   953 ;; Data sizes:     COMMON   BANK0   BANK1   BANK2   BANK3   BANK4   BANK5   BANK6
   954 ;;      Params:         4       0       0       0       0       0       0       0
   955 ;;      Locals:         0       0       0       0       0       0       0       0
   956 ;;      Temps:          0       0       0       0       0       0       0       0
   957 ;;      Totals:         4       0       0       0       0       0       0       0
   958 ;;Total ram usage:        4 bytes
   959 ;; Hardware stack levels used:    1
   960 ;; This function calls:
   961 ;;		Nothing
   962 ;; This function is called by:
   963 ;;		_main
   964 ;; This function uses a non-reentrant model
   965 ;;
   966                           
   967                           
   968                           ;psect for function _Send_I2C_ControlByte
   969  07D4                     _Send_I2C_ControlByte:	
   970                           
   971                           ;16F1784_I2C_EEPROM.c: 89: PIR1bits.SSP1IF=0;
   972                           
   973                           ; Regs used in _Send_I2C_ControlByte: [wreg+status,2+status,0]
   974  07D4  1191               	bcf	17,3	;volatile
   975                           
   976                           ;16F1784_I2C_EEPROM.c: 97: SSPBUF = ((0b1010 << 4) | (BlockAddress <<1)) + RW_bit;
   977  07D5  3570               	lslf	Send_I2C_ControlByte@BlockAddress,w
   978  07D6  38A0               	iorlw	160
   979  07D7  0772               	addwf	Send_I2C_ControlByte@RW_bit,w
   980  07D8  0024               	movlb	4	; select bank4
   981  07D9  0091               	movwf	17	;volatile
   982  07DA                     l31:	
   983                           ;16F1784_I2C_EEPROM.c: 98: while(!PIR1bits.SSP1IF);
   984                           
   985  07DA  0020               	movlb	0	; select bank0
   986  07DB  1991               	btfsc	17,3	;volatile
   987  07DC  0008               	return
   988  07DD  2FDA               	goto	l31
   989  07DE                     __end_of_Send_I2C_ControlByte:	
   990  07DE                     __ptext209:	
   991 ;; *************** function _Send_I2C_StopBit *****************
   992 ;; Defined at:
   993 ;;		line 115 in file "../16F1784_I2C_EEPROM.c"
   994 ;; Parameters:    Size  Location     Type
   995 ;;		None
   996 ;; Auto vars:     Size  Location     Type
   997 ;;		None
   998 ;; Return value:  Size  Location     Type
   999 ;;		None               void
  1000 ;; Registers used:
  1001 ;;		None
  1002 ;; Tracked objects:
  1003 ;;		On entry : 1F/0
  1004 ;;		On exit  : 1F/0
  1005 ;;		Unchanged: FFFE0/0
  1006 ;; Data sizes:     COMMON   BANK0   BANK1   BANK2   BANK3   BANK4   BANK5   BANK6
  1007 ;;      Params:         0       0       0       0       0       0       0       0
  1008 ;;      Locals:         0       0       0       0       0       0       0       0
  1009 ;;      Temps:          0       0       0       0       0       0       0       0
  1010 ;;      Totals:         0       0       0       0       0       0       0       0
  1011 ;;Total ram usage:        0 bytes
  1012 ;; Hardware stack levels used:    1
  1013 ;; This function calls:
  1014 ;;		Nothing
  1015 ;; This function is called by:
  1016 ;;		_main
  1017 ;; This function uses a non-reentrant model
  1018 ;;
  1019                           
  1020                           
  1021                           ;psect for function _Send_I2C_StopBit
  1022  07DE                     _Send_I2C_StopBit:	
  1023                           
  1024                           ;16F1784_I2C_EEPROM.c: 116: PIR1bits.SSP1IF=0;
  1025                           
  1026                           ; Regs used in _Send_I2C_StopBit: []
  1027  07DE  1191               	bcf	17,3	;volatile
  1028                           
  1029                           ;16F1784_I2C_EEPROM.c: 117: SSPCON2bits.PEN=1;
  1030  07DF  0024               	movlb	4	; select bank4
  1031  07E0  1516               	bsf	22,2	;volatile
  1032  07E1                     l43:	
  1033                           ;16F1784_I2C_EEPROM.c: 118: while(!PIR1bits.SSP1IF);
  1034                           
  1035  07E1  0020               	movlb	0	; select bank0
  1036  07E2  1991               	btfsc	17,3	;volatile
  1037  07E3  0008               	return
  1038  07E4  2FE1               	goto	l43
  1039  07E5                     __end_of_Send_I2C_StopBit:	
  1040  07E5                     __ptext206:	
  1041 ;; *************** function _Read_I2C_Data *****************
  1042 ;; Defined at:
  1043 ;;		line 69 in file "../16F1784_I2C_EEPROM.c"
  1044 ;; Parameters:    Size  Location     Type
  1045 ;;		None
  1046 ;; Auto vars:     Size  Location     Type
  1047 ;;		None
  1048 ;; Return value:  Size  Location     Type
  1049 ;;                  2    0[COMMON] unsigned int 
  1050 ;; Registers used:
  1051 ;;		wreg
  1052 ;; Tracked objects:
  1053 ;;		On entry : 1F/0
  1054 ;;		On exit  : 1F/4
  1055 ;;		Unchanged: FFFE0/0
  1056 ;; Data sizes:     COMMON   BANK0   BANK1   BANK2   BANK3   BANK4   BANK5   BANK6
  1057 ;;      Params:         2       0       0       0       0       0       0       0
  1058 ;;      Locals:         0       0       0       0       0       0       0       0
  1059 ;;      Temps:          0       0       0       0       0       0       0       0
  1060 ;;      Totals:         2       0       0       0       0       0       0       0
  1061 ;;Total ram usage:        2 bytes
  1062 ;; Hardware stack levels used:    1
  1063 ;; This function calls:
  1064 ;;		Nothing
  1065 ;; This function is called by:
  1066 ;;		_main
  1067 ;; This function uses a non-reentrant model
  1068 ;;
  1069                           
  1070                           
  1071                           ;psect for function _Read_I2C_Data
  1072  07E5                     _Read_I2C_Data:	
  1073                           
  1074                           ;16F1784_I2C_EEPROM.c: 70: PIR1bits.SSP1IF=0;
  1075                           
  1076                           ; Regs used in _Read_I2C_Data: [wreg]
  1077  07E5  1191               	bcf	17,3	;volatile
  1078                           
  1079                           ;16F1784_I2C_EEPROM.c: 71: SSPCON2bits.RCEN=1;
  1080  07E6  0024               	movlb	4	; select bank4
  1081  07E7  1596               	bsf	22,3	;volatile
  1082  07E8                     l25:	
  1083                           ;16F1784_I2C_EEPROM.c: 72: while(!PIR1bits.SSP1IF);
  1084                           
  1085  07E8  0020               	movlb	0	; select bank0
  1086  07E9  1D91               	btfss	17,3	;volatile
  1087  07EA  2FE8               	goto	l25
  1088                           
  1089                           ;16F1784_I2C_EEPROM.c: 73: return (SSPBUF);
  1090  07EB  0024               	movlb	4	; select bank4
  1091  07EC  0811               	movf	17,w	;volatile
  1092  07ED  00F0               	movwf	?_Read_I2C_Data
  1093  07EE  01F1               	clrf	?_Read_I2C_Data+1
  1094  07EF  0008               	return
  1095  07F0                     __end_of_Read_I2C_Data:	
  1096  07F0                     __ptext211:	
  1097 ;; *************** function _Send_I2C_NAK *****************
  1098 ;; Defined at:
  1099 ;;		line 137 in file "../16F1784_I2C_EEPROM.c"
  1100 ;; Parameters:    Size  Location     Type
  1101 ;;		None
  1102 ;; Auto vars:     Size  Location     Type
  1103 ;;		None
  1104 ;; Return value:  Size  Location     Type
  1105 ;;		None               void
  1106 ;; Registers used:
  1107 ;;		None
  1108 ;; Tracked objects:
  1109 ;;		On entry : 1F/0
  1110 ;;		On exit  : 1F/0
  1111 ;;		Unchanged: FFFE0/0
  1112 ;; Data sizes:     COMMON   BANK0   BANK1   BANK2   BANK3   BANK4   BANK5   BANK6
  1113 ;;      Params:         0       0       0       0       0       0       0       0
  1114 ;;      Locals:         0       0       0       0       0       0       0       0
  1115 ;;      Temps:          0       0       0       0       0       0       0       0
  1116 ;;      Totals:         0       0       0       0       0       0       0       0
  1117 ;;Total ram usage:        0 bytes
  1118 ;; Hardware stack levels used:    1
  1119 ;; This function calls:
  1120 ;;		Nothing
  1121 ;; This function is called by:
  1122 ;;		_main
  1123 ;; This function uses a non-reentrant model
  1124 ;;
  1125                           
  1126                           
  1127                           ;psect for function _Send_I2C_NAK
  1128  07F0                     _Send_I2C_NAK:	
  1129                           
  1130                           ;16F1784_I2C_EEPROM.c: 138: PIR1bits.SSP1IF=0;
  1131                           
  1132                           ; Regs used in _Send_I2C_NAK: []
  1133  07F0  1191               	bcf	17,3	;volatile
  1134                           
  1135                           ;16F1784_I2C_EEPROM.c: 139: SSPCON2bits.ACKDT=1;
  1136  07F1  0024               	movlb	4	; select bank4
  1137  07F2  1696               	bsf	22,5	;volatile
  1138                           
  1139                           ;16F1784_I2C_EEPROM.c: 140: SSPCON2bits.ACKEN=1;
  1140  07F3  1616               	bsf	22,4	;volatile
  1141  07F4                     l55:	
  1142                           ;16F1784_I2C_EEPROM.c: 141: while(!PIR1bits.SSP1IF);
  1143                           
  1144  07F4  0020               	movlb	0	; select bank0
  1145  07F5  1991               	btfsc	17,3	;volatile
  1146  07F6  0008               	return
  1147  07F7  2FF4               	goto	l55
  1148  07F8                     __end_of_Send_I2C_NAK:	
  1149  07F8                     __ptext210:	
  1150 ;; *************** function _Send_I2C_ACK *****************
  1151 ;; Defined at:
  1152 ;;		line 126 in file "../16F1784_I2C_EEPROM.c"
  1153 ;; Parameters:    Size  Location     Type
  1154 ;;		None
  1155 ;; Auto vars:     Size  Location     Type
  1156 ;;		None
  1157 ;; Return value:  Size  Location     Type
  1158 ;;		None               void
  1159 ;; Registers used:
  1160 ;;		None
  1161 ;; Tracked objects:
  1162 ;;		On entry : 1F/0
  1163 ;;		On exit  : 1F/0
  1164 ;;		Unchanged: FFFE0/0
  1165 ;; Data sizes:     COMMON   BANK0   BANK1   BANK2   BANK3   BANK4   BANK5   BANK6
  1166 ;;      Params:         0       0       0       0       0       0       0       0
  1167 ;;      Locals:         0       0       0       0       0       0       0       0
  1168 ;;      Temps:          0       0       0       0       0       0       0       0
  1169 ;;      Totals:         0       0       0       0       0       0       0       0
  1170 ;;Total ram usage:        0 bytes
  1171 ;; Hardware stack levels used:    1
  1172 ;; This function calls:
  1173 ;;		Nothing
  1174 ;; This function is called by:
  1175 ;;		_main
  1176 ;; This function uses a non-reentrant model
  1177 ;;
  1178                           
  1179                           
  1180                           ;psect for function _Send_I2C_ACK
  1181  07F8                     _Send_I2C_ACK:	
  1182                           
  1183                           ;16F1784_I2C_EEPROM.c: 127: PIR1bits.SSP1IF=0;
  1184                           
  1185                           ; Regs used in _Send_I2C_ACK: []
  1186  07F8  1191               	bcf	17,3	;volatile
  1187                           
  1188                           ;16F1784_I2C_EEPROM.c: 128: SSPCON2bits.ACKDT=0;
  1189  07F9  0024               	movlb	4	; select bank4
  1190  07FA  1296               	bcf	22,5	;volatile
  1191                           
  1192                           ;16F1784_I2C_EEPROM.c: 129: SSPCON2bits.ACKEN=1;
  1193  07FB  1616               	bsf	22,4	;volatile
  1194  07FC                     l49:	
  1195                           ;16F1784_I2C_EEPROM.c: 130: while(!PIR1bits.SSP1IF);
  1196                           
  1197  07FC  0020               	movlb	0	; select bank0
  1198  07FD  1991               	btfsc	17,3	;volatile
  1199  07FE  0008               	return
  1200  07FF  2FFC               	goto	l49
  1201  0800                     __end_of_Send_I2C_ACK:	
  1202                           
  1203                           	psect	cstackCOMMON
  1204  0070                     __pcstackCOMMON:	
  1205  0070                     ?_Send_I2C_Data:	
  1206  0070                     ?_Send_I2C_ControlByte:	
  1207                           ; 0 bytes @ 0x0
  1208                           
  1209  0070                     ?_Send_I2C_StartBit:	
  1210                           ; 0 bytes @ 0x0
  1211                           
  1212  0070                     ??_Send_I2C_StartBit:	
  1213                           ; 0 bytes @ 0x0
  1214                           
  1215  0070                     ?_Send_I2C_StopBit:	
  1216                           ; 0 bytes @ 0x0
  1217                           
  1218  0070                     ??_Send_I2C_StopBit:	
  1219                           ; 0 bytes @ 0x0
  1220                           
  1221  0070                     ?_Send_I2C_ACK:	
  1222                           ; 0 bytes @ 0x0
  1223                           
  1224  0070                     ??_Send_I2C_ACK:	
  1225                           ; 0 bytes @ 0x0
  1226                           
  1227  0070                     ?_Send_I2C_NAK:	
  1228                           ; 0 bytes @ 0x0
  1229                           
  1230  0070                     ??_Send_I2C_NAK:	
  1231                           ; 0 bytes @ 0x0
  1232                           
  1233  0070                     ?_main:	
  1234                           ; 0 bytes @ 0x0
  1235                           
  1236  0070                     ?_Read_I2C_Data:	
  1237                           ; 0 bytes @ 0x0
  1238                           
  1239  0070                     Send_I2C_Data@databyte:	
  1240                           ; 2 bytes @ 0x0
  1241                           
  1242  0070                     Send_I2C_ControlByte@BlockAddress:	
  1243                           ; 2 bytes @ 0x0
  1244                           
  1245                           
  1246                           ; 2 bytes @ 0x0
  1247  0070                     	ds	2
  1248  0072                     ??_Send_I2C_Data:	
  1249  0072                     ??_Read_I2C_Data:	
  1250                           ; 0 bytes @ 0x2
  1251                           
  1252  0072                     Send_I2C_ControlByte@RW_bit:	
  1253                           ; 0 bytes @ 0x2
  1254                           
  1255                           
  1256                           ; 2 bytes @ 0x2
  1257  0072                     	ds	2
  1258  0074                     ??_Send_I2C_ControlByte:	
  1259  0074                     ??_main:	
  1260                           ; 0 bytes @ 0x4
  1261                           
  1262                           
  1263                           ; 0 bytes @ 0x4
  1264  0074                     	ds	2
  1265                           
  1266                           	psect	cstackBANK0
  1267  0020                     __pcstackBANK0:	
  1268  0020                     main@eeprom_array:	
  1269                           
  1270                           ; 40 bytes @ 0x0
  1271  0020                     	ds	40
  1272  0048                     main@incoming_data:	
  1273                           
  1274                           ; 2 bytes @ 0x28
  1275  0048                     	ds	2
  1276  004A                     main@ACK_bit:	
  1277                           
  1278                           ; 2 bytes @ 0x2A
  1279  004A                     	ds	2
  1280  004C                     main@i:	
  1281                           
  1282                           ; 2 bytes @ 0x2C
  1283  004C                     	ds	2
  1284  004E                     main@eeprom_data:	
  1285                           
  1286                           ; 2 bytes @ 0x2E
  1287  004E                     	ds	2
  1288  0050                     main@word_address:	
  1289                           
  1290                           ; 2 bytes @ 0x30
  1291  0050                     	ds	2
  1292  0052                     main@block_address:	
  1293                           
  1294                           ; 2 bytes @ 0x32
  1295  0052                     	ds	2
  1296                           
  1297                           	psect	text212
  1298  0000                     __ptext212:	
  1299                           
  1300                           ;psect for function _Send_I2C_NAK
  1301  007E                     btemp	set	126	;btemp
  1302  007E                     wtemp0	set	126


Data Sizes:
    Strings     0
    Constant    0
    Data        0
    BSS         0
    Persistent  0
    Stack       0

Auto Spaces:
    Space          Size  Autos    Used
    COMMON           14      6       6
    BANK0            80     52      52
    BANK1            80      0       0
    BANK2            80      0       0
    BANK3            80      0       0
    BANK4            80      0       0
    BANK5            80      0       0
    BANK6            16      0       0

Pointer List with Targets:

    ?_Read_I2C_Data	unsigned int  size(1) Largest target is 2
		 -> Send_I2C_ControlByte@BlockAddress(COMMON[2]), 


Critical Paths under _main in COMMON

    _main->_Send_I2C_ControlByte

Critical Paths under _main in BANK0

    None.

Critical Paths under _main in BANK1

    None.

Critical Paths under _main in BANK2

    None.

Critical Paths under _main in BANK3

    None.

Critical Paths under _main in BANK4

    None.

Critical Paths under _main in BANK5

    None.

Critical Paths under _main in BANK6

    None.

Call Graph Tables:

 ---------------------------------------------------------------------------------
 (Depth) Function   	        Calls       Base Space   Used Autos Params    Refs
 ---------------------------------------------------------------------------------
 (0) _main                                                54    54      0     528
                                              4 COMMON     2     2      0
                                              0 BANK0     52    52      0
                  _Send_I2C_StartBit
               _Send_I2C_ControlByte
                      _Send_I2C_Data
                   _Send_I2C_StopBit
                      _Read_I2C_Data
                       _Send_I2C_NAK
                       _Send_I2C_ACK
 ---------------------------------------------------------------------------------
 (1) _Send_I2C_Data                                        2     0      2      22
                                              0 COMMON     2     0      2
 ---------------------------------------------------------------------------------
 (1) _Read_I2C_Data                                        2     0      2       0
                                              0 COMMON     2     0      2
 ---------------------------------------------------------------------------------
 (1) _Send_I2C_ControlByte                                 4     0      4      44
                                              0 COMMON     4     0      4
 ---------------------------------------------------------------------------------
 (1) _Send_I2C_StartBit                                    0     0      0       0
 ---------------------------------------------------------------------------------
 (1) _Send_I2C_StopBit                                     0     0      0       0
 ---------------------------------------------------------------------------------
 (1) _Send_I2C_ACK                                         0     0      0       0
 ---------------------------------------------------------------------------------
 (1) _Send_I2C_NAK                                         0     0      0       0
 ---------------------------------------------------------------------------------
 Estimated maximum stack depth 1
 ---------------------------------------------------------------------------------

 Call Graph Graphs:

 _main (ROOT)
   _Send_I2C_StartBit
   _Send_I2C_ControlByte
   _Send_I2C_Data
   _Send_I2C_StopBit
   _Read_I2C_Data
   _Send_I2C_NAK
   _Send_I2C_ACK

 Address spaces:
Name               Size   Autos  Total    Cost      Usage
BIGRAM             1F0      0       0       0        0.0%
EEDATA             100      0       0       0        0.0%
NULL                 0      0       0       0        0.0%
CODE                 0      0       0       0        0.0%
BITCOMMON            E      0       0       1        0.0%
BITSFR0              0      0       0       1        0.0%
SFR0                 0      0       0       1        0.0%
COMMON               E      6       6       2       42.9%
BITSFR1              0      0       0       2        0.0%
SFR1                 0      0       0       2        0.0%
BITSFR2              0      0       0       3        0.0%
SFR2                 0      0       0       3        0.0%
STACK                0      0       1       3        0.0%
BITSFR3              0      0       0       4        0.0%
SFR3                 0      0       0       4        0.0%
ABS                  0      0       0       4        0.0%
BITBANK0            50      0       0       5        0.0%
BITSFR4              0      0       0       5        0.0%
SFR4                 0      0       0       5        0.0%
BANK0               50     34      34       6       65.0%
BITSFR5              0      0       0       6        0.0%
SFR5                 0      0       0       6        0.0%
BITBANK1            50      0       0       7        0.0%
BITSFR6              0      0       0       7        0.0%
SFR6                 0      0       0       7        0.0%
BANK1               50      0       0       8        0.0%
BITSFR7              0      0       0       8        0.0%
SFR7                 0      0       0       8        0.0%
BITBANK2            50      0       0       9        0.0%
BITSFR8              0      0       0       9        0.0%
SFR8                 0      0       0       9        0.0%
BANK2               50      0       0      10        0.0%
BITSFR9              0      0       0      10        0.0%
SFR9                 0      0       0      10        0.0%
BITBANK3            50      0       0      11        0.0%
BITSFR10             0      0       0      11        0.0%
SFR10                0      0       0      11        0.0%
BANK3               50      0       0      12        0.0%
BITSFR11             0      0       0      12        0.0%
SFR11                0      0       0      12        0.0%
BITBANK4            50      0       0      13        0.0%
BITSFR12             0      0       0      13        0.0%
SFR12                0      0       0      13        0.0%
BANK4               50      0       0      14        0.0%
BITSFR13             0      0       0      14        0.0%
SFR13                0      0       0      14        0.0%
BITBANK5            50      0       0      15        0.0%
BITSFR14             0      0       0      15        0.0%
SFR14                0      0       0      15        0.0%
BANK5               50      0       0      16        0.0%
BITSFR15             0      0       0      16        0.0%
SFR15                0      0       0      16        0.0%
BITBANK6            10      0       0      17        0.0%
BITSFR16             0      0       0      17        0.0%
SFR16                0      0       0      17        0.0%
BANK6               10      0       0      18        0.0%
BITSFR17             0      0       0      18        0.0%
SFR17                0      0       0      18        0.0%
BITSFR18             0      0       0      19        0.0%
SFR18                0      0       0      19        0.0%
DATA                 0      0       0      19        0.0%
BITSFR19             0      0       0      20        0.0%
SFR19                0      0       0      20        0.0%
BITSFR20             0      0       0      21        0.0%
SFR20                0      0       0      21        0.0%
BITSFR21             0      0       0      22        0.0%
SFR21                0      0       0      22        0.0%
BITSFR22             0      0       0      23        0.0%
SFR22                0      0       0      23        0.0%
BITSFR23             0      0       0      24        0.0%
SFR23                0      0       0      24        0.0%
BITSFR24             0      0       0      25        0.0%
SFR24                0      0       0      25        0.0%
BITSFR25             0      0       0      26        0.0%
SFR25                0      0       0      26        0.0%
BITSFR26             0      0       0      27        0.0%
SFR26                0      0       0      27        0.0%
BITSFR27             0      0       0      28        0.0%
SFR27                0      0       0      28        0.0%
BITSFR28             0      0       0      29        0.0%
SFR28                0      0       0      29        0.0%
BITSFR29             0      0       0      30        0.0%
SFR29                0      0       0      30        0.0%
BITSFR30             0      0       0      31        0.0%
SFR30                0      0       0      31        0.0%
BITSFR31             0      0       0      32        0.0%
SFR31                0      0       0      32        0.0%


Microchip Technology PIC Macro Assembler V1.12 build 49521 
Symbol Table                                                                                   Sat May 25 14:24:20 2013

                main@word_address 0050                                l31 07DA                                l25 07E8  
                              l43 07E1                                l19 07C9                                l37 07D0  
                              l55 07F4                                l49 07FC                                l69 07C4  
                   _Read_I2C_Data 07E5                               l845 0781                               l863 07A2  
                             l775 06D6                               u217 0696      __end_of_Send_I2C_ControlByte 07DE  
                             wreg 0009                      __CFG_LVP$OFF 0000                              _main 067B  
                            fsr1h 0007                              fsr1l 0006                              btemp 007E  
                            start 0003                     __CFG_MCLRE$ON 0000                    ?_Read_I2C_Data 0070  
                           ?_main 0070                     __CFG_WDTE$OFF 0000                             main@i 004C  
                           wtemp0 007E        __size_of_Send_I2C_StartBit 0007                   __initialization 0679  
                    __end_of_main 07C5                            ??_main 0074                    __CFG_PLLEN$OFF 0000  
Send_I2C_ControlByte@BlockAddress 0070                     ?_Send_I2C_ACK 0070                     ?_Send_I2C_NAK 0070  
                          _SSPADD 0212                            _SSPBUF 0211              _Send_I2C_ControlByte 07D4  
                 ??_Read_I2C_Data 0072            __size_of_Send_I2C_Data 0008             Send_I2C_Data@databyte 0070  
                  ??_Send_I2C_ACK 0070                    ??_Send_I2C_NAK 0070           __end_of__initialization 0679  
           ?_Send_I2C_ControlByte 0070         __size_of_Send_I2C_StopBit 0007                    __pcstackCOMMON 0070  
                   _Send_I2C_Data 07C5                  main@eeprom_array 0020                        __pmaintext 067B  
                  ?_Send_I2C_Data 0070            ??_Send_I2C_ControlByte 0074              __end_of_Send_I2C_ACK 0800  
            __end_of_Send_I2C_NAK 07F8              end_of_initialization 0679                  _Send_I2C_StopBit 07DE  
               main@block_address 0052                   ??_Send_I2C_Data 0072                  __CFG_FOSC$INTOSC 0000  
                       _TRISCbits 008E             __end_of_Read_I2C_Data 07F0               start_initialization 0679  
           __size_of_Send_I2C_ACK 0008             __size_of_Send_I2C_NAK 0008                     __pcstackBANK0 0020  
                    _Send_I2C_ACK 07F8                      _Send_I2C_NAK 07F0                   main@eeprom_data 004E  
                       __ptext210 07F8                         __ptext211 07F0                         __ptext212 0000  
                       __ptext204 0000                         __ptext205 07C5                         __ptext206 07E5  
                       __ptext207 07D4                         __ptext208 07CD                         __ptext209 07DE  
        __end_of_Send_I2C_StopBit 07E5     __size_of_Send_I2C_ControlByte 000A                          _PIR1bits 0011  
           __end_of_Send_I2C_Data 07CD        Send_I2C_ControlByte@RW_bit 0072                     __size_of_main 014A  
          __size_of_Read_I2C_Data 000B                 __CFG_CLKOUTEN$OFF 0000                 _Send_I2C_StartBit 07CD  
                      _OSCCONbits 0099                ?_Send_I2C_StartBit 0070                 main@incoming_data 0048  
             ??_Send_I2C_StartBit 0070                       _SSPCON2bits 0216                 ?_Send_I2C_StopBit 0070  
                     main@ACK_bit 004A                ??_Send_I2C_StopBit 0070         __end_of_Send_I2C_StartBit 07D4  
                      _SSPCONbits 0215  
