

Microchip Technology PIC LITE Macro Assembler V1.31 build 56723 
                                                                                               Wed May 21 17:30:47 2014

Microchip Technology Omniscient Code Generator (Lite mode) build 56723
     1                           	processor	16F887
     2                           	opt	pw 120
     3                           	opt	lm
     4                           	psect	strings,global,class=STRING,delta=2
     5                           	psect	cinit,global,class=CODE,merge=1,delta=2
     6                           	psect	bssCOMMON,global,class=COMMON,space=1,delta=1
     7                           	psect	cstackCOMMON,global,class=COMMON,space=1,delta=1
     8                           	psect	maintext,global,class=CODE,split=1,delta=2
     9                           	psect	text1,local,class=CODE,merge=1,delta=2
    10                           	psect	text2,local,class=CODE,merge=1,delta=2
    11                           	psect	text3,local,class=CODE,merge=1,delta=2
    12                           	psect	text4,local,class=CODE,merge=1,delta=2
    13                           	dabs	1,0x7E,2
    14  0000                     	;# 
    15  0001                     	;# 
    16  0002                     	;# 
    17  0003                     	;# 
    18  0004                     	;# 
    19  0005                     	;# 
    20  0006                     	;# 
    21  0007                     	;# 
    22  0008                     	;# 
    23  0009                     	;# 
    24  000A                     	;# 
    25  000B                     	;# 
    26  000C                     	;# 
    27  000D                     	;# 
    28  000E                     	;# 
    29  000E                     	;# 
    30  000F                     	;# 
    31  0010                     	;# 
    32  0011                     	;# 
    33  0012                     	;# 
    34  0013                     	;# 
    35  0014                     	;# 
    36  0015                     	;# 
    37  0015                     	;# 
    38  0016                     	;# 
    39  0017                     	;# 
    40  0018                     	;# 
    41  0019                     	;# 
    42  001A                     	;# 
    43  001B                     	;# 
    44  001B                     	;# 
    45  001C                     	;# 
    46  001D                     	;# 
    47  001E                     	;# 
    48  001F                     	;# 
    49  0081                     	;# 
    50  0085                     	;# 
    51  0086                     	;# 
    52  0087                     	;# 
    53  0088                     	;# 
    54  0089                     	;# 
    55  008C                     	;# 
    56  008D                     	;# 
    57  008E                     	;# 
    58  008F                     	;# 
    59  0090                     	;# 
    60  0091                     	;# 
    61  0092                     	;# 
    62  0093                     	;# 
    63  0093                     	;# 
    64  0093                     	;# 
    65  0094                     	;# 
    66  0095                     	;# 
    67  0096                     	;# 
    68  0097                     	;# 
    69  0098                     	;# 
    70  0099                     	;# 
    71  009A                     	;# 
    72  009B                     	;# 
    73  009C                     	;# 
    74  009D                     	;# 
    75  009E                     	;# 
    76  009F                     	;# 
    77  0105                     	;# 
    78  0107                     	;# 
    79  0108                     	;# 
    80  0109                     	;# 
    81  010C                     	;# 
    82  010C                     	;# 
    83  010D                     	;# 
    84  010E                     	;# 
    85  010F                     	;# 
    86  0185                     	;# 
    87  0187                     	;# 
    88  0188                     	;# 
    89  0189                     	;# 
    90  018C                     	;# 
    91  018D                     	;# 
    92  0018                     _RCSTAbits	set	24
    93  0019                     _TXREG	set	25
    94  008F                     _OSCCONbits	set	143
    95  0099                     _SPBRG	set	153
    96  0085                     _TRISAbits	set	133
    97  0086                     _TRISBbits	set	134
    98  0087                     _TRISCbits	set	135
    99  0088                     _TRISDbits	set	136
   100  0089                     _TRISEbits	set	137
   101  0098                     _TXSTAbits	set	152
   102  0107                     _CM1CON0	set	263
   103  0108                     _CM2CON0	set	264
   104  0188                     _ANSEL	set	392
   105  0189                     _ANSELH	set	393
   106                           
   107                           	psect	strings
   108  0003                     __pstrings:	
   109  0003                     stringtab:	
   110  0003                     __stringtab:	
   111  0003                     stringcode:	
   112                           ;	String table - string pointers are 1 byte each
   113                           
   114  0003                     stringdir:	
   115  0003  3000               	movlw	high stringdir
   116  0004  008A               	movwf	10
   117  0005  0804               	movf	4,w
   118  0006  0A84               	incf	4,f
   119  0007  0782               	addwf	2,f
   120  0008                     __stringbase:	
   121  0008  3400               	retlw	0
   122  0009                     __end_of__stringtab:	
   123  0009                     __stringdata:	
   124  0009                     STR_1:	
   125  0009  3448               	retlw	72	;'H'
   126  000A  3465               	retlw	101	;'e'
   127  000B  346C               	retlw	108	;'l'
   128  000C  346C               	retlw	108	;'l'
   129  000D  346F               	retlw	111	;'o'
   130  000E  342C               	retlw	44	;','
   131  000F  3420               	retlw	32	;' '
   132  0010  3477               	retlw	119	;'w'
   133  0011  346F               	retlw	111	;'o'
   134  0012  3472               	retlw	114	;'r'
   135  0013  346C               	retlw	108	;'l'
   136  0014  3464               	retlw	100	;'d'
   137  0015  3421               	retlw	33	;'!'
   138  0016  3400               	retlw	0
   139  0017                     STR_2:	
   140  0017  3446               	retlw	70	;'F'
   141  0018  3472               	retlw	114	;'r'
   142  0019  346F               	retlw	111	;'o'
   143  001A  346D               	retlw	109	;'m'
   144  001B  3420               	retlw	32	;' '
   145  001C  3430               	retlw	48	;'0'
   146  001D  3478               	retlw	120	;'x'
   147  001E  3445               	retlw	69	;'E'
   148  001F  3445               	retlw	69	;'E'
   149  0020  342E               	retlw	46	;'.'
   150  0021  346E               	retlw	110	;'n'
   151  0022  3465               	retlw	101	;'e'
   152  0023  3474               	retlw	116	;'t'
   153  0024  3400               	retlw	0
   154  0025                     __end_of__stringdata:	
   155                           
   156                           ; #config settings
   157  0000                     
   158                           	psect	cinit
   159  07FA                     start_initialization:	
   160  07FA                     __initialization:	
   161                           
   162                           ; Clear objects allocated to COMMON
   163  07FA  01F8               	clrf	__pbssCOMMON& (0+127)
   164  07FB  01F9               	clrf	(__pbssCOMMON+1)& (0+127)
   165  07FC                     end_of_initialization:	
   166                           ;End of C runtime variable initialization code
   167                           
   168  07FC                     __end_of__initialization:	
   169  07FC  0183               	clrf	3
   170  07FD  120A  118A  2FB1   	ljmp	_main	;jump to C main() function
   171                           
   172                           	psect	bssCOMMON
   173  0078                     __pbssCOMMON:	
   174  0078                     _n:	
   175  0078                     	ds	2
   176                           
   177                           	psect	cstackCOMMON
   178  0070                     __pcstackCOMMON:	
   179  0070                     ?_init_io:	
   180  0070                     ??_init_io:	
   181                           ; 0 bytes @ 0x0
   182                           
   183  0070                     ?_uart_xmit:	
   184                           ; 0 bytes @ 0x0
   185                           
   186  0070                     ?_write_uart:	
   187                           ; 0 bytes @ 0x0
   188                           
   189  0070                     ?_serial_init:	
   190                           ; 0 bytes @ 0x0
   191                           
   192  0070                     ??_serial_init:	
   193                           ; 0 bytes @ 0x0
   194                           
   195  0070                     ?_main:	
   196                           ; 0 bytes @ 0x0
   197                           
   198  0070                     uart_xmit@mydata_byte:	
   199                           ; 0 bytes @ 0x0
   200                           
   201                           
   202                           ; 2 bytes @ 0x0
   203  0070                     	ds	2
   204  0072                     ??_uart_xmit:	
   205  0072                     ??_write_uart:	
   206                           ; 0 bytes @ 0x2
   207                           
   208                           
   209                           ; 0 bytes @ 0x2
   210  0072                     	ds	2
   211  0074                     write_uart@txt:	
   212                           
   213                           ; 1 bytes @ 0x4
   214  0074                     	ds	1
   215  0075                     ??_main:	
   216                           
   217                           ; 0 bytes @ 0x5
   218  0075                     	ds	3
   219                           
   220                           	psect	maintext
   221  07B1                     __pmaintext:	
   222 ;;
   223 ;;Main: autosize = 0, tempsize = 3, incstack = 0, save=0
   224 ;;
   225 ;; *************** function _main *****************
   226 ;; Defined at:
   227 ;;		line 145 in file "main.c"
   228 ;; Parameters:    Size  Location     Type
   229 ;;		None
   230 ;; Auto vars:     Size  Location     Type
   231 ;;		None
   232 ;; Return value:  Size  Location     Type
   233 ;;		None               void
   234 ;; Registers used:
   235 ;;		wreg, fsr0l, fsr0h, status,2, status,0, pclath, cstack
   236 ;; Tracked objects:
   237 ;;		On entry : 17F/0
   238 ;;		On exit  : 0/0
   239 ;;		Unchanged: 0/0
   240 ;; Data sizes:     COMMON   BANK0   BANK1   BANK3   BANK2
   241 ;;      Params:         0       0       0       0       0
   242 ;;      Locals:         0       0       0       0       0
   243 ;;      Temps:          3       0       0       0       0
   244 ;;      Totals:         3       0       0       0       0
   245 ;;Total ram usage:        3 bytes
   246 ;; Hardware stack levels required when called:    2
   247 ;; This function calls:
   248 ;;		_init_io
   249 ;;		_serial_init
   250 ;;		_uart_xmit
   251 ;;		_write_uart
   252 ;; This function is called by:
   253 ;;		Startup code after reset
   254 ;; This function uses a non-reentrant model
   255 ;;
   256                           
   257                           
   258                           ;psect for function _main
   259  07B1                     _main:	
   260                           
   261                           ;main.c: 147: OSCCONbits.IRCF = 0x06;
   262                           
   263                           ;incstack = 0
   264                           ; Regs used in _main: [wreg-fsr0h+status,2+status,0+pclath+cstack]
   265  07B1  1683               	bsf	3,5	;RP0=1, select bank1
   266  07B2  1303               	bcf	3,6	;RP1=0, select bank1
   267  07B3  080F               	movf	15,w	;volatile
   268  07B4  398F               	andlw	-113
   269  07B5  3860               	iorlw	96
   270  07B6  008F               	movwf	15	;volatile
   271                           
   272                           ;main.c: 149: init_io();
   273  07B7  120A  118A  2782   	fcall	_init_io
      +       120A  118A         
   274                           
   275                           ;main.c: 150: serial_init();
   276  07BC  120A  118A  2748   	fcall	_serial_init
      +       120A  118A         
   277  07C1                     l609:	
   278                           ;main.c: 153: while ( 1 ) {
   279                           
   280                           
   281                           ;main.c: 155: write_uart("Hello, world!");
   282  07C1  3001               	movlw	(STR_1-__stringbase)& (0+255)
   283  07C2  120A  118A  2760   	fcall	_write_uart
      +       120A  118A         
   284                           
   285                           ;main.c: 156: uart_xmit(0x0A);
   286  07C7  300A               	movlw	10
   287  07C8  00F0               	movwf	uart_xmit@mydata_byte
   288  07C9  3000               	movlw	0
   289  07CA  00F1               	movwf	uart_xmit@mydata_byte+1
   290  07CB  120A  118A  273F   	fcall	_uart_xmit
      +       120A  118A         
   291                           
   292                           ;main.c: 157: _delay((unsigned long)((1000)*(4000000/4000.0)));
   293  07D0  3006               	movlw	6
   294  07D1  00F7               	movwf	??_main+2
   295  07D2  3013               	movlw	19
   296  07D3  00F6               	movwf	??_main+1
   297  07D4  30B1               	movlw	177
   298  07D5  00F5               	movwf	??_main
   299  07D6                     u37:	
   300  07D6  0BF5               	decfsz	??_main,f
   301  07D7  2FD6               	goto	u37
   302  07D8  0BF6               	decfsz	??_main+1,f
   303  07D9  2FD6               	goto	u37
   304  07DA  0BF7               	decfsz	??_main+2,f
   305  07DB  2FD6               	goto	u37
   306  07DC  2FDD               	nop2
   307                           
   308                           ;main.c: 158: write_uart("From 0xEE.net");
   309  07DD  300F               	movlw	(STR_2-__stringbase)& (0+255)
   310  07DE  120A  118A  2760   	fcall	_write_uart
      +       120A  118A         
   311                           
   312                           ;main.c: 159: uart_xmit(0x0A);
   313  07E3  300A               	movlw	10
   314  07E4  00F0               	movwf	uart_xmit@mydata_byte
   315  07E5  3000               	movlw	0
   316  07E6  00F1               	movwf	uart_xmit@mydata_byte+1
   317  07E7  120A  118A  273F   	fcall	_uart_xmit
      +       120A  118A         
   318                           
   319                           ;main.c: 160: _delay((unsigned long)((1000)*(4000000/4000.0)));
   320  07EC  3006               	movlw	6
   321  07ED  00F7               	movwf	??_main+2
   322  07EE  3013               	movlw	19
   323  07EF  00F6               	movwf	??_main+1
   324  07F0  30B1               	movlw	177
   325  07F1  00F5               	movwf	??_main
   326  07F2                     u47:	
   327  07F2  0BF5               	decfsz	??_main,f
   328  07F3  2FF2               	goto	u47
   329  07F4  0BF6               	decfsz	??_main+1,f
   330  07F5  2FF2               	goto	u47
   331  07F6  0BF7               	decfsz	??_main+2,f
   332  07F7  2FF2               	goto	u47
   333  07F8  2FF9               	nop2
   334  07F9  2FC1               	goto	l609
   335  07FA                     __end_of_main:	
   336                           
   337                           	psect	text1
   338  0760                     __ptext1:	
   339 ;; *************** function _write_uart *****************
   340 ;; Defined at:
   341 ;;		line 105 in file "main.c"
   342 ;; Parameters:    Size  Location     Type
   343 ;;  txt             1    wreg     PTR const unsigned char 
   344 ;;		 -> STR_2(14), STR_1(14), 
   345 ;; Auto vars:     Size  Location     Type
   346 ;;  txt             1    4[COMMON] PTR const unsigned char 
   347 ;;		 -> STR_2(14), STR_1(14), 
   348 ;; Return value:  Size  Location     Type
   349 ;;		None               void
   350 ;; Registers used:
   351 ;;		wreg, fsr0l, fsr0h, status,2, status,0, pclath, cstack
   352 ;; Tracked objects:
   353 ;;		On entry : 0/0
   354 ;;		On exit  : 0/0
   355 ;;		Unchanged: 0/0
   356 ;; Data sizes:     COMMON   BANK0   BANK1   BANK3   BANK2
   357 ;;      Params:         0       0       0       0       0
   358 ;;      Locals:         1       0       0       0       0
   359 ;;      Temps:          2       0       0       0       0
   360 ;;      Totals:         3       0       0       0       0
   361 ;;Total ram usage:        3 bytes
   362 ;; Hardware stack levels used:    1
   363 ;; Hardware stack levels required when called:    1
   364 ;; This function calls:
   365 ;;		_uart_xmit
   366 ;; This function is called by:
   367 ;;		_main
   368 ;; This function uses a non-reentrant model
   369 ;;
   370                           
   371                           
   372                           ;psect for function _write_uart
   373  0760                     _write_uart:	
   374                           
   375                           ;incstack = 0
   376                           ; Regs used in _write_uart: [wreg-fsr0h+status,2+status,0+pclath+cstack]
   377                           ;write_uart@txt stored from wreg
   378  0760  00F4               	movwf	write_uart@txt
   379  0761                     l597:	
   380                           ;main.c: 107: while(*txt != 0) uart_xmit(*txt++);
   381                           
   382  0761  0874               	movf	write_uart@txt,w
   383  0762  0084               	movwf	4
   384  0763  120A  118A  2003   	fcall	stringdir
      +       120A  118A         
   385  0768  3800               	iorlw	0
   386  0769  1903               	btfsc	3,2
   387  076A  0008               	return
   388  076B  0874               	movf	write_uart@txt,w
   389  076C  0084               	movwf	4
   390  076D  120A  118A  2003   	fcall	stringdir
      +       120A  118A         
   391  0772  00F2               	movwf	??_write_uart
   392  0773  01F3               	clrf	??_write_uart+1
   393  0774  0872               	movf	??_write_uart,w
   394  0775  00F0               	movwf	uart_xmit@mydata_byte
   395  0776  0873               	movf	??_write_uart+1,w
   396  0777  00F1               	movwf	uart_xmit@mydata_byte+1
   397  0778  120A  118A  273F   	fcall	_uart_xmit
      +       120A  118A         
   398  077D  3001               	movlw	1
   399  077E  00F2               	movwf	??_write_uart
   400  077F  0872               	movf	??_write_uart,w
   401  0780  07F4               	addwf	write_uart@txt,f
   402  0781  2F61               	goto	l597
   403  0782                     __end_of_write_uart:	
   404                           
   405                           	psect	text2
   406  073F                     __ptext2:	
   407 ;; *************** function _uart_xmit *****************
   408 ;; Defined at:
   409 ;;		line 99 in file "main.c"
   410 ;; Parameters:    Size  Location     Type
   411 ;;  mydata_byte     2    0[COMMON] unsigned int 
   412 ;; Auto vars:     Size  Location     Type
   413 ;;		None
   414 ;; Return value:  Size  Location     Type
   415 ;;		None               void
   416 ;; Registers used:
   417 ;;		wreg
   418 ;; Tracked objects:
   419 ;;		On entry : 0/0
   420 ;;		On exit  : 0/0
   421 ;;		Unchanged: 0/0
   422 ;; Data sizes:     COMMON   BANK0   BANK1   BANK3   BANK2
   423 ;;      Params:         2       0       0       0       0
   424 ;;      Locals:         0       0       0       0       0
   425 ;;      Temps:          0       0       0       0       0
   426 ;;      Totals:         2       0       0       0       0
   427 ;;Total ram usage:        2 bytes
   428 ;; Hardware stack levels used:    1
   429 ;; This function calls:
   430 ;;		Nothing
   431 ;; This function is called by:
   432 ;;		_write_uart
   433 ;;		_main
   434 ;; This function uses a non-reentrant model
   435 ;;
   436                           
   437                           
   438                           ;psect for function _uart_xmit
   439  073F                     _uart_xmit:	
   440  073F                     l38:	
   441                           ;main.c: 101: while(!TXSTAbits.TRMT);
   442                           
   443                           ;incstack = 0
   444                           ; Regs used in _uart_xmit: [wreg]
   445                           
   446  073F  1683               	bsf	3,5	;RP0=1, select bank1
   447  0740  1303               	bcf	3,6	;RP1=0, select bank1
   448  0741  1C98               	btfss	24,1	;volatile
   449  0742  2F3F               	goto	l38
   450                           
   451                           ;main.c: 102: TXREG = mydata_byte;
   452  0743  0870               	movf	uart_xmit@mydata_byte,w
   453  0744  1283               	bcf	3,5	;RP0=0, select bank0
   454  0745  1303               	bcf	3,6	;RP1=0, select bank0
   455  0746  0099               	movwf	25	;volatile
   456  0747  0008               	return
   457  0748                     __end_of_uart_xmit:	
   458                           
   459                           	psect	text3
   460  0748                     __ptext3:	
   461 ;; *************** function _serial_init *****************
   462 ;; Defined at:
   463 ;;		line 111 in file "main.c"
   464 ;; Parameters:    Size  Location     Type
   465 ;;		None
   466 ;; Auto vars:     Size  Location     Type
   467 ;;		None
   468 ;; Return value:  Size  Location     Type
   469 ;;		None               void
   470 ;; Registers used:
   471 ;;		wreg
   472 ;; Tracked objects:
   473 ;;		On entry : 0/0
   474 ;;		On exit  : 0/0
   475 ;;		Unchanged: 0/0
   476 ;; Data sizes:     COMMON   BANK0   BANK1   BANK3   BANK2
   477 ;;      Params:         0       0       0       0       0
   478 ;;      Locals:         0       0       0       0       0
   479 ;;      Temps:          2       0       0       0       0
   480 ;;      Totals:         2       0       0       0       0
   481 ;;Total ram usage:        2 bytes
   482 ;; Hardware stack levels used:    1
   483 ;; This function calls:
   484 ;;		Nothing
   485 ;; This function is called by:
   486 ;;		_main
   487 ;; This function uses a non-reentrant model
   488 ;;
   489                           
   490                           
   491                           ;psect for function _serial_init
   492  0748                     _serial_init:	
   493                           
   494                           ;main.c: 116: TXSTAbits.BRGH=1;
   495                           
   496                           ;incstack = 0
   497                           ; Regs used in _serial_init: [wreg]
   498  0748  1683               	bsf	3,5	;RP0=1, select bank1
   499  0749  1303               	bcf	3,6	;RP1=0, select bank1
   500  074A  1518               	bsf	24,2	;volatile
   501                           
   502                           ;main.c: 117: TXSTAbits.TX9=0;
   503  074B  1318               	bcf	24,6	;volatile
   504                           
   505                           ;main.c: 118: TXSTAbits.TXEN = 1;
   506  074C  1698               	bsf	24,5	;volatile
   507                           
   508                           ;main.c: 121: RCSTAbits.SPEN=1;
   509  074D  1283               	bcf	3,5	;RP0=0, select bank0
   510  074E  1303               	bcf	3,6	;RP1=0, select bank0
   511  074F  1798               	bsf	24,7	;volatile
   512                           
   513                           ;main.c: 122: RCSTAbits.RX9=0;
   514  0750  1318               	bcf	24,6	;volatile
   515                           
   516                           ;main.c: 123: RCSTAbits.CREN=1;
   517  0751  1618               	bsf	24,4	;volatile
   518                           
   519                           ;main.c: 125: SPBRG=25;
   520  0752  3019               	movlw	25
   521  0753  1683               	bsf	3,5	;RP0=1, select bank1
   522  0754  1303               	bcf	3,6	;RP1=0, select bank1
   523  0755  0099               	movwf	25	;volatile
   524                           
   525                           ;main.c: 139: _delay((unsigned long)((100)*(4000000/4000.0)));
   526  0756  3082               	movlw	130
   527  0757  00F1               	movwf	??_serial_init+1
   528  0758  30DD               	movlw	221
   529  0759  00F0               	movwf	??_serial_init
   530  075A                     u57:	
   531  075A  0BF0               	decfsz	??_serial_init,f
   532  075B  2F5A               	goto	u57
   533  075C  0BF1               	decfsz	??_serial_init+1,f
   534  075D  2F5A               	goto	u57
   535  075E  2F5F               	nop2
   536  075F  0008               	return
   537  0760                     __end_of_serial_init:	
   538                           
   539                           	psect	text4
   540  0782                     __ptext4:	
   541 ;; *************** function _init_io *****************
   542 ;; Defined at:
   543 ;;		line 51 in file "main.c"
   544 ;; Parameters:    Size  Location     Type
   545 ;;		None
   546 ;; Auto vars:     Size  Location     Type
   547 ;;		None
   548 ;; Return value:  Size  Location     Type
   549 ;;		None               void
   550 ;; Registers used:
   551 ;;		status,2
   552 ;; Tracked objects:
   553 ;;		On entry : 0/0
   554 ;;		On exit  : 0/0
   555 ;;		Unchanged: 0/0
   556 ;; Data sizes:     COMMON   BANK0   BANK1   BANK3   BANK2
   557 ;;      Params:         0       0       0       0       0
   558 ;;      Locals:         0       0       0       0       0
   559 ;;      Temps:          0       0       0       0       0
   560 ;;      Totals:         0       0       0       0       0
   561 ;;Total ram usage:        0 bytes
   562 ;; Hardware stack levels used:    1
   563 ;; This function calls:
   564 ;;		Nothing
   565 ;; This function is called by:
   566 ;;		_main
   567 ;; This function uses a non-reentrant model
   568 ;;
   569                           
   570                           
   571                           ;psect for function _init_io
   572  0782                     _init_io:	
   573                           
   574                           ;main.c: 52: ANSEL = 0x00;
   575                           
   576                           ;incstack = 0
   577                           ; Regs used in _init_io: [status,2]
   578  0782  1683               	bsf	3,5	;RP0=1, select bank3
   579  0783  1703               	bsf	3,6	;RP1=1, select bank3
   580  0784  0188               	clrf	8	;volatile
   581                           
   582                           ;main.c: 53: ANSELH = 0x00;
   583  0785  0189               	clrf	9	;volatile
   584                           
   585                           ;main.c: 54: CM1CON0 = 0x00;
   586  0786  1283               	bcf	3,5	;RP0=0, select bank2
   587  0787  1703               	bsf	3,6	;RP1=1, select bank2
   588  0788  0187               	clrf	7	;volatile
   589                           
   590                           ;main.c: 55: CM2CON0 = 0x00;
   591  0789  0188               	clrf	8	;volatile
   592                           
   593                           ;main.c: 57: TRISAbits.TRISA0 = 0;
   594  078A  1683               	bsf	3,5	;RP0=1, select bank1
   595  078B  1303               	bcf	3,6	;RP1=0, select bank1
   596  078C  1005               	bcf	5,0	;volatile
   597                           
   598                           ;main.c: 58: TRISAbits.TRISA1 = 0;
   599  078D  1085               	bcf	5,1	;volatile
   600                           
   601                           ;main.c: 59: TRISAbits.TRISA2 = 0;
   602  078E  1105               	bcf	5,2	;volatile
   603                           
   604                           ;main.c: 60: TRISAbits.TRISA3 = 0;
   605  078F  1185               	bcf	5,3	;volatile
   606                           
   607                           ;main.c: 61: TRISAbits.TRISA4 = 0;
   608  0790  1205               	bcf	5,4	;volatile
   609                           
   610                           ;main.c: 62: TRISAbits.TRISA5 = 0;
   611  0791  1285               	bcf	5,5	;volatile
   612                           
   613                           ;main.c: 63: TRISAbits.TRISA6 = 0;
   614  0792  1305               	bcf	5,6	;volatile
   615                           
   616                           ;main.c: 64: TRISAbits.TRISA7 = 0;
   617  0793  1385               	bcf	5,7	;volatile
   618                           
   619                           ;main.c: 66: TRISBbits.TRISB0 = 0;
   620  0794  1006               	bcf	6,0	;volatile
   621                           
   622                           ;main.c: 67: TRISBbits.TRISB1 = 1;
   623  0795  1486               	bsf	6,1	;volatile
   624                           
   625                           ;main.c: 68: TRISBbits.TRISB2 = 0;
   626  0796  1106               	bcf	6,2	;volatile
   627                           
   628                           ;main.c: 69: TRISBbits.TRISB3 = 0;
   629  0797  1186               	bcf	6,3	;volatile
   630                           
   631                           ;main.c: 70: TRISBbits.TRISB4 = 0;
   632  0798  1206               	bcf	6,4	;volatile
   633                           
   634                           ;main.c: 71: TRISBbits.TRISB5 = 1;
   635  0799  1686               	bsf	6,5	;volatile
   636                           
   637                           ;main.c: 72: TRISBbits.TRISB6 = 1;
   638  079A  1706               	bsf	6,6	;volatile
   639                           
   640                           ;main.c: 73: TRISBbits.TRISB7 = 1;
   641  079B  1786               	bsf	6,7	;volatile
   642                           
   643                           ;main.c: 75: TRISCbits.TRISC0 = 0;
   644  079C  1007               	bcf	7,0	;volatile
   645                           
   646                           ;main.c: 76: TRISCbits.TRISC1 = 0;
   647  079D  1087               	bcf	7,1	;volatile
   648                           
   649                           ;main.c: 77: TRISCbits.TRISC2 = 0;
   650  079E  1107               	bcf	7,2	;volatile
   651                           
   652                           ;main.c: 78: TRISCbits.TRISC3 = 0;
   653  079F  1187               	bcf	7,3	;volatile
   654                           
   655                           ;main.c: 79: TRISCbits.TRISC4 = 0;
   656  07A0  1207               	bcf	7,4	;volatile
   657                           
   658                           ;main.c: 80: TRISCbits.TRISC5 = 0;
   659  07A1  1287               	bcf	7,5	;volatile
   660                           
   661                           ;main.c: 81: TRISCbits.TRISC6 = 0;
   662  07A2  1307               	bcf	7,6	;volatile
   663                           
   664                           ;main.c: 82: TRISCbits.TRISC7 = 1;
   665  07A3  1787               	bsf	7,7	;volatile
   666                           
   667                           ;main.c: 84: TRISDbits.TRISD0 = 0;
   668  07A4  1008               	bcf	8,0	;volatile
   669                           
   670                           ;main.c: 85: TRISDbits.TRISD1 = 0;
   671  07A5  1088               	bcf	8,1	;volatile
   672                           
   673                           ;main.c: 86: TRISDbits.TRISD2 = 0;
   674  07A6  1108               	bcf	8,2	;volatile
   675                           
   676                           ;main.c: 87: TRISDbits.TRISD3 = 0;
   677  07A7  1188               	bcf	8,3	;volatile
   678                           
   679                           ;main.c: 88: TRISDbits.TRISD4 = 0;
   680  07A8  1208               	bcf	8,4	;volatile
   681                           
   682                           ;main.c: 89: TRISDbits.TRISD5 = 0;
   683  07A9  1288               	bcf	8,5	;volatile
   684                           
   685                           ;main.c: 90: TRISDbits.TRISD6 = 0;
   686  07AA  1308               	bcf	8,6	;volatile
   687                           
   688                           ;main.c: 91: TRISDbits.TRISD7 = 0;
   689  07AB  1388               	bcf	8,7	;volatile
   690                           
   691                           ;main.c: 93: TRISEbits.TRISE0 = 1;
   692  07AC  1409               	bsf	9,0	;volatile
   693                           
   694                           ;main.c: 94: TRISEbits.TRISE1 = 1;
   695  07AD  1489               	bsf	9,1	;volatile
   696                           
   697                           ;main.c: 95: TRISEbits.TRISE2 = 1;
   698  07AE  1509               	bsf	9,2	;volatile
   699                           
   700                           ;main.c: 96: TRISEbits.TRISE3 = 1;
   701  07AF  1589               	bsf	9,3	;volatile
   702  07B0  0008               	return
   703  07B1                     __end_of_init_io:	
   704  007E                     btemp	set	126	;btemp
   705  007E                     wtemp	set	126
   706  007E                     wtemp0	set	126
   707  0080                     wtemp1	set	128
   708  0082                     wtemp2	set	130
   709  0084                     wtemp3	set	132
   710  0086                     wtemp4	set	134
   711  0088                     wtemp5	set	136
   712  007F                     wtemp6	set	127
   713  007E                     ttemp	set	126
   714  007E                     ttemp0	set	126
   715  0081                     ttemp1	set	129
   716  0084                     ttemp2	set	132
   717  0087                     ttemp3	set	135
   718  007F                     ttemp4	set	127
   719  007E                     ltemp	set	126
   720  007E                     ltemp0	set	126
   721  0082                     ltemp1	set	130
   722  0086                     ltemp2	set	134
   723  0080                     ltemp3	set	128


Data Sizes:
    Strings     28
    Constant    0
    Data        0
    BSS         2
    Persistent  0
    Stack       0

Auto Spaces:
    Space          Size  Autos    Used
    COMMON           14      8      10
    BANK0            80      0       0
    BANK1            80      0       0
    BANK3            96      0       0
    BANK2            96      0       0

Pointer List with Targets:

    write_uart@txt	PTR const unsigned char  size(1) Largest target is 14
		 -> STR_2(CODE[14]), STR_1(CODE[14]), 


Critical Paths under _main in COMMON

    _main->_write_uart
    _write_uart->_uart_xmit

Critical Paths under _main in BANK0

    None.

Critical Paths under _main in BANK1

    None.

Critical Paths under _main in BANK3

    None.

Critical Paths under _main in BANK2

    None.

Call Graph Tables:

 ---------------------------------------------------------------------------------
 (Depth) Function   	        Calls       Base Space   Used Autos Params    Refs
 ---------------------------------------------------------------------------------
 (0) _main                                                 3     3      0     366
                                              5 COMMON     3     3      0
                            _init_io
                        _serial_init
                          _uart_xmit
                         _write_uart
 ---------------------------------------------------------------------------------
 (1) _write_uart                                           3     3      0     222
                                              2 COMMON     3     3      0
                          _uart_xmit
 ---------------------------------------------------------------------------------
 (2) _uart_xmit                                            2     0      2     144
                                              0 COMMON     2     0      2
 ---------------------------------------------------------------------------------
 (1) _serial_init                                          2     2      0       0
                                              0 COMMON     2     2      0
 ---------------------------------------------------------------------------------
 (1) _init_io                                              0     0      0       0
 ---------------------------------------------------------------------------------
 Estimated maximum stack depth 2
 ---------------------------------------------------------------------------------

 Call Graph Graphs:

 _main (ROOT)
   _init_io
   _serial_init
   _uart_xmit
   _write_uart
     _uart_xmit

 Address spaces:
Name               Size   Autos  Total    Cost      Usage
BITCOMMON            E      0       0       0        0.0%
EEDATA             100      0       0       0        0.0%
NULL                 0      0       0       0        0.0%
CODE                 0      0       0       0        0.0%
COMMON               E      8       A       1       71.4%
BITSFR0              0      0       0       1        0.0%
SFR0                 0      0       0       1        0.0%
BITSFR1              0      0       0       2        0.0%
SFR1                 0      0       0       2        0.0%
STACK                0      0       0       2        0.0%
ABS                  0      0       A       3        0.0%
BITBANK0            50      0       0       4        0.0%
BITSFR3              0      0       0       4        0.0%
SFR3                 0      0       0       4        0.0%
BANK0               50      0       0       5        0.0%
BITSFR2              0      0       0       5        0.0%
SFR2                 0      0       0       5        0.0%
BITBANK1            50      0       0       6        0.0%
BANK1               50      0       0       7        0.0%
BITBANK3            60      0       0       8        0.0%
BANK3               60      0       0       9        0.0%
BITBANK2            60      0       0      10        0.0%
BANK2               60      0       0      11        0.0%
DATA                 0      0       A      12        0.0%


Microchip Technology PIC Macro Assembler V1.31 build 56723 
Symbol Table                                                                                   Wed May 21 17:30:47 2014

                      _n 0078                        pc 0002              __CFG_CP$OFF 0000  
                     l38 073F                       u37 07D6                       u47 07F2  
                     u57 075A                       fsr 0004                      l609 07C1  
                    l597 0761             __CFG_CPD$OFF 0000                      fsr0 0004  
           __CFG_LVP$OFF 0000                     STR_1 0009                     STR_2 0017  
           __CFG_WRT$OFF 0000                     _main 07B1                     btemp 007E  
                   ltemp 007E                     start 0000                     ttemp 007E  
                   wtemp 007E            __CFG_IESO$OFF 0000            __CFG_MCLRE$ON 0000  
          write_uart@txt 0074                    ?_main 0070            __CFG_WDTE$OFF 0000  
                  _ANSEL 0188                    _SPBRG 0099                    _TXREG 0019  
         __CFG_FCMEN$OFF 0000          __end_of_init_io 07B1           __CFG_BOREN$OFF 0000  
                  pclath 000A                    ltemp0 007E                    ltemp1 0082  
                  ltemp2 0086                    ltemp3 0080                    ttemp0 007E  
                  ttemp1 0081                    ttemp2 0084                    ttemp3 0087  
                  ttemp4 007F                    status 0003                    wtemp0 007E  
                  wtemp1 0080                    wtemp2 0082                    wtemp3 0084  
                  wtemp4 0086                    wtemp5 0088                    wtemp6 007F  
        __initialization 07FA             __end_of_main 07FA                   ??_main 0075  
                 _ANSELH 0189           __CFG_PWRTE$OFF 0000             ?_serial_init 0070  
              ??_init_io 0070  __end_of__initialization 07FC           __pcstackCOMMON 0070  
             __pmaintext 07B1                  _CM1CON0 0107                  _CM2CON0 0108  
     __size_of_uart_xmit 0009               __stringtab 0003     __size_of_serial_init 0018  
                __ptext1 0760                  __ptext2 073F                  __ptext3 0748  
                __ptext4 0782                  _init_io 0782     end_of_initialization 07FC  
      __end_of_uart_xmit 0748                _RCSTAbits 0018                _TRISAbits 0085  
              _TRISBbits 0086                _TRISCbits 0087                _TRISDbits 0088  
              _TRISEbits 0089     uart_xmit@mydata_byte 0070                _TXSTAbits 0098  
             _write_uart 0760      start_initialization 07FA              __pbssCOMMON 0078  
              ___latbits 0002      __end_of__stringdata 0025   __CFG_FOSC$INTRC_CLKOUT 0000  
            ?_write_uart 0070                __pstrings 0003                 ?_init_io 0070  
          ??_serial_init 0070                _uart_xmit 073F              __stringbase 0008  
            __stringdata 0009      __size_of_write_uart 0022               ?_uart_xmit 0070  
    __end_of_serial_init 0760       __end_of__stringtab 0009         __size_of_init_io 002F  
      __CFG_BOR4V$BOR40V 0000            __size_of_main 0049                stringcode 0003  
             _OSCCONbits 008F              _serial_init 0748              ??_uart_xmit 0072  
           ??_write_uart 0072                 stringdir 0003                 stringtab 0003  
     __end_of_write_uart 0782  
