Microchip MPLAB XC8 Compiler V1.32 ()

Linker command line:

--edf=C:\Program Files\Microchip\xc8\v1.32\dat\en_msgs.txt -cs \
  -h+dist/default/production\nunchuck_i2c.X.production.sym \
  --cmf=dist/default/production\nunchuck_i2c.X.production.cmf -z -Q16F1509 \
  -oC:\Users\Chas\AppData\Local\Temp\sr18.6 \
  -Mdist/default/production/nunchuck_i2c.X.production.map -E1 -ver=XC8 \
  -ASTACK=02032h-021efh -pstack=STACK -ACONST=00h-0FFhx32 \
  -ACODE=00h-07FFhx4 -ASTRCODE=00h-01FFFh -AENTRY=00h-0FFhx32 \
  -ASTRING=00h-0FFhx32 -ACOMMON=070h-07Fh -ABANK0=020h-06Fh \
  -ABANK1=0A0h-0EFh -ABANK2=0120h-016Fh -ABANK3=01A0h-01EFh \
  -ABANK4=0220h-026Fh -ABANK5=02A0h-02EFh -ABANK6=0320h-032Fh \
  -ABIGRAM=02000h-021EFh \
  -ARAM=020h-06Fh,0A0h-0EFh,0120h-016Fh,01A0h-01EFh,0220h-026Fh,02A0h-02EFh,0320h-032Fh \
  -AABS1=020h-07Fh,0A0h-0EFh,0120h-016Fh,01A0h-01EFh,0220h-026Fh,02A0h-02EFh,0320h-032Fh \
  -ASFR0=00h-01Fh -ASFR1=080h-09Fh -ASFR2=0100h-011Fh -ASFR3=0180h-019Fh \
  -ASFR4=0200h-021Fh -ASFR5=0280h-029Fh -ASFR6=0300h-031Fh \
  -ASFR7=0380h-03EFh -ASFR8=0400h-046Fh -ASFR9=0480h-04EFh \
  -ASFR10=0500h-056Fh -ASFR11=0580h-05EFh -ASFR12=0600h-066Fh \
  -ASFR13=0680h-06EFh -ASFR14=0700h-076Fh -ASFR15=0780h-07EFh \
  -ASFR16=0800h-086Fh -ASFR17=0880h-08EFh -ASFR18=0900h-096Fh \
  -ASFR19=0980h-09EFh -ASFR20=0A00h-0A6Fh -ASFR21=0A80h-0AEFh \
  -ASFR22=0B00h-0B6Fh -ASFR23=0B80h-0BEFh -ASFR24=0C00h-0C6Fh \
  -ASFR25=0C80h-0CEFh -ASFR26=0D00h-0D6Fh -ASFR27=0D80h-0DEFh \
  -ASFR28=0E00h-0E6Fh -ASFR29=0E80h-0EEFh -ASFR30=0F00h-0F6Fh \
  -ASFR31=0F80h-0FEFh -preset_vec=00h,intentry,init,end_init -ppowerup=CODE \
  -pcinit=CODE -pfunctab=CODE -ACONFIG=08007h-08008h -pconfig=CONFIG \
  -DCONFIG=2 -AIDLOC=08000h-08003h -pidloc=IDLOC -DIDLOC=2 -DCODE=2 \
  -DSTRCODE=2 -DSTRING=2 -DCONST=2 -DENTRY=2 -k \
  C:\Users\Chas\AppData\Local\Temp\sr18.obj \
  dist/default/production\nunchuck_i2c.X.production.obj 

Object code version is 3.11

Machine type is 16F1509



                Name                               Link     Load   Length Selector   Space Scale
C:\Users\Chas\AppData\Local\Temp\sr18.obj
                end_init                              2        2        2        0       0
                reset_vec                             0        0        2        0       0
                config                             8007     8007        2    1000E       0
dist/default/production\nunchuck_i2c.X.production.obj
                cinit                               7ED      7ED       13      FDA       0
                text12                              703      703       18      E06       0
                text11                              6D3      6D3       10      DA6       0
                text10                              6C4      6C4        F      D88       0
                text9                               6A9      6A9        D      D52       0
                text8                               68C      68C        9      D18       0
                text7                               71B      71B       21      E36       0
                text6                               695      695        9      D2A       0
                text5                               6E3      6E3       10      DC6       0
                text4                               6B6      6B6        E      D6C       0
                text3                               69E      69E        B      D3C       0
                text2                               73C      73C       51      E78       0
                text1                               6F3      6F3       10      DE6       0
                maintext                            78D      78D       60      F1A       0
                cstackCOMMON                         78       78        6       70       1
                clrtext                             686      686        6      D0C       0
                bssBANK0                             20       20       32       20       1
                bssCOMMON                            70       70        8       70       1

TOTAL           Name                               Link     Load   Length     Space
        CLASS   STACK          

        CLASS   CONST          

        CLASS   CODE           
                end_init                              2        2        2         0
                cinit                               7ED      7ED       13         0
                reset_vec                             0        0        2         0
                text12                              703      703       18         0
                text11                              6D3      6D3       10         0
                text10                              6C4      6C4        F         0
                text9                               6A9      6A9        D         0
                text8                               68C      68C        9         0
                text7                               71B      71B       21         0
                text6                               695      695        9         0
                text5                               6E3      6E3       10         0
                text4                               6B6      6B6        E         0
                text3                               69E      69E        B         0
                text2                               73C      73C       51         0
                text1                               6F3      6F3       10         0
                maintext                            78D      78D       60         0
                clrtext                             686      686        6         0

        CLASS   STRCODE        

        CLASS   ENTRY          

        CLASS   STRING         

        CLASS   COMMON         
                cstackCOMMON                         78       78        6         1
                bssCOMMON                            70       70        8         1

        CLASS   BANK0          
                bssBANK0                             20       20       32         1

        CLASS   BANK1          

        CLASS   BANK2          

        CLASS   BANK3          

        CLASS   BANK4          

        CLASS   BANK5          

        CLASS   BANK6          

        CLASS   BIGRAM         

        CLASS   RAM            

        CLASS   ABS1           
                abs_s1                               7E       7E        2         1

        CLASS   SFR0           

        CLASS   SFR1           

        CLASS   SFR2           

        CLASS   SFR3           

        CLASS   SFR4           

        CLASS   SFR5           

        CLASS   SFR6           

        CLASS   SFR7           

        CLASS   SFR8           

        CLASS   SFR9           

        CLASS   SFR10          

        CLASS   SFR11          

        CLASS   SFR12          

        CLASS   SFR13          

        CLASS   SFR14          

        CLASS   SFR15          

        CLASS   SFR16          

        CLASS   SFR17          

        CLASS   SFR18          

        CLASS   SFR19          

        CLASS   SFR20          

        CLASS   SFR21          

        CLASS   SFR22          

        CLASS   SFR23          

        CLASS   SFR24          

        CLASS   SFR25          

        CLASS   SFR26          

        CLASS   SFR27          

        CLASS   SFR28          

        CLASS   SFR29          

        CLASS   SFR30          

        CLASS   SFR31          

        CLASS   CONFIG         
                config                             8007     8007        2         0

        CLASS   IDLOC          

        CLASS   BANK31         

        CLASS   BANK30         

        CLASS   BANK29         

        CLASS   BANK28         

        CLASS   BANK27         

        CLASS   BANK26         

        CLASS   BANK25         

        CLASS   BANK24         

        CLASS   BANK23         

        CLASS   BANK22         

        CLASS   BANK21         

        CLASS   BANK20         

        CLASS   BANK19         

        CLASS   BANK18         

        CLASS   BANK17         

        CLASS   BANK16         

        CLASS   BANK15         

        CLASS   BANK14         

        CLASS   BANK13         

        CLASS   BANK12         

        CLASS   BANK11         

        CLASS   BANK10         

        CLASS   BANK9          

        CLASS   BANK8          

        CLASS   BANK7          

        CLASS   EEDATA         



SEGMENTS        Name                           Load    Length   Top    Selector   Space  Class     Delta

                reset_vec                      000000  000004  000004         0       0  CODE        2
                bssBANK0                       000020  000032  000052        20       1  BANK0       1
                bssCOMMON                      000070  00000E  00007E        70       1  COMMON      1
                clrtext                        000686  000006  00068C       D0C       0  CODE        2
                text8                          00068C  000009  000695       D18       0  CODE        2
                text6                          000695  000009  00069E       D2A       0  CODE        2
                text3                          00069E  00000B  0006A9       D3C       0  CODE        2
                text9                          0006A9  00000D  0006B6       D52       0  CODE        2
                text4                          0006B6  00000E  0006C4       D6C       0  CODE        2
                text10                         0006C4  00000F  0006D3       D88       0  CODE        2
                text11                         0006D3  000010  0006E3       DA6       0  CODE        2
                text5                          0006E3  000010  0006F3       DC6       0  CODE        2
                text1                          0006F3  000010  000703       DE6       0  CODE        2
                text12                         000703  000018  00071B       E06       0  CODE        2
                text7                          00071B  000021  00073C       E36       0  CODE        2
                text2                          00073C  000051  00078D       E78       0  CODE        2
                maintext                       00078D  000060  0007ED       F1A       0  CODE        2
                cinit                          0007ED  000013  000800       FDA       0  CODE        2
                config                         008007  000002  008009     1000E       0  CONFIG      2


UNUSED ADDRESS RANGES

        Name                Unused          Largest block    Delta
        BANK0            00052-0006F              1E           1
        BANK1            000A0-000EF              50           1
        BANK2            00120-0016F              50           1
        BANK3            001A0-001EF              50           1
        BANK4            00220-0026F              50           1
        BANK5            002A0-002EF              50           1
        BANK6            00320-0032F              10           1
        BIGRAM           02000-021EF             1F0           1
        CODE             00004-00685             682           2
                         00800-01FFF             800
        CONST            00004-00685             100           2
                         00800-01FFF             100
        ENTRY            00004-00685             100           2
                         00800-01FFF             100
        IDLOC            08000-08003               4           2
        RAM              00052-0006F              1E           1
                         000A0-000EF              50
                         00120-0016F              50
                         001A0-001EF              50
                         00220-0026F              50
                         002A0-002EF              50
                         00320-0032F              10
        SFR0             00000-0001F              20           1
        SFR1             00080-0009F              20           1
        SFR10            00500-0056F              70           1
        SFR11            00580-005EF              70           1
        SFR12            00600-0066F              70           1
        SFR13            00680-006EF              70           1
        SFR14            00700-0076F              70           1
        SFR15            00780-007EF              70           1
        SFR16            00800-0086F              70           1
        SFR17            00880-008EF              70           1
        SFR18            00900-0096F              70           1
        SFR19            00980-009EF              70           1
        SFR2             00100-0011F              20           1
        SFR20            00A00-00A6F              70           1
        SFR21            00A80-00AEF              70           1
        SFR22            00B00-00B6F              70           1
        SFR23            00B80-00BEF              70           1
        SFR24            00C00-00C6F              70           1
        SFR25            00C80-00CEF              70           1
        SFR26            00D00-00D6F              70           1
        SFR27            00D80-00DEF              70           1
        SFR28            00E00-00E6F              70           1
        SFR29            00E80-00EEF              70           1
        SFR3             00180-0019F              20           1
        SFR30            00F00-00F6F              70           1
        SFR31            00F80-00FEF              70           1
        SFR4             00200-0021F              20           1
        SFR5             00280-0029F              20           1
        SFR6             00300-0031F              20           1
        SFR7             00380-003EF              70           1
        SFR8             00400-0046F              70           1
        SFR9             00480-004EF              70           1
        STACK            02032-021EF             1BE           1
        STRCODE          00004-00685             682           2
                         00800-01FFF            1800
        STRING           00004-00685             100           2
                         00800-01FFF             100

                                  Symbol Table

Send_I2C_Data@databyte                   cstackCOMMON 00078
_ACK_bit                                 bssBANK0     00042
_ANSELA                                  (abs)        0018C
_ANSELB                                  (abs)        0018D
_ANSELC                                  (abs)        0018E
_BF                                      (abs)        010A0
_I2C_ACK                                 text6        00695
_I2C_Control_Read                        text5        006E3
_I2C_Control_Write                       text11       006D3
_I2C_NAK                                 text4        006B6
_I2C_Start_Bit                           text10       006C4
_I2C_Stop_Bit                            text9        006A9
_LATAbits                                (abs)        0010C
_OPTION_REGbits                          (abs)        00095
_OSCCONbits                              (abs)        00099
_PIR1bits                                (abs)        00011
_RCEN                                    (abs)        010B3
_RESP10Byte                              bssBANK0     00048
_RESP11Byte                              bssBANK0     00049
_RESP12Byte                              bssBANK0     0004A
_RESP13Byte                              bssBANK0     0004B
_RESP14Byte                              bssBANK0     0004C
_RESP1Byte                               bssCOMMON    00070
_RESP2Byte                               bssCOMMON    00071
_RESP3Byte                               bssCOMMON    00072
_RESP4Byte                               bssBANK0     0004D
_RESP5Byte                               bssCOMMON    00073
_RESP6Byte                               bssBANK0     0004E
_RESP7Byte                               bssBANK0     0004F
_RESP8Byte                               bssBANK0     00050
_RESP9Byte                               bssBANK0     00051
_RSEN                                    (abs)        010B1
_RX_I2C_Data                             text3        0069E
_SSP1ADD                                 (abs)        00212
_SSP1BUF                                 (abs)        00211
_SSP1CON2bits                            (abs)        00216
_SSPADD                                  (abs)        00212
_SSPBUF                                  (abs)        00211
_SSPCON2                                 (abs)        00216
_SSPCON2bits                             (abs)        00216
_SSPCONbits                              (abs)        00215
_SSPSTAT                                 (abs)        00214
_SSPSTATbits                             (abs)        00214
_Send_I2C_Data                           text8        0068C
_StatusByte                              bssCOMMON    00074
_TRISAbits                               (abs)        0008C
_TRISBbits                               (abs)        0008D
_TRISCbits                               (abs)        0008E
__CFG_BOREN$OFF                          (abs)        00000
__CFG_CLKOUTEN$OFF                       (abs)        00000
__CFG_CP$OFF                             (abs)        00000
__CFG_FCMEN$OFF                          (abs)        00000
__CFG_FOSC$INTOSC                        (abs)        00000
__CFG_LVP$OFF                            (abs)        00000
__CFG_MCLRE$ON                           (abs)        00000
__CFG_PWRTE$ON                           (abs)        00000
__CFG_STVREN$OFF                         (abs)        00000
__CFG_WDTE$OFF                           (abs)        00000
__CFG_WRT$OFF                            (abs)        00000
__Habs1                                  abs1         00000
__Hbank0                                 bank0        00000
__Hbank1                                 bank1        00000
__Hbank10                                bank10       00000
__Hbank11                                bank11       00000
__Hbank12                                bank12       00000
__Hbank13                                bank13       00000
__Hbank14                                bank14       00000
__Hbank15                                bank15       00000
__Hbank16                                bank16       00000
__Hbank17                                bank17       00000
__Hbank18                                bank18       00000
__Hbank19                                bank19       00000
__Hbank2                                 bank2        00000
__Hbank20                                bank20       00000
__Hbank21                                bank21       00000
__Hbank22                                bank22       00000
__Hbank23                                bank23       00000
__Hbank24                                bank24       00000
__Hbank25                                bank25       00000
__Hbank26                                bank26       00000
__Hbank27                                bank27       00000
__Hbank28                                bank28       00000
__Hbank29                                bank29       00000
__Hbank3                                 bank3        00000
__Hbank30                                bank30       00000
__Hbank31                                bank31       00000
__Hbank4                                 bank4        00000
__Hbank5                                 bank5        00000
__Hbank6                                 bank6        00000
__Hbank7                                 bank7        00000
__Hbank8                                 bank8        00000
__Hbank9                                 bank9        00000
__Hbigram                                bigram       00000
__HbssBANK0                              bssBANK0     00000
__HbssCOMMON                             bssCOMMON    00000
__Hcinit                                 cinit        00800
__Hclrtext                               clrtext      00000
__Hcode                                  code         00000
__Hcommon                                common       00000
__Hconfig                                config       08009
__HcstackCOMMON                          cstackCOMMON 00000
__Heeprom_data                           eeprom_data  00000
__Hend_init                              end_init     00004
__Hfunctab                               functab      00000
__Hidloc                                 idloc        00000
__Hinit                                  init         00002
__Hintentry                              intentry     00002
__Hmaintext                              maintext     00000
__Hpowerup                               powerup      00000
__Hram                                   ram          00000
__Hreset_vec                             reset_vec    00002
__Hsfr0                                  sfr0         00000
__Hsfr1                                  sfr1         00000
__Hsfr10                                 sfr10        00000
__Hsfr11                                 sfr11        00000
__Hsfr12                                 sfr12        00000
__Hsfr13                                 sfr13        00000
__Hsfr14                                 sfr14        00000
__Hsfr15                                 sfr15        00000
__Hsfr16                                 sfr16        00000
__Hsfr17                                 sfr17        00000
__Hsfr18                                 sfr18        00000
__Hsfr19                                 sfr19        00000
__Hsfr2                                  sfr2         00000
__Hsfr20                                 sfr20        00000
__Hsfr21                                 sfr21        00000
__Hsfr22                                 sfr22        00000
__Hsfr23                                 sfr23        00000
__Hsfr24                                 sfr24        00000
__Hsfr25                                 sfr25        00000
__Hsfr26                                 sfr26        00000
__Hsfr27                                 sfr27        00000
__Hsfr28                                 sfr28        00000
__Hsfr29                                 sfr29        00000
__Hsfr3                                  sfr3         00000
__Hsfr30                                 sfr30        00000
__Hsfr31                                 sfr31        00000
__Hsfr4                                  sfr4         00000
__Hsfr5                                  sfr5         00000
__Hsfr6                                  sfr6         00000
__Hsfr7                                  sfr7         00000
__Hsfr8                                  sfr8         00000
__Hsfr9                                  sfr9         00000
__Hspace_0                               (abs)        08009
__Hspace_1                               (abs)        0007E
__Hspace_2                               (abs)        00000
__Hspace_3                               (abs)        00000
__Hstack                                 stack        00000
__Hstrings                               strings      00000
__Htext                                  text         00000
__Labs1                                  abs1         00000
__Lbank0                                 bank0        00000
__Lbank1                                 bank1        00000
__Lbank10                                bank10       00000
__Lbank11                                bank11       00000
__Lbank12                                bank12       00000
__Lbank13                                bank13       00000
__Lbank14                                bank14       00000
__Lbank15                                bank15       00000
__Lbank16                                bank16       00000
__Lbank17                                bank17       00000
__Lbank18                                bank18       00000
__Lbank19                                bank19       00000
__Lbank2                                 bank2        00000
__Lbank20                                bank20       00000
__Lbank21                                bank21       00000
__Lbank22                                bank22       00000
__Lbank23                                bank23       00000
__Lbank24                                bank24       00000
__Lbank25                                bank25       00000
__Lbank26                                bank26       00000
__Lbank27                                bank27       00000
__Lbank28                                bank28       00000
__Lbank29                                bank29       00000
__Lbank3                                 bank3        00000
__Lbank30                                bank30       00000
__Lbank31                                bank31       00000
__Lbank4                                 bank4        00000
__Lbank5                                 bank5        00000
__Lbank6                                 bank6        00000
__Lbank7                                 bank7        00000
__Lbank8                                 bank8        00000
__Lbank9                                 bank9        00000
__Lbigram                                bigram       00000
__LbssBANK0                              bssBANK0     00000
__LbssCOMMON                             bssCOMMON    00000
__Lcinit                                 cinit        007ED
__Lclrtext                               clrtext      00000
__Lcode                                  code         00000
__Lcommon                                common       00000
__Lconfig                                config       08007
__LcstackCOMMON                          cstackCOMMON 00000
__Leeprom_data                           eeprom_data  00000
__Lend_init                              end_init     00002
__Lfunctab                               functab      00000
__Lidloc                                 idloc        00000
__Linit                                  init         00002
__Lintentry                              intentry     00002
__Lmaintext                              maintext     00000
__Lpowerup                               powerup      00000
__Lram                                   ram          00000
__Lreset_vec                             reset_vec    00000
__Lsfr0                                  sfr0         00000
__Lsfr1                                  sfr1         00000
__Lsfr10                                 sfr10        00000
__Lsfr11                                 sfr11        00000
__Lsfr12                                 sfr12        00000
__Lsfr13                                 sfr13        00000
__Lsfr14                                 sfr14        00000
__Lsfr15                                 sfr15        00000
__Lsfr16                                 sfr16        00000
__Lsfr17                                 sfr17        00000
__Lsfr18                                 sfr18        00000
__Lsfr19                                 sfr19        00000
__Lsfr2                                  sfr2         00000
__Lsfr20                                 sfr20        00000
__Lsfr21                                 sfr21        00000
__Lsfr22                                 sfr22        00000
__Lsfr23                                 sfr23        00000
__Lsfr24                                 sfr24        00000
__Lsfr25                                 sfr25        00000
__Lsfr26                                 sfr26        00000
__Lsfr27                                 sfr27        00000
__Lsfr28                                 sfr28        00000
__Lsfr29                                 sfr29        00000
__Lsfr3                                  sfr3         00000
__Lsfr30                                 sfr30        00000
__Lsfr31                                 sfr31        00000
__Lsfr4                                  sfr4         00000
__Lsfr5                                  sfr5         00000
__Lsfr6                                  sfr6         00000
__Lsfr7                                  sfr7         00000
__Lsfr8                                  sfr8         00000
__Lsfr9                                  sfr9         00000
__Lspace_0                               (abs)        00000
__Lspace_1                               (abs)        00000
__Lspace_2                               (abs)        00000
__Lspace_3                               (abs)        00000
__Lstack                                 stack        00000
__Lstrings                               strings      00000
__Ltext                                  text         00000
__S0                                     (abs)        08009
__S1                                     (abs)        0007E
__S2                                     (abs)        00000
___int_sp                                stack        00000
___latbits                               (abs)        00002
___sp                                    stack        00000
__end_of_I2C_ACK                         text6        0069E
__end_of_I2C_Control_Read                text5        006F3
__end_of_I2C_Control_Write               text11       006E3
__end_of_I2C_NAK                         text4        006C4
__end_of_I2C_Start_Bit                   text10       006D3
__end_of_I2C_Stop_Bit                    text9        006B6
__end_of_RX_I2C_Data                     text3        006A9
__end_of_Send_I2C_Data                   text8        00695
__end_of__initialization                 cinit        007FC
__end_of_init_io                         text12       0071B
__end_of_initialize_nunchuk              text7        0073C
__end_of_main                            maintext     007ED
__end_of_read_state                      text2        0078D
__end_of_start_conversion_with_nunchuck  text1        00703
__initialization                         cinit        007ED
__pbssBANK0                              bssBANK0     00020
__pbssCOMMON                             bssCOMMON    00070
__pcstackCOMMON                          cstackCOMMON 00078
__pmaintext                              maintext     0078D
__ptext0                                 text0        00000
__ptext1                                 text1        006F3
__ptext10                                text10       006C4
__ptext11                                text11       006D3
__ptext12                                text12       00703
__ptext2                                 text2        0073C
__ptext3                                 text3        0069E
__ptext4                                 text4        006B6
__ptext5                                 text5        006E3
__ptext6                                 text6        00695
__ptext7                                 text7        0071B
__ptext8                                 text8        0068C
__ptext9                                 text9        006A9
__size_of_I2C_ACK                        (abs)        00000
__size_of_I2C_Control_Read               (abs)        00000
__size_of_I2C_Control_Write              (abs)        00000
__size_of_I2C_NAK                        (abs)        00000
__size_of_I2C_Start_Bit                  (abs)        00000
__size_of_I2C_Stop_Bit                   (abs)        00000
__size_of_RX_I2C_Data                    (abs)        00000
__size_of_Send_I2C_Data                  (abs)        00000
__size_of_init_io                        (abs)        00000
__size_of_initialize_nunchuk             (abs)        00000
__size_of_main                           (abs)        00000
__size_of_read_state                     (abs)        00000
__size_of_start_conversion_with_nunchuck (abs)        00000
_buf                                     bssBANK0     00020
_byte                                    bssCOMMON    00075
_i                                       bssBANK0     00044
_init_io                                 text12       00703
_initialize_nunchuk                      text7        0071B
_main                                    maintext     0078D
_read_state                              text2        0073C
_start_conversion_with_nunchuck          text1        006F3
_temp10                                  bssBANK0     0002A
_temp25                                  bssBANK0     0002E
_tempbyte1                               bssCOMMON    00076
_tempbyte2                               bssCOMMON    00077
_tempi                                   bssBANK0     00032
_tempn                                   bssBANK0     00036
_tempx                                   bssBANK0     0003A
_tempy                                   bssBANK0     0003E
_x                                       bssBANK0     00046
btemp                                    (abs)        0007E
clear_ram0                               clrtext      00686
end_of_initialization                    cinit        007FC
intlevel0                                functab      00000
intlevel1                                functab      00000
intlevel2                                functab      00000
intlevel3                                functab      00000
intlevel4                                functab      00000
intlevel5                                functab      00000
ltemp                                    (abs)        0007E
ltemp0                                   (abs)        0007E
ltemp1                                   (abs)        00082
ltemp2                                   (abs)        00086
ltemp3                                   (abs)        00080
pic14e$flags                             (abs)        0007E
reset_vec                                reset_vec    00000
stackhi                                  (abs)        021EF
stacklo                                  (abs)        02032
start                                    init         00002
start_initialization                     cinit        007ED
ttemp                                    (abs)        0007E
ttemp0                                   (abs)        0007E
ttemp1                                   (abs)        00081
ttemp2                                   (abs)        00084
ttemp3                                   (abs)        00087
ttemp4                                   (abs)        0007F
wtemp                                    (abs)        0007E
wtemp0                                   (abs)        0007E
wtemp1                                   (abs)        00080
wtemp2                                   (abs)        00082
wtemp3                                   (abs)        00084
wtemp4                                   (abs)        00086
wtemp5                                   (abs)        00088
wtemp6                                   (abs)        0007F


FUNCTION INFORMATION:

 *************** function _main *****************
 Defined at:
		line 281 in file "main.c"
 Parameters:    Size  Location     Type
		None
 Auto vars:     Size  Location     Type
		None
 Return value:  Size  Location     Type
                  2  183[COMMON] int 
 Registers used:
		wreg, status,2, status,0, pclath, cstack
 Tracked objects:
		On entry : 
		On exit  : 
		Unchanged: 
 Data sizes:     COMMON   BANK0   BANK1   BANK2   BANK3   BANK4   BANK5   BANK6
      Params:         0       0       0       0       0       0       0       0
      Locals:         0       0       0       0       0       0       0       0
      Temps:          2       0       0       0       0       0       0       0
      Totals:         2       0       0       0       0       0       0       0
Total ram usage:        2 bytes
 Hardware stack levels required when called:    2
 This function calls:
		_init_io
		_initialize_nunchuk
		_read_state
		_start_conversion_with_nunchuck
 This function is called by:
		Startup code after reset
 This function uses a non-reentrant model


 *************** function _start_conversion_with_nunchuck *****************
 Defined at:
		line 214 in file "main.c"
 Parameters:    Size  Location     Type
		None
 Auto vars:     Size  Location     Type
		None
 Return value:  Size  Location     Type
		None               void
 Registers used:
		wreg, status,2, status,0, pclath, cstack
 Tracked objects:
		On entry : 
		On exit  : 
		Unchanged: 
 Data sizes:     COMMON   BANK0   BANK1   BANK2   BANK3   BANK4   BANK5   BANK6
      Params:         0       0       0       0       0       0       0       0
      Locals:         0       0       0       0       0       0       0       0
      Temps:          0       0       0       0       0       0       0       0
      Totals:         0       0       0       0       0       0       0       0
Total ram usage:        0 bytes
 Hardware stack levels used:    1
 Hardware stack levels required when called:    1
 This function calls:
		_I2C_Control_Write
		_I2C_Start_Bit
		_I2C_Stop_Bit
		_Send_I2C_Data
 This function is called by:
		_main
 This function uses a non-reentrant model


 *************** function _read_state *****************
 Defined at:
		line 229 in file "main.c"
 Parameters:    Size  Location     Type
		None
 Auto vars:     Size  Location     Type
		None
 Return value:  Size  Location     Type
		None               void
 Registers used:
		wreg, status,2, status,0, pclath, cstack
 Tracked objects:
		On entry : 
		On exit  : 
		Unchanged: 
 Data sizes:     COMMON   BANK0   BANK1   BANK2   BANK3   BANK4   BANK5   BANK6
      Params:         0       0       0       0       0       0       0       0
      Locals:         0       0       0       0       0       0       0       0
      Temps:          1       0       0       0       0       0       0       0
      Totals:         1       0       0       0       0       0       0       0
Total ram usage:        1 bytes
 Hardware stack levels used:    1
 Hardware stack levels required when called:    1
 This function calls:
		_I2C_ACK
		_I2C_Control_Read
		_I2C_NAK
		_I2C_Start_Bit
		_I2C_Stop_Bit
		_RX_I2C_Data
 This function is called by:
		_main
 This function uses a non-reentrant model


 *************** function _RX_I2C_Data *****************
 Defined at:
		line 105 in file "main.c"
 Parameters:    Size  Location     Type
		None
 Auto vars:     Size  Location     Type
		None
 Return value:  Size  Location     Type
                  1    wreg      unsigned char 
 Registers used:
		wreg
 Tracked objects:
		On entry : 
		On exit  : 
		Unchanged: 
 Data sizes:     COMMON   BANK0   BANK1   BANK2   BANK3   BANK4   BANK5   BANK6
      Params:         0       0       0       0       0       0       0       0
      Locals:         0       0       0       0       0       0       0       0
      Temps:          1       0       0       0       0       0       0       0
      Totals:         1       0       0       0       0       0       0       0
Total ram usage:        1 bytes
 Hardware stack levels used:    1
 This function calls:
		Nothing
 This function is called by:
		_read_state
 This function uses a non-reentrant model


 *************** function _I2C_NAK *****************
 Defined at:
		line 183 in file "main.c"
 Parameters:    Size  Location     Type
		None
 Auto vars:     Size  Location     Type
		None
 Return value:  Size  Location     Type
		None               void
 Registers used:
		wreg
 Tracked objects:
		On entry : 
		On exit  : 
		Unchanged: 
 Data sizes:     COMMON   BANK0   BANK1   BANK2   BANK3   BANK4   BANK5   BANK6
      Params:         0       0       0       0       0       0       0       0
      Locals:         0       0       0       0       0       0       0       0
      Temps:          0       0       0       0       0       0       0       0
      Totals:         0       0       0       0       0       0       0       0
Total ram usage:        0 bytes
 Hardware stack levels used:    1
 This function calls:
		Nothing
 This function is called by:
		_read_state
 This function uses a non-reentrant model


 *************** function _I2C_Control_Read *****************
 Defined at:
		line 128 in file "main.c"
 Parameters:    Size  Location     Type
		None
 Auto vars:     Size  Location     Type
		None
 Return value:  Size  Location     Type
		None               void
 Registers used:
		wreg
 Tracked objects:
		On entry : 
		On exit  : 
		Unchanged: 
 Data sizes:     COMMON   BANK0   BANK1   BANK2   BANK3   BANK4   BANK5   BANK6
      Params:         0       0       0       0       0       0       0       0
      Locals:         0       0       0       0       0       0       0       0
      Temps:          0       0       0       0       0       0       0       0
      Totals:         0       0       0       0       0       0       0       0
Total ram usage:        0 bytes
 Hardware stack levels used:    1
 This function calls:
		Nothing
 This function is called by:
		_read_state
 This function uses a non-reentrant model


 *************** function _I2C_ACK *****************
 Defined at:
		line 89 in file "main.c"
 Parameters:    Size  Location     Type
		None
 Auto vars:     Size  Location     Type
		None
 Return value:  Size  Location     Type
		None               void
 Registers used:
		None
 Tracked objects:
		On entry : 
		On exit  : 
		Unchanged: 
 Data sizes:     COMMON   BANK0   BANK1   BANK2   BANK3   BANK4   BANK5   BANK6
      Params:         0       0       0       0       0       0       0       0
      Locals:         0       0       0       0       0       0       0       0
      Temps:          0       0       0       0       0       0       0       0
      Totals:         0       0       0       0       0       0       0       0
Total ram usage:        0 bytes
 Hardware stack levels used:    1
 This function calls:
		Nothing
 This function is called by:
		_read_state
 This function uses a non-reentrant model


 *************** function _initialize_nunchuk *****************
 Defined at:
		line 200 in file "main.c"
 Parameters:    Size  Location     Type
		None
 Auto vars:     Size  Location     Type
		None
 Return value:  Size  Location     Type
		None               void
 Registers used:
		wreg, status,2, status,0, pclath, cstack
 Tracked objects:
		On entry : 
		On exit  : 
		Unchanged: 
 Data sizes:     COMMON   BANK0   BANK1   BANK2   BANK3   BANK4   BANK5   BANK6
      Params:         0       0       0       0       0       0       0       0
      Locals:         0       0       0       0       0       0       0       0
      Temps:          2       0       0       0       0       0       0       0
      Totals:         2       0       0       0       0       0       0       0
Total ram usage:        2 bytes
 Hardware stack levels used:    1
 Hardware stack levels required when called:    1
 This function calls:
		_I2C_Control_Write
		_I2C_Start_Bit
		_I2C_Stop_Bit
		_Send_I2C_Data
 This function is called by:
		_main
 This function uses a non-reentrant model


 *************** function _Send_I2C_Data *****************
 Defined at:
		line 98 in file "main.c"
 Parameters:    Size  Location     Type
  databyte        2    0[COMMON] unsigned int 
 Auto vars:     Size  Location     Type
		None
 Return value:  Size  Location     Type
		None               void
 Registers used:
		wreg
 Tracked objects:
		On entry : 
		On exit  : 
		Unchanged: 
 Data sizes:     COMMON   BANK0   BANK1   BANK2   BANK3   BANK4   BANK5   BANK6
      Params:         2       0       0       0       0       0       0       0
      Locals:         0       0       0       0       0       0       0       0
      Temps:          0       0       0       0       0       0       0       0
      Totals:         2       0       0       0       0       0       0       0
Total ram usage:        2 bytes
 Hardware stack levels used:    1
 This function calls:
		Nothing
 This function is called by:
		_initialize_nunchuk
		_start_conversion_with_nunchuck
 This function uses a non-reentrant model


 *************** function _I2C_Stop_Bit *****************
 Defined at:
		line 172 in file "main.c"
 Parameters:    Size  Location     Type
		None
 Auto vars:     Size  Location     Type
		None
 Return value:  Size  Location     Type
		None               void
 Registers used:
		wreg
 Tracked objects:
		On entry : 
		On exit  : 
		Unchanged: 
 Data sizes:     COMMON   BANK0   BANK1   BANK2   BANK3   BANK4   BANK5   BANK6
      Params:         0       0       0       0       0       0       0       0
      Locals:         0       0       0       0       0       0       0       0
      Temps:          0       0       0       0       0       0       0       0
      Totals:         0       0       0       0       0       0       0       0
Total ram usage:        0 bytes
 Hardware stack levels used:    1
 This function calls:
		Nothing
 This function is called by:
		_initialize_nunchuk
		_start_conversion_with_nunchuck
		_read_state
 This function uses a non-reentrant model


 *************** function _I2C_Start_Bit *****************
 Defined at:
		line 140 in file "main.c"
 Parameters:    Size  Location     Type
		None
 Auto vars:     Size  Location     Type
		None
 Return value:  Size  Location     Type
		None               void
 Registers used:
		wreg
 Tracked objects:
		On entry : 
		On exit  : 
		Unchanged: 
 Data sizes:     COMMON   BANK0   BANK1   BANK2   BANK3   BANK4   BANK5   BANK6
      Params:         0       0       0       0       0       0       0       0
      Locals:         0       0       0       0       0       0       0       0
      Temps:          0       0       0       0       0       0       0       0
      Totals:         0       0       0       0       0       0       0       0
Total ram usage:        0 bytes
 Hardware stack levels used:    1
 This function calls:
		Nothing
 This function is called by:
		_initialize_nunchuk
		_start_conversion_with_nunchuck
		_read_state
 This function uses a non-reentrant model


 *************** function _I2C_Control_Write *****************
 Defined at:
		line 115 in file "main.c"
 Parameters:    Size  Location     Type
		None
 Auto vars:     Size  Location     Type
		None
 Return value:  Size  Location     Type
		None               void
 Registers used:
		wreg
 Tracked objects:
		On entry : 
		On exit  : 
		Unchanged: 
 Data sizes:     COMMON   BANK0   BANK1   BANK2   BANK3   BANK4   BANK5   BANK6
      Params:         0       0       0       0       0       0       0       0
      Locals:         0       0       0       0       0       0       0       0
      Temps:          0       0       0       0       0       0       0       0
      Totals:         0       0       0       0       0       0       0       0
Total ram usage:        0 bytes
 Hardware stack levels used:    1
 This function calls:
		Nothing
 This function is called by:
		_initialize_nunchuk
		_start_conversion_with_nunchuck
 This function uses a non-reentrant model


 *************** function _init_io *****************
 Defined at:
		line 49 in file "main.c"
 Parameters:    Size  Location     Type
		None
 Auto vars:     Size  Location     Type
		None
 Return value:  Size  Location     Type
		None               void
 Registers used:
		status,2
 Tracked objects:
		On entry : 
		On exit  : 
		Unchanged: 
 Data sizes:     COMMON   BANK0   BANK1   BANK2   BANK3   BANK4   BANK5   BANK6
      Params:         0       0       0       0       0       0       0       0
      Locals:         0       0       0       0       0       0       0       0
      Temps:          0       0       0       0       0       0       0       0
      Totals:         0       0       0       0       0       0       0       0
Total ram usage:        0 bytes
 Hardware stack levels used:    1
 This function calls:
		Nothing
 This function is called by:
		_main
 This function uses a non-reentrant model



MODULE INFORMATION

Module		Function		Class		Link	Load	Size
shared
		__initializatio		CODE           	07ED	0000	15

shared estimated size: 15

main.c
		_I2C_Start_Bit 		CODE           	06C4	0000	15
		_RX_I2C_Data   		CODE           	069E	0000	11
		_start_conversi		CODE           	06F3	0000	16
		_main          		CODE           	078D	0000	96
		_I2C_NAK       		CODE           	06B6	0000	14
		_I2C_Control_Re		CODE           	06E3	0000	16
		_Send_I2C_Data 		CODE           	068C	0000	9
		_initialize_nun		CODE           	071B	0000	33
		_I2C_Stop_Bit  		CODE           	06A9	0000	13
		_I2C_Control_Wr		CODE           	06D3	0000	16
		_I2C_ACK       		CODE           	0695	0000	9
		_init_io       		CODE           	0703	0000	24
		_read_state    		CODE           	073C	0000	81

main.c estimated size: 353

