

Microchip Technology PIC LITE Macro Assembler V1.32 build 58300 
                                                                                               Tue Nov 04 17:01:26 2014

Microchip Technology Omniscient Code Generator (Lite mode) build 58300
     1                           	processor	16F1509
     2                           	opt	pw 120
     3                           	opt	lm
     4                           	psect	text0,local,class=CODE,merge=1,delta=2
     5                           	psect	cinit,global,class=CODE,merge=1,delta=2
     6                           	psect	bssCOMMON,global,class=COMMON,space=1,delta=1
     7                           	psect	bssBANK0,global,class=BANK0,space=1,delta=1
     8                           	psect	clrtext,global,class=CODE,delta=2
     9                           	psect	cstackCOMMON,global,class=COMMON,space=1,delta=1
    10                           	psect	maintext,global,class=CODE,merge=1,split=1,delta=2
    11                           	psect	text1,local,class=CODE,merge=1,delta=2
    12                           	psect	text2,local,class=CODE,merge=1,delta=2
    13                           	psect	text3,local,class=CODE,merge=1,delta=2
    14                           	psect	text4,local,class=CODE,merge=1,delta=2
    15                           	psect	text5,local,class=CODE,merge=1,delta=2
    16                           	psect	text6,local,class=CODE,merge=1,delta=2
    17                           	psect	text7,local,class=CODE,merge=1,delta=2
    18                           	psect	text8,local,class=CODE,merge=1,delta=2
    19                           	psect	text9,local,class=CODE,merge=1,delta=2
    20                           	psect	text10,local,class=CODE,merge=1,delta=2
    21                           	psect	text11,local,class=CODE,merge=1,delta=2
    22                           	psect	text12,local,class=CODE,merge=1,delta=2
    23                           	dabs	1,0x7E,2
    24  0000                     	;# 
    25  0001                     	;# 
    26  0002                     	;# 
    27  0003                     	;# 
    28  0004                     	;# 
    29  0005                     	;# 
    30  0006                     	;# 
    31  0007                     	;# 
    32  0008                     	;# 
    33  0009                     	;# 
    34  000A                     	;# 
    35  000B                     	;# 
    36  000C                     	;# 
    37  000D                     	;# 
    38  000E                     	;# 
    39  0011                     	;# 
    40  0012                     	;# 
    41  0013                     	;# 
    42  0015                     	;# 
    43  0016                     	;# 
    44  0016                     	;# 
    45  0017                     	;# 
    46  0018                     	;# 
    47  0019                     	;# 
    48  001A                     	;# 
    49  001B                     	;# 
    50  001C                     	;# 
    51  008C                     	;# 
    52  008D                     	;# 
    53  008E                     	;# 
    54  0091                     	;# 
    55  0092                     	;# 
    56  0093                     	;# 
    57  0095                     	;# 
    58  0096                     	;# 
    59  0097                     	;# 
    60  0099                     	;# 
    61  009A                     	;# 
    62  009B                     	;# 
    63  009B                     	;# 
    64  009C                     	;# 
    65  009D                     	;# 
    66  009E                     	;# 
    67  009F                     	;# 
    68  010C                     	;# 
    69  010D                     	;# 
    70  010E                     	;# 
    71  0111                     	;# 
    72  0112                     	;# 
    73  0113                     	;# 
    74  0114                     	;# 
    75  0115                     	;# 
    76  0116                     	;# 
    77  0117                     	;# 
    78  0118                     	;# 
    79  0119                     	;# 
    80  011D                     	;# 
    81  018C                     	;# 
    82  018D                     	;# 
    83  018E                     	;# 
    84  0191                     	;# 
    85  0191                     	;# 
    86  0192                     	;# 
    87  0193                     	;# 
    88  0193                     	;# 
    89  0194                     	;# 
    90  0195                     	;# 
    91  0196                     	;# 
    92  0197                     	;# 
    93  0199                     	;# 
    94  019A                     	;# 
    95  019B                     	;# 
    96  019B                     	;# 
    97  019C                     	;# 
    98  019D                     	;# 
    99  019E                     	;# 
   100  019F                     	;# 
   101  020C                     	;# 
   102  020D                     	;# 
   103  0211                     	;# 
   104  0211                     	;# 
   105  0212                     	;# 
   106  0212                     	;# 
   107  0213                     	;# 
   108  0213                     	;# 
   109  0214                     	;# 
   110  0214                     	;# 
   111  0215                     	;# 
   112  0215                     	;# 
   113  0215                     	;# 
   114  0216                     	;# 
   115  0216                     	;# 
   116  0217                     	;# 
   117  0217                     	;# 
   118  0391                     	;# 
   119  0392                     	;# 
   120  0393                     	;# 
   121  0394                     	;# 
   122  0395                     	;# 
   123  0396                     	;# 
   124  0498                     	;# 
   125  0498                     	;# 
   126  0499                     	;# 
   127  049A                     	;# 
   128  049B                     	;# 
   129  049B                     	;# 
   130  049C                     	;# 
   131  049E                     	;# 
   132  049F                     	;# 
   133  0611                     	;# 
   134  0612                     	;# 
   135  0613                     	;# 
   136  0613                     	;# 
   137  0614                     	;# 
   138  0615                     	;# 
   139  0616                     	;# 
   140  0616                     	;# 
   141  0617                     	;# 
   142  0618                     	;# 
   143  0619                     	;# 
   144  0619                     	;# 
   145  061A                     	;# 
   146  061B                     	;# 
   147  061C                     	;# 
   148  061C                     	;# 
   149  0691                     	;# 
   150  0692                     	;# 
   151  0693                     	;# 
   152  0694                     	;# 
   153  0695                     	;# 
   154  0F0F                     	;# 
   155  0F10                     	;# 
   156  0F11                     	;# 
   157  0F12                     	;# 
   158  0F13                     	;# 
   159  0F14                     	;# 
   160  0F15                     	;# 
   161  0F16                     	;# 
   162  0F17                     	;# 
   163  0F18                     	;# 
   164  0F19                     	;# 
   165  0F1A                     	;# 
   166  0F1B                     	;# 
   167  0F1C                     	;# 
   168  0F1D                     	;# 
   169  0F1E                     	;# 
   170  0F1F                     	;# 
   171  0F20                     	;# 
   172  0F21                     	;# 
   173  0F22                     	;# 
   174  0F23                     	;# 
   175  0F24                     	;# 
   176  0F25                     	;# 
   177  0F26                     	;# 
   178  0F27                     	;# 
   179  0F28                     	;# 
   180  0F29                     	;# 
   181  0F2A                     	;# 
   182  0F2B                     	;# 
   183  0F2C                     	;# 
   184  0F2D                     	;# 
   185  0F2E                     	;# 
   186  0F2F                     	;# 
   187  0F8C                     	;# 
   188  0F8D                     	;# 
   189  0F91                     	;# 
   190  0F95                     	;# 
   191  0F96                     	;# 
   192  0F97                     	;# 
   193  0F9C                     	;# 
   194  0F9D                     	;# 
   195  0F9E                     	;# 
   196  0FE3                     	;# 
   197  0FE4                     	;# 
   198  0FE5                     	;# 
   199  0FE6                     	;# 
   200  0FE7                     	;# 
   201  0FE8                     	;# 
   202  0FE9                     	;# 
   203  0FEA                     	;# 
   204  0FEB                     	;# 
   205  0FED                     	;# 
   206  0FEE                     	;# 
   207  0FEF                     	;# 
   208  0011                     _PIR1bits	set	17
   209  0095                     _OPTION_REGbits	set	149
   210  0099                     _OSCCONbits	set	153
   211  008C                     _TRISAbits	set	140
   212  008D                     _TRISBbits	set	141
   213  008E                     _TRISCbits	set	142
   214  010C                     _LATAbits	set	268
   215  018C                     _ANSELA	set	396
   216  018D                     _ANSELB	set	397
   217  018E                     _ANSELC	set	398
   218  0212                     _SSP1ADD	set	530
   219  0211                     _SSP1BUF	set	529
   220  0216                     _SSP1CON2bits	set	534
   221  0212                     _SSPADD	set	530
   222  0211                     _SSPBUF	set	529
   223  0216                     _SSPCON2	set	534
   224  0216                     _SSPCON2bits	set	534
   225  0215                     _SSPCONbits	set	533
   226  0214                     _SSPSTAT	set	532
   227  0214                     _SSPSTATbits	set	532
   228  10A0                     _BF	set	4256
   229  10B3                     _RCEN	set	4275
   230  10B1                     _RSEN	set	4273
   231                           
   232                           	psect	text0
   233  0000                     __ptext0:	
   234                           ; #config settings
   235                           
   236                           
   237                           ;psect for function _init_io
   238  0000                     
   239                           	psect	cinit
   240  07ED                     start_initialization:	
   241  07ED                     __initialization:	
   242                           
   243                           ; Clear objects allocated to COMMON
   244  07ED  3070               	movlw	low __pbssCOMMON
   245  07EE  0084               	movwf	4
   246  07EF  3000               	movlw	high __pbssCOMMON
   247  07F0  0085               	movwf	5
   248  07F1  3008               	movlw	8
   249  07F2  3186  2686  3187   	fcall	clear_ram0
   250                           
   251                           ; Clear objects allocated to BANK0
   252  07F5  3020               	movlw	low __pbssBANK0
   253  07F6  0084               	movwf	4
   254  07F7  3000               	movlw	high __pbssBANK0
   255  07F8  0085               	movwf	5
   256  07F9  3032               	movlw	50
   257  07FA  3186  2686         	fcall	clear_ram0
   258  07FC                     end_of_initialization:	
   259                           ;End of C runtime variable initialization code
   260                           
   261  07FC                     __end_of__initialization:	
   262  07FC  107E               	bcf	pic14e$flags,0	;clear compiler interrupt flag
   263  07FD  0020               	movlb	0
   264  07FE  3187  2F8D         	ljmp	_main	;jump to C main() function
   265                           
   266                           	psect	bssCOMMON
   267  0070                     __pbssCOMMON:	
   268  0070                     _RESP1Byte:	
   269  0070                     	ds	1
   270  0071                     _RESP2Byte:	
   271  0071                     	ds	1
   272  0072                     _RESP3Byte:	
   273  0072                     	ds	1
   274  0073                     _RESP5Byte:	
   275  0073                     	ds	1
   276  0074                     _StatusByte:	
   277  0074                     	ds	1
   278  0075                     _byte:	
   279  0075                     	ds	1
   280  0076                     _tempbyte1:	
   281  0076                     	ds	1
   282  0077                     _tempbyte2:	
   283  0077                     	ds	1
   284                           
   285                           	psect	bssBANK0
   286  0020                     __pbssBANK0:	
   287  0020                     _buf:	
   288  0020                     	ds	10
   289  002A                     _temp10:	
   290  002A                     	ds	4
   291  002E                     _temp25:	
   292  002E                     	ds	4
   293  0032                     _tempi:	
   294  0032                     	ds	4
   295  0036                     _tempn:	
   296  0036                     	ds	4
   297  003A                     _tempx:	
   298  003A                     	ds	4
   299  003E                     _tempy:	
   300  003E                     	ds	4
   301  0042                     _ACK_bit:	
   302  0042                     	ds	2
   303  0044                     _i:	
   304  0044                     	ds	2
   305  0046                     _x:	
   306  0046                     	ds	2
   307  0048                     _RESP10Byte:	
   308  0048                     	ds	1
   309  0049                     _RESP11Byte:	
   310  0049                     	ds	1
   311  004A                     _RESP12Byte:	
   312  004A                     	ds	1
   313  004B                     _RESP13Byte:	
   314  004B                     	ds	1
   315  004C                     _RESP14Byte:	
   316  004C                     	ds	1
   317  004D                     _RESP4Byte:	
   318  004D                     	ds	1
   319  004E                     _RESP6Byte:	
   320  004E                     	ds	1
   321  004F                     _RESP7Byte:	
   322  004F                     	ds	1
   323  0050                     _RESP8Byte:	
   324  0050                     	ds	1
   325  0051                     _RESP9Byte:	
   326  0051                     	ds	1
   327                           
   328                           	psect	clrtext
   329  0686                     clear_ram0:	
   330                           ;	Called with FSR0 containing the base address, and
   331                           ;	WREG with the size to clear
   332                           
   333  0686  0064               	clrwdt	;clear the watchdog before getting into this loop
   334  0687                     clrloop0:	
   335  0687  0180               	clrf	0	;clear RAM location pointed to by FSR
   336  0688  3101               	addfsr 0,1
   337  0689  0B89               	decfsz	9,f	;Have we reached the end of clearing yet?
   338  068A  2E87               	goto	clrloop0	;have we reached the end yet?
   339  068B  3400               	retlw	0	;all done for this memory range, return
   340                           
   341                           	psect	cstackCOMMON
   342  0078                     __pcstackCOMMON:	
   343  0078                     ?_init_io:	
   344  0078                     ??_init_io:	
   345                           ; 0 bytes @ 0x0
   346                           
   347  0078                     ?_I2C_ACK:	
   348                           ; 0 bytes @ 0x0
   349                           
   350  0078                     ??_I2C_ACK:	
   351                           ; 0 bytes @ 0x0
   352                           
   353  0078                     ?_Send_I2C_Data:	
   354                           ; 0 bytes @ 0x0
   355                           
   356  0078                     ??_RX_I2C_Data:	
   357                           ; 0 bytes @ 0x0
   358                           
   359  0078                     ?_I2C_Control_Write:	
   360                           ; 0 bytes @ 0x0
   361                           
   362  0078                     ??_I2C_Control_Write:	
   363                           ; 0 bytes @ 0x0
   364                           
   365  0078                     ?_I2C_Control_Read:	
   366                           ; 0 bytes @ 0x0
   367                           
   368  0078                     ??_I2C_Control_Read:	
   369                           ; 0 bytes @ 0x0
   370                           
   371  0078                     ?_I2C_Start_Bit:	
   372                           ; 0 bytes @ 0x0
   373                           
   374  0078                     ??_I2C_Start_Bit:	
   375                           ; 0 bytes @ 0x0
   376                           
   377  0078                     ?_I2C_Stop_Bit:	
   378                           ; 0 bytes @ 0x0
   379                           
   380  0078                     ??_I2C_Stop_Bit:	
   381                           ; 0 bytes @ 0x0
   382                           
   383  0078                     ?_I2C_NAK:	
   384                           ; 0 bytes @ 0x0
   385                           
   386  0078                     ??_I2C_NAK:	
   387                           ; 0 bytes @ 0x0
   388                           
   389  0078                     ?_initialize_nunchuk:	
   390                           ; 0 bytes @ 0x0
   391                           
   392  0078                     ?_start_conversion_with_nunchuck:	
   393                           ; 0 bytes @ 0x0
   394                           
   395  0078                     ?_read_state:	
   396                           ; 0 bytes @ 0x0
   397                           
   398  0078                     ?_RX_I2C_Data:	
   399                           ; 0 bytes @ 0x0
   400                           
   401  0078                     ?_main:	
   402                           ; 1 bytes @ 0x0
   403                           
   404  0078                     Send_I2C_Data@databyte:	
   405                           ; 2 bytes @ 0x0
   406                           
   407                           
   408                           ; 2 bytes @ 0x0
   409  0078                     	ds	1
   410  0079                     ??_read_state:	
   411                           
   412                           ; 0 bytes @ 0x1
   413  0079                     	ds	1
   414  007A                     ??_Send_I2C_Data:	
   415  007A                     ??_initialize_nunchuk:	
   416                           ; 0 bytes @ 0x2
   417                           
   418  007A                     ??_start_conversion_with_nunchuck:	
   419                           ; 0 bytes @ 0x2
   420                           
   421                           
   422                           ; 0 bytes @ 0x2
   423  007A                     	ds	2
   424  007C                     ??_main:	
   425                           
   426                           ; 0 bytes @ 0x4
   427  007C                     	ds	2
   428                           
   429                           	psect	maintext
   430  078D                     __pmaintext:	
   431 ;;
   432 ;;Main: autosize = 0, tempsize = 2, incstack = 0, save=0
   433 ;;
   434 ;; *************** function _main *****************
   435 ;; Defined at:
   436 ;;		line 281 in file "main.c"
   437 ;; Parameters:    Size  Location     Type
   438 ;;		None
   439 ;; Auto vars:     Size  Location     Type
   440 ;;		None
   441 ;; Return value:  Size  Location     Type
   442 ;;                  2  183[COMMON] int 
   443 ;; Registers used:
   444 ;;		wreg, status,2, status,0, pclath, cstack
   445 ;; Tracked objects:
   446 ;;		On entry : 17F/0
   447 ;;		On exit  : 0/0
   448 ;;		Unchanged: 0/0
   449 ;; Data sizes:     COMMON   BANK0   BANK1   BANK2   BANK3   BANK4   BANK5   BANK6
   450 ;;      Params:         0       0       0       0       0       0       0       0
   451 ;;      Locals:         0       0       0       0       0       0       0       0
   452 ;;      Temps:          2       0       0       0       0       0       0       0
   453 ;;      Totals:         2       0       0       0       0       0       0       0
   454 ;;Total ram usage:        2 bytes
   455 ;; Hardware stack levels required when called:    2
   456 ;; This function calls:
   457 ;;		_init_io
   458 ;;		_initialize_nunchuk
   459 ;;		_read_state
   460 ;;		_start_conversion_with_nunchuck
   461 ;; This function is called by:
   462 ;;		Startup code after reset
   463 ;; This function uses a non-reentrant model
   464 ;;
   465                           
   466                           
   467                           ;psect for function _main
   468  078D                     _main:	
   469                           
   470                           ;main.c: 283: OSCCONbits.IRCF = 0x0d;
   471                           
   472                           ;incstack = 0
   473                           ; Regs used in _main: [wreg+status,2+status,0+pclath+cstack]
   474  078D  0021               	movlb	1	; select bank1
   475  078E  0819               	movf	25,w	;volatile
   476  078F  3987               	andlw	-121
   477  0790  3868               	iorlw	104
   478  0791  0099               	movwf	25	;volatile
   479                           
   480                           ;main.c: 284: OSCCONbits.SCS = 0x02;
   481  0792  0819               	movf	25,w	;volatile
   482  0793  39FC               	andlw	-4
   483  0794  3802               	iorlw	2
   484  0795  0099               	movwf	25	;volatile
   485                           
   486                           ;main.c: 285: OPTION_REGbits.nWPUEN = 0;
   487  0796  1395               	bcf	21,7	;volatile
   488                           
   489                           ;main.c: 287: init_io();
   490  0797  3187  2703  3187   	fcall	_init_io
   491                           
   492                           ;main.c: 289: _delay((unsigned long)((50)*(4000000/4000.0)));
   493  079A  3041               	movlw	65
   494  079B  00FD               	movwf	??_main+1
   495  079C  30EE               	movlw	238
   496  079D  00FC               	movwf	??_main
   497  079E                     u277:	
   498  079E  0BFC               	decfsz	??_main,f
   499  079F  2F9E               	goto	u277
   500  07A0  0BFD               	decfsz	??_main+1,f
   501  07A1  2F9E               	goto	u277
   502  07A2  0000               	nop
   503                           
   504                           ;main.c: 292: TRISBbits.TRISB6 = 1;
   505  07A3  0021               	movlb	1	; select bank1
   506  07A4  170D               	bsf	13,6	;volatile
   507                           
   508                           ;main.c: 294: SSPSTATbits.SMP = 1;
   509  07A5  0024               	movlb	4	; select bank4
   510  07A6  1794               	bsf	20,7	;volatile
   511                           
   512                           ;main.c: 295: SSPCONbits.SSPM=0x08;
   513  07A7  0815               	movf	21,w	;volatile
   514  07A8  39F0               	andlw	-16
   515  07A9  3808               	iorlw	8
   516  07AA  0095               	movwf	21	;volatile
   517                           
   518                           ;main.c: 296: SSPCONbits.SSPEN=1;
   519  07AB  1695               	bsf	21,5	;volatile
   520                           
   521                           ;main.c: 297: SSPADD = 0x27;
   522  07AC  3027               	movlw	39
   523  07AD  0092               	movwf	18	;volatile
   524                           
   525                           ;main.c: 298: SSP1ADD = 0x27;
   526  07AE  3027               	movlw	39
   527  07AF  0092               	movwf	18	;volatile
   528                           
   529                           ;main.c: 303: initialize_nunchuk();
   530  07B0  3187  271B  3187   	fcall	_initialize_nunchuk
   531                           
   532                           ;main.c: 304: x = 0;
   533  07B3  0020               	movlb	0	; select bank0
   534  07B4  01C6               	clrf	_x
   535  07B5  01C7               	clrf	_x+1
   536                           
   537                           ;main.c: 305: LATAbits.LATA1 = 0;
   538  07B6  0022               	movlb	2	; select bank2
   539  07B7  108C               	bcf	12,1	;volatile
   540                           
   541                           ;main.c: 306: _delay((unsigned long)((50)*(4000000/4000.0)));
   542  07B8  3041               	movlw	65
   543  07B9  00FD               	movwf	??_main+1
   544  07BA  30EE               	movlw	238
   545  07BB  00FC               	movwf	??_main
   546  07BC                     u287:	
   547  07BC  0BFC               	decfsz	??_main,f
   548  07BD  2FBC               	goto	u287
   549  07BE  0BFD               	decfsz	??_main+1,f
   550  07BF  2FBC               	goto	u287
   551  07C0  0000               	nop
   552  07C1                     l872:	
   553                           ;main.c: 309: while (1) {
   554                           
   555                           
   556                           ;main.c: 310: x = 0;
   557  07C1  0020               	movlb	0	; select bank0
   558  07C2  01C6               	clrf	_x
   559  07C3  01C7               	clrf	_x+1
   560                           
   561                           ;main.c: 311: LATAbits.LATA1 = 0;
   562  07C4  0022               	movlb	2	; select bank2
   563  07C5  108C               	bcf	12,1	;volatile
   564                           
   565                           ;main.c: 313: start_conversion_with_nunchuck();
   566  07C6  3186  26F3  3187   	fcall	_start_conversion_with_nunchuck
   567                           
   568                           ;main.c: 314: _delay((unsigned long)((5)*(4000000/4000.0)));
   569  07C9  3007               	movlw	7
   570  07CA  00FD               	movwf	??_main+1
   571  07CB  307D               	movlw	125
   572  07CC  00FC               	movwf	??_main
   573  07CD                     u297:	
   574  07CD  0BFC               	decfsz	??_main,f
   575  07CE  2FCD               	goto	u297
   576  07CF  0BFD               	decfsz	??_main+1,f
   577  07D0  2FCD               	goto	u297
   578                           
   579                           ;main.c: 315: read_state();
   580  07D1  3187  273C  3187   	fcall	_read_state
   581                           
   582                           ;main.c: 317: if (!(RESP5Byte & 0x02) && !(RESP5Byte & 0x01)){
   583  07D4  1CF3               	btfss	_RESP5Byte,1
   584  07D5  1873               	btfsc	_RESP5Byte,0
   585  07D6  2FDC               	goto	l185
   586                           
   587                           ;main.c: 318: x = 1;
   588  07D7  3001               	movlw	1
   589  07D8  0020               	movlb	0	; select bank0
   590  07D9  00C6               	movwf	_x
   591  07DA  3000               	movlw	0
   592  07DB  00C7               	movwf	_x+1
   593  07DC                     l185:	
   594                           
   595                           ;main.c: 319: }
   596                           ;main.c: 320: if (x) {
   597  07DC  0020               	movlb	0	; select bank0
   598  07DD  0847               	movf	_x+1,w
   599  07DE  0446               	iorwf	_x,w
   600  07DF  1903               	skipnz
   601  07E0  2FE3               	goto	l888
   602                           
   603                           ;main.c: 321: LATAbits.LATA1 = 1;
   604  07E1  0022               	movlb	2	; select bank2
   605  07E2  148C               	bsf	12,1	;volatile
   606  07E3                     l888:	
   607                           
   608                           ;main.c: 322: }
   609                           ;main.c: 323: _delay((unsigned long)((100)*(4000000/4000.0)));
   610  07E3  3082               	movlw	130
   611  07E4  00FD               	movwf	??_main+1
   612  07E5  30DD               	movlw	221
   613  07E6  00FC               	movwf	??_main
   614  07E7                     u307:	
   615  07E7  0BFC               	decfsz	??_main,f
   616  07E8  2FE7               	goto	u307
   617  07E9  0BFD               	decfsz	??_main+1,f
   618  07EA  2FE7               	goto	u307
   619  07EB  3200               	nop2
   620  07EC  2FC1               	goto	l872
   621  07ED                     __end_of_main:	
   622                           ;main.c: 324: }
   623                           ;main.c: 325: return;
   624                           
   625                           
   626                           	psect	text1
   627  06F3                     __ptext1:	
   628 ;; *************** function _start_conversion_with_nunchuck *****************
   629 ;; Defined at:
   630 ;;		line 214 in file "main.c"
   631 ;; Parameters:    Size  Location     Type
   632 ;;		None
   633 ;; Auto vars:     Size  Location     Type
   634 ;;		None
   635 ;; Return value:  Size  Location     Type
   636 ;;		None               void
   637 ;; Registers used:
   638 ;;		wreg, status,2, status,0, pclath, cstack
   639 ;; Tracked objects:
   640 ;;		On entry : 0/0
   641 ;;		On exit  : 0/0
   642 ;;		Unchanged: 0/0
   643 ;; Data sizes:     COMMON   BANK0   BANK1   BANK2   BANK3   BANK4   BANK5   BANK6
   644 ;;      Params:         0       0       0       0       0       0       0       0
   645 ;;      Locals:         0       0       0       0       0       0       0       0
   646 ;;      Temps:          0       0       0       0       0       0       0       0
   647 ;;      Totals:         0       0       0       0       0       0       0       0
   648 ;;Total ram usage:        0 bytes
   649 ;; Hardware stack levels used:    1
   650 ;; Hardware stack levels required when called:    1
   651 ;; This function calls:
   652 ;;		_I2C_Control_Write
   653 ;;		_I2C_Start_Bit
   654 ;;		_I2C_Stop_Bit
   655 ;;		_Send_I2C_Data
   656 ;; This function is called by:
   657 ;;		_main
   658 ;; This function uses a non-reentrant model
   659 ;;
   660                           
   661                           
   662                           ;psect for function _start_conversion_with_nunchuck
   663  06F3                     _start_conversion_with_nunchuck:	
   664                           
   665                           ;main.c: 218: I2C_Start_Bit();
   666                           
   667                           ;incstack = 0
   668                           ; Regs used in _start_conversion_with_nunchuck: [wreg+status,2+status,0+pclath+cstack]
   669  06F3  3186  26C4  3186   	fcall	_I2C_Start_Bit
   670                           
   671                           ;main.c: 219: I2C_Control_Write();
   672  06F6  3186  26D3  3186   	fcall	_I2C_Control_Write
   673                           
   674                           ;main.c: 221: Send_I2C_Data(0x00);
   675  06F9  3000               	movlw	0
   676  06FA  00F8               	movwf	Send_I2C_Data@databyte
   677  06FB  3000               	movlw	0
   678  06FC  00F9               	movwf	Send_I2C_Data@databyte+1
   679  06FD  3186  268C  3186   	fcall	_Send_I2C_Data
   680                           
   681                           ;main.c: 223: I2C_Stop_Bit();
   682  0700  3186  26A9         	fcall	_I2C_Stop_Bit
   683  0702  0008               	return
   684  0703                     __end_of_start_conversion_with_nunchuck:	
   685                           
   686                           	psect	text2
   687  073C                     __ptext2:	
   688 ;; *************** function _read_state *****************
   689 ;; Defined at:
   690 ;;		line 229 in file "main.c"
   691 ;; Parameters:    Size  Location     Type
   692 ;;		None
   693 ;; Auto vars:     Size  Location     Type
   694 ;;		None
   695 ;; Return value:  Size  Location     Type
   696 ;;		None               void
   697 ;; Registers used:
   698 ;;		wreg, status,2, status,0, pclath, cstack
   699 ;; Tracked objects:
   700 ;;		On entry : 0/0
   701 ;;		On exit  : 0/0
   702 ;;		Unchanged: 0/0
   703 ;; Data sizes:     COMMON   BANK0   BANK1   BANK2   BANK3   BANK4   BANK5   BANK6
   704 ;;      Params:         0       0       0       0       0       0       0       0
   705 ;;      Locals:         0       0       0       0       0       0       0       0
   706 ;;      Temps:          1       0       0       0       0       0       0       0
   707 ;;      Totals:         1       0       0       0       0       0       0       0
   708 ;;Total ram usage:        1 bytes
   709 ;; Hardware stack levels used:    1
   710 ;; Hardware stack levels required when called:    1
   711 ;; This function calls:
   712 ;;		_I2C_ACK
   713 ;;		_I2C_Control_Read
   714 ;;		_I2C_NAK
   715 ;;		_I2C_Start_Bit
   716 ;;		_I2C_Stop_Bit
   717 ;;		_RX_I2C_Data
   718 ;; This function is called by:
   719 ;;		_main
   720 ;; This function uses a non-reentrant model
   721 ;;
   722                           
   723                           
   724                           ;psect for function _read_state
   725  073C                     _read_state:	
   726                           
   727                           ;main.c: 244: I2C_Start_Bit();
   728                           
   729                           ;incstack = 0
   730                           ; Regs used in _read_state: [wreg+status,2+status,0+pclath+cstack]
   731  073C  3186  26C4  3187   	fcall	_I2C_Start_Bit
   732                           
   733                           ;main.c: 245: I2C_Control_Read();
   734  073F  3186  26E3  3187   	fcall	_I2C_Control_Read
   735                           
   736                           ;main.c: 247: RX_I2C_Data();
   737  0742  3186  269E  3187   	fcall	_RX_I2C_Data
   738                           
   739                           ;main.c: 248: StatusByte = byte;
   740  0745  0875               	movf	_byte,w
   741  0746  00F9               	movwf	??_read_state
   742  0747  0879               	movf	??_read_state,w
   743  0748  00F4               	movwf	_StatusByte
   744                           
   745                           ;main.c: 249: I2C_ACK();
   746  0749  3186  2695  3187   	fcall	_I2C_ACK
   747                           
   748                           ;main.c: 251: RX_I2C_Data();
   749  074C  3186  269E  3187   	fcall	_RX_I2C_Data
   750                           
   751                           ;main.c: 252: RESP1Byte = byte;
   752  074F  0875               	movf	_byte,w
   753  0750  00F9               	movwf	??_read_state
   754  0751  0879               	movf	??_read_state,w
   755  0752  00F0               	movwf	_RESP1Byte
   756                           
   757                           ;main.c: 253: I2C_ACK();
   758  0753  3186  2695  3187   	fcall	_I2C_ACK
   759                           
   760                           ;main.c: 255: RX_I2C_Data();
   761  0756  3186  269E  3187   	fcall	_RX_I2C_Data
   762                           
   763                           ;main.c: 256: RESP2Byte = byte;
   764  0759  0875               	movf	_byte,w
   765  075A  00F9               	movwf	??_read_state
   766  075B  0879               	movf	??_read_state,w
   767  075C  00F1               	movwf	_RESP2Byte
   768                           
   769                           ;main.c: 257: I2C_ACK();
   770  075D  3186  2695  3187   	fcall	_I2C_ACK
   771                           
   772                           ;main.c: 259: RX_I2C_Data();
   773  0760  3186  269E  3187   	fcall	_RX_I2C_Data
   774                           
   775                           ;main.c: 260: RESP3Byte = byte;
   776  0763  0875               	movf	_byte,w
   777  0764  00F9               	movwf	??_read_state
   778  0765  0879               	movf	??_read_state,w
   779  0766  00F2               	movwf	_RESP3Byte
   780                           
   781                           ;main.c: 261: I2C_ACK();
   782  0767  3186  2695  3187   	fcall	_I2C_ACK
   783                           
   784                           ;main.c: 263: RX_I2C_Data();
   785  076A  3186  269E  3187   	fcall	_RX_I2C_Data
   786                           
   787                           ;main.c: 264: RESP4Byte = byte;
   788  076D  0875               	movf	_byte,w
   789  076E  00F9               	movwf	??_read_state
   790  076F  0879               	movf	??_read_state,w
   791  0770  0020               	movlb	0	; select bank0
   792  0771  00CD               	movwf	_RESP4Byte
   793                           
   794                           ;main.c: 265: I2C_ACK();
   795  0772  3186  2695  3187   	fcall	_I2C_ACK
   796                           
   797                           ;main.c: 267: RX_I2C_Data();
   798  0775  3186  269E  3187   	fcall	_RX_I2C_Data
   799                           
   800                           ;main.c: 268: RESP5Byte = byte;
   801  0778  0875               	movf	_byte,w
   802  0779  00F9               	movwf	??_read_state
   803  077A  0879               	movf	??_read_state,w
   804  077B  00F3               	movwf	_RESP5Byte
   805                           
   806                           ;main.c: 269: I2C_ACK();
   807  077C  3186  2695  3187   	fcall	_I2C_ACK
   808                           
   809                           ;main.c: 271: RX_I2C_Data();
   810  077F  3186  269E  3187   	fcall	_RX_I2C_Data
   811                           
   812                           ;main.c: 272: RESP6Byte = byte;
   813  0782  0875               	movf	_byte,w
   814  0783  00F9               	movwf	??_read_state
   815  0784  0879               	movf	??_read_state,w
   816  0785  0020               	movlb	0	; select bank0
   817  0786  00CE               	movwf	_RESP6Byte
   818                           
   819                           ;main.c: 273: I2C_NAK();
   820  0787  3186  26B6  3187   	fcall	_I2C_NAK
   821                           
   822                           ;main.c: 275: I2C_Stop_Bit();
   823  078A  3186  26A9         	fcall	_I2C_Stop_Bit
   824  078C  0008               	return
   825  078D                     __end_of_read_state:	
   826                           
   827                           	psect	text3
   828  069E                     __ptext3:	
   829 ;; *************** function _RX_I2C_Data *****************
   830 ;; Defined at:
   831 ;;		line 105 in file "main.c"
   832 ;; Parameters:    Size  Location     Type
   833 ;;		None
   834 ;; Auto vars:     Size  Location     Type
   835 ;;		None
   836 ;; Return value:  Size  Location     Type
   837 ;;                  1    wreg      unsigned char 
   838 ;; Registers used:
   839 ;;		wreg
   840 ;; Tracked objects:
   841 ;;		On entry : 0/0
   842 ;;		On exit  : 0/0
   843 ;;		Unchanged: 0/0
   844 ;; Data sizes:     COMMON   BANK0   BANK1   BANK2   BANK3   BANK4   BANK5   BANK6
   845 ;;      Params:         0       0       0       0       0       0       0       0
   846 ;;      Locals:         0       0       0       0       0       0       0       0
   847 ;;      Temps:          1       0       0       0       0       0       0       0
   848 ;;      Totals:         1       0       0       0       0       0       0       0
   849 ;;Total ram usage:        1 bytes
   850 ;; Hardware stack levels used:    1
   851 ;; This function calls:
   852 ;;		Nothing
   853 ;; This function is called by:
   854 ;;		_read_state
   855 ;; This function uses a non-reentrant model
   856 ;;
   857                           
   858                           
   859                           ;psect for function _RX_I2C_Data
   860  069E                     _RX_I2C_Data:	
   861                           
   862                           ;main.c: 108: RCEN = 1;
   863                           
   864                           ;incstack = 0
   865                           ; Regs used in _RX_I2C_Data: [wreg]
   866  069E  0024               	movlb	4	; select bank4
   867  069F  1596               	bsf	22,3	;volatile
   868  06A0                     l125:	
   869                           ;main.c: 109: while( RCEN ) continue;
   870                           
   871  06A0  1996               	btfsc	22,3	;volatile
   872  06A1  2EA0               	goto	l125
   873  06A2                     l128:	
   874                           ;main.c: 110: while( !BF ) continue;
   875                           
   876  06A2  1C14               	btfss	20,0	;volatile
   877  06A3  2EA2               	goto	l128
   878                           
   879                           ;main.c: 111: byte = SSPBUF;
   880  06A4  0811               	movf	17,w	;volatile
   881  06A5  00F8               	movwf	??_RX_I2C_Data
   882  06A6  0878               	movf	??_RX_I2C_Data,w
   883  06A7  00F5               	movwf	_byte
   884  06A8  0008               	return
   885  06A9                     __end_of_RX_I2C_Data:	
   886                           ;main.c: 112: return byte;
   887                           ;	Return value of _RX_I2C_Data is never used
   888                           
   889                           
   890                           	psect	text4
   891  06B6                     __ptext4:	
   892 ;; *************** function _I2C_NAK *****************
   893 ;; Defined at:
   894 ;;		line 183 in file "main.c"
   895 ;; Parameters:    Size  Location     Type
   896 ;;		None
   897 ;; Auto vars:     Size  Location     Type
   898 ;;		None
   899 ;; Return value:  Size  Location     Type
   900 ;;		None               void
   901 ;; Registers used:
   902 ;;		wreg
   903 ;; Tracked objects:
   904 ;;		On entry : 0/0
   905 ;;		On exit  : 0/0
   906 ;;		Unchanged: 0/0
   907 ;; Data sizes:     COMMON   BANK0   BANK1   BANK2   BANK3   BANK4   BANK5   BANK6
   908 ;;      Params:         0       0       0       0       0       0       0       0
   909 ;;      Locals:         0       0       0       0       0       0       0       0
   910 ;;      Temps:          0       0       0       0       0       0       0       0
   911 ;;      Totals:         0       0       0       0       0       0       0       0
   912 ;;Total ram usage:        0 bytes
   913 ;; Hardware stack levels used:    1
   914 ;; This function calls:
   915 ;;		Nothing
   916 ;; This function is called by:
   917 ;;		_read_state
   918 ;; This function uses a non-reentrant model
   919 ;;
   920                           
   921                           
   922                           ;psect for function _I2C_NAK
   923  06B6                     _I2C_NAK:	
   924                           
   925                           ;main.c: 185: PIR1bits.SSP1IF=0;
   926                           
   927                           ;incstack = 0
   928                           ; Regs used in _I2C_NAK: [wreg]
   929  06B6  0020               	movlb	0	; select bank0
   930  06B7  1191               	bcf	17,3	;volatile
   931                           
   932                           ;main.c: 186: SSP1CON2bits.ACKDT=1;
   933  06B8  0024               	movlb	4	; select bank4
   934  06B9  1696               	bsf	22,5	;volatile
   935                           
   936                           ;main.c: 187: SSP1CON2bits.ACKEN=1;
   937  06BA  1616               	bsf	22,4	;volatile
   938  06BB                     l774:	
   939                           ;main.c: 189: while(!PIR1bits.SSP1IF)
   940                           
   941  06BB  0020               	movlb	0	; select bank0
   942  06BC  1991               	btfsc	17,3	;volatile
   943  06BD  0008               	return
   944                           
   945                           ;main.c: 190: {
   946                           ;main.c: 191: i = 1;
   947  06BE  3001               	movlw	1
   948  06BF  0020               	movlb	0	; select bank0
   949  06C0  00C4               	movwf	_i
   950  06C1  3000               	movlw	0
   951  06C2  00C5               	movwf	_i+1
   952  06C3  2EBB               	goto	l774
   953  06C4                     __end_of_I2C_NAK:	
   954                           
   955                           	psect	text5
   956  06E3                     __ptext5:	
   957 ;; *************** function _I2C_Control_Read *****************
   958 ;; Defined at:
   959 ;;		line 128 in file "main.c"
   960 ;; Parameters:    Size  Location     Type
   961 ;;		None
   962 ;; Auto vars:     Size  Location     Type
   963 ;;		None
   964 ;; Return value:  Size  Location     Type
   965 ;;		None               void
   966 ;; Registers used:
   967 ;;		wreg
   968 ;; Tracked objects:
   969 ;;		On entry : 0/0
   970 ;;		On exit  : 0/0
   971 ;;		Unchanged: 0/0
   972 ;; Data sizes:     COMMON   BANK0   BANK1   BANK2   BANK3   BANK4   BANK5   BANK6
   973 ;;      Params:         0       0       0       0       0       0       0       0
   974 ;;      Locals:         0       0       0       0       0       0       0       0
   975 ;;      Temps:          0       0       0       0       0       0       0       0
   976 ;;      Totals:         0       0       0       0       0       0       0       0
   977 ;;Total ram usage:        0 bytes
   978 ;; Hardware stack levels used:    1
   979 ;; This function calls:
   980 ;;		Nothing
   981 ;; This function is called by:
   982 ;;		_read_state
   983 ;; This function uses a non-reentrant model
   984 ;;
   985                           
   986                           
   987                           ;psect for function _I2C_Control_Read
   988  06E3                     _I2C_Control_Read:	
   989                           
   990                           ;main.c: 130: PIR1bits.SSP1IF=0;
   991                           
   992                           ;incstack = 0
   993                           ; Regs used in _I2C_Control_Read: [wreg]
   994  06E3  0020               	movlb	0	; select bank0
   995  06E4  1191               	bcf	17,3	;volatile
   996                           
   997                           ;main.c: 131: SSP1BUF = 0xA5;
   998  06E5  30A5               	movlw	165
   999  06E6  0024               	movlb	4	; select bank4
  1000  06E7  0091               	movwf	17	;volatile
  1001  06E8                     l756:	
  1002                           ;main.c: 132: while(!PIR1bits.SSP1IF)
  1003                           
  1004  06E8  0020               	movlb	0	; select bank0
  1005  06E9  1991               	btfsc	17,3	;volatile
  1006  06EA  2EF1               	goto	l142
  1007                           
  1008                           ;main.c: 133: {
  1009                           ;main.c: 134: i = 1;
  1010  06EB  3001               	movlw	1
  1011  06EC  0020               	movlb	0	; select bank0
  1012  06ED  00C4               	movwf	_i
  1013  06EE  3000               	movlw	0
  1014  06EF  00C5               	movwf	_i+1
  1015  06F0  2EE8               	goto	l756
  1016  06F1                     l142:	
  1017                           
  1018                           ;main.c: 136: }
  1019                           ;main.c: 137: PIR1bits.SSP1IF=0;
  1020  06F1  1191               	bcf	17,3	;volatile
  1021  06F2  0008               	return
  1022  06F3                     __end_of_I2C_Control_Read:	
  1023                           
  1024                           	psect	text6
  1025  0695                     __ptext6:	
  1026 ;; *************** function _I2C_ACK *****************
  1027 ;; Defined at:
  1028 ;;		line 89 in file "main.c"
  1029 ;; Parameters:    Size  Location     Type
  1030 ;;		None
  1031 ;; Auto vars:     Size  Location     Type
  1032 ;;		None
  1033 ;; Return value:  Size  Location     Type
  1034 ;;		None               void
  1035 ;; Registers used:
  1036 ;;		None
  1037 ;; Tracked objects:
  1038 ;;		On entry : 0/0
  1039 ;;		On exit  : 0/0
  1040 ;;		Unchanged: 0/0
  1041 ;; Data sizes:     COMMON   BANK0   BANK1   BANK2   BANK3   BANK4   BANK5   BANK6
  1042 ;;      Params:         0       0       0       0       0       0       0       0
  1043 ;;      Locals:         0       0       0       0       0       0       0       0
  1044 ;;      Temps:          0       0       0       0       0       0       0       0
  1045 ;;      Totals:         0       0       0       0       0       0       0       0
  1046 ;;Total ram usage:        0 bytes
  1047 ;; Hardware stack levels used:    1
  1048 ;; This function calls:
  1049 ;;		Nothing
  1050 ;; This function is called by:
  1051 ;;		_read_state
  1052 ;; This function uses a non-reentrant model
  1053 ;;
  1054                           
  1055                           
  1056                           ;psect for function _I2C_ACK
  1057  0695                     _I2C_ACK:	
  1058                           
  1059                           ;main.c: 91: PIR1bits.SSP1IF=0;
  1060                           
  1061                           ;incstack = 0
  1062                           ; Regs used in _I2C_ACK: []
  1063  0695  0020               	movlb	0	; select bank0
  1064  0696  1191               	bcf	17,3	;volatile
  1065                           
  1066                           ;main.c: 92: SSP1CON2bits.ACKDT=0;
  1067  0697  0024               	movlb	4	; select bank4
  1068  0698  1296               	bcf	22,5	;volatile
  1069                           
  1070                           ;main.c: 93: SSP1CON2bits.ACKEN=1;
  1071  0699  1616               	bsf	22,4	;volatile
  1072  069A                     l113:	
  1073                           ;main.c: 94: while(!PIR1bits.SSP1IF);
  1074                           
  1075  069A  0020               	movlb	0	; select bank0
  1076  069B  1991               	btfsc	17,3	;volatile
  1077  069C  0008               	return
  1078  069D  2E9A               	goto	l113
  1079  069E                     __end_of_I2C_ACK:	
  1080                           
  1081                           	psect	text7
  1082  071B                     __ptext7:	
  1083 ;; *************** function _initialize_nunchuk *****************
  1084 ;; Defined at:
  1085 ;;		line 200 in file "main.c"
  1086 ;; Parameters:    Size  Location     Type
  1087 ;;		None
  1088 ;; Auto vars:     Size  Location     Type
  1089 ;;		None
  1090 ;; Return value:  Size  Location     Type
  1091 ;;		None               void
  1092 ;; Registers used:
  1093 ;;		wreg, status,2, status,0, pclath, cstack
  1094 ;; Tracked objects:
  1095 ;;		On entry : 0/0
  1096 ;;		On exit  : 0/0
  1097 ;;		Unchanged: 0/0
  1098 ;; Data sizes:     COMMON   BANK0   BANK1   BANK2   BANK3   BANK4   BANK5   BANK6
  1099 ;;      Params:         0       0       0       0       0       0       0       0
  1100 ;;      Locals:         0       0       0       0       0       0       0       0
  1101 ;;      Temps:          2       0       0       0       0       0       0       0
  1102 ;;      Totals:         2       0       0       0       0       0       0       0
  1103 ;;Total ram usage:        2 bytes
  1104 ;; Hardware stack levels used:    1
  1105 ;; Hardware stack levels required when called:    1
  1106 ;; This function calls:
  1107 ;;		_I2C_Control_Write
  1108 ;;		_I2C_Start_Bit
  1109 ;;		_I2C_Stop_Bit
  1110 ;;		_Send_I2C_Data
  1111 ;; This function is called by:
  1112 ;;		_main
  1113 ;; This function uses a non-reentrant model
  1114 ;;
  1115                           
  1116                           
  1117                           ;psect for function _initialize_nunchuk
  1118  071B                     _initialize_nunchuk:	
  1119                           
  1120                           ;main.c: 204: I2C_Start_Bit();
  1121                           
  1122                           ;incstack = 0
  1123                           ; Regs used in _initialize_nunchuk: [wreg+status,2+status,0+pclath+cstack]
  1124  071B  3186  26C4  3187   	fcall	_I2C_Start_Bit
  1125                           
  1126                           ;main.c: 205: I2C_Control_Write();
  1127  071E  3186  26D3  3187   	fcall	_I2C_Control_Write
  1128                           
  1129                           ;main.c: 207: Send_I2C_Data(0x40);
  1130  0721  3040               	movlw	64
  1131  0722  00F8               	movwf	Send_I2C_Data@databyte
  1132  0723  3000               	movlw	0
  1133  0724  00F9               	movwf	Send_I2C_Data@databyte+1
  1134  0725  3186  268C  3187   	fcall	_Send_I2C_Data
  1135                           
  1136                           ;main.c: 208: Send_I2C_Data(0x00);
  1137  0728  3000               	movlw	0
  1138  0729  00F8               	movwf	Send_I2C_Data@databyte
  1139  072A  3000               	movlw	0
  1140  072B  00F9               	movwf	Send_I2C_Data@databyte+1
  1141  072C  3186  268C  3187   	fcall	_Send_I2C_Data
  1142                           
  1143                           ;main.c: 210: I2C_Stop_Bit();
  1144  072F  3186  26A9  3187   	fcall	_I2C_Stop_Bit
  1145                           
  1146                           ;main.c: 211: _delay((unsigned long)((100)*(4000000/4000.0)));
  1147  0732  3082               	movlw	130
  1148  0733  00FB               	movwf	??_initialize_nunchuk+1
  1149  0734  30DD               	movlw	221
  1150  0735  00FA               	movwf	??_initialize_nunchuk
  1151  0736                     u317:	
  1152  0736  0BFA               	decfsz	??_initialize_nunchuk,f
  1153  0737  2F36               	goto	u317
  1154  0738  0BFB               	decfsz	??_initialize_nunchuk+1,f
  1155  0739  2F36               	goto	u317
  1156  073A  3200               	nop2
  1157  073B  0008               	return
  1158  073C                     __end_of_initialize_nunchuk:	
  1159                           
  1160                           	psect	text8
  1161  068C                     __ptext8:	
  1162 ;; *************** function _Send_I2C_Data *****************
  1163 ;; Defined at:
  1164 ;;		line 98 in file "main.c"
  1165 ;; Parameters:    Size  Location     Type
  1166 ;;  databyte        2    0[COMMON] unsigned int 
  1167 ;; Auto vars:     Size  Location     Type
  1168 ;;		None
  1169 ;; Return value:  Size  Location     Type
  1170 ;;		None               void
  1171 ;; Registers used:
  1172 ;;		wreg
  1173 ;; Tracked objects:
  1174 ;;		On entry : 0/0
  1175 ;;		On exit  : 0/0
  1176 ;;		Unchanged: 0/0
  1177 ;; Data sizes:     COMMON   BANK0   BANK1   BANK2   BANK3   BANK4   BANK5   BANK6
  1178 ;;      Params:         2       0       0       0       0       0       0       0
  1179 ;;      Locals:         0       0       0       0       0       0       0       0
  1180 ;;      Temps:          0       0       0       0       0       0       0       0
  1181 ;;      Totals:         2       0       0       0       0       0       0       0
  1182 ;;Total ram usage:        2 bytes
  1183 ;; Hardware stack levels used:    1
  1184 ;; This function calls:
  1185 ;;		Nothing
  1186 ;; This function is called by:
  1187 ;;		_initialize_nunchuk
  1188 ;;		_start_conversion_with_nunchuck
  1189 ;; This function uses a non-reentrant model
  1190 ;;
  1191                           
  1192                           
  1193                           ;psect for function _Send_I2C_Data
  1194  068C                     _Send_I2C_Data:	
  1195                           
  1196                           ;main.c: 100: PIR1bits.SSP1IF=0;
  1197                           
  1198                           ;incstack = 0
  1199                           ; Regs used in _Send_I2C_Data: [wreg]
  1200  068C  0020               	movlb	0	; select bank0
  1201  068D  1191               	bcf	17,3	;volatile
  1202                           
  1203                           ;main.c: 101: SSPBUF = databyte;
  1204  068E  0878               	movf	Send_I2C_Data@databyte,w
  1205  068F  0024               	movlb	4	; select bank4
  1206  0690  0091               	movwf	17	;volatile
  1207  0691                     l119:	
  1208                           ;main.c: 102: while(!PIR1bits.SSP1IF);
  1209                           
  1210  0691  0020               	movlb	0	; select bank0
  1211  0692  1991               	btfsc	17,3	;volatile
  1212  0693  0008               	return
  1213  0694  2E91               	goto	l119
  1214  0695                     __end_of_Send_I2C_Data:	
  1215                           
  1216                           	psect	text9
  1217  06A9                     __ptext9:	
  1218 ;; *************** function _I2C_Stop_Bit *****************
  1219 ;; Defined at:
  1220 ;;		line 172 in file "main.c"
  1221 ;; Parameters:    Size  Location     Type
  1222 ;;		None
  1223 ;; Auto vars:     Size  Location     Type
  1224 ;;		None
  1225 ;; Return value:  Size  Location     Type
  1226 ;;		None               void
  1227 ;; Registers used:
  1228 ;;		wreg
  1229 ;; Tracked objects:
  1230 ;;		On entry : 0/0
  1231 ;;		On exit  : 0/0
  1232 ;;		Unchanged: 0/0
  1233 ;; Data sizes:     COMMON   BANK0   BANK1   BANK2   BANK3   BANK4   BANK5   BANK6
  1234 ;;      Params:         0       0       0       0       0       0       0       0
  1235 ;;      Locals:         0       0       0       0       0       0       0       0
  1236 ;;      Temps:          0       0       0       0       0       0       0       0
  1237 ;;      Totals:         0       0       0       0       0       0       0       0
  1238 ;;Total ram usage:        0 bytes
  1239 ;; Hardware stack levels used:    1
  1240 ;; This function calls:
  1241 ;;		Nothing
  1242 ;; This function is called by:
  1243 ;;		_initialize_nunchuk
  1244 ;;		_start_conversion_with_nunchuck
  1245 ;;		_read_state
  1246 ;; This function uses a non-reentrant model
  1247 ;;
  1248                           
  1249                           
  1250                           ;psect for function _I2C_Stop_Bit
  1251  06A9                     _I2C_Stop_Bit:	
  1252                           
  1253                           ;main.c: 174: PIR1bits.SSP1IF=0;
  1254                           
  1255                           ;incstack = 0
  1256                           ; Regs used in _I2C_Stop_Bit: [wreg]
  1257  06A9  0020               	movlb	0	; select bank0
  1258  06AA  1191               	bcf	17,3	;volatile
  1259                           
  1260                           ;main.c: 175: SSPCON2bits.PEN=1;
  1261  06AB  0024               	movlb	4	; select bank4
  1262  06AC  1516               	bsf	22,2	;volatile
  1263  06AD                     l768:	
  1264                           ;main.c: 176: while(!PIR1bits.SSP1IF)
  1265                           
  1266  06AD  0020               	movlb	0	; select bank0
  1267  06AE  1991               	btfsc	17,3	;volatile
  1268  06AF  0008               	return
  1269                           
  1270                           ;main.c: 177: {
  1271                           ;main.c: 178: i = 1;
  1272  06B0  3001               	movlw	1
  1273  06B1  0020               	movlb	0	; select bank0
  1274  06B2  00C4               	movwf	_i
  1275  06B3  3000               	movlw	0
  1276  06B4  00C5               	movwf	_i+1
  1277  06B5  2EAD               	goto	l768
  1278  06B6                     __end_of_I2C_Stop_Bit:	
  1279                           
  1280                           	psect	text10
  1281  06C4                     __ptext10:	
  1282 ;; *************** function _I2C_Start_Bit *****************
  1283 ;; Defined at:
  1284 ;;		line 140 in file "main.c"
  1285 ;; Parameters:    Size  Location     Type
  1286 ;;		None
  1287 ;; Auto vars:     Size  Location     Type
  1288 ;;		None
  1289 ;; Return value:  Size  Location     Type
  1290 ;;		None               void
  1291 ;; Registers used:
  1292 ;;		wreg
  1293 ;; Tracked objects:
  1294 ;;		On entry : 0/0
  1295 ;;		On exit  : 0/0
  1296 ;;		Unchanged: 0/0
  1297 ;; Data sizes:     COMMON   BANK0   BANK1   BANK2   BANK3   BANK4   BANK5   BANK6
  1298 ;;      Params:         0       0       0       0       0       0       0       0
  1299 ;;      Locals:         0       0       0       0       0       0       0       0
  1300 ;;      Temps:          0       0       0       0       0       0       0       0
  1301 ;;      Totals:         0       0       0       0       0       0       0       0
  1302 ;;Total ram usage:        0 bytes
  1303 ;; Hardware stack levels used:    1
  1304 ;; This function calls:
  1305 ;;		Nothing
  1306 ;; This function is called by:
  1307 ;;		_initialize_nunchuk
  1308 ;;		_start_conversion_with_nunchuck
  1309 ;;		_read_state
  1310 ;; This function uses a non-reentrant model
  1311 ;;
  1312                           
  1313                           
  1314                           ;psect for function _I2C_Start_Bit
  1315  06C4                     _I2C_Start_Bit:	
  1316                           
  1317                           ;main.c: 142: PIR1bits.SSP1IF=0;
  1318                           
  1319                           ;incstack = 0
  1320                           ; Regs used in _I2C_Start_Bit: [wreg]
  1321  06C4  0020               	movlb	0	; select bank0
  1322  06C5  1191               	bcf	17,3	;volatile
  1323                           
  1324                           ;main.c: 143: SSPCON2bits.SEN=1;
  1325  06C6  0024               	movlb	4	; select bank4
  1326  06C7  1416               	bsf	22,0	;volatile
  1327  06C8                     l762:	
  1328                           ;main.c: 144: while(!PIR1bits.SSP1IF)
  1329                           
  1330  06C8  0020               	movlb	0	; select bank0
  1331  06C9  1991               	btfsc	17,3	;volatile
  1332  06CA  2ED1               	goto	l148
  1333                           
  1334                           ;main.c: 145: {
  1335                           ;main.c: 146: i = 1;
  1336  06CB  3001               	movlw	1
  1337  06CC  0020               	movlb	0	; select bank0
  1338  06CD  00C4               	movwf	_i
  1339  06CE  3000               	movlw	0
  1340  06CF  00C5               	movwf	_i+1
  1341  06D0  2EC8               	goto	l762
  1342  06D1                     l148:	
  1343                           
  1344                           ;main.c: 147: }
  1345                           ;main.c: 148: PIR1bits.SSP1IF=0;
  1346  06D1  1191               	bcf	17,3	;volatile
  1347  06D2  0008               	return
  1348  06D3                     __end_of_I2C_Start_Bit:	
  1349                           
  1350                           	psect	text11
  1351  06D3                     __ptext11:	
  1352 ;; *************** function _I2C_Control_Write *****************
  1353 ;; Defined at:
  1354 ;;		line 115 in file "main.c"
  1355 ;; Parameters:    Size  Location     Type
  1356 ;;		None
  1357 ;; Auto vars:     Size  Location     Type
  1358 ;;		None
  1359 ;; Return value:  Size  Location     Type
  1360 ;;		None               void
  1361 ;; Registers used:
  1362 ;;		wreg
  1363 ;; Tracked objects:
  1364 ;;		On entry : 0/0
  1365 ;;		On exit  : 0/0
  1366 ;;		Unchanged: 0/0
  1367 ;; Data sizes:     COMMON   BANK0   BANK1   BANK2   BANK3   BANK4   BANK5   BANK6
  1368 ;;      Params:         0       0       0       0       0       0       0       0
  1369 ;;      Locals:         0       0       0       0       0       0       0       0
  1370 ;;      Temps:          0       0       0       0       0       0       0       0
  1371 ;;      Totals:         0       0       0       0       0       0       0       0
  1372 ;;Total ram usage:        0 bytes
  1373 ;; Hardware stack levels used:    1
  1374 ;; This function calls:
  1375 ;;		Nothing
  1376 ;; This function is called by:
  1377 ;;		_initialize_nunchuk
  1378 ;;		_start_conversion_with_nunchuck
  1379 ;; This function uses a non-reentrant model
  1380 ;;
  1381                           
  1382                           
  1383                           ;psect for function _I2C_Control_Write
  1384  06D3                     _I2C_Control_Write:	
  1385                           
  1386                           ;main.c: 117: PIR1bits.SSP1IF=0;
  1387                           
  1388                           ;incstack = 0
  1389                           ; Regs used in _I2C_Control_Write: [wreg]
  1390  06D3  0020               	movlb	0	; select bank0
  1391  06D4  1191               	bcf	17,3	;volatile
  1392                           
  1393                           ;main.c: 118: SSP1BUF = 0xA4;
  1394  06D5  30A4               	movlw	164
  1395  06D6  0024               	movlb	4	; select bank4
  1396  06D7  0091               	movwf	17	;volatile
  1397  06D8                     l748:	
  1398                           ;main.c: 119: while(!PIR1bits.SSP1IF)
  1399                           
  1400  06D8  0020               	movlb	0	; select bank0
  1401  06D9  1991               	btfsc	17,3	;volatile
  1402  06DA  2EE1               	goto	l136
  1403                           
  1404                           ;main.c: 120: {
  1405                           ;main.c: 121: i = 1;
  1406  06DB  3001               	movlw	1
  1407  06DC  0020               	movlb	0	; select bank0
  1408  06DD  00C4               	movwf	_i
  1409  06DE  3000               	movlw	0
  1410  06DF  00C5               	movwf	_i+1
  1411  06E0  2ED8               	goto	l748
  1412  06E1                     l136:	
  1413                           
  1414                           ;main.c: 123: }
  1415                           ;main.c: 124: PIR1bits.SSP1IF=0;
  1416  06E1  1191               	bcf	17,3	;volatile
  1417  06E2  0008               	return
  1418  06E3                     __end_of_I2C_Control_Write:	
  1419                           
  1420                           	psect	text12
  1421  0703                     __ptext12:	
  1422 ;; *************** function _init_io *****************
  1423 ;; Defined at:
  1424 ;;		line 49 in file "main.c"
  1425 ;; Parameters:    Size  Location     Type
  1426 ;;		None
  1427 ;; Auto vars:     Size  Location     Type
  1428 ;;		None
  1429 ;; Return value:  Size  Location     Type
  1430 ;;		None               void
  1431 ;; Registers used:
  1432 ;;		status,2
  1433 ;; Tracked objects:
  1434 ;;		On entry : 0/0
  1435 ;;		On exit  : 0/0
  1436 ;;		Unchanged: 0/0
  1437 ;; Data sizes:     COMMON   BANK0   BANK1   BANK2   BANK3   BANK4   BANK5   BANK6
  1438 ;;      Params:         0       0       0       0       0       0       0       0
  1439 ;;      Locals:         0       0       0       0       0       0       0       0
  1440 ;;      Temps:          0       0       0       0       0       0       0       0
  1441 ;;      Totals:         0       0       0       0       0       0       0       0
  1442 ;;Total ram usage:        0 bytes
  1443 ;; Hardware stack levels used:    1
  1444 ;; This function calls:
  1445 ;;		Nothing
  1446 ;; This function is called by:
  1447 ;;		_main
  1448 ;; This function uses a non-reentrant model
  1449 ;;
  1450                           
  1451                           
  1452                           ;psect for function _init_io
  1453  0703                     _init_io:	
  1454                           
  1455                           ;main.c: 51: ANSELA = 0x00;
  1456                           
  1457                           ;incstack = 0
  1458                           ; Regs used in _init_io: [status,2]
  1459  0703  0023               	movlb	3	; select bank3
  1460  0704  018C               	clrf	12	;volatile
  1461                           
  1462                           ;main.c: 52: ANSELB = 0x00;
  1463  0705  018D               	clrf	13	;volatile
  1464                           
  1465                           ;main.c: 53: ANSELC = 0x00;
  1466  0706  018E               	clrf	14	;volatile
  1467                           
  1468                           ;main.c: 55: TRISAbits.TRISA0 = 0;
  1469  0707  0021               	movlb	1	; select bank1
  1470  0708  100C               	bcf	12,0	;volatile
  1471                           
  1472                           ;main.c: 56: TRISAbits.TRISA1 = 0;
  1473  0709  108C               	bcf	12,1	;volatile
  1474                           
  1475                           ;main.c: 57: TRISAbits.TRISA2 = 0;
  1476  070A  110C               	bcf	12,2	;volatile
  1477                           
  1478                           ;main.c: 58: TRISAbits.TRISA3 = 1;
  1479  070B  158C               	bsf	12,3	;volatile
  1480                           
  1481                           ;main.c: 59: TRISAbits.TRISA4 = 0;
  1482  070C  120C               	bcf	12,4	;volatile
  1483                           
  1484                           ;main.c: 60: TRISAbits.TRISA5 = 0;
  1485  070D  128C               	bcf	12,5	;volatile
  1486                           
  1487                           ;main.c: 62: TRISBbits.TRISB4 = 1;
  1488  070E  160D               	bsf	13,4	;volatile
  1489                           
  1490                           ;main.c: 63: TRISBbits.TRISB5 = 1;
  1491  070F  168D               	bsf	13,5	;volatile
  1492                           
  1493                           ;main.c: 64: TRISBbits.TRISB6 = 1;
  1494  0710  170D               	bsf	13,6	;volatile
  1495                           
  1496                           ;main.c: 65: TRISBbits.TRISB7 = 0;
  1497  0711  138D               	bcf	13,7	;volatile
  1498                           
  1499                           ;main.c: 67: TRISCbits.TRISC0 = 0;
  1500  0712  100E               	bcf	14,0	;volatile
  1501                           
  1502                           ;main.c: 68: TRISCbits.TRISC1 = 0;
  1503  0713  108E               	bcf	14,1	;volatile
  1504                           
  1505                           ;main.c: 69: TRISCbits.TRISC2 = 0;
  1506  0714  110E               	bcf	14,2	;volatile
  1507                           
  1508                           ;main.c: 70: TRISCbits.TRISC3 = 0;
  1509  0715  118E               	bcf	14,3	;volatile
  1510                           
  1511                           ;main.c: 71: TRISCbits.TRISC4 = 1;
  1512  0716  160E               	bsf	14,4	;volatile
  1513                           
  1514                           ;main.c: 72: TRISCbits.TRISC5 = 1;
  1515  0717  168E               	bsf	14,5	;volatile
  1516                           
  1517                           ;main.c: 73: TRISCbits.TRISC6 = 1;
  1518  0718  170E               	bsf	14,6	;volatile
  1519                           
  1520                           ;main.c: 74: TRISCbits.TRISC7 = 1;
  1521  0719  178E               	bsf	14,7	;volatile
  1522  071A  0008               	return
  1523  071B                     __end_of_init_io:	
  1524  007E                     btemp	set	126	;btemp
  1525  007E                     pic14e$flags	set	126
  1526  007E                     wtemp	set	126
  1527  007E                     wtemp0	set	126
  1528  0080                     wtemp1	set	128
  1529  0082                     wtemp2	set	130
  1530  0084                     wtemp3	set	132
  1531  0086                     wtemp4	set	134
  1532  0088                     wtemp5	set	136
  1533  007F                     wtemp6	set	127
  1534  007E                     ttemp	set	126
  1535  007E                     ttemp0	set	126
  1536  0081                     ttemp1	set	129
  1537  0084                     ttemp2	set	132
  1538  0087                     ttemp3	set	135
  1539  007F                     ttemp4	set	127
  1540  007E                     ltemp	set	126
  1541  007E                     ltemp0	set	126
  1542  0082                     ltemp1	set	130
  1543  0086                     ltemp2	set	134
  1544  0080                     ltemp3	set	128


Data Sizes:
    Strings     0
    Constant    0
    Data        0
    BSS         58
    Persistent  0
    Stack       0

Auto Spaces:
    Space          Size  Autos    Used
    COMMON           14      6      14
    BANK0            80      0      50
    BANK1            80      0       0
    BANK2            80      0       0
    BANK3            80      0       0
    BANK4            80      0       0
    BANK5            80      0       0
    BANK6            16      0       0

Pointer List with Targets:

    None.

Critical Paths under _main in COMMON

    _main->_initialize_nunchuk
    _start_conversion_with_nunchuck->_Send_I2C_Data
    _read_state->_RX_I2C_Data
    _initialize_nunchuk->_Send_I2C_Data

Critical Paths under _main in BANK0

    None.

Critical Paths under _main in BANK1

    None.

Critical Paths under _main in BANK2

    None.

Critical Paths under _main in BANK3

    None.

Critical Paths under _main in BANK4

    None.

Critical Paths under _main in BANK5

    None.

Critical Paths under _main in BANK6

    None.

Call Graph Tables:

 ---------------------------------------------------------------------------------
 (Depth) Function   	        Calls       Base Space   Used Autos Params    Refs
 ---------------------------------------------------------------------------------
 (0) _main                                                 2     2      0     302
                                              4 COMMON     2     2      0
                            _init_io
                 _initialize_nunchuk
                         _read_state
     _start_conversion_with_nunchuck
 ---------------------------------------------------------------------------------
 (1) _start_conversion_with_nunchuck                       0     0      0     151
                  _I2C_Control_Write
                      _I2C_Start_Bit
                       _I2C_Stop_Bit
                      _Send_I2C_Data
 ---------------------------------------------------------------------------------
 (1) _read_state                                           1     1      0       0
                                              1 COMMON     1     1      0
                            _I2C_ACK
                   _I2C_Control_Read
                            _I2C_NAK
                      _I2C_Start_Bit
                       _I2C_Stop_Bit
                        _RX_I2C_Data
 ---------------------------------------------------------------------------------
 (2) _RX_I2C_Data                                          1     1      0       0
                                              0 COMMON     1     1      0
 ---------------------------------------------------------------------------------
 (2) _I2C_NAK                                              0     0      0       0
 ---------------------------------------------------------------------------------
 (2) _I2C_Control_Read                                     0     0      0       0
 ---------------------------------------------------------------------------------
 (2) _I2C_ACK                                              0     0      0       0
 ---------------------------------------------------------------------------------
 (1) _initialize_nunchuk                                   2     2      0     151
                                              2 COMMON     2     2      0
                  _I2C_Control_Write
                      _I2C_Start_Bit
                       _I2C_Stop_Bit
                      _Send_I2C_Data
 ---------------------------------------------------------------------------------
 (2) _Send_I2C_Data                                        2     0      2     151
                                              0 COMMON     2     0      2
 ---------------------------------------------------------------------------------
 (2) _I2C_Stop_Bit                                         0     0      0       0
 ---------------------------------------------------------------------------------
 (2) _I2C_Start_Bit                                        0     0      0       0
 ---------------------------------------------------------------------------------
 (2) _I2C_Control_Write                                    0     0      0       0
 ---------------------------------------------------------------------------------
 (1) _init_io                                              0     0      0       0
 ---------------------------------------------------------------------------------
 Estimated maximum stack depth 2
 ---------------------------------------------------------------------------------

 Call Graph Graphs:

 _main (ROOT)
   _init_io
   _initialize_nunchuk
     _I2C_Control_Write
     _I2C_Start_Bit
     _I2C_Stop_Bit
     _Send_I2C_Data
   _read_state
     _I2C_ACK
     _I2C_Control_Read
     _I2C_NAK
     _I2C_Start_Bit
     _I2C_Stop_Bit
     _RX_I2C_Data
   _start_conversion_with_nunchuck
     _I2C_Control_Write
     _I2C_Start_Bit
     _I2C_Stop_Bit
     _Send_I2C_Data

 Address spaces:
Name               Size   Autos  Total    Cost      Usage
BIGRAM             1F0      0       0       0        0.0%
NULL                 0      0       0       0        0.0%
CODE                 0      0       0       0        0.0%
BITCOMMON            E      0       0       1        0.0%
BITSFR0              0      0       0       1        0.0%
SFR0                 0      0       0       1        0.0%
COMMON               E      6       E       2      100.0%
BITSFR1              0      0       0       2        0.0%
SFR1                 0      0       0       2        0.0%
BITSFR2              0      0       0       3        0.0%
SFR2                 0      0       0       3        0.0%
STACK                0      0       0       3        0.0%
BITSFR3              0      0       0       4        0.0%
SFR3                 0      0       0       4        0.0%
ABS                  0      0      40       4        0.0%
BITBANK0            50      0       0       5        0.0%
BITSFR4              0      0       0       5        0.0%
SFR4                 0      0       0       5        0.0%
BANK0               50      0      32       6       62.5%
BITSFR5              0      0       0       6        0.0%
SFR5                 0      0       0       6        0.0%
BITBANK1            50      0       0       7        0.0%
BITSFR6              0      0       0       7        0.0%
SFR6                 0      0       0       7        0.0%
BANK1               50      0       0       8        0.0%
BITSFR7              0      0       0       8        0.0%
SFR7                 0      0       0       8        0.0%
BITBANK2            50      0       0       9        0.0%
BITSFR8              0      0       0       9        0.0%
SFR8                 0      0       0       9        0.0%
BANK2               50      0       0      10        0.0%
BITSFR9              0      0       0      10        0.0%
SFR9                 0      0       0      10        0.0%
BITBANK3            50      0       0      11        0.0%
BITSFR10             0      0       0      11        0.0%
SFR10                0      0       0      11        0.0%
BANK3               50      0       0      12        0.0%
BITSFR11             0      0       0      12        0.0%
SFR11                0      0       0      12        0.0%
BITBANK4            50      0       0      13        0.0%
BITSFR12             0      0       0      13        0.0%
SFR12                0      0       0      13        0.0%
BANK4               50      0       0      14        0.0%
BITSFR13             0      0       0      14        0.0%
SFR13                0      0       0      14        0.0%
BITBANK5            50      0       0      15        0.0%
BITSFR14             0      0       0      15        0.0%
SFR14                0      0       0      15        0.0%
BANK5               50      0       0      16        0.0%
BITSFR15             0      0       0      16        0.0%
SFR15                0      0       0      16        0.0%
BITBANK6            10      0       0      17        0.0%
BITSFR16             0      0       0      17        0.0%
SFR16                0      0       0      17        0.0%
BANK6               10      0       0      18        0.0%
BITSFR17             0      0       0      18        0.0%
SFR17                0      0       0      18        0.0%
BITSFR18             0      0       0      19        0.0%
SFR18                0      0       0      19        0.0%
DATA                 0      0      40      19        0.0%
BITSFR19             0      0       0      20        0.0%
SFR19                0      0       0      20        0.0%
BITSFR20             0      0       0      21        0.0%
SFR20                0      0       0      21        0.0%
BITSFR21             0      0       0      22        0.0%
SFR21                0      0       0      22        0.0%
BITSFR22             0      0       0      23        0.0%
SFR22                0      0       0      23        0.0%
BITSFR23             0      0       0      24        0.0%
SFR23                0      0       0      24        0.0%
BITSFR24             0      0       0      25        0.0%
SFR24                0      0       0      25        0.0%
BITSFR25             0      0       0      26        0.0%
SFR25                0      0       0      26        0.0%
BITSFR26             0      0       0      27        0.0%
SFR26                0      0       0      27        0.0%
BITSFR27             0      0       0      28        0.0%
SFR27                0      0       0      28        0.0%
BITSFR28             0      0       0      29        0.0%
SFR28                0      0       0      29        0.0%
BITSFR29             0      0       0      30        0.0%
SFR29                0      0       0      30        0.0%
BITSFR30             0      0       0      31        0.0%
SFR30                0      0       0      31        0.0%
BITSFR31             0      0       0      32        0.0%
SFR31                0      0       0      32        0.0%


Microchip Technology PIC Macro Assembler V1.32 build 58300 
Symbol Table                                                                                   Tue Nov 04 17:01:26 2014

                                      _i 0044                                        _x 0046  
                            __CFG_CP$OFF 0000                              _SSPSTATbits 0214  
                                     _BF 10A0                                      l113 069A  
                                    l125 06A0                                      l142 06F1  
                                    l119 0691                                      l136 06E1  
                                    l128 06A2                                      l148 06D1  
                                    l185 07DC                                      l762 06C8  
                                    l748 06D8                                      l756 06E8  
                                    l774 06BB                                      l768 06AD  
                                    l872 07C1                                      l888 07E3  
                                    u307 07E7                                      u317 0736  
                                    u277 079E                                      u287 07BC  
                                    u297 07CD                          __end_of_I2C_ACK 069E  
                        __end_of_I2C_NAK 06C4                                      _buf 0020  
                                    wreg 0009                             __CFG_LVP$OFF 0000  
                            _RX_I2C_Data 069E                                     _RCEN 10B3  
                                   _RSEN 10B1                        ?_I2C_Control_Read 0078  
                           __CFG_WRT$OFF 0000                                     _main 078D  
                                   _byte 0075                                     fsr0h 0005  
                                   fsr0l 0004                                     indf0 0000  
                                   btemp 007E                       ??_I2C_Control_Read 0078  
                                   ltemp 007E                                     start 0002  
                                   ttemp 007E                                     wtemp 007E  
                          __CFG_MCLRE$ON 0000                    __size_of_I2C_Stop_Bit 000D  
                                  ?_main 0078                            __CFG_WDTE$OFF 0000  
                      _I2C_Control_Write 06D3                            __CFG_PWRTE$ON 0000  
                         __CFG_FCMEN$OFF 0000                       ?_I2C_Control_Write 0078  
                        __end_of_init_io 071B                                    _tempi 0032  
                                  _tempn 0036                                    _tempx 003A  
                                  _tempy 003E                           __CFG_BOREN$OFF 0000  
                                  ltemp0 007E                                    ltemp1 0082  
                                  ltemp2 0086                                    ltemp3 0080  
                    ??_I2C_Control_Write 0078                                    ttemp0 007E  
                                  ttemp1 0081                                    ttemp2 0084  
                                  ttemp3 0087                                    ttemp4 007F  
                                  wtemp0 007E                                    wtemp1 0080  
                                  wtemp2 0082                                    wtemp3 0084  
                                  wtemp4 0086                                    wtemp5 0088  
                                  wtemp6 007F                             _I2C_Stop_Bit 06A9  
                        __initialization 07ED                             __end_of_main 07ED  
                              ??_I2C_ACK 0078                                ??_I2C_NAK 0078  
            __size_of_initialize_nunchuk 0021                __end_of_I2C_Control_Write 06E3  
                                 ??_main 007C                   __size_of_I2C_Start_Bit 000F  
                                 _ANSELA 018C                                   _ANSELB 018D  
                                 _ANSELC 018E                                   _SSPADD 0212  
                                 _SSPBUF 0211                   __size_of_Send_I2C_Data 0009  
                                 _temp10 002A                                   _temp25 002E  
                              ??_init_io 0078                    Send_I2C_Data@databyte 0078  
                             _StatusByte 0074                  __end_of__initialization 07FC  
                          _I2C_Start_Bit 06C4                           __pcstackCOMMON 0078  
             __size_of_I2C_Control_Write 0010                           _OPTION_REGbits 0095  
                          _Send_I2C_Data 068C                             ?_RX_I2C_Data 0078  
                             __pbssBANK0 0020                           ?_I2C_Start_Bit 0078  
                             __pmaintext 078D                                  _I2C_ACK 0695  
              __size_of_I2C_Control_Read 0010                                  _I2C_NAK 06B6  
                                _ACK_bit 0042                           ?_Send_I2C_Data 0078  
                                _SSP1ADD 0212                                  _SSP1BUF 0211  
                                _SSPCON2 0216                                  _SSPSTAT 0214  
                        __CFG_STVREN$OFF 0000                                  __ptext0 0000  
                                __ptext1 06F3                                  __ptext2 073C  
                                __ptext3 069E                                  __ptext4 06B6  
                                __ptext5 06E3                                  __ptext6 0695  
                                __ptext7 071B                                  __ptext8 068C  
                                __ptext9 06A9                               _read_state 073C  
                                _init_io 0703                                  clrloop0 0687  
                        ??_I2C_Start_Bit 0078                     end_of_initialization 07FC  
                              _RESP1Byte 0070                                _RESP2Byte 0071  
                              _RESP3Byte 0072                                _RESP4Byte 004D  
                              _RESP5Byte 0073                                _RESP6Byte 004E  
                              _RESP7Byte 004F                                _RESP8Byte 0050  
                              _RESP9Byte 0051               __end_of_initialize_nunchuk 073C  
                        ??_Send_I2C_Data 007A                         __CFG_FOSC$INTOSC 0000  
                              _TRISAbits 008C                                _TRISBbits 008D  
                              _TRISCbits 008E   __end_of_start_conversion_with_nunchuck 0703  
__size_of_start_conversion_with_nunchuck 0010           _start_conversion_with_nunchuck 06F3  
                   __size_of_RX_I2C_Data 000B                         _I2C_Control_Read 06E3  
                            ?_read_state 0078                      start_initialization 07ED  
                               ?_I2C_ACK 0078                                 ?_I2C_NAK 0078  
                            __pbssCOMMON 0070                                ___latbits 0002  
                    __size_of_read_state 0051                            ?_I2C_Stop_Bit 0078  
                               ?_init_io 0078                                 _LATAbits 010C  
                              clear_ram0 0686                           ??_I2C_Stop_Bit 0078  
                               _PIR1bits 0011                                _tempbyte1 0076  
                              _tempbyte2 0077                         __size_of_I2C_ACK 0009  
                       __size_of_I2C_NAK 000E                       _initialize_nunchuk 071B  
               __end_of_I2C_Control_Read 06F3                      ?_initialize_nunchuk 0078  
                  __end_of_I2C_Start_Bit 06D3         ??_start_conversion_with_nunchuck 007A  
        ?_start_conversion_with_nunchuck 0078                     ??_initialize_nunchuk 007A  
                           ??_read_state 0079                         __size_of_init_io 0018  
                  __end_of_Send_I2C_Data 0695                                 __ptext10 06C4  
                               __ptext11 06D3                                 __ptext12 0703  
                          ??_RX_I2C_Data 0078                             _SSP1CON2bits 0216  
                          __size_of_main 0060                       __end_of_read_state 078D  
                   __end_of_I2C_Stop_Bit 06B6                              pic14e$flags 007E  
                             _RESP10Byte 0048                               _RESP11Byte 0049  
                             _RESP12Byte 004A                               _RESP13Byte 004B  
                             _RESP14Byte 004C                        __CFG_CLKOUTEN$OFF 0000  
                    __end_of_RX_I2C_Data 06A9                               _OSCCONbits 0099  
                            _SSPCON2bits 0216                               _SSPCONbits 0215  
