

Microchip Technology PIC LITE Macro Assembler V1.32 build 58300 
                                                                                               Sun Sep 14 12:30:03 2014

Microchip Technology Omniscient Code Generator (Lite mode) build 58300
     1                           	processor	16F1509
     2                           	opt	pw 120
     3                           	opt	lm
     4                           	psect	text0,local,class=CODE,merge=1,delta=2
     5                           	psect	cinit,global,class=CODE,merge=1,delta=2
     6                           	psect	bssCOMMON,global,class=COMMON,space=1,delta=1
     7                           	psect	cstackCOMMON,global,class=COMMON,space=1,delta=1
     8                           	psect	maintext,global,class=CODE,merge=1,split=1,delta=2
     9                           	psect	text1,local,class=CODE,merge=1,delta=2
    10                           	psect	text2,local,class=CODE,merge=1,delta=2
    11                           	psect	text3,local,class=CODE,merge=1,delta=2
    12                           	psect	text4,local,class=CODE,merge=1,delta=2
    13                           	psect	text5,local,class=CODE,merge=1,delta=2
    14                           	psect	text6,local,class=CODE,merge=1,delta=2
    15                           	dabs	1,0x7E,2
    16  0000                     	;# 
    17  0001                     	;# 
    18  0002                     	;# 
    19  0003                     	;# 
    20  0004                     	;# 
    21  0005                     	;# 
    22  0006                     	;# 
    23  0007                     	;# 
    24  0008                     	;# 
    25  0009                     	;# 
    26  000A                     	;# 
    27  000B                     	;# 
    28  000C                     	;# 
    29  000D                     	;# 
    30  000E                     	;# 
    31  0011                     	;# 
    32  0012                     	;# 
    33  0013                     	;# 
    34  0015                     	;# 
    35  0016                     	;# 
    36  0016                     	;# 
    37  0017                     	;# 
    38  0018                     	;# 
    39  0019                     	;# 
    40  001A                     	;# 
    41  001B                     	;# 
    42  001C                     	;# 
    43  008C                     	;# 
    44  008D                     	;# 
    45  008E                     	;# 
    46  0091                     	;# 
    47  0092                     	;# 
    48  0093                     	;# 
    49  0095                     	;# 
    50  0096                     	;# 
    51  0097                     	;# 
    52  0099                     	;# 
    53  009A                     	;# 
    54  009B                     	;# 
    55  009B                     	;# 
    56  009C                     	;# 
    57  009D                     	;# 
    58  009E                     	;# 
    59  009F                     	;# 
    60  010C                     	;# 
    61  010D                     	;# 
    62  010E                     	;# 
    63  0111                     	;# 
    64  0112                     	;# 
    65  0113                     	;# 
    66  0114                     	;# 
    67  0115                     	;# 
    68  0116                     	;# 
    69  0117                     	;# 
    70  0118                     	;# 
    71  0119                     	;# 
    72  011D                     	;# 
    73  018C                     	;# 
    74  018D                     	;# 
    75  018E                     	;# 
    76  0191                     	;# 
    77  0191                     	;# 
    78  0192                     	;# 
    79  0193                     	;# 
    80  0193                     	;# 
    81  0194                     	;# 
    82  0195                     	;# 
    83  0196                     	;# 
    84  0197                     	;# 
    85  0199                     	;# 
    86  019A                     	;# 
    87  019B                     	;# 
    88  019B                     	;# 
    89  019C                     	;# 
    90  019D                     	;# 
    91  019E                     	;# 
    92  019F                     	;# 
    93  020C                     	;# 
    94  020D                     	;# 
    95  0211                     	;# 
    96  0211                     	;# 
    97  0212                     	;# 
    98  0212                     	;# 
    99  0213                     	;# 
   100  0213                     	;# 
   101  0214                     	;# 
   102  0214                     	;# 
   103  0215                     	;# 
   104  0215                     	;# 
   105  0215                     	;# 
   106  0216                     	;# 
   107  0216                     	;# 
   108  0217                     	;# 
   109  0217                     	;# 
   110  0391                     	;# 
   111  0392                     	;# 
   112  0393                     	;# 
   113  0394                     	;# 
   114  0395                     	;# 
   115  0396                     	;# 
   116  0498                     	;# 
   117  0498                     	;# 
   118  0499                     	;# 
   119  049A                     	;# 
   120  049B                     	;# 
   121  049B                     	;# 
   122  049C                     	;# 
   123  049E                     	;# 
   124  049F                     	;# 
   125  0611                     	;# 
   126  0612                     	;# 
   127  0613                     	;# 
   128  0613                     	;# 
   129  0614                     	;# 
   130  0615                     	;# 
   131  0616                     	;# 
   132  0616                     	;# 
   133  0617                     	;# 
   134  0618                     	;# 
   135  0619                     	;# 
   136  0619                     	;# 
   137  061A                     	;# 
   138  061B                     	;# 
   139  061C                     	;# 
   140  061C                     	;# 
   141  0691                     	;# 
   142  0692                     	;# 
   143  0693                     	;# 
   144  0694                     	;# 
   145  0695                     	;# 
   146  0F0F                     	;# 
   147  0F10                     	;# 
   148  0F11                     	;# 
   149  0F12                     	;# 
   150  0F13                     	;# 
   151  0F14                     	;# 
   152  0F15                     	;# 
   153  0F16                     	;# 
   154  0F17                     	;# 
   155  0F18                     	;# 
   156  0F19                     	;# 
   157  0F1A                     	;# 
   158  0F1B                     	;# 
   159  0F1C                     	;# 
   160  0F1D                     	;# 
   161  0F1E                     	;# 
   162  0F1F                     	;# 
   163  0F20                     	;# 
   164  0F21                     	;# 
   165  0F22                     	;# 
   166  0F23                     	;# 
   167  0F24                     	;# 
   168  0F25                     	;# 
   169  0F26                     	;# 
   170  0F27                     	;# 
   171  0F28                     	;# 
   172  0F29                     	;# 
   173  0F2A                     	;# 
   174  0F2B                     	;# 
   175  0F2C                     	;# 
   176  0F2D                     	;# 
   177  0F2E                     	;# 
   178  0F2F                     	;# 
   179  0F8C                     	;# 
   180  0F8D                     	;# 
   181  0F91                     	;# 
   182  0F95                     	;# 
   183  0F96                     	;# 
   184  0F97                     	;# 
   185  0F9C                     	;# 
   186  0F9D                     	;# 
   187  0F9E                     	;# 
   188  0FE3                     	;# 
   189  0FE4                     	;# 
   190  0FE5                     	;# 
   191  0FE6                     	;# 
   192  0FE7                     	;# 
   193  0FE8                     	;# 
   194  0FE9                     	;# 
   195  0FEA                     	;# 
   196  0FEB                     	;# 
   197  0FED                     	;# 
   198  0FEE                     	;# 
   199  0FEF                     	;# 
   200  0011                     _PIR1bits	set	17
   201  000C                     _PORTAbits	set	12
   202  0095                     _OPTION_REGbits	set	149
   203  0099                     _OSCCONbits	set	153
   204  008C                     _TRISAbits	set	140
   205  008D                     _TRISBbits	set	141
   206  008E                     _TRISCbits	set	142
   207  018C                     _ANSELA	set	396
   208  018D                     _ANSELB	set	397
   209  018E                     _ANSELC	set	398
   210  0211                     _SSP1BUF	set	529
   211  0216                     _SSP1CON2bits	set	534
   212  0212                     _SSPADD	set	530
   213  0211                     _SSPBUF	set	529
   214  0216                     _SSPCON2	set	534
   215  0216                     _SSPCON2bits	set	534
   216  0215                     _SSPCONbits	set	533
   217  0214                     _SSPSTAT	set	532
   218  10A0                     _BF	set	4256
   219  10B3                     _RCEN	set	4275
   220  10B1                     _RSEN	set	4273
   221                           
   222                           	psect	text0
   223  0000                     __ptext0:	
   224                           ; #config settings
   225                           
   226                           
   227                           ;psect for function _init_io
   228  0000                     
   229                           	psect	cinit
   230  07F5                     start_initialization:	
   231  07F5                     __initialization:	
   232                           
   233                           ; Clear objects allocated to COMMON
   234  07F5  01F0               	clrf	__pbssCOMMON& (0+127)
   235  07F6  01F1               	clrf	(__pbssCOMMON+1)& (0+127)
   236  07F7  01F2               	clrf	(__pbssCOMMON+2)& (0+127)
   237  07F8  01F3               	clrf	(__pbssCOMMON+3)& (0+127)
   238  07F9  01F4               	clrf	(__pbssCOMMON+4)& (0+127)
   239  07FA  01F5               	clrf	(__pbssCOMMON+5)& (0+127)
   240  07FB  01F6               	clrf	(__pbssCOMMON+6)& (0+127)
   241  07FC                     end_of_initialization:	
   242                           ;End of C runtime variable initialization code
   243                           
   244  07FC                     __end_of__initialization:	
   245  07FC  107E               	bcf	pic14e$flags,0	;clear compiler interrupt flag
   246  07FD  0020               	movlb	0
   247  07FE  3187  2FBD         	ljmp	_main	;jump to C main() function
   248                           
   249                           	psect	bssCOMMON
   250  0070                     __pbssCOMMON:	
   251  0070                     _ACK_bit:	
   252  0070                     	ds	2
   253  0072                     _i:	
   254  0072                     	ds	2
   255  0074                     _byte:	
   256  0074                     	ds	1
   257  0075                     _tempbyte1:	
   258  0075                     	ds	1
   259  0076                     _tempbyte2:	
   260  0076                     	ds	1
   261                           
   262                           	psect	cstackCOMMON
   263  0077                     __pcstackCOMMON:	
   264  0077                     ?_init_io:	
   265  0077                     ??_init_io:	
   266                           ; 0 bytes @ 0x0
   267                           
   268  0077                     ?_Send_I2C_Data:	
   269                           ; 0 bytes @ 0x0
   270                           
   271  0077                     ?_I2C_Control_Write0:	
   272                           ; 0 bytes @ 0x0
   273                           
   274  0077                     ??_I2C_Control_Write0:	
   275                           ; 0 bytes @ 0x0
   276                           
   277  0077                     ?_I2C_Start_Bit:	
   278                           ; 0 bytes @ 0x0
   279                           
   280  0077                     ??_I2C_Start_Bit:	
   281                           ; 0 bytes @ 0x0
   282                           
   283  0077                     ?_I2C_Stop_Bit:	
   284                           ; 0 bytes @ 0x0
   285                           
   286  0077                     ??_I2C_Stop_Bit:	
   287                           ; 0 bytes @ 0x0
   288                           
   289  0077                     ?_set_resistor:	
   290                           ; 0 bytes @ 0x0
   291                           
   292  0077                     ?_main:	
   293                           ; 0 bytes @ 0x0
   294                           
   295  0077                     Send_I2C_Data@databyte:	
   296                           ; 2 bytes @ 0x0
   297                           
   298                           
   299                           ; 2 bytes @ 0x0
   300  0077                     	ds	2
   301  0079                     ??_Send_I2C_Data:	
   302  0079                     ??_set_resistor:	
   303                           ; 0 bytes @ 0x2
   304                           
   305  0079                     ??_main:	
   306                           ; 0 bytes @ 0x2
   307                           
   308                           
   309                           ; 0 bytes @ 0x2
   310  0079                     	ds	2
   311                           
   312                           	psect	maintext
   313  07BD                     __pmaintext:	
   314 ;;
   315 ;;Main: autosize = 0, tempsize = 2, incstack = 0, save=0
   316 ;;
   317 ;; *************** function _main *****************
   318 ;; Defined at:
   319 ;;		line 211 in file "main.c"
   320 ;; Parameters:    Size  Location     Type
   321 ;;		None
   322 ;; Auto vars:     Size  Location     Type
   323 ;;		None
   324 ;; Return value:  Size  Location     Type
   325 ;;                  2  130[COMMON] int 
   326 ;; Registers used:
   327 ;;		wreg, status,2, status,0, pclath, cstack
   328 ;; Tracked objects:
   329 ;;		On entry : 17F/0
   330 ;;		On exit  : 0/0
   331 ;;		Unchanged: 0/0
   332 ;; Data sizes:     COMMON   BANK0   BANK1   BANK2   BANK3   BANK4   BANK5   BANK6
   333 ;;      Params:         0       0       0       0       0       0       0       0
   334 ;;      Locals:         0       0       0       0       0       0       0       0
   335 ;;      Temps:          2       0       0       0       0       0       0       0
   336 ;;      Totals:         2       0       0       0       0       0       0       0
   337 ;;Total ram usage:        2 bytes
   338 ;; Hardware stack levels required when called:    2
   339 ;; This function calls:
   340 ;;		_init_io
   341 ;;		_set_resistor
   342 ;; This function is called by:
   343 ;;		Startup code after reset
   344 ;; This function uses a non-reentrant model
   345 ;;
   346                           
   347                           
   348                           ;psect for function _main
   349  07BD                     _main:	
   350                           
   351                           ;main.c: 214: OSCCONbits.IRCF = 0x0d;
   352                           
   353                           ;incstack = 0
   354                           ; Regs used in _main: [wreg+status,2+status,0+pclath+cstack]
   355  07BD  0021               	movlb	1	; select bank1
   356  07BE  0819               	movf	25,w	;volatile
   357  07BF  3987               	andlw	-121
   358  07C0  3868               	iorlw	104
   359  07C1  0099               	movwf	25	;volatile
   360                           
   361                           ;main.c: 215: OSCCONbits.SCS = 0x02;
   362  07C2  0819               	movf	25,w	;volatile
   363  07C3  39FC               	andlw	-4
   364  07C4  3802               	iorlw	2
   365  07C5  0099               	movwf	25	;volatile
   366                           
   367                           ;main.c: 216: OPTION_REGbits.nWPUEN = 0;
   368  07C6  1395               	bcf	21,7	;volatile
   369                           
   370                           ;main.c: 218: SSPCONbits.SSPM=0x08;
   371  07C7  0024               	movlb	4	; select bank4
   372  07C8  0815               	movf	21,w	;volatile
   373  07C9  39F0               	andlw	-16
   374  07CA  3808               	iorlw	8
   375  07CB  0095               	movwf	21	;volatile
   376                           
   377                           ;main.c: 219: SSPCONbits.SSPEN=1;
   378  07CC  1695               	bsf	21,5	;volatile
   379                           
   380                           ;main.c: 220: SSPADD = 0x09;
   381  07CD  3009               	movlw	9
   382  07CE  0092               	movwf	18	;volatile
   383                           
   384                           ;main.c: 223: init_io();
   385  07CF  3187  27A5  3187   	fcall	_init_io
   386                           
   387                           ;main.c: 225: _delay((unsigned long)((100)*(4000000/4000.0)));
   388  07D2  3082               	movlw	130
   389  07D3  00FA               	movwf	??_main+1
   390  07D4  30DD               	movlw	221
   391  07D5  00F9               	movwf	??_main
   392  07D6                     u137:	
   393  07D6  0BF9               	decfsz	??_main,f
   394  07D7  2FD6               	goto	u137
   395  07D8  0BFA               	decfsz	??_main+1,f
   396  07D9  2FD6               	goto	u137
   397  07DA  3200               	nop2
   398                           
   399                           ;main.c: 227: set_resistor();
   400  07DB  3187  2795  3187   	fcall	_set_resistor
   401  07DE                     l623:	
   402                           ;main.c: 229: while (1) {
   403                           
   404                           
   405                           ;main.c: 231: PORTAbits.RA0 = 0;
   406  07DE  0020               	movlb	0	; select bank0
   407  07DF  100C               	bcf	12,0	;volatile
   408                           
   409                           ;main.c: 232: _delay((unsigned long)((100)*(4000000/4000.0)));
   410  07E0  3082               	movlw	130
   411  07E1  00FA               	movwf	??_main+1
   412  07E2  30DD               	movlw	221
   413  07E3  00F9               	movwf	??_main
   414  07E4                     u147:	
   415  07E4  0BF9               	decfsz	??_main,f
   416  07E5  2FE4               	goto	u147
   417  07E6  0BFA               	decfsz	??_main+1,f
   418  07E7  2FE4               	goto	u147
   419  07E8  3200               	nop2
   420                           
   421                           ;main.c: 233: PORTAbits.RA0 = 1;
   422  07E9  0020               	movlb	0	; select bank0
   423  07EA  140C               	bsf	12,0	;volatile
   424                           
   425                           ;main.c: 234: _delay((unsigned long)((100)*(4000000/4000.0)));
   426  07EB  3082               	movlw	130
   427  07EC  00FA               	movwf	??_main+1
   428  07ED  30DD               	movlw	221
   429  07EE  00F9               	movwf	??_main
   430  07EF                     u157:	
   431  07EF  0BF9               	decfsz	??_main,f
   432  07F0  2FEF               	goto	u157
   433  07F1  0BFA               	decfsz	??_main+1,f
   434  07F2  2FEF               	goto	u157
   435  07F3  3200               	nop2
   436  07F4  2FDE               	goto	l623
   437  07F5                     __end_of_main:	
   438                           ;main.c: 235: }
   439                           ;main.c: 236: return (0);
   440                           ;	Return value of _main is never used
   441                           
   442                           
   443                           	psect	text1
   444  0795                     __ptext1:	
   445 ;; *************** function _set_resistor *****************
   446 ;; Defined at:
   447 ;;		line 196 in file "main.c"
   448 ;; Parameters:    Size  Location     Type
   449 ;;		None
   450 ;; Auto vars:     Size  Location     Type
   451 ;;		None
   452 ;; Return value:  Size  Location     Type
   453 ;;		None               void
   454 ;; Registers used:
   455 ;;		wreg, status,2, status,0, pclath, cstack
   456 ;; Tracked objects:
   457 ;;		On entry : 0/0
   458 ;;		On exit  : 0/0
   459 ;;		Unchanged: 0/0
   460 ;; Data sizes:     COMMON   BANK0   BANK1   BANK2   BANK3   BANK4   BANK5   BANK6
   461 ;;      Params:         0       0       0       0       0       0       0       0
   462 ;;      Locals:         0       0       0       0       0       0       0       0
   463 ;;      Temps:          0       0       0       0       0       0       0       0
   464 ;;      Totals:         0       0       0       0       0       0       0       0
   465 ;;Total ram usage:        0 bytes
   466 ;; Hardware stack levels used:    1
   467 ;; Hardware stack levels required when called:    1
   468 ;; This function calls:
   469 ;;		_I2C_Control_Write0
   470 ;;		_I2C_Start_Bit
   471 ;;		_I2C_Stop_Bit
   472 ;;		_Send_I2C_Data
   473 ;; This function is called by:
   474 ;;		_main
   475 ;; This function uses a non-reentrant model
   476 ;;
   477                           
   478                           
   479                           ;psect for function _set_resistor
   480  0795                     _set_resistor:	
   481                           
   482                           ;main.c: 199: I2C_Start_Bit();
   483                           
   484                           ;incstack = 0
   485                           ; Regs used in _set_resistor: [wreg+status,2+status,0+pclath+cstack]
   486  0795  3187  2778  3187   	fcall	_I2C_Start_Bit
   487                           
   488                           ;main.c: 200: I2C_Control_Write0();
   489  0798  3187  2786  3187   	fcall	_I2C_Control_Write0
   490                           
   491                           ;main.c: 201: Send_I2C_Data(0x7F);
   492  079B  307F               	movlw	127
   493  079C  00F7               	movwf	Send_I2C_Data@databyte
   494  079D  3000               	movlw	0
   495  079E  00F8               	movwf	Send_I2C_Data@databyte+1
   496  079F  3187  2763  3187   	fcall	_Send_I2C_Data
   497                           
   498                           ;main.c: 204: I2C_Stop_Bit();
   499  07A2  3187  276C         	fcall	_I2C_Stop_Bit
   500  07A4  0008               	return
   501  07A5                     __end_of_set_resistor:	
   502                           
   503                           	psect	text2
   504  0763                     __ptext2:	
   505 ;; *************** function _Send_I2C_Data *****************
   506 ;; Defined at:
   507 ;;		line 86 in file "main.c"
   508 ;; Parameters:    Size  Location     Type
   509 ;;  databyte        2    0[COMMON] unsigned int 
   510 ;; Auto vars:     Size  Location     Type
   511 ;;		None
   512 ;; Return value:  Size  Location     Type
   513 ;;		None               void
   514 ;; Registers used:
   515 ;;		wreg
   516 ;; Tracked objects:
   517 ;;		On entry : 0/0
   518 ;;		On exit  : 0/0
   519 ;;		Unchanged: 0/0
   520 ;; Data sizes:     COMMON   BANK0   BANK1   BANK2   BANK3   BANK4   BANK5   BANK6
   521 ;;      Params:         2       0       0       0       0       0       0       0
   522 ;;      Locals:         0       0       0       0       0       0       0       0
   523 ;;      Temps:          0       0       0       0       0       0       0       0
   524 ;;      Totals:         2       0       0       0       0       0       0       0
   525 ;;Total ram usage:        2 bytes
   526 ;; Hardware stack levels used:    1
   527 ;; This function calls:
   528 ;;		Nothing
   529 ;; This function is called by:
   530 ;;		_set_resistor
   531 ;; This function uses a non-reentrant model
   532 ;;
   533                           
   534                           
   535                           ;psect for function _Send_I2C_Data
   536  0763                     _Send_I2C_Data:	
   537                           
   538                           ;main.c: 88: PIR1bits.SSP1IF=0;
   539                           
   540                           ;incstack = 0
   541                           ; Regs used in _Send_I2C_Data: [wreg]
   542  0763  0020               	movlb	0	; select bank0
   543  0764  1191               	bcf	17,3	;volatile
   544                           
   545                           ;main.c: 89: SSPBUF = databyte;
   546  0765  0877               	movf	Send_I2C_Data@databyte,w
   547  0766  0024               	movlb	4	; select bank4
   548  0767  0091               	movwf	17	;volatile
   549  0768                     l66:	
   550                           ;main.c: 90: while(!PIR1bits.SSP1IF);
   551                           
   552  0768  0020               	movlb	0	; select bank0
   553  0769  1991               	btfsc	17,3	;volatile
   554  076A  0008               	return
   555  076B  2F68               	goto	l66
   556  076C                     __end_of_Send_I2C_Data:	
   557                           
   558                           	psect	text3
   559  076C                     __ptext3:	
   560 ;; *************** function _I2C_Stop_Bit *****************
   561 ;; Defined at:
   562 ;;		line 174 in file "main.c"
   563 ;; Parameters:    Size  Location     Type
   564 ;;		None
   565 ;; Auto vars:     Size  Location     Type
   566 ;;		None
   567 ;; Return value:  Size  Location     Type
   568 ;;		None               void
   569 ;; Registers used:
   570 ;;		wreg
   571 ;; Tracked objects:
   572 ;;		On entry : 0/0
   573 ;;		On exit  : 0/0
   574 ;;		Unchanged: 0/0
   575 ;; Data sizes:     COMMON   BANK0   BANK1   BANK2   BANK3   BANK4   BANK5   BANK6
   576 ;;      Params:         0       0       0       0       0       0       0       0
   577 ;;      Locals:         0       0       0       0       0       0       0       0
   578 ;;      Temps:          0       0       0       0       0       0       0       0
   579 ;;      Totals:         0       0       0       0       0       0       0       0
   580 ;;Total ram usage:        0 bytes
   581 ;; Hardware stack levels used:    1
   582 ;; This function calls:
   583 ;;		Nothing
   584 ;; This function is called by:
   585 ;;		_set_resistor
   586 ;; This function uses a non-reentrant model
   587 ;;
   588                           
   589                           
   590                           ;psect for function _I2C_Stop_Bit
   591  076C                     _I2C_Stop_Bit:	
   592                           
   593                           ;main.c: 176: PIR1bits.SSP1IF=0;
   594                           
   595                           ;incstack = 0
   596                           ; Regs used in _I2C_Stop_Bit: [wreg]
   597  076C  0020               	movlb	0	; select bank0
   598  076D  1191               	bcf	17,3	;volatile
   599                           
   600                           ;main.c: 177: SSPCON2bits.PEN=1;
   601  076E  0024               	movlb	4	; select bank4
   602  076F  1516               	bsf	22,2	;volatile
   603  0770                     l529:	
   604                           ;main.c: 178: while(!PIR1bits.SSP1IF)
   605                           
   606  0770  0020               	movlb	0	; select bank0
   607  0771  1991               	btfsc	17,3	;volatile
   608  0772  0008               	return
   609                           
   610                           ;main.c: 179: {
   611                           ;main.c: 180: i = 1;
   612  0773  3001               	movlw	1
   613  0774  00F2               	movwf	_i
   614  0775  3000               	movlw	0
   615  0776  00F3               	movwf	_i+1
   616  0777  2F70               	goto	l529
   617  0778                     __end_of_I2C_Stop_Bit:	
   618                           
   619                           	psect	text4
   620  0778                     __ptext4:	
   621 ;; *************** function _I2C_Start_Bit *****************
   622 ;; Defined at:
   623 ;;		line 142 in file "main.c"
   624 ;; Parameters:    Size  Location     Type
   625 ;;		None
   626 ;; Auto vars:     Size  Location     Type
   627 ;;		None
   628 ;; Return value:  Size  Location     Type
   629 ;;		None               void
   630 ;; Registers used:
   631 ;;		wreg
   632 ;; Tracked objects:
   633 ;;		On entry : 0/0
   634 ;;		On exit  : 0/0
   635 ;;		Unchanged: 0/0
   636 ;; Data sizes:     COMMON   BANK0   BANK1   BANK2   BANK3   BANK4   BANK5   BANK6
   637 ;;      Params:         0       0       0       0       0       0       0       0
   638 ;;      Locals:         0       0       0       0       0       0       0       0
   639 ;;      Temps:          0       0       0       0       0       0       0       0
   640 ;;      Totals:         0       0       0       0       0       0       0       0
   641 ;;Total ram usage:        0 bytes
   642 ;; Hardware stack levels used:    1
   643 ;; This function calls:
   644 ;;		Nothing
   645 ;; This function is called by:
   646 ;;		_set_resistor
   647 ;; This function uses a non-reentrant model
   648 ;;
   649                           
   650                           
   651                           ;psect for function _I2C_Start_Bit
   652  0778                     _I2C_Start_Bit:	
   653                           
   654                           ;main.c: 144: PIR1bits.SSP1IF=0;
   655                           
   656                           ;incstack = 0
   657                           ; Regs used in _I2C_Start_Bit: [wreg]
   658  0778  0020               	movlb	0	; select bank0
   659  0779  1191               	bcf	17,3	;volatile
   660                           
   661                           ;main.c: 145: SSPCON2bits.SEN=1;
   662  077A  0024               	movlb	4	; select bank4
   663  077B  1416               	bsf	22,0	;volatile
   664  077C                     l523:	
   665                           ;main.c: 146: while(!PIR1bits.SSP1IF)
   666                           
   667  077C  0020               	movlb	0	; select bank0
   668  077D  1991               	btfsc	17,3	;volatile
   669  077E  2F84               	goto	l101
   670                           
   671                           ;main.c: 147: {
   672                           ;main.c: 148: i = 1;
   673  077F  3001               	movlw	1
   674  0780  00F2               	movwf	_i
   675  0781  3000               	movlw	0
   676  0782  00F3               	movwf	_i+1
   677  0783  2F7C               	goto	l523
   678  0784                     l101:	
   679                           
   680                           ;main.c: 149: }
   681                           ;main.c: 150: PIR1bits.SSP1IF=0;
   682  0784  1191               	bcf	17,3	;volatile
   683  0785  0008               	return
   684  0786                     __end_of_I2C_Start_Bit:	
   685                           
   686                           	psect	text5
   687  0786                     __ptext5:	
   688 ;; *************** function _I2C_Control_Write0 *****************
   689 ;; Defined at:
   690 ;;		line 103 in file "main.c"
   691 ;; Parameters:    Size  Location     Type
   692 ;;		None
   693 ;; Auto vars:     Size  Location     Type
   694 ;;		None
   695 ;; Return value:  Size  Location     Type
   696 ;;		None               void
   697 ;; Registers used:
   698 ;;		wreg
   699 ;; Tracked objects:
   700 ;;		On entry : 0/0
   701 ;;		On exit  : 0/0
   702 ;;		Unchanged: 0/0
   703 ;; Data sizes:     COMMON   BANK0   BANK1   BANK2   BANK3   BANK4   BANK5   BANK6
   704 ;;      Params:         0       0       0       0       0       0       0       0
   705 ;;      Locals:         0       0       0       0       0       0       0       0
   706 ;;      Temps:          0       0       0       0       0       0       0       0
   707 ;;      Totals:         0       0       0       0       0       0       0       0
   708 ;;Total ram usage:        0 bytes
   709 ;; Hardware stack levels used:    1
   710 ;; This function calls:
   711 ;;		Nothing
   712 ;; This function is called by:
   713 ;;		_set_resistor
   714 ;; This function uses a non-reentrant model
   715 ;;
   716                           
   717                           
   718                           ;psect for function _I2C_Control_Write0
   719  0786                     _I2C_Control_Write0:	
   720                           
   721                           ;main.c: 105: PIR1bits.SSP1IF=0;
   722                           
   723                           ;incstack = 0
   724                           ; Regs used in _I2C_Control_Write0: [wreg]
   725  0786  0020               	movlb	0	; select bank0
   726  0787  1191               	bcf	17,3	;volatile
   727                           
   728                           ;main.c: 106: SSP1BUF = 0x5C;
   729  0788  305C               	movlw	92
   730  0789  0024               	movlb	4	; select bank4
   731  078A  0091               	movwf	17	;volatile
   732  078B                     l517:	
   733                           ;main.c: 107: while(!PIR1bits.SSP1IF)
   734                           
   735  078B  0020               	movlb	0	; select bank0
   736  078C  1991               	btfsc	17,3	;volatile
   737  078D  2F93               	goto	l83
   738                           
   739                           ;main.c: 108: {
   740                           ;main.c: 109: i = 1;
   741  078E  3001               	movlw	1
   742  078F  00F2               	movwf	_i
   743  0790  3000               	movlw	0
   744  0791  00F3               	movwf	_i+1
   745  0792  2F8B               	goto	l517
   746  0793                     l83:	
   747                           
   748                           ;main.c: 111: }
   749                           ;main.c: 112: PIR1bits.SSP1IF=0;
   750  0793  1191               	bcf	17,3	;volatile
   751  0794  0008               	return
   752  0795                     __end_of_I2C_Control_Write0:	
   753                           
   754                           	psect	text6
   755  07A5                     __ptext6:	
   756 ;; *************** function _init_io *****************
   757 ;; Defined at:
   758 ;;		line 49 in file "main.c"
   759 ;; Parameters:    Size  Location     Type
   760 ;;		None
   761 ;; Auto vars:     Size  Location     Type
   762 ;;		None
   763 ;; Return value:  Size  Location     Type
   764 ;;		None               void
   765 ;; Registers used:
   766 ;;		status,2
   767 ;; Tracked objects:
   768 ;;		On entry : 0/0
   769 ;;		On exit  : 0/0
   770 ;;		Unchanged: 0/0
   771 ;; Data sizes:     COMMON   BANK0   BANK1   BANK2   BANK3   BANK4   BANK5   BANK6
   772 ;;      Params:         0       0       0       0       0       0       0       0
   773 ;;      Locals:         0       0       0       0       0       0       0       0
   774 ;;      Temps:          0       0       0       0       0       0       0       0
   775 ;;      Totals:         0       0       0       0       0       0       0       0
   776 ;;Total ram usage:        0 bytes
   777 ;; Hardware stack levels used:    1
   778 ;; This function calls:
   779 ;;		Nothing
   780 ;; This function is called by:
   781 ;;		_main
   782 ;; This function uses a non-reentrant model
   783 ;;
   784                           
   785                           
   786                           ;psect for function _init_io
   787  07A5                     _init_io:	
   788                           
   789                           ;main.c: 51: ANSELA = 0x00;
   790                           
   791                           ;incstack = 0
   792                           ; Regs used in _init_io: [status,2]
   793  07A5  0023               	movlb	3	; select bank3
   794  07A6  018C               	clrf	12	;volatile
   795                           
   796                           ;main.c: 52: ANSELB = 0x00;
   797  07A7  018D               	clrf	13	;volatile
   798                           
   799                           ;main.c: 53: ANSELC = 0x00;
   800  07A8  018E               	clrf	14	;volatile
   801                           
   802                           ;main.c: 55: TRISAbits.TRISA0 = 0;
   803  07A9  0021               	movlb	1	; select bank1
   804  07AA  100C               	bcf	12,0	;volatile
   805                           
   806                           ;main.c: 56: TRISAbits.TRISA1 = 0;
   807  07AB  108C               	bcf	12,1	;volatile
   808                           
   809                           ;main.c: 57: TRISAbits.TRISA2 = 0;
   810  07AC  110C               	bcf	12,2	;volatile
   811                           
   812                           ;main.c: 58: TRISAbits.TRISA3 = 0;
   813  07AD  118C               	bcf	12,3	;volatile
   814                           
   815                           ;main.c: 59: TRISAbits.TRISA4 = 0;
   816  07AE  120C               	bcf	12,4	;volatile
   817                           
   818                           ;main.c: 60: TRISAbits.TRISA5 = 0;
   819  07AF  128C               	bcf	12,5	;volatile
   820                           
   821                           ;main.c: 62: TRISBbits.TRISB4 = 1;
   822  07B0  160D               	bsf	13,4	;volatile
   823                           
   824                           ;main.c: 63: TRISBbits.TRISB5 = 1;
   825  07B1  168D               	bsf	13,5	;volatile
   826                           
   827                           ;main.c: 64: TRISBbits.TRISB6 = 1;
   828  07B2  170D               	bsf	13,6	;volatile
   829                           
   830                           ;main.c: 65: TRISBbits.TRISB7 = 0;
   831  07B3  138D               	bcf	13,7	;volatile
   832                           
   833                           ;main.c: 67: TRISCbits.TRISC0 = 0;
   834  07B4  100E               	bcf	14,0	;volatile
   835                           
   836                           ;main.c: 68: TRISCbits.TRISC1 = 0;
   837  07B5  108E               	bcf	14,1	;volatile
   838                           
   839                           ;main.c: 69: TRISCbits.TRISC2 = 0;
   840  07B6  110E               	bcf	14,2	;volatile
   841                           
   842                           ;main.c: 70: TRISCbits.TRISC3 = 0;
   843  07B7  118E               	bcf	14,3	;volatile
   844                           
   845                           ;main.c: 71: TRISCbits.TRISC4 = 0;
   846  07B8  120E               	bcf	14,4	;volatile
   847                           
   848                           ;main.c: 72: TRISCbits.TRISC5 = 0;
   849  07B9  128E               	bcf	14,5	;volatile
   850                           
   851                           ;main.c: 73: TRISCbits.TRISC6 = 1;
   852  07BA  170E               	bsf	14,6	;volatile
   853                           
   854                           ;main.c: 74: TRISCbits.TRISC7 = 1;
   855  07BB  178E               	bsf	14,7	;volatile
   856  07BC  0008               	return
   857  07BD                     __end_of_init_io:	
   858  007E                     btemp	set	126	;btemp
   859  007E                     pic14e$flags	set	126
   860  007E                     wtemp	set	126
   861  007E                     wtemp0	set	126
   862  0080                     wtemp1	set	128
   863  0082                     wtemp2	set	130
   864  0084                     wtemp3	set	132
   865  0086                     wtemp4	set	134
   866  0088                     wtemp5	set	136
   867  007F                     wtemp6	set	127
   868  007E                     ttemp	set	126
   869  007E                     ttemp0	set	126
   870  0081                     ttemp1	set	129
   871  0084                     ttemp2	set	132
   872  0087                     ttemp3	set	135
   873  007F                     ttemp4	set	127
   874  007E                     ltemp	set	126
   875  007E                     ltemp0	set	126
   876  0082                     ltemp1	set	130
   877  0086                     ltemp2	set	134
   878  0080                     ltemp3	set	128


Data Sizes:
    Strings     0
    Constant    0
    Data        0
    BSS         7
    Persistent  0
    Stack       0

Auto Spaces:
    Space          Size  Autos    Used
    COMMON           14      4      11
    BANK0            80      0       0
    BANK1            80      0       0
    BANK2            80      0       0
    BANK3            80      0       0
    BANK4            80      0       0
    BANK5            80      0       0
    BANK6            16      0       0

Pointer List with Targets:

    None.

Critical Paths under _main in COMMON

    _set_resistor->_Send_I2C_Data

Critical Paths under _main in BANK0

    None.

Critical Paths under _main in BANK1

    None.

Critical Paths under _main in BANK2

    None.

Critical Paths under _main in BANK3

    None.

Critical Paths under _main in BANK4

    None.

Critical Paths under _main in BANK5

    None.

Critical Paths under _main in BANK6

    None.

Call Graph Tables:

 ---------------------------------------------------------------------------------
 (Depth) Function   	        Calls       Base Space   Used Autos Params    Refs
 ---------------------------------------------------------------------------------
 (0) _main                                                 2     2      0      49
                                              2 COMMON     2     2      0
                            _init_io
                       _set_resistor
 ---------------------------------------------------------------------------------
 (1) _set_resistor                                         0     0      0      49
                 _I2C_Control_Write0
                      _I2C_Start_Bit
                       _I2C_Stop_Bit
                      _Send_I2C_Data
 ---------------------------------------------------------------------------------
 (2) _Send_I2C_Data                                        2     0      2      49
                                              0 COMMON     2     0      2
 ---------------------------------------------------------------------------------
 (2) _I2C_Stop_Bit                                         0     0      0       0
 ---------------------------------------------------------------------------------
 (2) _I2C_Start_Bit                                        0     0      0       0
 ---------------------------------------------------------------------------------
 (2) _I2C_Control_Write0                                   0     0      0       0
 ---------------------------------------------------------------------------------
 (1) _init_io                                              0     0      0       0
 ---------------------------------------------------------------------------------
 Estimated maximum stack depth 2
 ---------------------------------------------------------------------------------

 Call Graph Graphs:

 _main (ROOT)
   _init_io
   _set_resistor
     _I2C_Control_Write0
     _I2C_Start_Bit
     _I2C_Stop_Bit
     _Send_I2C_Data

 Address spaces:
Name               Size   Autos  Total    Cost      Usage
BIGRAM             1F0      0       0       0        0.0%
NULL                 0      0       0       0        0.0%
CODE                 0      0       0       0        0.0%
BITCOMMON            E      0       0       1        0.0%
BITSFR0              0      0       0       1        0.0%
SFR0                 0      0       0       1        0.0%
COMMON               E      4       B       2       78.6%
BITSFR1              0      0       0       2        0.0%
SFR1                 0      0       0       2        0.0%
BITSFR2              0      0       0       3        0.0%
SFR2                 0      0       0       3        0.0%
STACK                0      0       0       3        0.0%
BITSFR3              0      0       0       4        0.0%
SFR3                 0      0       0       4        0.0%
ABS                  0      0       B       4        0.0%
BITBANK0            50      0       0       5        0.0%
BITSFR4              0      0       0       5        0.0%
SFR4                 0      0       0       5        0.0%
BANK0               50      0       0       6        0.0%
BITSFR5              0      0       0       6        0.0%
SFR5                 0      0       0       6        0.0%
BITBANK1            50      0       0       7        0.0%
BITSFR6              0      0       0       7        0.0%
SFR6                 0      0       0       7        0.0%
BANK1               50      0       0       8        0.0%
BITSFR7              0      0       0       8        0.0%
SFR7                 0      0       0       8        0.0%
BITBANK2            50      0       0       9        0.0%
BITSFR8              0      0       0       9        0.0%
SFR8                 0      0       0       9        0.0%
BANK2               50      0       0      10        0.0%
BITSFR9              0      0       0      10        0.0%
SFR9                 0      0       0      10        0.0%
BITBANK3            50      0       0      11        0.0%
BITSFR10             0      0       0      11        0.0%
SFR10                0      0       0      11        0.0%
BANK3               50      0       0      12        0.0%
BITSFR11             0      0       0      12        0.0%
SFR11                0      0       0      12        0.0%
BITBANK4            50      0       0      13        0.0%
BITSFR12             0      0       0      13        0.0%
SFR12                0      0       0      13        0.0%
BANK4               50      0       0      14        0.0%
BITSFR13             0      0       0      14        0.0%
SFR13                0      0       0      14        0.0%
BITBANK5            50      0       0      15        0.0%
BITSFR14             0      0       0      15        0.0%
SFR14                0      0       0      15        0.0%
BANK5               50      0       0      16        0.0%
BITSFR15             0      0       0      16        0.0%
SFR15                0      0       0      16        0.0%
BITBANK6            10      0       0      17        0.0%
BITSFR16             0      0       0      17        0.0%
SFR16                0      0       0      17        0.0%
BANK6               10      0       0      18        0.0%
BITSFR17             0      0       0      18        0.0%
SFR17                0      0       0      18        0.0%
BITSFR18             0      0       0      19        0.0%
SFR18                0      0       0      19        0.0%
DATA                 0      0       B      19        0.0%
BITSFR19             0      0       0      20        0.0%
SFR19                0      0       0      20        0.0%
BITSFR20             0      0       0      21        0.0%
SFR20                0      0       0      21        0.0%
BITSFR21             0      0       0      22        0.0%
SFR21                0      0       0      22        0.0%
BITSFR22             0      0       0      23        0.0%
SFR22                0      0       0      23        0.0%
BITSFR23             0      0       0      24        0.0%
SFR23                0      0       0      24        0.0%
BITSFR24             0      0       0      25        0.0%
SFR24                0      0       0      25        0.0%
BITSFR25             0      0       0      26        0.0%
SFR25                0      0       0      26        0.0%
BITSFR26             0      0       0      27        0.0%
SFR26                0      0       0      27        0.0%
BITSFR27             0      0       0      28        0.0%
SFR27                0      0       0      28        0.0%
BITSFR28             0      0       0      29        0.0%
SFR28                0      0       0      29        0.0%
BITSFR29             0      0       0      30        0.0%
SFR29                0      0       0      30        0.0%
BITSFR30             0      0       0      31        0.0%
SFR30                0      0       0      31        0.0%
BITSFR31             0      0       0      32        0.0%
SFR31                0      0       0      32        0.0%


Microchip Technology PIC Macro Assembler V1.32 build 58300 
Symbol Table                                                                                   Sun Sep 14 12:30:03 2014

                          _i 0072                  __CFG_CP$OFF 0000                           _BF 10A0  
                         l66 0768                           l83 0793                          l101 0784  
                        l523 077C                          l517 078B                          l623 07DE  
                        l529 0770                          u137 07D6                          u147 07E4  
                        u157 07EF                 __CFG_LVP$OFF 0000                         _RCEN 10B3  
                       _RSEN 10B1                 __CFG_WRT$OFF 0000                         _main 07BD  
                       _byte 0074                         btemp 007E                         ltemp 007E  
                       start 0002                         ttemp 007E                         wtemp 007E  
              __CFG_MCLRE$ON 0000        __size_of_I2C_Stop_Bit 000C                        ?_main 0077  
              __CFG_WDTE$OFF 0000                __CFG_PWRTE$ON 0000               __CFG_FCMEN$OFF 0000  
            __end_of_init_io 07BD               __CFG_BOREN$OFF 0000                        ltemp0 007E  
                      ltemp1 0082                        ltemp2 0086                        ltemp3 0080  
                      ttemp0 007E                        ttemp1 0081                        ttemp2 0084  
                      ttemp3 0087                        ttemp4 007F                        wtemp0 007E  
                      wtemp1 0080                        wtemp2 0082                        wtemp3 0084  
                      wtemp4 0086                        wtemp5 0088                        wtemp6 007F  
               _I2C_Stop_Bit 076C              __initialization 07F5                 __end_of_main 07F5  
                     ??_main 0079       __size_of_I2C_Start_Bit 000E                       _ANSELA 018C  
                     _ANSELB 018D                       _ANSELC 018E           _I2C_Control_Write0 0786  
                     _SSPADD 0212                       _SSPBUF 0211          ?_I2C_Control_Write0 0077  
     __size_of_Send_I2C_Data 0009                    ??_init_io 0077         ??_I2C_Control_Write0 0077  
      Send_I2C_Data@databyte 0077      __end_of__initialization 07FC                _I2C_Start_Bit 0778  
             __pcstackCOMMON 0077               _OPTION_REGbits 0095                _Send_I2C_Data 0763  
             ?_I2C_Start_Bit 0077                   __pmaintext 07BD                      _ACK_bit 0070  
             ?_Send_I2C_Data 0077                      _SSP1BUF 0211                      _SSPCON2 0216  
                    _SSPSTAT 0214              __CFG_STVREN$OFF 0000                ?_set_resistor 0077  
                    __ptext0 0000                      __ptext1 0795                      __ptext2 0763  
                    __ptext3 076C                      __ptext4 0778                      __ptext5 0786  
                    __ptext6 07A5                      _init_io 07A5              ??_I2C_Start_Bit 0077  
       end_of_initialization 07FC               ??_set_resistor 0079                    _PORTAbits 000C  
            ??_Send_I2C_Data 0079             __CFG_FOSC$INTOSC 0000                    _TRISAbits 008C  
                  _TRISBbits 008D                    _TRISCbits 008E          start_initialization 07F5  
__size_of_I2C_Control_Write0 000F                  __pbssCOMMON 0070                    ___latbits 0002  
       __end_of_set_resistor 07A5                ?_I2C_Stop_Bit 0077                     ?_init_io 0077  
             ??_I2C_Stop_Bit 0077                     _PIR1bits 0011                    _tempbyte1 0075  
                  _tempbyte2 0076        __end_of_I2C_Start_Bit 0786             __size_of_init_io 0018  
      __end_of_Send_I2C_Data 076C        __size_of_set_resistor 0010                 _SSP1CON2bits 0216  
              __size_of_main 0038                 _set_resistor 0795   __end_of_I2C_Control_Write0 0795  
       __end_of_I2C_Stop_Bit 0778                  pic14e$flags 007E            __CFG_CLKOUTEN$OFF 0000  
                 _OSCCONbits 0099                  _SSPCON2bits 0216                   _SSPCONbits 0215  
