

Microchip Technology PIC18 LITE Macro Assembler V1.31 build 56723 
                                                                                               Fri May 16 21:26:27 2014

Microchip Technology Omniscient Code Generator (Lite mode) build 56723
     1                           	processor	18F47J53
     2                           	fnconf	rparam,??,?,0
     3                           	opt	pw 120
     4                           	opt	lm
     5                           	psect	smallconst,global,reloc=2,class=SMALLCONST,delta=1
     6                           	psect	cinit,global,reloc=2,class=CODE,delta=1
     7                           	psect	bssCOMRAM,global,class=COMRAM,space=1,delta=1
     8                           	psect	bssBANK0,global,class=BANK0,space=1,delta=1
     9                           	psect	cstackCOMRAM,global,class=COMRAM,space=1,delta=1
    10                           	psect	text0,global,reloc=2,class=CODE,delta=1
    11                           	psect	text1,global,reloc=2,class=CODE,delta=1
    12                           	psect	text2,global,reloc=2,class=CODE,delta=1
    13                           	psect	text3,global,reloc=2,class=CODE,delta=1
    14                           	psect	text4,global,reloc=2,class=CODE,delta=1
    15                           	psect	text5,global,reloc=2,class=CODE,delta=1
    16                           	psect	text6,global,reloc=2,class=CODE,delta=1
    17                           	psect	text7,global,reloc=2,class=CODE,delta=1
    18                           	psect	intcode,global,reloc=2,class=CODE,delta=1
    19                           	psect	intsave_regs,global,class=BIGRAM,space=1,delta=1
    20                           	psect	rparam,global,class=COMRAM,space=1,delta=1
    21  0000                     _ADCON0	set	4034
    22  0000                     _ADCON1	set	4033
    23  0000                     _EECON2	set	4007
    24  0000                     _INTCONbits	set	4082
    25  0000                     _LATA	set	3977
    26  0000                     _LATAbits	set	3977
    27  0000                     _LATBbits	set	3978
    28  0000                     _LATC	set	3979
    29  0000                     _LATCbits	set	3979
    30  0000                     _OSCCONbits	set	4051
    31  0000                     _PIE3bits	set	4003
    32  0000                     _PIR3bits	set	4004
    33  0000                     _PORTCbits	set	3970
    34  0000                     _PPSCONbits	set	3775
    35  0000                     _RCONbits	set	4048
    36  0000                     _RCREG2	set	4010
    37  0000                     _RCSTA2bits	set	3996
    38  0000                     _RPINR16	set	3831
    39  0000                     _RPOR23	set	3799
    40  0000                     _SPBRG2	set	4011
    41  0000                     _SPBRGH2	set	3965
    42  0000                     _TRISAbits	set	3986
    43  0000                     _TRISBbits	set	3987
    44  0000                     _TRISCbits	set	3988
    45  0000                     _TRISDbits	set	3989
    46  0000                     _TRISEbits	set	3990
    47  0000                     _TXREG2	set	4009
    48  0000                     _TXSTA2bits	set	4008
    49                           
    50                           	psect	smallconst
    51  000F00                     __psmallconst:
    52                           	opt stack 0
    53  000F00  00                 	db	0
    54  000F01                     __stringdata:
    55                           	opt stack 0
    56  000F01                     STR_1:
    57  000F01  47                 	db	71	;'G'
    58  000F02  50                 	db	80	;'P'
    59  000F03  47                 	db	71	;'G'
    60  000F04  47                 	db	71	;'G'
    61  000F05  41                 	db	65	;'A'
    62  000F06  00                 	db	0
    63  000F07                     __end_of__stringdata:
    64                           	opt stack 0
    65                           
    66                           ; #config settings
    67  000F07  00                 	db	0	; dummy byte at the end
    68  0000                     
    69                           	psect	cinit
    70  001270                     __pcinit:
    71                           	opt stack 0
    72  001270                     start_initialization:
    73                           	opt stack 0
    74  001270                     __initialization:
    75                           	opt stack 0
    76                           
    77                           ; Clear objects allocated to BANK0 (120 bytes)
    78  001270  EE00  F060         	lfsr	0,__pbssBANK0
    79  001274  0E78               	movlw	120
    80  001276                     clear_0:
    81  001276  6AEE               	clrf	postinc0,c
    82  001278  06E8               	decf	wreg,f,c
    83  00127A  E1FD               	bnz	clear_0
    84                           
    85                           ; Clear objects allocated to COMRAM (14 bytes)
    86  00127C  EE00  F024         	lfsr	0,__pbssCOMRAM
    87  001280  0E0E               	movlw	14
    88  001282                     clear_1:
    89  001282  6AEE               	clrf	postinc0,c
    90  001284  06E8               	decf	wreg,f,c
    91  001286  E1FD               	bnz	clear_1
    92  001288                     end_of_initialization:
    93                           	opt stack 0
    94  001288                     __end_of__initialization:
    95                           	opt stack 0
    96  001288  0100               	movlb	0
    97  00128A  EF84  F007         	goto	_main	;jump to C main() function
    98                           postinc0	equ	0xFEE
    99                           wreg	equ	0xFE8
   100                           
   101                           	psect	bssCOMRAM
   102  000024                     __pbssCOMRAM:
   103                           	opt stack 0
   104  000024                     _index:
   105                           	opt stack 0
   106  000024                     	ds	2
   107  000026                     _isrcall:
   108                           	opt stack 0
   109  000026                     	ds	2
   110  000028                     _new_rx:
   111                           	opt stack 0
   112  000028                     	ds	2
   113  00002A                     _ping:
   114                           	opt stack 0
   115  00002A                     	ds	2
   116  00002C                     _reading:
   117                           	opt stack 0
   118  00002C                     	ds	2
   119  00002E                     _ready:
   120                           	opt stack 0
   121  00002E                     	ds	2
   122  000030                     _uart_data:
   123                           	opt stack 0
   124  000030                     	ds	2
   125                           postinc0	equ	0xFEE
   126                           wreg	equ	0xFE8
   127                           
   128                           	psect	bssBANK0
   129  000060                     __pbssBANK0:
   130                           	opt stack 0
   131  000060                     _ctxt:
   132                           	opt stack 0
   133  000060                     	ds	120
   134                           postinc0	equ	0xFEE
   135                           wreg	equ	0xFE8
   136                           
   137                           	psect	cstackCOMRAM
   138  000001                     __pcstackCOMRAM:
   139                           	opt stack 0
   140  000001                     ??_ISR:
   141  000001                     
   142                           ; 2 bytes @ 0x0
   143  000001                     	ds	14
   144  00000F                     ISR@temp:
   145                           	opt stack 0
   146                           
   147                           ; 1 bytes @ 0xE
   148  00000F                     	ds	1
   149  000010                     ?_strlen:
   150                           	opt stack 0
   151  000010                     ?_strchr:
   152                           	opt stack 0
   153  000010                     uart_xmit@mydata_byte:
   154                           	opt stack 0
   155  000010                     strchr@ptr:
   156                           	opt stack 0
   157  000010                     strlen@s:
   158                           	opt stack 0
   159                           
   160                           ; 2 bytes @ 0xF
   161  000010                     	ds	2
   162  000012                     ??_strlen:
   163  000012                     ??_serial_init:
   164  000012                     strchr@chr:
   165                           	opt stack 0
   166                           
   167                           ; 2 bytes @ 0x11
   168  000012                     	ds	2
   169  000014                     strlen@cp:
   170                           	opt stack 0
   171                           
   172                           ; 2 bytes @ 0x13
   173  000014                     	ds	2
   174  000016                     ?_strncmp:
   175                           	opt stack 0
   176  000016                     strncmp@s1:
   177                           	opt stack 0
   178                           
   179                           ; 2 bytes @ 0x15
   180  000016                     	ds	2
   181  000018                     strncmp@s2:
   182                           	opt stack 0
   183                           
   184                           ; 2 bytes @ 0x17
   185  000018                     	ds	2
   186  00001A                     strncmp@len:
   187                           	opt stack 0
   188                           
   189                           ; 2 bytes @ 0x19
   190  00001A                     	ds	2
   191  00001C                     ??_strncmp:
   192                           
   193                           ; 0 bytes @ 0x1B
   194  00001C                     	ds	3
   195  00001F                     ?_strstr:
   196                           	opt stack 0
   197  00001F                     strstr@s1:
   198                           	opt stack 0
   199                           
   200                           ; 2 bytes @ 0x1E
   201  00001F                     	ds	2
   202  000021                     strstr@s2:
   203                           	opt stack 0
   204                           
   205                           ; 2 bytes @ 0x20
   206  000021                     	ds	2
   207  000023                     ??_main:
   208                           
   209                           ; 0 bytes @ 0x22
   210  000023                     	ds	1
   211                           postinc0	equ	0xFEE
   212                           wreg	equ	0xFE8
   213                           
   214 ;;
   215 ;;Main: autosize = 0, tempsize = 1, incstack = 0, save=0
   216 ;;
   217 ;; *************** function _main *****************
   218 ;; Defined at:
   219 ;;		line 169 in file "main.c"
   220 ;; Parameters:    Size  Location     Type
   221 ;;		None
   222 ;; Auto vars:     Size  Location     Type
   223 ;;		None
   224 ;; Return value:  Size  Location     Type
   225 ;;                  2   98[COMRAM] int 
   226 ;; Registers used:
   227 ;;		wreg, fsr2l, fsr2h, status,2, status,0, tblptrl, tblptrh, tblptru, cstack
   228 ;; Tracked objects:
   229 ;;		On entry : 0/0
   230 ;;		On exit  : 0/0
   231 ;;		Unchanged: 0/0
   232 ;; Data sizes:     COMRAM   BANK0   BANK1   BANK2   BANK3   BANK4   BANK5   BANK6   BANK7   BANK8   BANK9  BANK10  BANK1
      +1  BANK12  BANK13  BANK14
   233 ;;      Params:         0       0       0       0       0       0       0       0       0       0       0       0       
      +0       0       0       0
   234 ;;      Locals:         0       0       0       0       0       0       0       0       0       0       0       0       
      +0       0       0       0
   235 ;;      Temps:          1       0       0       0       0       0       0       0       0       0       0       0       
      +0       0       0       0
   236 ;;      Totals:         1       0       0       0       0       0       0       0       0       0       0       0       
      +0       0       0       0
   237 ;;Total ram usage:        1 bytes
   238 ;; Hardware stack levels required when called:    3
   239 ;; This function calls:
   240 ;;		_init_io
   241 ;;		_serial_init
   242 ;;		_strstr
   243 ;; This function is called by:
   244 ;;		Startup code after reset
   245 ;; This function uses a non-reentrant model
   246 ;;
   247                           
   248                           	psect	text0
   249  000F08                     __ptext0:
   250                           	opt stack 0
   251  000F08                     _main:
   252                           	opt stack 28
   253                           
   254                           ;main.c: 170: ping = 0;
   255                           
   256                           ;incstack = 0
   257  000F08  0E00               	movlw	0
   258  000F0A  6E2B               	movwf	_ping+1,c	;volatile
   259  000F0C  0E00               	movlw	0
   260  000F0E  6E2A               	movwf	_ping,c	;volatile
   261                           
   262                           ;main.c: 171: new_rx = 0;
   263  000F10  0E00               	movlw	0
   264  000F12  6E29               	movwf	_new_rx+1,c	;volatile
   265  000F14  0E00               	movlw	0
   266  000F16  6E28               	movwf	_new_rx,c	;volatile
   267                           
   268                           ;main.c: 172: isrcall = 0;
   269  000F18  0E00               	movlw	0
   270  000F1A  6E27               	movwf	_isrcall+1,c	;volatile
   271  000F1C  0E00               	movlw	0
   272  000F1E  6E26               	movwf	_isrcall,c	;volatile
   273                           
   274                           ;main.c: 173: init_io();
   275  000F20  ECB1  F008         	call	_init_io	;wreg free
   276                           
   277                           ;main.c: 174: serial_init();
   278  000F24  EC1F  F009         	call	_serial_init	;wreg free
   279                           
   280                           ;main.c: 177: OSCCONbits.IRCF = 0x07;
   281  000F28  88D3               	bsf	4051,4,c	;volatile
   282  000F2A  8AD3               	bsf	4051,5,c	;volatile
   283  000F2C  8CD3               	bsf	4051,6,c	;volatile
   284                           
   285                           ;main.c: 178: OSCCONbits.SCS = 0x02;
   286  000F2E  50D3               	movf	4051,w,c	;volatile
   287  000F30  0BFC               	andlw	-4
   288  000F32  0902               	iorlw	2
   289  000F34  6ED3               	movwf	4051,c	;volatile
   290                           
   291                           ;main.c: 179: _delay((unsigned long)((50)*(8000000/4000.0)));
   292  000F36  0E82               	movlw	130
   293  000F38  6E23               	movwf	??_main& (0+255),c
   294  000F3A  0EDE               	movlw	222
   295  000F3C                     u237:
   296  000F3C  2EE8               	decfsz	wreg,f,c
   297  000F3E  D7FE               	goto	u237
   298  000F40  2E23               	decfsz	??_main& (0+255),f,c
   299  000F42  D7FC               	goto	u237
   300                           
   301                           ;main.c: 181: RCONbits.IPEN = 0;
   302  000F44  9ED0               	bcf	4048,7,c	;volatile
   303                           
   304                           ;main.c: 182: PIE3bits.RC2IE = 1;
   305  000F46  8AA3               	bsf	4003,5,c	;volatile
   306                           
   307                           ;main.c: 184: INTCONbits.PEIE = 1;
   308  000F48  8CF2               	bsf	intcon,6,c	;volatile
   309                           
   310                           ;main.c: 185: INTCONbits.GIE = 1;
   311  000F4A  8EF2               	bsf	intcon,7,c	;volatile
   312                           
   313                           ;main.c: 188: LATBbits.LATB2 = 0;
   314  000F4C  948A               	bcf	3978,2,c	;volatile
   315                           
   316                           ;main.c: 189: _delay((unsigned long)((74)*(8000000/4000.0)));
   317  000F4E  0EC1               	movlw	193
   318  000F50  6E23               	movwf	??_main& (0+255),c
   319  000F52  0E34               	movlw	52
   320  000F54                     u247:
   321  000F54  2EE8               	decfsz	wreg,f,c
   322  000F56  D7FE               	goto	u247
   323  000F58  2E23               	decfsz	??_main& (0+255),f,c
   324  000F5A  D7FC               	goto	u247
   325                           
   326                           ;main.c: 190: LATBbits.LATB2 = 1;
   327  000F5C  848A               	bsf	3978,2,c	;volatile
   328                           
   329                           ;main.c: 192: LATAbits.LATA0 = 1;
   330  000F5E  8089               	bsf	3977,0,c	;volatile
   331                           
   332                           ;main.c: 193: _delay((unsigned long)((50)*(8000000/4000.0)));
   333  000F60  0E82               	movlw	130
   334  000F62  6E23               	movwf	??_main& (0+255),c
   335  000F64  0EDE               	movlw	222
   336  000F66                     u257:
   337  000F66  2EE8               	decfsz	wreg,f,c
   338  000F68  D7FE               	goto	u257
   339  000F6A  2E23               	decfsz	??_main& (0+255),f,c
   340  000F6C  D7FC               	goto	u257
   341                           
   342                           ;main.c: 194: LATAbits.LATA0 = 0;
   343  000F6E  9089               	bcf	3977,0,c	;volatile
   344                           
   345                           ;main.c: 196: LATCbits.LATC1 = 1;
   346  000F70  828B               	bsf	3979,1,c	;volatile
   347                           
   348                           ;main.c: 197: _delay((unsigned long)((35)*(8000000/4000000.0)));
   349  000F72  0E17               	movlw	23
   350  000F74                     u267:
   351  000F74  2EE8               	decfsz	wreg,f,c
   352  000F76  D7FE               	goto	u267
   353  000F78  F000               	nop	
   354                           
   355                           ;main.c: 198: LATCbits.LATC1 = 0;
   356  000F7A  928B               	bcf	3979,1,c	;volatile
   357                           
   358                           ;main.c: 200: LATCbits.LATC2 = 1;
   359  000F7C  848B               	bsf	3979,2,c	;volatile
   360                           
   361                           ;main.c: 201: _delay((unsigned long)((35)*(8000000/4000000.0)));
   362  000F7E  0E17               	movlw	23
   363  000F80                     u277:
   364  000F80  2EE8               	decfsz	wreg,f,c
   365  000F82  D7FE               	goto	u277
   366  000F84  F000               	nop	
   367                           
   368                           ;main.c: 202: LATCbits.LATC2 = 0;
   369  000F86  948B               	bcf	3979,2,c	;volatile
   370                           
   371                           ;main.c: 204: ADCON0 = 0b00000000;
   372  000F88  0E00               	movlw	0
   373  000F8A  6EC2               	movwf	4034,c	;volatile
   374                           
   375                           ;main.c: 205: ADCON1 = 0b00000000;
   376  000F8C  0E00               	movlw	0
   377  000F8E  6EC1               	movwf	4033,c	;volatile
   378                           
   379                           ;main.c: 219: while (!PORTCbits.RC6) {
   380  000F90  D011               	goto	l927
   381  000F92                     l100:
   382                           
   383                           ;main.c: 220: LATAbits.LA2 = 0;
   384  000F92  9489               	bcf	3977,2,c	;volatile
   385                           
   386                           ;main.c: 221: _delay((unsigned long)((3)*(8000000/4000.0)));
   387  000F94  0E08               	movlw	8
   388  000F96  6E23               	movwf	??_main& (0+255),c
   389  000F98  0ECA               	movlw	202
   390  000F9A                     u287:
   391  000F9A  2EE8               	decfsz	wreg,f,c
   392  000F9C  D7FE               	goto	u287
   393  000F9E  2E23               	decfsz	??_main& (0+255),f,c
   394  000FA0  D7FC               	goto	u287
   395                           
   396                           ;main.c: 222: LATAbits.LA2 = 1;
   397  000FA2  8489               	bsf	3977,2,c	;volatile
   398                           
   399                           ;main.c: 223: _delay((unsigned long)((10)*(8000000/4000.0)));
   400  000FA4  0E1A               	movlw	26
   401  000FA6  6E23               	movwf	??_main& (0+255),c
   402  000FA8  0EF8               	movlw	248
   403  000FAA                     u297:
   404  000FAA  2EE8               	decfsz	wreg,f,c
   405  000FAC  D7FE               	goto	u297
   406  000FAE  2E23               	decfsz	??_main& (0+255),f,c
   407  000FB0  D7FC               	goto	u297
   408  000FB2  D000               	nop2	
   409  000FB4                     l927:
   410  000FB4  AC82               	btfss	3970,6,c	;volatile
   411  000FB6  D7ED               	goto	l100
   412                           
   413                           ;main.c: 224: }
   414                           ;main.c: 226: LATAbits.LA2 = 1;
   415  000FB8  8489               	bsf	3977,2,c	;volatile
   416  000FBA                     l929:
   417                           
   418                           ;main.c: 231: isrcall = 0;
   419  000FBA  0E00               	movlw	0
   420  000FBC  6E27               	movwf	_isrcall+1,c	;volatile
   421  000FBE  0E00               	movlw	0
   422  000FC0  6E26               	movwf	_isrcall,c	;volatile
   423                           
   424                           ;main.c: 232: ping = 0;
   425  000FC2  0E00               	movlw	0
   426  000FC4  6E2B               	movwf	_ping+1,c	;volatile
   427  000FC6  0E00               	movlw	0
   428  000FC8  6E2A               	movwf	_ping,c	;volatile
   429                           
   430                           ;main.c: 233: ready = 0;
   431  000FCA  0E00               	movlw	0
   432  000FCC  6E2F               	movwf	_ready+1,c	;volatile
   433  000FCE  0E00               	movlw	0
   434  000FD0  6E2E               	movwf	_ready,c	;volatile
   435                           
   436                           ;main.c: 234: if (RCSTA2bits.OERR)
   437  000FD2  A29C               	btfss	3996,1,c	;volatile
   438  000FD4  D004               	goto	l935
   439                           
   440                           ;main.c: 235: {
   441                           ;main.c: 236: RCSTA2bits.CREN=0;
   442  000FD6  989C               	bcf	3996,4,c	;volatile
   443                           
   444                           ;main.c: 237: _delay((unsigned long)((2)*(8000000/4000000.0)));
   445  000FD8  D000               	nop2		;2 cycle nop
   446  000FDA  D000               	nop2		;2 cycle nop
   447                           
   448                           ;main.c: 238: RCSTA2bits.CREN=1;
   449  000FDC  889C               	bsf	3996,4,c	;volatile
   450  000FDE                     l935:
   451                           
   452                           ;main.c: 239: }
   453                           ;main.c: 241: if (new_rx == 1)
   454  000FDE  0428               	decf	_new_rx,w,c	;volatile
   455  000FE0  1029               	iorwf	_new_rx+1,w,c	;volatile
   456  000FE2  A4D8               	btfss	status,2,c
   457  000FE4  D018               	goto	l941
   458                           
   459                           ;main.c: 242: {
   460                           ;main.c: 243: if (strstr(ctxt, "GPGGA"))
   461  000FE6  0100               	movlb	0	; () banked
   462  000FE8  0E00               	movlw	high _ctxt
   463  000FEA  6E20               	movwf	strstr@s1+1,c
   464  000FEC  0100               	movlb	0	; () banked
   465  000FEE  0E60               	movlw	low _ctxt
   466  000FF0  6E1F               	movwf	strstr@s1,c
   467  000FF2  0E0F               	movlw	high STR_1
   468  000FF4  6E22               	movwf	strstr@s2+1,c
   469  000FF6  0E01               	movlw	low STR_1
   470  000FF8  6E21               	movwf	strstr@s2,c
   471  000FFA  EC6D  F008         	call	_strstr	;wreg free
   472  000FFE  5020               	movf	?_strstr+1,w,c
   473  001000  101F               	iorwf	?_strstr,w,c
   474  001002  B4D8               	btfsc	status,2,c
   475  001004  D004               	goto	l105
   476                           
   477                           ;main.c: 244: {
   478                           ;main.c: 245: ready = 1;
   479  001006  0E00               	movlw	0
   480  001008  6E2F               	movwf	_ready+1,c	;volatile
   481  00100A  0E01               	movlw	1
   482  00100C  6E2E               	movwf	_ready,c	;volatile
   483  00100E                     l105:
   484                           
   485                           ;main.c: 246: }
   486                           ;main.c: 247: new_rx=0;
   487  00100E  0E00               	movlw	0
   488  001010  6E29               	movwf	_new_rx+1,c	;volatile
   489  001012  0E00               	movlw	0
   490  001014  6E28               	movwf	_new_rx,c	;volatile
   491  001016                     l941:
   492                           
   493                           ;main.c: 248: }
   494                           ;main.c: 250: if (isrcall) {
   495  001016  5027               	movf	_isrcall+1,w,c	;volatile
   496  001018  1026               	iorwf	_isrcall,w,c	;volatile
   497  00101A  B4D8               	btfsc	status,2,c
   498  00101C  D006               	goto	l949
   499                           
   500                           ;main.c: 251: LATAbits.LATA0 = 1;
   501  00101E  8089               	bsf	3977,0,c	;volatile
   502                           
   503                           ;main.c: 252: _delay((unsigned long)((10)*(8000000/4000000.0)));
   504  001020  0E06               	movlw	6
   505  001022                     u307:
   506  001022  2EE8               	decfsz	wreg,f,c
   507  001024  D7FE               	goto	u307
   508  001026  D000               	nop2		;nop
   509                           
   510                           ;main.c: 253: LATAbits.LATA0 = 0;
   511  001028  9089               	bcf	3977,0,c	;volatile
   512  00102A                     l949:
   513                           
   514                           ;main.c: 254: }
   515                           ;main.c: 256: if (ready) {
   516  00102A  502F               	movf	_ready+1,w,c	;volatile
   517  00102C  102E               	iorwf	_ready,w,c	;volatile
   518  00102E  B4D8               	btfsc	status,2,c
   519  001030  D7C4               	goto	l929
   520                           
   521                           ;main.c: 257: LATAbits.LA1 = 0;
   522  001032  9289               	bcf	3977,1,c	;volatile
   523                           
   524                           ;main.c: 258: LATCbits.LATC2 = 1;
   525  001034  848B               	bsf	3979,2,c	;volatile
   526                           
   527                           ;main.c: 259: _delay((unsigned long)((1)*(8000000/4000000.0)));
   528  001036  D000               	nop2		;2 cycle nop
   529                           
   530                           ;main.c: 260: LATCbits.LATC2 = 0;
   531  001038  948B               	bcf	3979,2,c	;volatile
   532                           
   533                           ;main.c: 261: if(ctxt[42] == '1')
   534  00103A  0100               	movlb	0	; () banked
   535  00103C  0100               	movlb	0	; () banked
   536  00103E  518A               	movf	(_ctxt+42)& (0+255),w,b
   537  001040  0A31               	xorlw	49
   538  001042  A4D8               	btfss	status,2,c
   539  001044  D7BA               	goto	l929
   540                           
   541                           ; BSR set to: 0
   542                           ;main.c: 262: {
   543                           ;main.c: 263: LATAbits.LATA1 = 1;
   544  001046  8289               	bsf	3977,1,c	;volatile
   545                           
   546                           ;main.c: 264: LATCbits.LATC1 = 1;
   547  001048  828B               	bsf	3979,1,c	;volatile
   548                           
   549                           ;main.c: 265: _delay((unsigned long)((1)*(8000000/4000000.0)));
   550  00104A  D000               	nop2		;2 cycle nop
   551                           
   552                           ;main.c: 266: LATCbits.LATC1 = 0;
   553  00104C  928B               	bcf	3979,1,c	;volatile
   554  00104E  D7B5               	goto	l929
   555  001050                     __end_of_main:
   556                           	opt stack 0
   557                           intcon	equ	0xFF2
   558                           postinc0	equ	0xFEE
   559                           wreg	equ	0xFE8
   560                           status	equ	0xFD8
   561                           
   562 ;; *************** function _strstr *****************
   563 ;; Defined at:
   564 ;;		line 4 in file "C:\Program Files\Microchip\xc8\v1.31\sources\common\strstr.c"
   565 ;; Parameters:    Size  Location     Type
   566 ;;  s1              2   30[COMRAM] PTR const unsigned char 
   567 ;;		 -> NULL(0), ctxt(120), 
   568 ;;  s2              2   32[COMRAM] PTR const unsigned char 
   569 ;;		 -> STR_1(6), 
   570 ;; Auto vars:     Size  Location     Type
   571 ;;		None
   572 ;; Return value:  Size  Location     Type
   573 ;;                  2   30[COMRAM] PTR unsigned char 
   574 ;; Registers used:
   575 ;;		wreg, fsr2l, fsr2h, status,2, status,0, tblptrl, tblptrh, tblptru, cstack
   576 ;; Tracked objects:
   577 ;;		On entry : 0/0
   578 ;;		On exit  : 0/0
   579 ;;		Unchanged: 0/0
   580 ;; Data sizes:     COMRAM   BANK0   BANK1   BANK2   BANK3   BANK4   BANK5   BANK6   BANK7   BANK8   BANK9  BANK10  BANK1
      +1  BANK12  BANK13  BANK14
   581 ;;      Params:         4       0       0       0       0       0       0       0       0       0       0       0       
      +0       0       0       0
   582 ;;      Locals:         0       0       0       0       0       0       0       0       0       0       0       0       
      +0       0       0       0
   583 ;;      Temps:          0       0       0       0       0       0       0       0       0       0       0       0       
      +0       0       0       0
   584 ;;      Totals:         4       0       0       0       0       0       0       0       0       0       0       0       
      +0       0       0       0
   585 ;;Total ram usage:        4 bytes
   586 ;; Hardware stack levels used:    1
   587 ;; Hardware stack levels required when called:    2
   588 ;; This function calls:
   589 ;;		_strchr
   590 ;;		_strlen
   591 ;;		_strncmp
   592 ;; This function is called by:
   593 ;;		_main
   594 ;; This function uses a non-reentrant model
   595 ;;
   596                           
   597                           	psect	text1
   598  0010DA                     __ptext1:
   599                           	opt stack 0
   600  0010DA                     _strstr:
   601                           	opt stack 28
   602                           
   603                           ;incstack = 0
   604  0010DA  D033               	goto	l845
   605  0010DC                     l837:
   606  0010DC  C020  F017         	movff	strstr@s1+1,strncmp@s1+1
   607  0010E0  C01F  F016         	movff	strstr@s1,strncmp@s1
   608  0010E4  C022  F019         	movff	strstr@s2+1,strncmp@s2+1
   609  0010E8  C021  F018         	movff	strstr@s2,strncmp@s2
   610  0010EC  C022  F011         	movff	strstr@s2+1,strlen@s+1
   611  0010F0  C021  F010         	movff	strstr@s2,strlen@s
   612  0010F4  ECE4  F008         	call	_strlen	;wreg free
   613  0010F8  C010  F01A         	movff	?_strlen,strncmp@len
   614  0010FC  C011  F01B         	movff	?_strlen+1,strncmp@len+1
   615  001100  EC28  F008         	call	_strncmp	;wreg free
   616  001104  5017               	movf	?_strncmp+1,w,c
   617  001106  1016               	iorwf	?_strncmp,w,c
   618  001108  A4D8               	btfss	status,2,c
   619  00110A  D005               	goto	l843
   620  00110C  C020  F020         	movff	strstr@s1+1,?_strstr+1
   621  001110  C01F  F01F         	movff	strstr@s1,?_strstr
   622  001114  0012               	return	
   623  001116                     l843:
   624  001116  0E01               	movlw	1
   625  001118  241F               	addwf	strstr@s1,w,c
   626  00111A  6E10               	movwf	strchr@ptr,c
   627  00111C  0E00               	movlw	0
   628  00111E  2020               	addwfc	strstr@s1+1,w,c
   629  001120  6E11               	movwf	strchr@ptr+1,c
   630  001122  C021  FFF6         	movff	strstr@s2,tblptrl
   631  001126  C022  FFF7         	movff	strstr@s2+1,tblptrh
   632  00112A  0E00               	movlw	low (__mediumconst shr (0+16))
   633  00112C  6EF8               	movwf	tblptru,c
   634  00112E  0008               	tblrd		*
   635  001130  50F5               	movf	tablat,w,c
   636  001132  6E12               	movwf	strchr@chr,c
   637  001134  6A13               	clrf	strchr@chr+1,c
   638  001136  EC05  F009         	call	_strchr	;wreg free
   639  00113A  C010  F01F         	movff	?_strchr,strstr@s1
   640  00113E  C011  F020         	movff	?_strchr+1,strstr@s1+1
   641  001142                     l845:
   642  001142  5020               	movf	strstr@s1+1,w,c
   643  001144  101F               	iorwf	strstr@s1,w,c
   644  001146  B4D8               	btfsc	status,2,c
   645  001148  D007               	goto	l849
   646  00114A  C01F  FFD9         	movff	strstr@s1,fsr2l
   647  00114E  C020  FFDA         	movff	strstr@s1+1,fsr2h
   648  001152  50DF               	movf	indf2,w,c
   649  001154  A4D8               	btfss	status,2,c
   650  001156  D7C2               	goto	l837
   651  001158                     l849:
   652  001158  0E00               	movlw	0
   653  00115A  6E20               	movwf	?_strstr+1,c
   654  00115C  0E00               	movlw	0
   655  00115E  6E1F               	movwf	?_strstr,c
   656  001160  0012               	return	
   657  001162                     __end_of_strstr:
   658                           	opt stack 0
   659                           tblptru	equ	0xFF8
   660                           tblptrh	equ	0xFF7
   661                           tblptrl	equ	0xFF6
   662                           tablat	equ	0xFF5
   663                           intcon	equ	0xFF2
   664                           postinc0	equ	0xFEE
   665                           wreg	equ	0xFE8
   666                           indf2	equ	0xFDF
   667                           fsr2h	equ	0xFDA
   668                           fsr2l	equ	0xFD9
   669                           status	equ	0xFD8
   670                           
   671 ;; *************** function _strncmp *****************
   672 ;; Defined at:
   673 ;;		line 4 in file "C:\Program Files\Microchip\xc8\v1.31\sources\common\strncmp.c"
   674 ;; Parameters:    Size  Location     Type
   675 ;;  s1              2   21[COMRAM] PTR const unsigned char 
   676 ;;		 -> NULL(0), ctxt(120), 
   677 ;;  s2              2   23[COMRAM] PTR const unsigned char 
   678 ;;		 -> STR_1(6), 
   679 ;;  len             2   25[COMRAM] unsigned int 
   680 ;; Auto vars:     Size  Location     Type
   681 ;;		None
   682 ;; Return value:  Size  Location     Type
   683 ;;                  2   21[COMRAM] int 
   684 ;; Registers used:
   685 ;;		wreg, fsr2l, fsr2h, status,2, status,0, tblptrl, tblptrh, tblptru
   686 ;; Tracked objects:
   687 ;;		On entry : 0/0
   688 ;;		On exit  : 0/0
   689 ;;		Unchanged: 0/0
   690 ;; Data sizes:     COMRAM   BANK0   BANK1   BANK2   BANK3   BANK4   BANK5   BANK6   BANK7   BANK8   BANK9  BANK10  BANK1
      +1  BANK12  BANK13  BANK14
   691 ;;      Params:         6       0       0       0       0       0       0       0       0       0       0       0       
      +0       0       0       0
   692 ;;      Locals:         0       0       0       0       0       0       0       0       0       0       0       0       
      +0       0       0       0
   693 ;;      Temps:          3       0       0       0       0       0       0       0       0       0       0       0       
      +0       0       0       0
   694 ;;      Totals:         9       0       0       0       0       0       0       0       0       0       0       0       
      +0       0       0       0
   695 ;;Total ram usage:        9 bytes
   696 ;; Hardware stack levels used:    1
   697 ;; Hardware stack levels required when called:    1
   698 ;; This function calls:
   699 ;;		Nothing
   700 ;; This function is called by:
   701 ;;		_strstr
   702 ;; This function uses a non-reentrant model
   703 ;;
   704                           
   705                           	psect	text2
   706  001050                     __ptext2:
   707                           	opt stack 0
   708  001050                     _strncmp:
   709                           	opt stack 28
   710                           
   711                           ;incstack = 0
   712  001050  D037               	goto	l755
   713  001052                     l745:
   714  001052  C016  FFD9         	movff	strncmp@s1,fsr2l
   715  001056  C017  FFDA         	movff	strncmp@s1+1,fsr2h
   716  00105A  50DF               	movf	indf2,w,c
   717  00105C  B4D8               	btfsc	status,2,c
   718  00105E  D011               	goto	l749
   719  001060  C018  FFF6         	movff	strncmp@s2,tblptrl
   720  001064  C019  FFF7         	movff	strncmp@s2+1,tblptrh
   721  001068  0E00               	movlw	low (__mediumconst shr (0+16))
   722  00106A  6EF8               	movwf	tblptru,c
   723  00106C  0008               	tblrd		*
   724  00106E  CFF5 F01C          	movff	tablat,??_strncmp
   725  001072  C016  FFD9         	movff	strncmp@s1,fsr2l
   726  001076  C017  FFDA         	movff	strncmp@s1+1,fsr2h
   727  00107A  50DF               	movf	indf2,w,c
   728  00107C  181C               	xorwf	??_strncmp,w,c
   729  00107E  B4D8               	btfsc	status,2,c
   730  001080  D01B               	goto	l753
   731  001082                     l749:
   732  001082  C018  FFF6         	movff	strncmp@s2,tblptrl
   733  001086  C019  FFF7         	movff	strncmp@s2+1,tblptrh
   734  00108A  0E00               	movlw	low (__mediumconst shr (0+16))
   735  00108C  6EF8               	movwf	tblptru,c
   736  00108E  0008               	tblrd		*
   737  001090  50F5               	movf	tablat,w,c
   738  001092  6E1C               	movwf	??_strncmp& (0+255),c
   739  001094  6A1D               	clrf	(??_strncmp+1)& (0+255),c
   740  001096  1E1C               	comf	??_strncmp,f,c
   741  001098  1E1D               	comf	??_strncmp+1,f,c
   742  00109A  4A1C               	infsnz	??_strncmp,f,c
   743  00109C  2A1D               	incf	??_strncmp+1,f,c
   744  00109E  C016  FFD9         	movff	strncmp@s1,fsr2l
   745  0010A2  C017  FFDA         	movff	strncmp@s1+1,fsr2h
   746  0010A6  50DF               	movf	indf2,w,c
   747  0010A8  6E1E               	movwf	(??_strncmp+2)& (0+255),c
   748  0010AA  501E               	movf	??_strncmp+2,w,c
   749  0010AC  241C               	addwf	??_strncmp,w,c
   750  0010AE  6E16               	movwf	?_strncmp,c
   751  0010B0  0E00               	movlw	0
   752  0010B2  201D               	addwfc	??_strncmp+1,w,c
   753  0010B4  6E17               	movwf	?_strncmp+1,c
   754  0010B6  0012               	return	
   755  0010B8                     l753:
   756  0010B8  4A16               	infsnz	strncmp@s1,f,c
   757  0010BA  2A17               	incf	strncmp@s1+1,f,c
   758  0010BC  4A18               	infsnz	strncmp@s2,f,c
   759  0010BE  2A19               	incf	strncmp@s2+1,f,c
   760  0010C0                     l755:
   761  0010C0  061A               	decf	strncmp@len,f,c
   762  0010C2  A0D8               	btfss	status,0,c
   763  0010C4  061B               	decf	strncmp@len+1,f,c
   764  0010C6  281A               	incf	strncmp@len& (0+255),w,c
   765  0010C8  B4D8               	btfsc	status,2,c
   766  0010CA  281B               	incf	(strncmp@len+1)& (0+255),w,c
   767  0010CC  A4D8               	btfss	status,2,c
   768  0010CE  D7C1               	goto	l745
   769  0010D0  0E00               	movlw	0
   770  0010D2  6E17               	movwf	?_strncmp+1,c
   771  0010D4  0E00               	movlw	0
   772  0010D6  6E16               	movwf	?_strncmp,c
   773  0010D8  0012               	return	
   774  0010DA                     __end_of_strncmp:
   775                           	opt stack 0
   776                           tblptru	equ	0xFF8
   777                           tblptrh	equ	0xFF7
   778                           tblptrl	equ	0xFF6
   779                           tablat	equ	0xFF5
   780                           intcon	equ	0xFF2
   781                           postinc0	equ	0xFEE
   782                           wreg	equ	0xFE8
   783                           indf2	equ	0xFDF
   784                           fsr2h	equ	0xFDA
   785                           fsr2l	equ	0xFD9
   786                           status	equ	0xFD8
   787                           
   788 ;; *************** function _strlen *****************
   789 ;; Defined at:
   790 ;;		line 4 in file "C:\Program Files\Microchip\xc8\v1.31\sources\common\strlen.c"
   791 ;; Parameters:    Size  Location     Type
   792 ;;  s               2   15[COMRAM] PTR const unsigned char 
   793 ;;		 -> STR_1(6), 
   794 ;; Auto vars:     Size  Location     Type
   795 ;;  cp              2   19[COMRAM] PTR const unsigned char 
   796 ;;		 -> STR_1(6), 
   797 ;; Return value:  Size  Location     Type
   798 ;;                  2   15[COMRAM] unsigned int 
   799 ;; Registers used:
   800 ;;		wreg, status,2, status,0, tblptrl, tblptrh, tblptru
   801 ;; Tracked objects:
   802 ;;		On entry : 0/0
   803 ;;		On exit  : 0/0
   804 ;;		Unchanged: 0/0
   805 ;; Data sizes:     COMRAM   BANK0   BANK1   BANK2   BANK3   BANK4   BANK5   BANK6   BANK7   BANK8   BANK9  BANK10  BANK1
      +1  BANK12  BANK13  BANK14
   806 ;;      Params:         2       0       0       0       0       0       0       0       0       0       0       0       
      +0       0       0       0
   807 ;;      Locals:         2       0       0       0       0       0       0       0       0       0       0       0       
      +0       0       0       0
   808 ;;      Temps:          2       0       0       0       0       0       0       0       0       0       0       0       
      +0       0       0       0
   809 ;;      Totals:         6       0       0       0       0       0       0       0       0       0       0       0       
      +0       0       0       0
   810 ;;Total ram usage:        6 bytes
   811 ;; Hardware stack levels used:    1
   812 ;; Hardware stack levels required when called:    1
   813 ;; This function calls:
   814 ;;		Nothing
   815 ;; This function is called by:
   816 ;;		_strstr
   817 ;; This function uses a non-reentrant model
   818 ;;
   819                           
   820                           	psect	text3
   821  0011C8                     __ptext3:
   822                           	opt stack 0
   823  0011C8                     _strlen:
   824                           	opt stack 28
   825                           
   826                           ;incstack = 0
   827  0011C8  C011  F015         	movff	strlen@s+1,strlen@cp+1
   828  0011CC  C010  F014         	movff	strlen@s,strlen@cp
   829  0011D0  D002               	goto	l737
   830  0011D2                     l735:
   831  0011D2  4A14               	infsnz	strlen@cp,f,c
   832  0011D4  2A15               	incf	strlen@cp+1,f,c
   833  0011D6                     l737:
   834  0011D6  C014  FFF6         	movff	strlen@cp,tblptrl
   835  0011DA  C015  FFF7         	movff	strlen@cp+1,tblptrh
   836  0011DE  0E00               	movlw	low (__mediumconst shr (0+16))
   837  0011E0  6EF8               	movwf	tblptru,c
   838  0011E2  0008               	tblrd		*
   839  0011E4  50F5               	movf	tablat,w,c
   840  0011E6  0900               	iorlw	0
   841  0011E8  A4D8               	btfss	status,2,c
   842  0011EA  D7F3               	goto	l735
   843  0011EC  C010  F012         	movff	strlen@s,??_strlen
   844  0011F0  C011  F013         	movff	strlen@s+1,??_strlen+1
   845  0011F4  1E12               	comf	??_strlen,f,c
   846  0011F6  1E13               	comf	??_strlen+1,f,c
   847  0011F8  4A12               	infsnz	??_strlen,f,c
   848  0011FA  2A13               	incf	??_strlen+1,f,c
   849  0011FC  5014               	movf	strlen@cp,w,c
   850  0011FE  2412               	addwf	??_strlen,w,c
   851  001200  6E10               	movwf	?_strlen,c
   852  001202  5015               	movf	strlen@cp+1,w,c
   853  001204  2013               	addwfc	??_strlen+1,w,c
   854  001206  6E11               	movwf	?_strlen+1,c
   855  001208  0012               	return	
   856  00120A                     __end_of_strlen:
   857                           	opt stack 0
   858                           tblptru	equ	0xFF8
   859                           tblptrh	equ	0xFF7
   860                           tblptrl	equ	0xFF6
   861                           tablat	equ	0xFF5
   862                           intcon	equ	0xFF2
   863                           postinc0	equ	0xFEE
   864                           wreg	equ	0xFE8
   865                           indf2	equ	0xFDF
   866                           fsr2h	equ	0xFDA
   867                           fsr2l	equ	0xFD9
   868                           status	equ	0xFD8
   869                           
   870 ;; *************** function _strchr *****************
   871 ;; Defined at:
   872 ;;		line 4 in file "C:\Program Files\Microchip\xc8\v1.31\sources\common\strchr.c"
   873 ;; Parameters:    Size  Location     Type
   874 ;;  ptr             2   15[COMRAM] PTR const unsigned char 
   875 ;;		 -> NULL(0), ctxt(120), 
   876 ;;  chr             2   17[COMRAM] int 
   877 ;; Auto vars:     Size  Location     Type
   878 ;;		None
   879 ;; Return value:  Size  Location     Type
   880 ;;                  2   15[COMRAM] PTR unsigned char 
   881 ;; Registers used:
   882 ;;		wreg, fsr2l, fsr2h, status,2, status,0
   883 ;; Tracked objects:
   884 ;;		On entry : 0/0
   885 ;;		On exit  : 0/0
   886 ;;		Unchanged: 0/0
   887 ;; Data sizes:     COMRAM   BANK0   BANK1   BANK2   BANK3   BANK4   BANK5   BANK6   BANK7   BANK8   BANK9  BANK10  BANK1
      +1  BANK12  BANK13  BANK14
   888 ;;      Params:         4       0       0       0       0       0       0       0       0       0       0       0       
      +0       0       0       0
   889 ;;      Locals:         0       0       0       0       0       0       0       0       0       0       0       0       
      +0       0       0       0
   890 ;;      Temps:          0       0       0       0       0       0       0       0       0       0       0       0       
      +0       0       0       0
   891 ;;      Totals:         4       0       0       0       0       0       0       0       0       0       0       0       
      +0       0       0       0
   892 ;;Total ram usage:        4 bytes
   893 ;; Hardware stack levels used:    1
   894 ;; Hardware stack levels required when called:    1
   895 ;; This function calls:
   896 ;;		Nothing
   897 ;; This function is called by:
   898 ;;		_strstr
   899 ;; This function uses a non-reentrant model
   900 ;;
   901                           
   902                           	psect	text4
   903  00120A                     __ptext4:
   904                           	opt stack 0
   905  00120A                     _strchr:
   906                           	opt stack 28
   907  00120A                     l671:
   908  00120A  5012               	movf	strchr@chr,w,c
   909  00120C  C010  FFD9         	movff	strchr@ptr,fsr2l
   910  001210  C011  FFDA         	movff	strchr@ptr+1,fsr2h
   911  001214  62DF               	cpfseq	indf2,c
   912  001216  D005               	goto	l767
   913  001218  C011  F011         	movff	strchr@ptr+1,?_strchr+1
   914  00121C  C010  F010         	movff	strchr@ptr,?_strchr
   915  001220  0012               	return	
   916  001222                     l767:
   917  001222  C010  FFD9         	movff	strchr@ptr,fsr2l
   918  001226  C011  FFDA         	movff	strchr@ptr+1,fsr2h
   919  00122A  4A10               	infsnz	strchr@ptr,f,c
   920  00122C  2A11               	incf	strchr@ptr+1,f,c
   921  00122E  50DF               	movf	indf2,w,c
   922  001230  A4D8               	btfss	status,2,c
   923  001232  D7EB               	goto	l671
   924  001234  0E00               	movlw	0
   925  001236  6E11               	movwf	?_strchr+1,c
   926  001238  0E00               	movlw	0
   927  00123A  6E10               	movwf	?_strchr,c
   928  00123C  0012               	return	
   929  00123E                     __end_of_strchr:
   930                           	opt stack 0
   931                           tblptru	equ	0xFF8
   932                           tblptrh	equ	0xFF7
   933                           tblptrl	equ	0xFF6
   934                           tablat	equ	0xFF5
   935                           intcon	equ	0xFF2
   936                           postinc0	equ	0xFEE
   937                           wreg	equ	0xFE8
   938                           indf2	equ	0xFDF
   939                           fsr2h	equ	0xFDA
   940                           fsr2l	equ	0xFD9
   941                           status	equ	0xFD8
   942                           
   943 ;; *************** function _serial_init *****************
   944 ;; Defined at:
   945 ;;		line 143 in file "main.c"
   946 ;; Parameters:    Size  Location     Type
   947 ;;		None
   948 ;; Auto vars:     Size  Location     Type
   949 ;;		None
   950 ;; Return value:  Size  Location     Type
   951 ;;		None               void
   952 ;; Registers used:
   953 ;;		wreg, status,2, cstack
   954 ;; Tracked objects:
   955 ;;		On entry : 0/0
   956 ;;		On exit  : 0/0
   957 ;;		Unchanged: 0/0
   958 ;; Data sizes:     COMRAM   BANK0   BANK1   BANK2   BANK3   BANK4   BANK5   BANK6   BANK7   BANK8   BANK9  BANK10  BANK1
      +1  BANK12  BANK13  BANK14
   959 ;;      Params:         0       0       0       0       0       0       0       0       0       0       0       0       
      +0       0       0       0
   960 ;;      Locals:         0       0       0       0       0       0       0       0       0       0       0       0       
      +0       0       0       0
   961 ;;      Temps:          1       0       0       0       0       0       0       0       0       0       0       0       
      +0       0       0       0
   962 ;;      Totals:         1       0       0       0       0       0       0       0       0       0       0       0       
      +0       0       0       0
   963 ;;Total ram usage:        1 bytes
   964 ;; Hardware stack levels used:    1
   965 ;; Hardware stack levels required when called:    2
   966 ;; This function calls:
   967 ;;		_uart_xmit
   968 ;; This function is called by:
   969 ;;		_main
   970 ;; This function uses a non-reentrant model
   971 ;;
   972                           
   973                           	psect	text5
   974  00123E                     __ptext5:
   975                           	opt stack 0
   976  00123E                     _serial_init:
   977                           	opt stack 28
   978                           
   979                           ;main.c: 152: PIR3bits.RC2IF=0;
   980                           
   981                           ;incstack = 0
   982  00123E  9AA4               	bcf	4004,5,c	;volatile
   983                           
   984                           ;main.c: 154: TXSTA2bits.BRGH=1;
   985  001240  84A8               	bsf	4008,2,c	;volatile
   986                           
   987                           ;main.c: 155: TXSTA2bits.TX9=0;
   988  001242  9CA8               	bcf	4008,6,c	;volatile
   989                           
   990                           ;main.c: 156: TXSTA2bits.TXEN = 1;
   991  001244  8AA8               	bsf	4008,5,c	;volatile
   992                           
   993                           ;main.c: 157: RCSTA2bits.SPEN=1;
   994  001246  8E9C               	bsf	3996,7,c	;volatile
   995                           
   996                           ;main.c: 158: RCSTA2bits.RX9=0;
   997  001248  9C9C               	bcf	3996,6,c	;volatile
   998                           
   999                           ;main.c: 159: RCSTA2bits.CREN=1;
  1000  00124A  889C               	bsf	3996,4,c	;volatile
  1001                           
  1002                           ;main.c: 160: SPBRG2=104;
  1003  00124C  0E68               	movlw	104
  1004  00124E  6EAB               	movwf	4011,c	;volatile
  1005                           
  1006                           ;main.c: 161: SPBRGH2=0;
  1007  001250  0E00               	movlw	0
  1008  001252  6E7D               	movwf	3965,c	;volatile
  1009                           
  1010                           ;main.c: 164: _delay((unsigned long)((50)*(8000000/4000.0)));
  1011  001254  0E82               	movlw	130
  1012  001256  6E12               	movwf	??_serial_init& (0+255),c
  1013  001258  0EDE               	movlw	222
  1014  00125A                     u317:
  1015  00125A  2EE8               	decfsz	wreg,f,c
  1016  00125C  D7FE               	goto	u317
  1017  00125E  2E12               	decfsz	??_serial_init& (0+255),f,c
  1018  001260  D7FC               	goto	u317
  1019                           
  1020                           ;main.c: 165: uart_xmit('R');
  1021  001262  0E00               	movlw	0
  1022  001264  6E11               	movwf	uart_xmit@mydata_byte+1,c
  1023  001266  0E52               	movlw	82
  1024  001268  6E10               	movwf	uart_xmit@mydata_byte,c
  1025  00126A  EC47  F009         	call	_uart_xmit	;wreg free
  1026  00126E  0012               	return	
  1027  001270                     __end_of_serial_init:
  1028                           	opt stack 0
  1029                           tblptru	equ	0xFF8
  1030                           tblptrh	equ	0xFF7
  1031                           tblptrl	equ	0xFF6
  1032                           tablat	equ	0xFF5
  1033                           intcon	equ	0xFF2
  1034                           postinc0	equ	0xFEE
  1035                           wreg	equ	0xFE8
  1036                           indf2	equ	0xFDF
  1037                           fsr2h	equ	0xFDA
  1038                           fsr2l	equ	0xFD9
  1039                           status	equ	0xFD8
  1040                           
  1041 ;; *************** function _uart_xmit *****************
  1042 ;; Defined at:
  1043 ;;		line 138 in file "main.c"
  1044 ;; Parameters:    Size  Location     Type
  1045 ;;  mydata_byte     2   15[COMRAM] unsigned int 
  1046 ;; Auto vars:     Size  Location     Type
  1047 ;;		None
  1048 ;; Return value:  Size  Location     Type
  1049 ;;		None               void
  1050 ;; Registers used:
  1051 ;;		None
  1052 ;; Tracked objects:
  1053 ;;		On entry : 0/0
  1054 ;;		On exit  : 0/0
  1055 ;;		Unchanged: 0/0
  1056 ;; Data sizes:     COMRAM   BANK0   BANK1   BANK2   BANK3   BANK4   BANK5   BANK6   BANK7   BANK8   BANK9  BANK10  BANK1
      +1  BANK12  BANK13  BANK14
  1057 ;;      Params:         2       0       0       0       0       0       0       0       0       0       0       0       
      +0       0       0       0
  1058 ;;      Locals:         0       0       0       0       0       0       0       0       0       0       0       0       
      +0       0       0       0
  1059 ;;      Temps:          0       0       0       0       0       0       0       0       0       0       0       0       
      +0       0       0       0
  1060 ;;      Totals:         2       0       0       0       0       0       0       0       0       0       0       0       
      +0       0       0       0
  1061 ;;Total ram usage:        2 bytes
  1062 ;; Hardware stack levels used:    1
  1063 ;; Hardware stack levels required when called:    1
  1064 ;; This function calls:
  1065 ;;		Nothing
  1066 ;; This function is called by:
  1067 ;;		_serial_init
  1068 ;; This function uses a non-reentrant model
  1069 ;;
  1070                           
  1071                           	psect	text6
  1072  00128E                     __ptext6:
  1073                           	opt stack 0
  1074  00128E                     _uart_xmit:
  1075                           	opt stack 28
  1076  00128E                     l90:
  1077  00128E  A2A8               	btfss	4008,1,c	;volatile
  1078  001290  D7FE               	goto	l90
  1079                           
  1080                           ;main.c: 140: TXREG2 = mydata_byte;
  1081  001292  C010  FFA9         	movff	uart_xmit@mydata_byte,4009	;volatile
  1082  001296  0012               	return	
  1083  001298                     __end_of_uart_xmit:
  1084                           	opt stack 0
  1085                           tblptru	equ	0xFF8
  1086                           tblptrh	equ	0xFF7
  1087                           tblptrl	equ	0xFF6
  1088                           tablat	equ	0xFF5
  1089                           intcon	equ	0xFF2
  1090                           postinc0	equ	0xFEE
  1091                           wreg	equ	0xFE8
  1092                           indf2	equ	0xFDF
  1093                           fsr2h	equ	0xFDA
  1094                           fsr2l	equ	0xFD9
  1095                           status	equ	0xFD8
  1096                           
  1097 ;; *************** function _init_io *****************
  1098 ;; Defined at:
  1099 ;;		line 81 in file "main.c"
  1100 ;; Parameters:    Size  Location     Type
  1101 ;;		None
  1102 ;; Auto vars:     Size  Location     Type
  1103 ;;		None
  1104 ;; Return value:  Size  Location     Type
  1105 ;;		None               void
  1106 ;; Registers used:
  1107 ;;		wreg, status,2
  1108 ;; Tracked objects:
  1109 ;;		On entry : 0/0
  1110 ;;		On exit  : 0/0
  1111 ;;		Unchanged: 0/0
  1112 ;; Data sizes:     COMRAM   BANK0   BANK1   BANK2   BANK3   BANK4   BANK5   BANK6   BANK7   BANK8   BANK9  BANK10  BANK1
      +1  BANK12  BANK13  BANK14
  1113 ;;      Params:         0       0       0       0       0       0       0       0       0       0       0       0       
      +0       0       0       0
  1114 ;;      Locals:         0       0       0       0       0       0       0       0       0       0       0       0       
      +0       0       0       0
  1115 ;;      Temps:          0       0       0       0       0       0       0       0       0       0       0       0       
      +0       0       0       0
  1116 ;;      Totals:         0       0       0       0       0       0       0       0       0       0       0       0       
      +0       0       0       0
  1117 ;;Total ram usage:        0 bytes
  1118 ;; Hardware stack levels used:    1
  1119 ;; Hardware stack levels required when called:    1
  1120 ;; This function calls:
  1121 ;;		Nothing
  1122 ;; This function is called by:
  1123 ;;		_main
  1124 ;; This function uses a non-reentrant model
  1125 ;;
  1126                           
  1127                           	psect	text7
  1128  001162                     __ptext7:
  1129                           	opt stack 0
  1130  001162                     _init_io:
  1131                           	opt stack 29
  1132                           
  1133                           ;main.c: 82: INTCONbits.GIE = 0;
  1134                           
  1135                           ;incstack = 0
  1136  001162  9EF2               	bcf	intcon,7,c	;volatile
  1137                           
  1138                           ;main.c: 83: EECON2 = 0x55;
  1139  001164  0E55               	movlw	85
  1140  001166  6EA7               	movwf	4007,c	;volatile
  1141                           
  1142                           ;main.c: 84: EECON2 = 0xAA;
  1143  001168  0EAA               	movlw	170
  1144  00116A  6EA7               	movwf	4007,c	;volatile
  1145                           
  1146                           ;main.c: 85: PPSCONbits.IOLOCK = 0;
  1147  00116C  010E               	movlb	14	; () banked
  1148  00116E  010E               	movlb	14	; () banked
  1149  001170  91BF               	bcf	191,0,b	;volatile
  1150                           
  1151                           ;main.c: 99: RPINR16 = 0x16;
  1152  001172  0E16               	movlw	22
  1153  001174  010E               	movlb	14	; () banked
  1154  001176  010E               	movlb	14	; () banked
  1155  001178  6FF7               	movwf	247,b	;volatile
  1156                           
  1157                           ;main.c: 100: RPOR23 = 0x06;
  1158  00117A  0E06               	movlw	6
  1159  00117C  010E               	movlb	14	; () banked
  1160  00117E  010E               	movlb	14	; () banked
  1161  001180  6FD7               	movwf	215,b	;volatile
  1162                           
  1163                           ;main.c: 102: EECON2 = 0x55;
  1164  001182  0E55               	movlw	85
  1165  001184  6EA7               	movwf	4007,c	;volatile
  1166                           
  1167                           ;main.c: 103: EECON2 = 0xAA;
  1168  001186  0EAA               	movlw	170
  1169  001188  6EA7               	movwf	4007,c	;volatile
  1170                           
  1171                           ; BSR set to: 14
  1172                           ;main.c: 104: PPSCONbits.IOLOCK = 1;
  1173  00118A  010E               	movlb	14	; () banked
  1174  00118C  010E               	movlb	14	; () banked
  1175  00118E  81BF               	bsf	191,0,b	;volatile
  1176                           
  1177                           ;main.c: 106: LATA = 0x00;
  1178  001190  0E00               	movlw	0
  1179  001192  6E89               	movwf	3977,c	;volatile
  1180                           
  1181                           ; BSR set to: 14
  1182                           ;main.c: 108: TRISAbits.TRISA0 = 0;
  1183  001194  9092               	bcf	3986,0,c	;volatile
  1184                           
  1185                           ; BSR set to: 14
  1186                           ;main.c: 109: TRISAbits.TRISA1 = 0;
  1187  001196  9292               	bcf	3986,1,c	;volatile
  1188                           
  1189                           ; BSR set to: 14
  1190                           ;main.c: 110: TRISAbits.TRISA2 = 0;
  1191  001198  9492               	bcf	3986,2,c	;volatile
  1192                           
  1193                           ; BSR set to: 14
  1194                           ;main.c: 112: TRISBbits.TRISB0 = 0;
  1195  00119A  9093               	bcf	3987,0,c	;volatile
  1196                           
  1197                           ; BSR set to: 14
  1198                           ;main.c: 113: TRISBbits.TRISB1 = 0;
  1199  00119C  9293               	bcf	3987,1,c	;volatile
  1200                           
  1201                           ; BSR set to: 14
  1202                           ;main.c: 114: TRISBbits.TRISB2 = 0;
  1203  00119E  9493               	bcf	3987,2,c	;volatile
  1204                           
  1205                           ; BSR set to: 14
  1206                           ;main.c: 115: TRISBbits.TRISB3 = 0;
  1207  0011A0  9693               	bcf	3987,3,c	;volatile
  1208                           
  1209                           ; BSR set to: 14
  1210                           ;main.c: 116: TRISBbits.TRISB4 = 0;
  1211  0011A2  9893               	bcf	3987,4,c	;volatile
  1212                           
  1213                           ; BSR set to: 14
  1214                           ;main.c: 117: TRISBbits.TRISB5 = 1;
  1215  0011A4  8A93               	bsf	3987,5,c	;volatile
  1216                           
  1217                           ;main.c: 119: LATC = 0x00;
  1218  0011A6  0E00               	movlw	0
  1219  0011A8  6E8B               	movwf	3979,c	;volatile
  1220                           
  1221                           ; BSR set to: 14
  1222                           ;main.c: 121: TRISCbits.TRISC0 = 0;
  1223  0011AA  9094               	bcf	3988,0,c	;volatile
  1224                           
  1225                           ; BSR set to: 14
  1226                           ;main.c: 122: TRISCbits.TRISC1 = 0;
  1227  0011AC  9294               	bcf	3988,1,c	;volatile
  1228                           
  1229                           ; BSR set to: 14
  1230                           ;main.c: 123: TRISCbits.TRISC2 = 0;
  1231  0011AE  9494               	bcf	3988,2,c	;volatile
  1232                           
  1233                           ; BSR set to: 14
  1234                           ;main.c: 124: TRISCbits.TRISC3 = 0;
  1235  0011B0  9694               	bcf	3988,3,c	;volatile
  1236                           
  1237                           ; BSR set to: 14
  1238                           ;main.c: 125: TRISCbits.TRISC6 = 1;
  1239  0011B2  8C94               	bsf	3988,6,c	;volatile
  1240                           
  1241                           ; BSR set to: 14
  1242                           ;main.c: 126: TRISCbits.TRISC7 = 1;
  1243  0011B4  8E94               	bsf	3988,7,c	;volatile
  1244                           
  1245                           ; BSR set to: 14
  1246                           ;main.c: 128: TRISDbits.TRISD0 = 1;
  1247  0011B6  8095               	bsf	3989,0,c	;volatile
  1248                           
  1249                           ; BSR set to: 14
  1250                           ;main.c: 129: TRISDbits.TRISD1 = 1;
  1251  0011B8  8295               	bsf	3989,1,c	;volatile
  1252                           
  1253                           ; BSR set to: 14
  1254                           ;main.c: 130: TRISDbits.TRISD4 = 1;
  1255  0011BA  8895               	bsf	3989,4,c	;volatile
  1256                           
  1257                           ; BSR set to: 14
  1258                           ;main.c: 131: TRISDbits.TRISD5 = 1;
  1259  0011BC  8A95               	bsf	3989,5,c	;volatile
  1260                           
  1261                           ; BSR set to: 14
  1262                           ;main.c: 132: TRISDbits.TRISD6 = 0;
  1263  0011BE  9C95               	bcf	3989,6,c	;volatile
  1264                           
  1265                           ; BSR set to: 14
  1266                           ;main.c: 134: TRISEbits.TRISE0 = 1;
  1267  0011C0  8096               	bsf	3990,0,c	;volatile
  1268                           
  1269                           ; BSR set to: 14
  1270                           ;main.c: 135: TRISEbits.TRISE1 = 1;
  1271  0011C2  8296               	bsf	3990,1,c	;volatile
  1272                           
  1273                           ; BSR set to: 14
  1274                           ;main.c: 136: TRISEbits.TRISE2 = 1;
  1275  0011C4  8496               	bsf	3990,2,c	;volatile
  1276                           
  1277                           ; BSR set to: 14
  1278  0011C6  0012               	return	
  1279  0011C8                     __end_of_init_io:
  1280                           	opt stack 0
  1281                           tblptru	equ	0xFF8
  1282                           tblptrh	equ	0xFF7
  1283                           tblptrl	equ	0xFF6
  1284                           tablat	equ	0xFF5
  1285                           intcon	equ	0xFF2
  1286                           postinc0	equ	0xFEE
  1287                           wreg	equ	0xFE8
  1288                           indf2	equ	0xFDF
  1289                           fsr2h	equ	0xFDA
  1290                           fsr2l	equ	0xFD9
  1291                           status	equ	0xFD8
  1292                           
  1293 ;; *************** function _ISR *****************
  1294 ;; Defined at:
  1295 ;;		line 47 in file "main.c"
  1296 ;; Parameters:    Size  Location     Type
  1297 ;;		None
  1298 ;; Auto vars:     Size  Location     Type
  1299 ;;  temp            1   14[COMRAM] unsigned char 
  1300 ;; Return value:  Size  Location     Type
  1301 ;;		None               void
  1302 ;; Registers used:
  1303 ;;		wreg, fsr2l, fsr2h, status,2, status,0
  1304 ;; Tracked objects:
  1305 ;;		On entry : 0/0
  1306 ;;		On exit  : 0/0
  1307 ;;		Unchanged: 0/0
  1308 ;; Data sizes:     COMRAM   BANK0   BANK1   BANK2   BANK3   BANK4   BANK5   BANK6   BANK7   BANK8   BANK9  BANK10  BANK1
      +1  BANK12  BANK13  BANK14
  1309 ;;      Params:         0       0       0       0       0       0       0       0       0       0       0       0       
      +0       0       0       0
  1310 ;;      Locals:         1       0       0       0       0       0       0       0       0       0       0       0       
      +0       0       0       0
  1311 ;;      Temps:         14       0       0       0       0       0       0       0       0       0       0       0       
      +0       0       0       0
  1312 ;;      Totals:        15       0       0       0       0       0       0       0       0       0       0       0       
      +0       0       0       0
  1313 ;;Total ram usage:       15 bytes
  1314 ;; Hardware stack levels used:    1
  1315 ;; This function calls:
  1316 ;;		Nothing
  1317 ;; This function is called by:
  1318 ;;		Interrupt level 2
  1319 ;; This function uses a non-reentrant model
  1320 ;;
  1321                           
  1322                           	psect	intcode
  1323  000008                     __pintcode:
  1324                           	opt stack 0
  1325  000008                     _ISR:
  1326                           	opt stack 28
  1327                           
  1328                           ; BSR set to: 14
  1329                           ;incstack = 0
  1330  000008  CFFA F001          	movff	pclath,??_ISR
  1331  00000C  CFFB F002          	movff	pclatu,??_ISR+1
  1332  000010  CFE9 F003          	movff	fsr0l,??_ISR+2
  1333  000014  CFEA F004          	movff	fsr0h,??_ISR+3
  1334  000018  CFE1 F005          	movff	fsr1l,??_ISR+4
  1335  00001C  CFE2 F006          	movff	fsr1h,??_ISR+5
  1336  000020  CFD9 F007          	movff	fsr2l,??_ISR+6
  1337  000024  CFDA F008          	movff	fsr2h,??_ISR+7
  1338  000028  CFF3 F009          	movff	prodl,??_ISR+8
  1339  00002C  CFF4 F00A          	movff	prodh,??_ISR+9
  1340  000030  CFF6 F00B          	movff	tblptrl,??_ISR+10
  1341  000034  CFF7 F00C          	movff	tblptrh,??_ISR+11
  1342  000038  CFF8 F00D          	movff	tblptru,??_ISR+12
  1343  00003C  CFF5 F00E          	movff	tablat,??_ISR+13
  1344                           
  1345                           ;main.c: 49: if (PIR3bits.RC2IF)
  1346  000040  AAA4               	btfss	4004,5,c	;volatile
  1347  000042  D03D               	goto	i2l84
  1348                           
  1349                           ;main.c: 50: {
  1350                           ;main.c: 51: isrcall = 0x01;
  1351  000044  0E00               	movlw	0
  1352  000046  6E27               	movwf	_isrcall+1,c	;volatile
  1353  000048  0E01               	movlw	1
  1354  00004A  6E26               	movwf	_isrcall,c	;volatile
  1355                           
  1356                           ;main.c: 52: char temp;
  1357                           ;main.c: 53: temp = RCREG2;
  1358  00004C  CFAA F00F          	movff	4010,ISR@temp	;volatile
  1359                           
  1360                           ;main.c: 54: if(temp=='$' && new_rx==0)
  1361  000050  500F               	movf	ISR@temp,w,c
  1362  000052  0A24               	xorlw	36
  1363  000054  A4D8               	btfss	status,2,c
  1364  000056  D00D               	goto	i2l865
  1365  000058  5029               	movf	_new_rx+1,w,c	;volatile
  1366  00005A  1028               	iorwf	_new_rx,w,c	;volatile
  1367  00005C  A4D8               	btfss	status,2,c
  1368  00005E  D009               	goto	i2l865
  1369                           
  1370                           ;main.c: 55: {
  1371                           ;main.c: 56: index = 0;
  1372  000060  0E00               	movlw	0
  1373  000062  6E25               	movwf	_index+1,c	;volatile
  1374  000064  0E00               	movlw	0
  1375  000066  6E24               	movwf	_index,c	;volatile
  1376                           
  1377                           ;main.c: 57: reading = 1;
  1378  000068  0E00               	movlw	0
  1379  00006A  6E2D               	movwf	_reading+1,c	;volatile
  1380  00006C  0E01               	movlw	1
  1381  00006E  6E2C               	movwf	_reading,c	;volatile
  1382                           
  1383                           ;main.c: 58: }
  1384  000070  D026               	goto	i2l84
  1385  000072                     i2l865:
  1386                           
  1387                           ;main.c: 59: else if(reading == 1)
  1388  000072  042C               	decf	_reading,w,c	;volatile
  1389  000074  102D               	iorwf	_reading+1,w,c	;volatile
  1390  000076  A4D8               	btfss	status,2,c
  1391  000078  D022               	goto	i2l84
  1392                           
  1393                           ;main.c: 60: {
  1394                           ;main.c: 61: ctxt[index] = temp;
  1395  00007A  0100               	movlb	0	; () banked
  1396  00007C  0E60               	movlw	low _ctxt
  1397  00007E  2424               	addwf	_index,w,c	;volatile
  1398  000080  6ED9               	movwf	fsr2l,c
  1399  000082  0100               	movlb	0	; () banked
  1400  000084  0E00               	movlw	high _ctxt
  1401  000086  2025               	addwfc	_index+1,w,c	;volatile
  1402  000088  6EDA               	movwf	fsr2h,c
  1403  00008A  C00F  FFDF         	movff	ISR@temp,indf2
  1404                           
  1405                           ; BSR set to: 0
  1406                           ;main.c: 62: index++;
  1407  00008E  4A24               	infsnz	_index,f,c	;volatile
  1408  000090  2A25               	incf	_index+1,f,c	;volatile
  1409                           
  1410                           ; BSR set to: 0
  1411                           ;main.c: 63: ping = 1;
  1412  000092  0E00               	movlw	0
  1413  000094  6E2B               	movwf	_ping+1,c	;volatile
  1414  000096  0E01               	movlw	1
  1415  000098  6E2A               	movwf	_ping,c	;volatile
  1416                           
  1417                           ; BSR set to: 0
  1418                           ;main.c: 64: if(index > 50)
  1419  00009A  0E33               	movlw	51
  1420  00009C  5C24               	subwf	_index,w,c	;volatile
  1421  00009E  0E00               	movlw	0
  1422  0000A0  5825               	subwfb	_index+1,w,c	;volatile
  1423  0000A2  A0D8               	btfss	status,0,c
  1424  0000A4  D00C               	goto	i2l84
  1425                           
  1426                           ; BSR set to: 0
  1427                           ;main.c: 65: {
  1428                           ;main.c: 66: index = 0;
  1429  0000A6  0E00               	movlw	0
  1430  0000A8  6E25               	movwf	_index+1,c	;volatile
  1431  0000AA  0E00               	movlw	0
  1432  0000AC  6E24               	movwf	_index,c	;volatile
  1433                           
  1434                           ;main.c: 67: reading = 0;
  1435  0000AE  0E00               	movlw	0
  1436  0000B0  6E2D               	movwf	_reading+1,c	;volatile
  1437  0000B2  0E00               	movlw	0
  1438  0000B4  6E2C               	movwf	_reading,c	;volatile
  1439                           
  1440                           ;main.c: 68: new_rx = 1;
  1441  0000B6  0E00               	movlw	0
  1442  0000B8  6E29               	movwf	_new_rx+1,c	;volatile
  1443  0000BA  0E01               	movlw	1
  1444  0000BC  6E28               	movwf	_new_rx,c	;volatile
  1445  0000BE                     i2l84:
  1446  0000BE  C00E  FFF5         	movff	??_ISR+13,tablat
  1447  0000C2  C00D  FFF8         	movff	??_ISR+12,tblptru
  1448  0000C6  C00C  FFF7         	movff	??_ISR+11,tblptrh
  1449  0000CA  C00B  FFF6         	movff	??_ISR+10,tblptrl
  1450  0000CE  C00A  FFF4         	movff	??_ISR+9,prodh
  1451  0000D2  C009  FFF3         	movff	??_ISR+8,prodl
  1452  0000D6  C008  FFDA         	movff	??_ISR+7,fsr2h
  1453  0000DA  C007  FFD9         	movff	??_ISR+6,fsr2l
  1454  0000DE  C006  FFE2         	movff	??_ISR+5,fsr1h
  1455  0000E2  C005  FFE1         	movff	??_ISR+4,fsr1l
  1456  0000E6  C004  FFEA         	movff	??_ISR+3,fsr0h
  1457  0000EA  C003  FFE9         	movff	??_ISR+2,fsr0l
  1458  0000EE  C002  FFFB         	movff	??_ISR+1,pclatu
  1459  0000F2  C001  FFFA         	movff	??_ISR,pclath
  1460  0000F6  0011               	retfie		f
  1461  0000F8                     __end_of_ISR:
  1462                           	opt stack 0
  1463                           pclatu	equ	0xFFB
  1464                           pclath	equ	0xFFA
  1465                           tblptru	equ	0xFF8
  1466                           tblptrh	equ	0xFF7
  1467                           tblptrl	equ	0xFF6
  1468                           tablat	equ	0xFF5
  1469                           prodh	equ	0xFF4
  1470                           prodl	equ	0xFF3
  1471                           intcon	equ	0xFF2
  1472                           postinc0	equ	0xFEE
  1473                           fsr0h	equ	0xFEA
  1474                           fsr0l	equ	0xFE9
  1475                           wreg	equ	0xFE8
  1476                           fsr1h	equ	0xFE2
  1477                           fsr1l	equ	0xFE1
  1478                           indf2	equ	0xFDF
  1479                           fsr2h	equ	0xFDA
  1480                           fsr2l	equ	0xFD9
  1481                           status	equ	0xFD8
  1482                           pclatu	equ	0xFFB
  1483                           pclath	equ	0xFFA
  1484                           tblptru	equ	0xFF8
  1485                           tblptrh	equ	0xFF7
  1486                           tblptrl	equ	0xFF6
  1487                           tablat	equ	0xFF5
  1488                           prodh	equ	0xFF4
  1489                           prodl	equ	0xFF3
  1490                           intcon	equ	0xFF2
  1491                           postinc0	equ	0xFEE
  1492                           fsr0h	equ	0xFEA
  1493                           fsr0l	equ	0xFE9
  1494                           wreg	equ	0xFE8
  1495                           fsr1h	equ	0xFE2
  1496                           fsr1l	equ	0xFE1
  1497                           indf2	equ	0xFDF
  1498                           fsr2h	equ	0xFDA
  1499                           fsr2l	equ	0xFD9
  1500                           status	equ	0xFD8
  1501                           
  1502                           	psect	rparam
  1503  0000                     pclatu	equ	0xFFB
  1504                           pclath	equ	0xFFA
  1505                           tblptru	equ	0xFF8
  1506                           tblptrh	equ	0xFF7
  1507                           tblptrl	equ	0xFF6
  1508                           tablat	equ	0xFF5
  1509                           prodh	equ	0xFF4
  1510                           prodl	equ	0xFF3
  1511                           intcon	equ	0xFF2
  1512                           postinc0	equ	0xFEE
  1513                           fsr0h	equ	0xFEA
  1514                           fsr0l	equ	0xFE9
  1515                           wreg	equ	0xFE8
  1516                           fsr1h	equ	0xFE2
  1517                           fsr1l	equ	0xFE1
  1518                           indf2	equ	0xFDF
  1519                           fsr2h	equ	0xFDA
  1520                           fsr2l	equ	0xFD9
  1521                           status	equ	0xFD8


Data Sizes:
    Strings     6
    Constant    0
    Data        0
    BSS         134
    Persistent  0
    Stack       0

Auto Spaces:
    Space          Size  Autos    Used
    COMRAM           95     35      49
    BANK0           160      0     120
    BANK1           256      0       0
    BANK2           256      0       0
    BANK3           256      0       0
    BANK4           256      0       0
    BANK5           256      0       0
    BANK6           256      0       0
    BANK7           256      0       0
    BANK8           256      0       0
    BANK9           256      0       0
    BANK10          256      0       0
    BANK11          256      0       0
    BANK12          256      0       0
    BANK13          256      0       0
    BANK14          176      0       0

Pointer List with Targets:

    strncmp@s2	PTR const unsigned char  size(2) Largest target is 6
		 -> STR_1(CODE[6]), 

    strncmp@s1	PTR const unsigned char  size(2) Largest target is 120
		 -> NULL(NULL[0]), ctxt(BANK0[120]), 

    strlen@s	PTR const unsigned char  size(2) Largest target is 6
		 -> STR_1(CODE[6]), 

    strlen@cp	PTR const unsigned char  size(2) Largest target is 6
		 -> STR_1(CODE[6]), 

    strchr@ptr	PTR const unsigned char  size(2) Largest target is 120
		 -> NULL(NULL[0]), ctxt(BANK0[120]), 

    sp__strchr	PTR unsigned char  size(2) Largest target is 120
		 -> NULL(NULL[0]), ctxt(BANK0[120]), 

    strstr@s2	PTR const unsigned char  size(2) Largest target is 6
		 -> STR_1(CODE[6]), 

    strstr@s1	PTR const unsigned char  size(2) Largest target is 120
		 -> NULL(NULL[0]), ctxt(BANK0[120]), 

    sp__strstr	PTR unsigned char  size(2) Largest target is 120
		 -> NULL(NULL[0]), ctxt(BANK0[120]), 


Critical Paths under _main in COMRAM

    _main->_strstr
    _strstr->_strncmp
    _strncmp->_strlen
    _serial_init->_uart_xmit

Critical Paths under _ISR in COMRAM

    None.

Critical Paths under _main in BANK0

    None.

Critical Paths under _ISR in BANK0

    None.

Critical Paths under _main in BANK1

    None.

Critical Paths under _ISR in BANK1

    None.

Critical Paths under _main in BANK2

    None.

Critical Paths under _ISR in BANK2

    None.

Critical Paths under _main in BANK3

    None.

Critical Paths under _ISR in BANK3

    None.

Critical Paths under _main in BANK4

    None.

Critical Paths under _ISR in BANK4

    None.

Critical Paths under _main in BANK5

    None.

Critical Paths under _ISR in BANK5

    None.

Critical Paths under _main in BANK6

    None.

Critical Paths under _ISR in BANK6

    None.

Critical Paths under _main in BANK7

    None.

Critical Paths under _ISR in BANK7

    None.

Critical Paths under _main in BANK8

    None.

Critical Paths under _ISR in BANK8

    None.

Critical Paths under _main in BANK9

    None.

Critical Paths under _ISR in BANK9

    None.

Critical Paths under _main in BANK10

    None.

Critical Paths under _ISR in BANK10

    None.

Critical Paths under _main in BANK11

    None.

Critical Paths under _ISR in BANK11

    None.

Critical Paths under _main in BANK12

    None.

Critical Paths under _ISR in BANK12

    None.

Critical Paths under _main in BANK13

    None.

Critical Paths under _ISR in BANK13

    None.

Critical Paths under _main in BANK14

    None.

Critical Paths under _ISR in BANK14

    None.

Call Graph Tables:

 ---------------------------------------------------------------------------------
 (Depth) Function   	        Calls       Base Space   Used Autos Params    Refs
 ---------------------------------------------------------------------------------
 (0) _main                                                 1     1      0     732
                                             34 COMRAM     1     1      0
                            _init_io
                        _serial_init
                             _strstr
 ---------------------------------------------------------------------------------
 (1) _strstr                                               4     0      4     674
                                             30 COMRAM     4     0      4
                             _strchr
                             _strlen
                            _strncmp
 ---------------------------------------------------------------------------------
 (2) _strncmp                                              9     3      6     219
                                             21 COMRAM     9     3      6
                             _strlen (ARG)
 ---------------------------------------------------------------------------------
 (2) _strlen                                               6     4      2     103
                                             15 COMRAM     6     4      2
 ---------------------------------------------------------------------------------
 (2) _strchr                                               4     0      4     146
                                             15 COMRAM     4     0      4
 ---------------------------------------------------------------------------------
 (1) _serial_init                                          1     1      0      58
                                             17 COMRAM     1     1      0
                          _uart_xmit
 ---------------------------------------------------------------------------------
 (2) _uart_xmit                                            2     0      2      58
                                             15 COMRAM     2     0      2
 ---------------------------------------------------------------------------------
 (1) _init_io                                              0     0      0       0
 ---------------------------------------------------------------------------------
 Estimated maximum stack depth 2
 ---------------------------------------------------------------------------------
 (Depth) Function   	        Calls       Base Space   Used Autos Params    Refs
 ---------------------------------------------------------------------------------
 (3) _ISR                                                 15    15      0      30
                                              0 COMRAM    15    15      0
 ---------------------------------------------------------------------------------
 Estimated maximum stack depth 3
 ---------------------------------------------------------------------------------

 Call Graph Graphs:

 _main (ROOT)
   _init_io
   _serial_init
     _uart_xmit
   _strstr
     _strchr
     _strlen
     _strncmp
       _strlen (ARG)

 _ISR (ROOT)

 Address spaces:
Name               Size   Autos  Total    Cost      Usage
BIGRAM             EAF      0       0      35        0.0%
BITBANK13          100      0       0      31        0.0%
BANK13             100      0       0      32        0.0%
BITBANK12          100      0       0      29        0.0%
BANK12             100      0       0      30        0.0%
BITBANK11          100      0       0      27        0.0%
BANK11             100      0       0      28        0.0%
BITBANK10          100      0       0      25        0.0%
BANK10             100      0       0      26        0.0%
BITBANK9           100      0       0      23        0.0%
BANK9              100      0       0      24        0.0%
BITBANK8           100      0       0      21        0.0%
BANK8              100      0       0      22        0.0%
BITBANK7           100      0       0      19        0.0%
BANK7              100      0       0      20        0.0%
BITBANK6           100      0       0      17        0.0%
BANK6              100      0       0      18        0.0%
BITBANK5           100      0       0      15        0.0%
BANK5              100      0       0      16        0.0%
BITBANK4           100      0       0      13        0.0%
BANK4              100      0       0      14        0.0%
BITBANK3           100      0       0      11        0.0%
BANK3              100      0       0      12        0.0%
BITBANK2           100      0       0       9        0.0%
BANK2              100      0       0      10        0.0%
BITBANK1           100      0       0       7        0.0%
BANK1              100      0       0       8        0.0%
BITBANK14           B0      0       0      33        0.0%
BANK14              B0      0       0      34        0.0%
BITBANK0            A0      0       0       4        0.0%
BANK0               A0      0      78       5       75.0%
BITCOMRAM           5F      0       0       0        0.0%
COMRAM              5F     23      31       1       51.6%
BITSFR_2             0      0       0      40        0.0%
SFR_2                0      0       0      40        0.0%
BITSFR_1             0      0       0      40        0.0%
SFR_1                0      0       0      40        0.0%
BITSFR               0      0       0      40        0.0%
SFR                  0      0       0      40        0.0%
STACK                0      0       0       2        0.0%
NULL                 0      0       0       0        0.0%
ABS                  0      0      A9       6        0.0%
DATA                 0      0      A9       3        0.0%
CODE                 0      0       0       0        0.0%


Microchip Technology PIC18 Macro Assembler V1.31 build 56723 
Symbol Table                                                                                   Fri May 16 21:26:27 2014

                     l90 128E             __CFG_CP0$OFF 000000                      l100 0F92  
                    l105 100E                      l671 120A                      l735 11D2  
                    l737 11D6                      l753 10B8                      l745 1052  
                    l755 10C0                      l843 1116                      l749 1082  
                    l837 10DC                      l845 1142                      l941 1016  
                    l767 1222                      l935 0FDE                      l927 0FB4  
                    l849 1158                      l929 0FBA                      l949 102A  
                    u307 1022                      u317 125A                      u237 0F3C  
                    u247 0F54                      u257 0F66                      u267 0F74  
                    _ISR 0008                      u277 0F80                      u287 0F9A  
                    u297 0FAA                      wreg 000FE8               _TXSTA2bits 000FA8  
                   ?_ISR 0001                     STR_1 0F01                     _LATA 000F89  
                   _LATC 000F8B                     i2l84 00BE                     _main 0F08  
                   _ctxt 0060                     _ping 002A                     fsr0h 000FEA  
                   fsr1h 000FE2                     fsr0l 000FE9                     fsr2h 000FDA  
                   fsr1l 000FE1                     indf2 000FDF                     fsr2l 000FD9  
                   pclat 000FFA                     prodh 000FF4                     prodl 000FF3  
                   start 00F8            __CFG_IESO$OFF 000000                    ??_ISR 0001  
          __CFG_PLLDIV$1 000000                    ?_main 0001                    i2l865 0072  
         __CFG_FCMEN$OFF 000000                    _index 0024          __end_of_init_io 11C8  
                  _ready 002E                    tablat 000FF5                    status 000FD8  
        __end_of_strncmp 10DA          __initialization 1270             __end_of_main 1050  
                 ??_main 0023            __activetblptr 000003                   _ADCON0 000FC2  
                 _ADCON1 000FC1                   _EECON2 000FA7           __CFG_WDTEN$OFF 000000  
                 _RCREG2 000FAA                   _SPBRG2 000FAB                   _RPOR23 000ED7  
                 _TXREG2 000FA9           __CFG_XINST$OFF 000000             ?_serial_init 0001  
         __CFG_STVREN$ON 000000                   clear_0 1276                   clear_1 1282  
                 _new_rx 0028                   _strchr 120A                   _strlen 11C8  
                 _strstr 10DA                ??_init_io 0010             __mediumconst 0000  
                 tblptrh 000FF7                   tblptrl 000FF6                   tblptru 000FF8  
              ??_strncmp 001C               __accesstop 0060  __end_of__initialization 1288  
         __pcstackCOMRAM 0001          __CFG_OSC$INTOSC 000000               __pbssBANK0 0060  
                ISR@temp 000F                  ?_strchr 0010                  ?_strlen 0010  
                ?_strstr 001F       __size_of_uart_xmit 000A                  _SPBRGH2 000F7D  
                _RPINR16 000EF7                  __Hparam 0000                  __Lparam 0000  
   __size_of_serial_init 0032             __psmallconst 0F00                  __pcinit 1270  
                __ramtop 0F00                  __ptext0 0F08                  __ptext1 10DA  
                __ptext2 1050                  __ptext3 11C8                  __ptext4 120A  
                __ptext5 123E                  __ptext6 128E                  __ptext7 1162  
        __size_of_strchr 0034          __size_of_strlen 0042             __size_of_ISR 00F0  
        __size_of_strstr 0088                  _init_io 1162                  _reading 002C  
                _isrcall 0026                  _strncmp 1050     end_of_initialization 1288  
      __end_of_uart_xmit 1298                  postinc0 000FEE                  strlen@s 0010  
              _PORTCbits 000F82         __CFG_CPUDIV$OSC1 000000                _TRISAbits 000F92  
              _TRISBbits 000F93                _TRISCbits 000F94                _TRISDbits 000F95  
              _TRISEbits 000F96     uart_xmit@mydata_byte 0010           __end_of_strchr 123E  
         __end_of_strlen 120A           __end_of_strstr 1162      start_initialization 1270  
            __end_of_ISR 00F8                 ??_strchr 0014                 ??_strlen 0012  
               ??_strstr 0023              __pbssCOMRAM 0024      __end_of__stringdata 0F07  
              __pintcode 0008              __smallconst 0F00                 ?_init_io 0001  
               ?_strncmp 0016                 _LATAbits 000F89                 _LATBbits 000F8A  
               _LATCbits 000F8B                 _PIE3bits 000FA3            ??_serial_init 0012  
               _PIR3bits 000FA4                 _RCONbits 000FD0                _uart_data 0030  
              _uart_xmit 128E              __stringdata 0F01                 __Hrparam 0000  
               __Lrparam 0000               ?_uart_xmit 0010      __end_of_serial_init 1270  
       __size_of_init_io 0066         __size_of_strncmp 008A            __size_of_main 0148  
             strncmp@len 001A               _INTCONbits 000FF2                 intlevel2 0000  
              strchr@chr 0012                strchr@ptr 0010               _RCSTA2bits 000F9C  
              strncmp@s1 0016                strncmp@s2 0018               _OSCCONbits 000FD3  
            _serial_init 123E              ??_uart_xmit 0012               _PPSCONbits 000EBF  
               strlen@cp 0014                 strstr@s1 001F                 strstr@s2 0021  
