

Microchip Technology PIC18 LITE Macro Assembler V1.30 build 55553 
                                                                                               Sat Feb 22 16:42:06 2014

Microchip Technology Omniscient Code Generator (Lite mode) build 55553
     1                           	processor	18F14K22
     2                           	fnconf	rparam,??,?,0
     3                           	opt	pw 120
     4                           	opt	lm
     5                           	psect	intcode,global,reloc=2,class=CODE,delta=1
     6                           	psect	cinit,global,reloc=2,class=CODE,delta=1
     7                           	psect	bssCOMRAM,global,class=COMRAM,space=1,delta=1
     8                           	psect	cstackCOMRAM,global,class=COMRAM,space=1,delta=1
     9                           	psect	text0,global,reloc=2,class=CODE,delta=1
    10                           	psect	text1,global,reloc=2,class=CODE,delta=1
    11                           	psect	text2,global,reloc=2,class=CODE,delta=1
    12                           	psect	text3,global,reloc=2,class=CODE,delta=1
    13                           	psect	text4,global,reloc=2,class=CODE,delta=1
    14                           	psect	text5,global,reloc=2,class=CODE,delta=1
    15                           	psect	intsave_regs,global,class=BIGRAM,space=1,delta=1
    16                           	psect	rparam,global,class=COMRAM,space=1,delta=1
    17  0000                     _ANSEL	set	3966
    18  0000                     _ANSELH	set	3967
    19  0000                     _INTCONbits	set	4082
    20  0000                     _LATAbits	set	3977
    21  0000                     _LATC	set	3979
    22  0000                     _OSCCONbits	set	4051
    23  0000                     _PIE1bits	set	3997
    24  0000                     _PIR1bits	set	3998
    25  0000                     _RCREG	set	4014
    26  0000                     _RCSTAbits	set	4011
    27  0000                     _SPBRG	set	4015
    28  0000                     _TRISAbits	set	3986
    29  0000                     _TRISBbits	set	3987
    30  0000                     _TRISCbits	set	3988
    31  0000                     _TXREG	set	4013
    32  0000                     _TXSTAbits	set	4012
    33                           
    34 ;; *************** function _ISR *****************
    35 ;; Defined at:
    36 ;;		line 51 in file "main.c"
    37 ;; Parameters:    Size  Location     Type
    38 ;;		None
    39 ;; Auto vars:     Size  Location     Type
    40 ;;		None
    41 ;; Return value:  Size  Location     Type
    42 ;;		None               void
    43 ;; Registers used:
    44 ;;		None
    45 ;; Tracked objects:
    46 ;;		On entry : 0/0
    47 ;;		On exit  : 0/0
    48 ;;		Unchanged: 0/0
    49 ;; Data sizes:     COMRAM   BANK0   BANK1
    50 ;;      Params:         0       0       0
    51 ;;      Locals:         0       0       0
    52 ;;      Temps:         14       0       0
    53 ;;      Totals:        14       0       0
    54 ;;Total ram usage:       14 bytes
    55 ;; Hardware stack levels used:    1
    56 ;; This function calls:
    57 ;;		Nothing
    58 ;; This function is called by:
    59 ;;		Interrupt level 2
    60 ;; This function uses a non-reentrant model
    61 ;;
    62                           
    63                           	psect	intcode
    64  000008                     __pintcode:
    65                           	opt stack 0
    66                           
    67                           ; #config settings
    68  000008                     _ISR:
    69                           	opt stack 29
    70                           
    71                           ;incstack = 0
    72  000008  CFFA F001          	movff	pclath,??_ISR
    73  00000C  CFFB F002          	movff	pclatu,??_ISR+1
    74  000010  CFE9 F003          	movff	fsr0l,??_ISR+2
    75  000014  CFEA F004          	movff	fsr0h,??_ISR+3
    76  000018  CFE1 F005          	movff	fsr1l,??_ISR+4
    77  00001C  CFE2 F006          	movff	fsr1h,??_ISR+5
    78  000020  CFD9 F007          	movff	fsr2l,??_ISR+6
    79  000024  CFDA F008          	movff	fsr2h,??_ISR+7
    80  000028  CFF3 F009          	movff	prodl,??_ISR+8
    81  00002C  CFF4 F00A          	movff	prodh,??_ISR+9
    82  000030  CFF6 F00B          	movff	tblptrl,??_ISR+10
    83  000034  CFF7 F00C          	movff	tblptrh,??_ISR+11
    84  000038  CFF8 F00D          	movff	tblptru,??_ISR+12
    85  00003C  CFF5 F00E          	movff	tablat,??_ISR+13
    86                           
    87                           ;main.c: 53: if (PIR1bits.RCIF)
    88  000040  AA9E               	btfss	3998,5,c	;volatile
    89  000042  D004               	goto	i2l52
    90                           
    91                           ;main.c: 54: {
    92                           ;main.c: 55: uart_data = RCREG;
    93  000044  CFAE F013          	movff	4014,_uart_data	;volatile
    94  000048  6A14               	clrf	_uart_data+1,c	;volatile
    95                           
    96                           ;main.c: 56: PIR1bits.RCIF = 0;
    97  00004A  9A9E               	bcf	3998,5,c	;volatile
    98  00004C                     i2l52:
    99  00004C  C00E  FFF5         	movff	??_ISR+13,tablat
   100  000050  C00D  FFF8         	movff	??_ISR+12,tblptru
   101  000054  C00C  FFF7         	movff	??_ISR+11,tblptrh
   102  000058  C00B  FFF6         	movff	??_ISR+10,tblptrl
   103  00005C  C00A  FFF4         	movff	??_ISR+9,prodh
   104  000060  C009  FFF3         	movff	??_ISR+8,prodl
   105  000064  C008  FFDA         	movff	??_ISR+7,fsr2h
   106  000068  C007  FFD9         	movff	??_ISR+6,fsr2l
   107  00006C  C006  FFE2         	movff	??_ISR+5,fsr1h
   108  000070  C005  FFE1         	movff	??_ISR+4,fsr1l
   109  000074  C004  FFEA         	movff	??_ISR+3,fsr0h
   110  000078  C003  FFE9         	movff	??_ISR+2,fsr0l
   111  00007C  C002  FFFB         	movff	??_ISR+1,pclatu
   112  000080  C001  FFFA         	movff	??_ISR,pclath
   113  000084  0011               	retfie		f
   114  000086                     __end_of_ISR:
   115                           	opt stack 0
   116  0000                     pclatu	equ	0xFFB
   117                           pclath	equ	0xFFA
   118                           tblptru	equ	0xFF8
   119                           tblptrh	equ	0xFF7
   120                           tblptrl	equ	0xFF6
   121                           tablat	equ	0xFF5
   122                           prodh	equ	0xFF4
   123                           prodl	equ	0xFF3
   124                           fsr0h	equ	0xFEA
   125                           fsr0l	equ	0xFE9
   126                           fsr1h	equ	0xFE2
   127                           fsr1l	equ	0xFE1
   128                           fsr2h	equ	0xFDA
   129                           fsr2l	equ	0xFD9
   130                           
   131                           	psect	cinit
   132  000228                     __pcinit:
   133                           	opt stack 0
   134  000228                     start_initialization:
   135                           	opt stack 0
   136  000228                     __initialization:
   137                           	opt stack 0
   138                           
   139                           ; Clear objects allocated to COMRAM (14 bytes)
   140  000228  EE00  F011         	lfsr	0,__pbssCOMRAM
   141  00022C  0E0E               	movlw	14
   142  00022E                     clear_0:
   143  00022E  6AEE               	clrf	postinc0,c
   144  000230  06E8               	decf	wreg,f,c
   145  000232  E1FD               	bnz	clear_0
   146  000234                     end_of_initialization:
   147                           	opt stack 0
   148  000234                     __end_of__initialization:
   149                           	opt stack 0
   150  000234  0100               	movlb	0
   151  000236  EF45  F000         	goto	_main	;jump to C main() function
   152                           pclatu	equ	0xFFB
   153                           pclath	equ	0xFFA
   154                           tblptru	equ	0xFF8
   155                           tblptrh	equ	0xFF7
   156                           tblptrl	equ	0xFF6
   157                           tablat	equ	0xFF5
   158                           prodh	equ	0xFF4
   159                           prodl	equ	0xFF3
   160                           postinc0	equ	0xFEE
   161                           fsr0h	equ	0xFEA
   162                           fsr0l	equ	0xFE9
   163                           wreg	equ	0xFE8
   164                           fsr1h	equ	0xFE2
   165                           fsr1l	equ	0xFE1
   166                           fsr2h	equ	0xFDA
   167                           fsr2l	equ	0xFD9
   168                           
   169                           	psect	bssCOMRAM
   170  000011                     __pbssCOMRAM:
   171                           	opt stack 0
   172  000011                     _i:
   173                           	opt stack 0
   174  000011                     	ds	2
   175  000013                     _uart_data:
   176                           	opt stack 0
   177  000013                     	ds	2
   178  000015                     _w0:
   179                           	opt stack 0
   180  000015                     	ds	2
   181  000017                     _w1:
   182                           	opt stack 0
   183  000017                     	ds	2
   184  000019                     _w2:
   185                           	opt stack 0
   186  000019                     	ds	2
   187  00001B                     _w3:
   188                           	opt stack 0
   189  00001B                     	ds	2
   190  00001D                     _w4:
   191                           	opt stack 0
   192  00001D                     	ds	2
   193                           pclatu	equ	0xFFB
   194                           pclath	equ	0xFFA
   195                           tblptru	equ	0xFF8
   196                           tblptrh	equ	0xFF7
   197                           tblptrl	equ	0xFF6
   198                           tablat	equ	0xFF5
   199                           prodh	equ	0xFF4
   200                           prodl	equ	0xFF3
   201                           postinc0	equ	0xFEE
   202                           fsr0h	equ	0xFEA
   203                           fsr0l	equ	0xFE9
   204                           wreg	equ	0xFE8
   205                           fsr1h	equ	0xFE2
   206                           fsr1l	equ	0xFE1
   207                           fsr2h	equ	0xFDA
   208                           fsr2l	equ	0xFD9
   209                           
   210                           	psect	cstackCOMRAM
   211  000001                     __pcstackCOMRAM:
   212                           	opt stack 0
   213  000001                     ??_ISR:
   214  000001                     
   215                           ; 2 bytes @ 0x0
   216  000001                     	ds	14
   217  00000F                     ??_serial_init:
   218  00000F                     
   219                           ; 0 bytes @ 0xE
   220  00000F                     	ds	1
   221  000010                     ??_main:
   222                           
   223                           ; 0 bytes @ 0xF
   224  000010                     	ds	1
   225                           pclatu	equ	0xFFB
   226                           pclath	equ	0xFFA
   227                           tblptru	equ	0xFF8
   228                           tblptrh	equ	0xFF7
   229                           tblptrl	equ	0xFF6
   230                           tablat	equ	0xFF5
   231                           prodh	equ	0xFF4
   232                           prodl	equ	0xFF3
   233                           postinc0	equ	0xFEE
   234                           fsr0h	equ	0xFEA
   235                           fsr0l	equ	0xFE9
   236                           wreg	equ	0xFE8
   237                           fsr1h	equ	0xFE2
   238                           fsr1l	equ	0xFE1
   239                           fsr2h	equ	0xFDA
   240                           fsr2l	equ	0xFD9
   241                           
   242 ;;
   243 ;;Main: autosize = 0, tempsize = 1, incstack = 0, save=0
   244 ;;
   245 ;; *************** function _main *****************
   246 ;; Defined at:
   247 ;;		line 156 in file "main.c"
   248 ;; Parameters:    Size  Location     Type
   249 ;;		None
   250 ;; Auto vars:     Size  Location     Type
   251 ;;		None
   252 ;; Return value:  Size  Location     Type
   253 ;;                  2   75[COMRAM] int 
   254 ;; Registers used:
   255 ;;		wreg, status,2, status,0, cstack
   256 ;; Tracked objects:
   257 ;;		On entry : 0/0
   258 ;;		On exit  : 0/0
   259 ;;		Unchanged: 0/0
   260 ;; Data sizes:     COMRAM   BANK0   BANK1
   261 ;;      Params:         0       0       0
   262 ;;      Locals:         0       0       0
   263 ;;      Temps:          1       0       0
   264 ;;      Totals:         1       0       0
   265 ;;Total ram usage:        1 bytes
   266 ;; Hardware stack levels required when called:    2
   267 ;; This function calls:
   268 ;;		_FQ_UD
   269 ;;		_RST
   270 ;;		_WCLK
   271 ;;		_init_io
   272 ;;		_serial_init
   273 ;; This function is called by:
   274 ;;		Startup code after reset
   275 ;; This function uses a non-reentrant model
   276 ;;
   277                           
   278                           	psect	text0
   279  00008A                     __ptext0:
   280                           	opt stack 0
   281  00008A                     _main:
   282                           	opt stack 29
   283                           
   284                           ;main.c: 158: init_io();
   285                           
   286                           ;incstack = 0
   287  00008A  ECC6  F000         	call	_init_io	;wreg free
   288                           
   289                           ;main.c: 161: OSCCONbits.IRCF = 0x05;
   290  00008E  50D3               	movf	4051,w,c	;volatile
   291  000090  0B8F               	andlw	-113
   292  000092  0950               	iorlw	80
   293  000094  6ED3               	movwf	4051,c	;volatile
   294                           
   295                           ;main.c: 162: OSCCONbits.SCS = 0x02;
   296  000096  50D3               	movf	4051,w,c	;volatile
   297  000098  0BFC               	andlw	-4
   298  00009A  0902               	iorlw	2
   299  00009C  6ED3               	movwf	4051,c	;volatile
   300                           
   301                           ;main.c: 164: serial_init();
   302  00009E  ECDE  F000         	call	_serial_init	;wreg free
   303                           
   304                           ;main.c: 165: _delay((unsigned long)((10)*(4000000/4000.0)));
   305  0000A2  0E0D               	movlw	13
   306  0000A4  6E10               	movwf	??_main& (0+255),c
   307  0000A6  0EFC               	movlw	252
   308  0000A8                     u37:
   309  0000A8  2EE8               	decfsz	wreg,f,c
   310  0000AA  D7FE               	goto	u37
   311  0000AC  2E10               	decfsz	??_main& (0+255),f,c
   312  0000AE  D7FC               	goto	u37
   313                           
   314                           ;main.c: 167: RST();
   315  0000B0  ECFE  F000         	call	_RST	;wreg free
   316                           
   317                           ;main.c: 169: LATC = 0x00;
   318  0000B4  0E00               	movlw	0
   319  0000B6  6E8B               	movwf	3979,c	;volatile
   320                           
   321                           ;main.c: 170: WCLK();
   322  0000B8  ECF3  F000         	call	_WCLK	;wreg free
   323                           
   324                           ;main.c: 171: _delay((unsigned long)((5)*(4000000/4000000.0)));
   325  0000BC  F000               	nop	
   326  0000BE  D000               	nop2		;2 cycle nop
   327  0000C0  D000               	nop2		;2 cycle nop
   328                           
   329                           ;main.c: 172: FQ_UD();
   330  0000C2  EC09  F001         	call	_FQ_UD	;wreg free
   331                           
   332                           ;main.c: 174: _delay((unsigned long)((100)*(4000000/4000.0)));
   333  0000C6  0E82               	movlw	130
   334  0000C8  6E10               	movwf	??_main& (0+255),c
   335  0000CA  0EDE               	movlw	222
   336  0000CC                     u47:
   337  0000CC  2EE8               	decfsz	wreg,f,c
   338  0000CE  D7FE               	goto	u47
   339  0000D0  2E10               	decfsz	??_main& (0+255),f,c
   340  0000D2  D7FC               	goto	u47
   341                           
   342                           ;main.c: 183: LATAbits.LATA2=1;
   343  0000D4  8489               	bsf	3977,2,c	;volatile
   344                           
   345                           ;main.c: 185: w0 = 0xA0;
   346  0000D6  0E00               	movlw	0
   347  0000D8  6E16               	movwf	_w0+1,c
   348  0000DA  0EA0               	movlw	160
   349  0000DC  6E15               	movwf	_w0,c
   350                           
   351                           ;main.c: 186: w1 = 0x1D;
   352  0000DE  0E00               	movlw	0
   353  0000E0  6E18               	movwf	_w1+1,c
   354  0000E2  0E1D               	movlw	29
   355  0000E4  6E17               	movwf	_w1,c
   356                           
   357                           ;main.c: 187: w2 = 0xFF;
   358  0000E6  0E00               	movlw	0
   359  0000E8  6E1A               	movwf	_w2+1,c
   360  0000EA  0EFF               	movlw	255
   361  0000EC  6E19               	movwf	_w2,c
   362                           
   363                           ;main.c: 188: w3 = 0xFF;
   364  0000EE  0E00               	movlw	0
   365  0000F0  6E1C               	movwf	_w3+1,c
   366  0000F2  0EFF               	movlw	255
   367  0000F4  6E1B               	movwf	_w3,c
   368                           
   369                           ;main.c: 189: w4 = 0xF0;
   370  0000F6  0E00               	movlw	0
   371  0000F8  6E1E               	movwf	_w4+1,c
   372  0000FA  0EF0               	movlw	240
   373  0000FC  6E1D               	movwf	_w4,c
   374                           
   375                           ;main.c: 191: LATC = w0;
   376  0000FE  C015  FF8B         	movff	_w0,3979	;volatile
   377                           
   378                           ;main.c: 192: _delay((unsigned long)((1)*(4000000/4000000.0)));
   379  000102  F000               	nop	
   380                           
   381                           ;main.c: 193: WCLK();
   382  000104  ECF3  F000         	call	_WCLK	;wreg free
   383                           
   384                           ;main.c: 194: _delay((unsigned long)((5)*(4000000/4000000.0)));
   385  000108  F000               	nop	
   386  00010A  D000               	nop2		;2 cycle nop
   387  00010C  D000               	nop2		;2 cycle nop
   388                           
   389                           ;main.c: 195: LATC = w1;
   390  00010E  C017  FF8B         	movff	_w1,3979	;volatile
   391                           
   392                           ;main.c: 196: _delay((unsigned long)((1)*(4000000/4000000.0)));
   393  000112  F000               	nop	
   394                           
   395                           ;main.c: 197: WCLK();
   396  000114  ECF3  F000         	call	_WCLK	;wreg free
   397                           
   398                           ;main.c: 198: _delay((unsigned long)((5)*(4000000/4000000.0)));
   399  000118  F000               	nop	
   400  00011A  D000               	nop2		;2 cycle nop
   401  00011C  D000               	nop2		;2 cycle nop
   402                           
   403                           ;main.c: 199: LATC = w2;
   404  00011E  C019  FF8B         	movff	_w2,3979	;volatile
   405                           
   406                           ;main.c: 200: _delay((unsigned long)((1)*(4000000/4000000.0)));
   407  000122  F000               	nop	
   408                           
   409                           ;main.c: 201: WCLK();
   410  000124  ECF3  F000         	call	_WCLK	;wreg free
   411                           
   412                           ;main.c: 202: _delay((unsigned long)((5)*(4000000/4000000.0)));
   413  000128  F000               	nop	
   414  00012A  D000               	nop2		;2 cycle nop
   415  00012C  D000               	nop2		;2 cycle nop
   416                           
   417                           ;main.c: 203: LATC = w3;
   418  00012E  C01B  FF8B         	movff	_w3,3979	;volatile
   419                           
   420                           ;main.c: 204: _delay((unsigned long)((1)*(4000000/4000000.0)));
   421  000132  F000               	nop	
   422                           
   423                           ;main.c: 205: WCLK();
   424  000134  ECF3  F000         	call	_WCLK	;wreg free
   425                           
   426                           ;main.c: 206: _delay((unsigned long)((5)*(4000000/4000000.0)));
   427  000138  F000               	nop	
   428  00013A  D000               	nop2		;2 cycle nop
   429  00013C  D000               	nop2		;2 cycle nop
   430                           
   431                           ;main.c: 207: LATC = w4;
   432  00013E  C01D  FF8B         	movff	_w4,3979	;volatile
   433                           
   434                           ;main.c: 208: _delay((unsigned long)((1)*(4000000/4000000.0)));
   435  000142  F000               	nop	
   436                           
   437                           ;main.c: 209: WCLK();
   438  000144  ECF3  F000         	call	_WCLK	;wreg free
   439                           
   440                           ;main.c: 210: _delay((unsigned long)((5)*(4000000/4000000.0)));
   441  000148  F000               	nop	
   442  00014A  D000               	nop2		;2 cycle nop
   443  00014C  D000               	nop2		;2 cycle nop
   444                           
   445                           ;main.c: 211: FQ_UD();
   446  00014E  EC09  F001         	call	_FQ_UD	;wreg free
   447                           
   448                           ;main.c: 213: LATAbits.LATA2=0;
   449  000152  9489               	bcf	3977,2,c	;volatile
   450                           
   451                           ;main.c: 215: _delay((unsigned long)((149)*(4000000/4000.0)));
   452  000154  0EC2               	movlw	194
   453  000156  6E10               	movwf	??_main& (0+255),c
   454  000158  0E80               	movlw	128
   455  00015A                     u57:
   456  00015A  2EE8               	decfsz	wreg,f,c
   457  00015C  D7FE               	goto	u57
   458  00015E  2E10               	decfsz	??_main& (0+255),f,c
   459  000160  D7FC               	goto	u57
   460  000162  D000               	nop2	
   461                           
   462                           ;main.c: 219: i++;
   463                           
   464                           ;main.c: 217: while (1) {
   465  000164  4A11               	infsnz	_i,f,c
   466  000166  2A12               	incf	_i+1,f,c
   467                           
   468                           ;main.c: 220: LATAbits.LATA2 = 1;
   469  000168  8489               	bsf	3977,2,c	;volatile
   470                           
   471                           ;main.c: 221: _delay((unsigned long)((149)*(4000000/4000.0)));
   472  00016A  0EC2               	movlw	194
   473  00016C  6E10               	movwf	??_main& (0+255),c
   474  00016E  0E80               	movlw	128
   475  000170                     u67:
   476  000170  2EE8               	decfsz	wreg,f,c
   477  000172  D7FE               	goto	u67
   478  000174  2E10               	decfsz	??_main& (0+255),f,c
   479  000176  D7FC               	goto	u67
   480  000178  D000               	nop2	
   481                           
   482                           ;main.c: 222: LATAbits.LATA2 = 0;
   483  00017A  9489               	bcf	3977,2,c	;volatile
   484                           
   485                           ;main.c: 223: _delay((unsigned long)((149)*(4000000/4000.0)));
   486  00017C  0EC2               	movlw	194
   487  00017E  6E10               	movwf	??_main& (0+255),c
   488  000180  0E80               	movlw	128
   489  000182                     u77:
   490  000182  2EE8               	decfsz	wreg,f,c
   491  000184  D7FE               	goto	u77
   492  000186  2E10               	decfsz	??_main& (0+255),f,c
   493  000188  D7FC               	goto	u77
   494  00018A  D7EB               	goto	L1
   495  00018C                     __end_of_main:
   496                           	opt stack 0
   497                           pclatu	equ	0xFFB
   498                           pclath	equ	0xFFA
   499                           tblptru	equ	0xFF8
   500                           tblptrh	equ	0xFF7
   501                           tblptrl	equ	0xFF6
   502                           tablat	equ	0xFF5
   503                           prodh	equ	0xFF4
   504                           prodl	equ	0xFF3
   505                           postinc0	equ	0xFEE
   506                           fsr0h	equ	0xFEA
   507                           fsr0l	equ	0xFE9
   508                           wreg	equ	0xFE8
   509                           fsr1h	equ	0xFE2
   510                           fsr1l	equ	0xFE1
   511                           fsr2h	equ	0xFDA
   512                           fsr2l	equ	0xFD9
   513                           
   514 ;; *************** function _serial_init *****************
   515 ;; Defined at:
   516 ;;		line 68 in file "main.c"
   517 ;; Parameters:    Size  Location     Type
   518 ;;		None
   519 ;; Auto vars:     Size  Location     Type
   520 ;;		None
   521 ;; Return value:  Size  Location     Type
   522 ;;		None               void
   523 ;; Registers used:
   524 ;;		wreg, status,2
   525 ;; Tracked objects:
   526 ;;		On entry : 0/0
   527 ;;		On exit  : 0/0
   528 ;;		Unchanged: 0/0
   529 ;; Data sizes:     COMRAM   BANK0   BANK1
   530 ;;      Params:         0       0       0
   531 ;;      Locals:         0       0       0
   532 ;;      Temps:          1       0       0
   533 ;;      Totals:         1       0       0
   534 ;;Total ram usage:        1 bytes
   535 ;; Hardware stack levels used:    1
   536 ;; Hardware stack levels required when called:    1
   537 ;; This function calls:
   538 ;;		Nothing
   539 ;; This function is called by:
   540 ;;		_main
   541 ;; This function uses a non-reentrant model
   542 ;;
   543                           
   544                           	psect	text1
   545  0001BC                     __ptext1:
   546                           	opt stack 0
   547  0001BC                     _serial_init:
   548                           	opt stack 29
   549                           
   550                           ;main.c: 78: TXSTAbits.BRGH=1;
   551                           
   552                           ;incstack = 0
   553  0001BC  84AC               	bsf	4012,2,c	;volatile
   554                           
   555                           ;main.c: 79: TXSTAbits.TX9=0;
   556  0001BE  9CAC               	bcf	4012,6,c	;volatile
   557                           
   558                           ;main.c: 80: TXSTAbits.TXEN = 1;
   559  0001C0  8AAC               	bsf	4012,5,c	;volatile
   560                           
   561                           ;main.c: 83: RCSTAbits.SPEN=1;
   562  0001C2  8EAB               	bsf	4011,7,c	;volatile
   563                           
   564                           ;main.c: 84: RCSTAbits.RX9=0;
   565  0001C4  9CAB               	bcf	4011,6,c	;volatile
   566                           
   567                           ;main.c: 85: RCSTAbits.CREN=1;
   568  0001C6  88AB               	bsf	4011,4,c	;volatile
   569                           
   570                           ;main.c: 90: SPBRG=25;
   571  0001C8  0E19               	movlw	25
   572  0001CA  6EAF               	movwf	4015,c	;volatile
   573                           
   574                           ;main.c: 92: PIR1bits.RCIF=0;
   575  0001CC  9A9E               	bcf	3998,5,c	;volatile
   576                           
   577                           ;main.c: 93: PIE1bits.RCIE=1;
   578  0001CE  8A9D               	bsf	3997,5,c	;volatile
   579                           
   580                           ;main.c: 94: INTCONbits.PEIE = 1;
   581  0001D0  8CF2               	bsf	intcon,6,c	;volatile
   582                           
   583                           ;main.c: 95: INTCONbits.GIE = 1;
   584  0001D2  8EF2               	bsf	intcon,7,c	;volatile
   585                           
   586                           ;main.c: 97: _delay((unsigned long)((50)*(4000000/4000.0)));
   587  0001D4  0E41               	movlw	65
   588  0001D6  6E0F               	movwf	??_serial_init& (0+255),c
   589  0001D8  0EEE               	movlw	238
   590  0001DA                     u87:
   591  0001DA  2EE8               	decfsz	wreg,f,c
   592  0001DC  D7FE               	goto	u87
   593  0001DE  2E0F               	decfsz	??_serial_init& (0+255),f,c
   594  0001E0  D7FC               	goto	u87
   595  0001E2  D000               	nop2	
   596  0001E4  0012               	return	
   597  0001E6                     __end_of_serial_init:
   598                           	opt stack 0
   599                           pclatu	equ	0xFFB
   600                           pclath	equ	0xFFA
   601                           tblptru	equ	0xFF8
   602                           tblptrh	equ	0xFF7
   603                           tblptrl	equ	0xFF6
   604                           tablat	equ	0xFF5
   605                           prodh	equ	0xFF4
   606                           prodl	equ	0xFF3
   607                           intcon	equ	0xFF2
   608                           postinc0	equ	0xFEE
   609                           fsr0h	equ	0xFEA
   610                           fsr0l	equ	0xFE9
   611                           wreg	equ	0xFE8
   612                           fsr1h	equ	0xFE2
   613                           fsr1l	equ	0xFE1
   614                           fsr2h	equ	0xFDA
   615                           fsr2l	equ	0xFD9
   616                           
   617 ;; *************** function _init_io *****************
   618 ;; Defined at:
   619 ;;		line 104 in file "main.c"
   620 ;; Parameters:    Size  Location     Type
   621 ;;		None
   622 ;; Auto vars:     Size  Location     Type
   623 ;;		None
   624 ;; Return value:  Size  Location     Type
   625 ;;		None               void
   626 ;; Registers used:
   627 ;;		wreg, status,2
   628 ;; Tracked objects:
   629 ;;		On entry : 0/0
   630 ;;		On exit  : 0/0
   631 ;;		Unchanged: 0/0
   632 ;; Data sizes:     COMRAM   BANK0   BANK1
   633 ;;      Params:         0       0       0
   634 ;;      Locals:         0       0       0
   635 ;;      Temps:          0       0       0
   636 ;;      Totals:         0       0       0
   637 ;;Total ram usage:        0 bytes
   638 ;; Hardware stack levels used:    1
   639 ;; Hardware stack levels required when called:    1
   640 ;; This function calls:
   641 ;;		Nothing
   642 ;; This function is called by:
   643 ;;		_main
   644 ;; This function uses a non-reentrant model
   645 ;;
   646                           
   647                           	psect	text2
   648  00018C                     __ptext2:
   649                           	opt stack 0
   650  00018C                     _init_io:
   651                           	opt stack 29
   652                           
   653                           ;main.c: 105: TRISAbits.TRISA0 = 0;
   654                           
   655                           ;incstack = 0
   656  00018C  9092               	bcf	3986,0,c	;volatile
   657                           
   658                           ;main.c: 106: TRISAbits.TRISA1 = 0;
   659  00018E  9292               	bcf	3986,1,c	;volatile
   660                           
   661                           ;main.c: 107: TRISAbits.TRISA2 = 0;
   662  000190  9492               	bcf	3986,2,c	;volatile
   663                           
   664                           ;main.c: 108: TRISAbits.TRISA4 = 0;
   665  000192  9892               	bcf	3986,4,c	;volatile
   666                           
   667                           ;main.c: 109: TRISAbits.TRISA5 = 0;
   668  000194  9A92               	bcf	3986,5,c	;volatile
   669                           
   670                           ;main.c: 111: ANSEL = 0x00;
   671  000196  0E00               	movlw	0
   672  000198  6E7E               	movwf	3966,c	;volatile
   673                           
   674                           ;main.c: 112: ANSELH = 0x00;
   675  00019A  0E00               	movlw	0
   676  00019C  6E7F               	movwf	3967,c	;volatile
   677                           
   678                           ;main.c: 114: TRISBbits.TRISB4 = 0;
   679  00019E  9893               	bcf	3987,4,c	;volatile
   680                           
   681                           ;main.c: 115: TRISBbits.TRISB5 = 1;
   682  0001A0  8A93               	bsf	3987,5,c	;volatile
   683                           
   684                           ;main.c: 116: TRISBbits.TRISB6 = 0;
   685  0001A2  9C93               	bcf	3987,6,c	;volatile
   686                           
   687                           ;main.c: 117: TRISBbits.TRISB7 = 0;
   688  0001A4  9E93               	bcf	3987,7,c	;volatile
   689                           
   690                           ;main.c: 119: TRISCbits.TRISC0 = 0;
   691  0001A6  9094               	bcf	3988,0,c	;volatile
   692                           
   693                           ;main.c: 120: TRISCbits.TRISC1 = 0;
   694  0001A8  9294               	bcf	3988,1,c	;volatile
   695                           
   696                           ;main.c: 121: TRISCbits.TRISC2 = 0;
   697  0001AA  9494               	bcf	3988,2,c	;volatile
   698                           
   699                           ;main.c: 122: TRISCbits.TRISC3 = 0;
   700  0001AC  9694               	bcf	3988,3,c	;volatile
   701                           
   702                           ;main.c: 123: TRISCbits.TRISC4 = 0;
   703  0001AE  9894               	bcf	3988,4,c	;volatile
   704                           
   705                           ;main.c: 124: TRISCbits.TRISC5 = 0;
   706  0001B0  9A94               	bcf	3988,5,c	;volatile
   707                           
   708                           ;main.c: 125: TRISCbits.TRISC6 = 0;
   709  0001B2  9C94               	bcf	3988,6,c	;volatile
   710                           
   711                           ;main.c: 126: TRISCbits.TRISC7 = 0;
   712  0001B4  9E94               	bcf	3988,7,c	;volatile
   713                           
   714                           ;main.c: 128: LATC=0x00;
   715  0001B6  0E00               	movlw	0
   716  0001B8  6E8B               	movwf	3979,c	;volatile
   717  0001BA  0012               	return	
   718  0001BC                     __end_of_init_io:
   719                           	opt stack 0
   720                           pclatu	equ	0xFFB
   721                           pclath	equ	0xFFA
   722                           tblptru	equ	0xFF8
   723                           tblptrh	equ	0xFF7
   724                           tblptrl	equ	0xFF6
   725                           tablat	equ	0xFF5
   726                           prodh	equ	0xFF4
   727                           prodl	equ	0xFF3
   728                           intcon	equ	0xFF2
   729                           postinc0	equ	0xFEE
   730                           fsr0h	equ	0xFEA
   731                           fsr0l	equ	0xFE9
   732                           wreg	equ	0xFE8
   733                           fsr1h	equ	0xFE2
   734                           fsr1l	equ	0xFE1
   735                           fsr2h	equ	0xFDA
   736                           fsr2l	equ	0xFD9
   737                           
   738 ;; *************** function _WCLK *****************
   739 ;; Defined at:
   740 ;;		line 140 in file "main.c"
   741 ;; Parameters:    Size  Location     Type
   742 ;;		None
   743 ;; Auto vars:     Size  Location     Type
   744 ;;		None
   745 ;; Return value:  Size  Location     Type
   746 ;;		None               void
   747 ;; Registers used:
   748 ;;		wreg
   749 ;; Tracked objects:
   750 ;;		On entry : 0/0
   751 ;;		On exit  : 0/0
   752 ;;		Unchanged: 0/0
   753 ;; Data sizes:     COMRAM   BANK0   BANK1
   754 ;;      Params:         0       0       0
   755 ;;      Locals:         0       0       0
   756 ;;      Temps:          0       0       0
   757 ;;      Totals:         0       0       0
   758 ;;Total ram usage:        0 bytes
   759 ;; Hardware stack levels used:    1
   760 ;; Hardware stack levels required when called:    1
   761 ;; This function calls:
   762 ;;		Nothing
   763 ;; This function is called by:
   764 ;;		_main
   765 ;; This function uses a non-reentrant model
   766 ;;
   767                           
   768                           	psect	text3
   769  0001E6                     __ptext3:
   770                           	opt stack 0
   771  0001E6                     _WCLK:
   772                           	opt stack 29
   773                           
   774                           ;main.c: 142: LATAbits.LATA0 = 1;
   775                           
   776                           ;incstack = 0
   777  0001E6  8089               	bsf	3977,0,c	;volatile
   778                           
   779                           ;main.c: 143: _delay((unsigned long)((10)*(4000000/4000000.0)));
   780  0001E8  0E03               	movlw	3
   781  0001EA                     u97:
   782  0001EA  2EE8               	decfsz	wreg,f,c
   783  0001EC  D7FE               	goto	u97
   784  0001EE  F000               	nop	
   785                           
   786                           ;main.c: 144: LATAbits.LATA0 = 0;
   787  0001F0  9089               	bcf	3977,0,c	;volatile
   788                           
   789                           ;main.c: 145: _delay((unsigned long)((10)*(4000000/4000000.0)));
   790  0001F2  0E03               	movlw	3
   791  0001F4                     u107:
   792  0001F4  2EE8               	decfsz	wreg,f,c
   793  0001F6  D7FE               	goto	u107
   794  0001F8  F000               	nop	
   795  0001FA  0012               	return	
   796  0001FC                     __end_of_WCLK:
   797                           	opt stack 0
   798                           pclatu	equ	0xFFB
   799                           pclath	equ	0xFFA
   800                           tblptru	equ	0xFF8
   801                           tblptrh	equ	0xFF7
   802                           tblptrl	equ	0xFF6
   803                           tablat	equ	0xFF5
   804                           prodh	equ	0xFF4
   805                           prodl	equ	0xFF3
   806                           intcon	equ	0xFF2
   807                           postinc0	equ	0xFEE
   808                           fsr0h	equ	0xFEA
   809                           fsr0l	equ	0xFE9
   810                           wreg	equ	0xFE8
   811                           fsr1h	equ	0xFE2
   812                           fsr1l	equ	0xFE1
   813                           fsr2h	equ	0xFDA
   814                           fsr2l	equ	0xFD9
   815                           
   816 ;; *************** function _RST *****************
   817 ;; Defined at:
   818 ;;		line 132 in file "main.c"
   819 ;; Parameters:    Size  Location     Type
   820 ;;		None
   821 ;; Auto vars:     Size  Location     Type
   822 ;;		None
   823 ;; Return value:  Size  Location     Type
   824 ;;		None               void
   825 ;; Registers used:
   826 ;;		wreg
   827 ;; Tracked objects:
   828 ;;		On entry : 0/0
   829 ;;		On exit  : 0/0
   830 ;;		Unchanged: 0/0
   831 ;; Data sizes:     COMRAM   BANK0   BANK1
   832 ;;      Params:         0       0       0
   833 ;;      Locals:         0       0       0
   834 ;;      Temps:          0       0       0
   835 ;;      Totals:         0       0       0
   836 ;;Total ram usage:        0 bytes
   837 ;; Hardware stack levels used:    1
   838 ;; Hardware stack levels required when called:    1
   839 ;; This function calls:
   840 ;;		Nothing
   841 ;; This function is called by:
   842 ;;		_main
   843 ;; This function uses a non-reentrant model
   844 ;;
   845                           
   846                           	psect	text4
   847  0001FC                     __ptext4:
   848                           	opt stack 0
   849  0001FC                     _RST:
   850                           	opt stack 29
   851                           
   852                           ;main.c: 134: LATAbits.LATA4 = 1;
   853                           
   854                           ;incstack = 0
   855  0001FC  8889               	bsf	3977,4,c	;volatile
   856                           
   857                           ;main.c: 135: _delay((unsigned long)((10)*(4000000/4000000.0)));
   858  0001FE  0E03               	movlw	3
   859  000200                     u117:
   860  000200  2EE8               	decfsz	wreg,f,c
   861  000202  D7FE               	goto	u117
   862  000204  F000               	nop	
   863                           
   864                           ;main.c: 136: LATAbits.LATA4 = 0;
   865  000206  9889               	bcf	3977,4,c	;volatile
   866                           
   867                           ;main.c: 137: _delay((unsigned long)((10)*(4000000/4000000.0)));
   868  000208  0E03               	movlw	3
   869  00020A                     u127:
   870  00020A  2EE8               	decfsz	wreg,f,c
   871  00020C  D7FE               	goto	u127
   872  00020E  F000               	nop	
   873  000210  0012               	return	
   874  000212                     __end_of_RST:
   875                           	opt stack 0
   876                           pclatu	equ	0xFFB
   877                           pclath	equ	0xFFA
   878                           tblptru	equ	0xFF8
   879                           tblptrh	equ	0xFF7
   880                           tblptrl	equ	0xFF6
   881                           tablat	equ	0xFF5
   882                           prodh	equ	0xFF4
   883                           prodl	equ	0xFF3
   884                           intcon	equ	0xFF2
   885                           postinc0	equ	0xFEE
   886                           fsr0h	equ	0xFEA
   887                           fsr0l	equ	0xFE9
   888                           wreg	equ	0xFE8
   889                           fsr1h	equ	0xFE2
   890                           fsr1l	equ	0xFE1
   891                           fsr2h	equ	0xFDA
   892                           fsr2l	equ	0xFD9
   893                           
   894 ;; *************** function _FQ_UD *****************
   895 ;; Defined at:
   896 ;;		line 148 in file "main.c"
   897 ;; Parameters:    Size  Location     Type
   898 ;;		None
   899 ;; Auto vars:     Size  Location     Type
   900 ;;		None
   901 ;; Return value:  Size  Location     Type
   902 ;;		None               void
   903 ;; Registers used:
   904 ;;		wreg
   905 ;; Tracked objects:
   906 ;;		On entry : 0/0
   907 ;;		On exit  : 0/0
   908 ;;		Unchanged: 0/0
   909 ;; Data sizes:     COMRAM   BANK0   BANK1
   910 ;;      Params:         0       0       0
   911 ;;      Locals:         0       0       0
   912 ;;      Temps:          0       0       0
   913 ;;      Totals:         0       0       0
   914 ;;Total ram usage:        0 bytes
   915 ;; Hardware stack levels used:    1
   916 ;; Hardware stack levels required when called:    1
   917 ;; This function calls:
   918 ;;		Nothing
   919 ;; This function is called by:
   920 ;;		_main
   921 ;; This function uses a non-reentrant model
   922 ;;
   923                           
   924                           	psect	text5
   925  000212                     __ptext5:
   926                           	opt stack 0
   927  000212                     _FQ_UD:
   928                           	opt stack 29
   929                           
   930                           ;main.c: 150: LATAbits.LATA1 = 1;
   931                           
   932                           ;incstack = 0
   933  000212  8289               	bsf	3977,1,c	;volatile
   934                           
   935                           ;main.c: 151: _delay((unsigned long)((10)*(4000000/4000000.0)));
   936  000214  0E03               	movlw	3
   937  000216                     u137:
   938  000216  2EE8               	decfsz	wreg,f,c
   939  000218  D7FE               	goto	u137
   940  00021A  F000               	nop	
   941                           
   942                           ;main.c: 152: LATAbits.LATA1 = 0;
   943  00021C  9289               	bcf	3977,1,c	;volatile
   944                           
   945                           ;main.c: 153: _delay((unsigned long)((10)*(4000000/4000000.0)));
   946  00021E  0E03               	movlw	3
   947  000220                     u147:
   948  000220  2EE8               	decfsz	wreg,f,c
   949  000222  D7FE               	goto	u147
   950  000224  F000               	nop	
   951  000226  0012               	return	
   952  000228                     __end_of_FQ_UD:
   953                           	opt stack 0
   954                           pclatu	equ	0xFFB
   955                           pclath	equ	0xFFA
   956                           tblptru	equ	0xFF8
   957                           tblptrh	equ	0xFF7
   958                           tblptrl	equ	0xFF6
   959                           tablat	equ	0xFF5
   960                           prodh	equ	0xFF4
   961                           prodl	equ	0xFF3
   962                           intcon	equ	0xFF2
   963                           postinc0	equ	0xFEE
   964                           fsr0h	equ	0xFEA
   965                           fsr0l	equ	0xFE9
   966                           wreg	equ	0xFE8
   967                           fsr1h	equ	0xFE2
   968                           fsr1l	equ	0xFE1
   969                           fsr2h	equ	0xFDA
   970                           fsr2l	equ	0xFD9
   971                           pclatu	equ	0xFFB
   972                           pclath	equ	0xFFA
   973                           tblptru	equ	0xFF8
   974                           tblptrh	equ	0xFF7
   975                           tblptrl	equ	0xFF6
   976                           tablat	equ	0xFF5
   977                           prodh	equ	0xFF4
   978                           prodl	equ	0xFF3
   979                           intcon	equ	0xFF2
   980                           postinc0	equ	0xFEE
   981                           fsr0h	equ	0xFEA
   982                           fsr0l	equ	0xFE9
   983                           wreg	equ	0xFE8
   984                           fsr1h	equ	0xFE2
   985                           fsr1l	equ	0xFE1
   986                           fsr2h	equ	0xFDA
   987                           fsr2l	equ	0xFD9
   988                           
   989                           	psect	rparam
   990  0000                     pclatu	equ	0xFFB
   991                           pclath	equ	0xFFA
   992                           tblptru	equ	0xFF8
   993                           tblptrh	equ	0xFF7
   994                           tblptrl	equ	0xFF6
   995                           tablat	equ	0xFF5
   996                           prodh	equ	0xFF4
   997                           prodl	equ	0xFF3
   998                           intcon	equ	0xFF2
   999                           postinc0	equ	0xFEE
  1000                           fsr0h	equ	0xFEA
  1001                           fsr0l	equ	0xFE9
  1002                           wreg	equ	0xFE8
  1003                           fsr1h	equ	0xFE2
  1004                           fsr1l	equ	0xFE1
  1005                           fsr2h	equ	0xFDA
  1006                           fsr2l	equ	0xFD9


Data Sizes:
    Strings     0
    Constant    0
    Data        0
    BSS         14
    Persistent  0
    Stack       0

Auto Spaces:
    Space          Size  Autos    Used
    COMRAM           95     16      30
    BANK0           160      0       0
    BANK1           256      0       0

Pointer List with Targets:

    None.

Critical Paths under _main in COMRAM

    _main->_serial_init

Critical Paths under _ISR in COMRAM

    None.

Critical Paths under _main in BANK0

    None.

Critical Paths under _ISR in BANK0

    None.

Critical Paths under _main in BANK1

    None.

Critical Paths under _ISR in BANK1

    None.

Call Graph Tables:

 ---------------------------------------------------------------------------------
 (Depth) Function   	        Calls       Base Space   Used Autos Params    Refs
 ---------------------------------------------------------------------------------
 (0) _main                                                 1     1      0       0
                                             15 COMRAM     1     1      0
                              _FQ_UD
                                _RST
                               _WCLK
                            _init_io
                        _serial_init
 ---------------------------------------------------------------------------------
 (1) _serial_init                                          1     1      0       0
                                             14 COMRAM     1     1      0
 ---------------------------------------------------------------------------------
 (1) _init_io                                              0     0      0       0
 ---------------------------------------------------------------------------------
 (1) _WCLK                                                 0     0      0       0
 ---------------------------------------------------------------------------------
 (1) _RST                                                  0     0      0       0
 ---------------------------------------------------------------------------------
 (1) _FQ_UD                                                0     0      0       0
 ---------------------------------------------------------------------------------
 Estimated maximum stack depth 1
 ---------------------------------------------------------------------------------
 (Depth) Function   	        Calls       Base Space   Used Autos Params    Refs
 ---------------------------------------------------------------------------------
 (2) _ISR                                                 14    14      0       0
                                              0 COMRAM    14    14      0
 ---------------------------------------------------------------------------------
 Estimated maximum stack depth 2
 ---------------------------------------------------------------------------------

 Call Graph Graphs:

 _main (ROOT)
   _FQ_UD
   _RST
   _WCLK
   _init_io
   _serial_init

 _ISR (ROOT)

 Address spaces:
Name               Size   Autos  Total    Cost      Usage
BIGRAM             1FF      0       0       8        0.0%
EEDATA             100      0       0       0        0.0%
BITBANK1           100      0       0       5        0.0%
BANK1              100      0       0       6        0.0%
BITBANK0            A0      0       0       3        0.0%
BANK0               A0      0       0       4        0.0%
BITCOMRAM           5F      0       0       0        0.0%
COMRAM              5F     10      1E       1       31.6%
BITSFR               0      0       0      40        0.0%
SFR                  0      0       0      40        0.0%
STACK                0      0       0       2        0.0%
NULL                 0      0       0       0        0.0%
ABS                  0      0      1E       7        0.0%
DATA                 0      0      1E       9        0.0%
CODE                 0      0       0       0        0.0%


Microchip Technology PIC18 Macro Assembler V1.30 build 55553 
Symbol Table                                                                                   Sat Feb 22 16:42:06 2014

                      _i 0011                       u37 00A8                       u47 00CC  
                     u57 015A                       u67 0170                       u77 0182  
                     u87 01DA                       u97 01EA                       _w0 0015  
                     _w1 0017                       _w2 0019                       _w3 001B  
                     _w4 001D             __CFG_CP0$OFF 000000             __CFG_CP1$OFF 000000  
                    u107 01F4                      u117 0200                      u127 020A  
                    u137 0216                      u147 0220                      _ISR 0008  
                    _RST 01FC                      wreg 000FE8             __CFG_LVP$OFF 000000  
                   ?_ISR 0001                     ?_RST 0001                     _LATC 000F8B  
                   i2l52 004C                     _WCLK 01E6                     _main 008A  
                   fsr0h 000FEA                     fsr1h 000FE2                     fsr0l 000FE9  
                   fsr2h 000FDA                     fsr1l 000FE1                     fsr2l 000FD9  
                   pclat 000FFA            __CFG_BOREN$ON 000000                     prodh 000FF4  
                   prodl 000FF3                     start 0086            __CFG_IESO$OFF 000000  
          __CFG_FOSC$IRC 000000            __CFG_MCLRE$ON 000000                    ??_ISR 0001  
                  ??_RST 000F                    ?_WCLK 0001                    ?_main 0001  
                  _ANSEL 000F7E                    _RCREG 000FAE                    _FQ_UD 0212  
                  _SPBRG 000FAF                    _TXREG 000FAD           __CFG_FCMEN$OFF 000000  
        __end_of_init_io 01BC                    tablat 000FF5             __end_of_WCLK 01FC  
        __initialization 0228             __end_of_main 018C                   ??_WCLK 000F  
                 ??_main 0010            __activetblptr 000000                   ?_FQ_UD 0001  
                 _ANSELH 000F7F           __CFG_WDTEN$OFF 000000             ?_serial_init 0001  
         __CFG_STVREN$ON 000000                   clear_0 022E                ??_init_io 000F  
                 tblptrh 000FF7                   tblptrl 000FF6                   tblptru 000FF8  
        __CFG_HFOFST$OFF 000000               __accesstop 0060  __end_of__initialization 0234  
          __end_of_FQ_UD 0228           __pcstackCOMRAM 0001                  ??_FQ_UD 000F  
        __CFG_PWRTEN$OFF 000000                  __Hparam 0000                  __Lparam 0000  
   __size_of_serial_init 002A                  __pcinit 0228                  __ramtop 0200  
                __ptext0 008A                  __ptext1 01BC                  __ptext2 018C  
                __ptext3 01E6                  __ptext4 01FC                  __ptext5 0212  
           __size_of_ISR 007E             __size_of_RST 0016                  _init_io 018C  
   end_of_initialization 0234                _RCSTAbits 000FAB                  postinc0 000FEE  
              _TRISAbits 000F92                _TRISBbits 000F93                _TRISCbits 000F94  
              _TXSTAbits 000FAC      start_initialization 0228              __end_of_ISR 0086  
            __end_of_RST 0212              __pbssCOMRAM 0011                __pintcode 0008  
         __size_of_FQ_UD 0016                 ?_init_io 0001                 _LATAbits 000F89  
               _PIE1bits 000F9D                 _PIR1bits 000F9E            ??_serial_init 000F  
              _uart_data 0013                 __Hrparam 0000                 __Lrparam 0000  
    __end_of_serial_init 01E6         __size_of_init_io 0030            __size_of_WCLK 0016  
          __size_of_main 0102               _INTCONbits 000FF2                 intlevel2 0000  
             _OSCCONbits 000FD3              _serial_init 01BC  
