

Microchip Technology PIC18 LITE Macro Assembler V1.31 build 56723 
                                                                                               Sun May 04 21:22:29 2014

Microchip Technology Omniscient Code Generator (Lite mode) build 56723
     1                           	processor	18F26K22
     2                           	fnconf	rparam,??,?,0
     3                           	opt	pw 120
     4                           	opt	lm
     5                           	psect	intcode,global,reloc=2,class=CODE,delta=1
     6                           	psect	cinit,global,reloc=2,class=CODE,delta=1
     7                           	psect	bssCOMRAM,global,class=COMRAM,space=1,delta=1
     8                           	psect	cstackCOMRAM,global,class=COMRAM,space=1,delta=1
     9                           	psect	text0,global,reloc=2,class=CODE,delta=1
    10                           	psect	text1,global,reloc=2,class=CODE,delta=1
    11                           	psect	text2,global,reloc=2,class=CODE,delta=1
    12                           	psect	text3,global,reloc=2,class=CODE,delta=1
    13                           	psect	intsave_regs,global,class=BIGRAM,space=1,delta=1
    14                           	psect	rparam,global,class=COMRAM,space=1,delta=1
    15  0000                     _ADCON0	set	4034
    16  0000                     _ADCON1	set	4033
    17  0000                     _INTCONbits	set	4082
    18  0000                     _LATCbits	set	3979
    19  0000                     _OSCCONbits	set	4051
    20  0000                     _PIE1bits	set	3997
    21  0000                     _PIR1bits	set	3998
    22  0000                     _PORTAbits	set	3968
    23  0000                     _PORTBbits	set	3969
    24  0000                     _RCREG	set	4014
    25  0000                     _RCSTA1bits	set	4011
    26  0000                     _SPBRG1	set	4015
    27  0000                     _SPBRGH1	set	4016
    28  0000                     _TRISAbits	set	3986
    29  0000                     _TRISBbits	set	3987
    30  0000                     _TRISCbits	set	3988
    31  0000                     _TXREG	set	4013
    32  0000                     _TXSTA1bits	set	4012
    33                           
    34 ;; *************** function _ISR *****************
    35 ;; Defined at:
    36 ;;		line 51 in file "terminal.c"
    37 ;; Parameters:    Size  Location     Type
    38 ;;		None
    39 ;; Auto vars:     Size  Location     Type
    40 ;;		None
    41 ;; Return value:  Size  Location     Type
    42 ;;		None               void
    43 ;; Registers used:
    44 ;;		None
    45 ;; Tracked objects:
    46 ;;		On entry : 0/0
    47 ;;		On exit  : 0/0
    48 ;;		Unchanged: 0/0
    49 ;; Data sizes:     COMRAM   BANK0   BANK1   BANK2   BANK3   BANK4   BANK5   BANK6   BANK7   BANK8   BANK9  BANK10  BANK1
      +1  BANK12  BANK13  BANK14  BANK15
    50 ;;      Params:         0       0       0       0       0       0       0       0       0       0       0       0       
      +0       0       0       0       0
    51 ;;      Locals:         0       0       0       0       0       0       0       0       0       0       0       0       
      +0       0       0       0       0
    52 ;;      Temps:         14       0       0       0       0       0       0       0       0       0       0       0       
      +0       0       0       0       0
    53 ;;      Totals:        14       0       0       0       0       0       0       0       0       0       0       0       
      +0       0       0       0       0
    54 ;;Total ram usage:       14 bytes
    55 ;; Hardware stack levels used:    1
    56 ;; This function calls:
    57 ;;		Nothing
    58 ;; This function is called by:
    59 ;;		Interrupt level 2
    60 ;; This function uses a non-reentrant model
    61 ;;
    62                           
    63                           	psect	intcode
    64  000008                     __pintcode:
    65                           	opt stack 0
    66                           
    67                           ; #config settings
    68  000008                     _ISR:
    69                           	opt stack 28
    70                           
    71                           ;incstack = 0
    72  000008  CFFA F023          	movff	pclath,??_ISR
    73  00000C  CFFB F024          	movff	pclatu,??_ISR+1
    74  000010  CFE9 F025          	movff	fsr0l,??_ISR+2
    75  000014  CFEA F026          	movff	fsr0h,??_ISR+3
    76  000018  CFE1 F027          	movff	fsr1l,??_ISR+4
    77  00001C  CFE2 F028          	movff	fsr1h,??_ISR+5
    78  000020  CFD9 F029          	movff	fsr2l,??_ISR+6
    79  000024  CFDA F02A          	movff	fsr2h,??_ISR+7
    80  000028  CFF3 F02B          	movff	prodl,??_ISR+8
    81  00002C  CFF4 F02C          	movff	prodh,??_ISR+9
    82  000030  CFF6 F02D          	movff	tblptrl,??_ISR+10
    83  000034  CFF7 F02E          	movff	tblptrh,??_ISR+11
    84  000038  CFF8 F02F          	movff	tblptru,??_ISR+12
    85  00003C  CFF5 F030          	movff	tablat,??_ISR+13
    86                           
    87                           ;terminal.c: 53: if (PIR1bits.RCIF)
    88  000040  AA9E               	btfss	3998,5,c	;volatile
    89  000042  D004               	goto	i2l62
    90                           
    91                           ;terminal.c: 54: {
    92                           ;terminal.c: 55: uart_data = RCREG;
    93  000044  CFAE F01F          	movff	4014,_uart_data	;volatile
    94  000048  6A20               	clrf	_uart_data+1,c	;volatile
    95                           
    96                           ;terminal.c: 56: PIR1bits.RCIF = 0;
    97  00004A  9A9E               	bcf	3998,5,c	;volatile
    98  00004C                     i2l62:
    99  00004C  C030  FFF5         	movff	??_ISR+13,tablat
   100  000050  C02F  FFF8         	movff	??_ISR+12,tblptru
   101  000054  C02E  FFF7         	movff	??_ISR+11,tblptrh
   102  000058  C02D  FFF6         	movff	??_ISR+10,tblptrl
   103  00005C  C02C  FFF4         	movff	??_ISR+9,prodh
   104  000060  C02B  FFF3         	movff	??_ISR+8,prodl
   105  000064  C02A  FFDA         	movff	??_ISR+7,fsr2h
   106  000068  C029  FFD9         	movff	??_ISR+6,fsr2l
   107  00006C  C028  FFE2         	movff	??_ISR+5,fsr1h
   108  000070  C027  FFE1         	movff	??_ISR+4,fsr1l
   109  000074  C026  FFEA         	movff	??_ISR+3,fsr0h
   110  000078  C025  FFE9         	movff	??_ISR+2,fsr0l
   111  00007C  C024  FFFB         	movff	??_ISR+1,pclatu
   112  000080  C023  FFFA         	movff	??_ISR,pclath
   113  000084  0011               	retfie		f
   114  000086                     __end_of_ISR:
   115                           	opt stack 0
   116  0000                     pclatu	equ	0xFFB
   117                           pclath	equ	0xFFA
   118                           tblptru	equ	0xFF8
   119                           tblptrh	equ	0xFF7
   120                           tblptrl	equ	0xFF6
   121                           tablat	equ	0xFF5
   122                           prodh	equ	0xFF4
   123                           prodl	equ	0xFF3
   124                           fsr0h	equ	0xFEA
   125                           fsr0l	equ	0xFE9
   126                           fsr1h	equ	0xFE2
   127                           fsr1l	equ	0xFE1
   128                           fsr2h	equ	0xFDA
   129                           fsr2l	equ	0xFD9
   130                           
   131                           	psect	cinit
   132  00015C                     __pcinit:
   133                           	opt stack 0
   134  00015C                     start_initialization:
   135                           	opt stack 0
   136  00015C                     __initialization:
   137                           	opt stack 0
   138                           
   139                           ; Clear objects allocated to COMRAM (34 bytes)
   140  00015C  EE00  F001         	lfsr	0,__pbssCOMRAM
   141  000160  0E22               	movlw	34
   142  000162                     clear_0:
   143  000162  6AEE               	clrf	postinc0,c
   144  000164  06E8               	decf	wreg,f,c
   145  000166  E1FD               	bnz	clear_0
   146  000168                     end_of_initialization:
   147                           	opt stack 0
   148  000168                     __end_of__initialization:
   149                           	opt stack 0
   150  000168  0100               	movlb	0
   151  00016A  EF45  F000         	goto	_main	;jump to C main() function
   152                           pclatu	equ	0xFFB
   153                           pclath	equ	0xFFA
   154                           tblptru	equ	0xFF8
   155                           tblptrh	equ	0xFF7
   156                           tblptrl	equ	0xFF6
   157                           tablat	equ	0xFF5
   158                           prodh	equ	0xFF4
   159                           prodl	equ	0xFF3
   160                           postinc0	equ	0xFEE
   161                           fsr0h	equ	0xFEA
   162                           fsr0l	equ	0xFE9
   163                           wreg	equ	0xFE8
   164                           fsr1h	equ	0xFE2
   165                           fsr1l	equ	0xFE1
   166                           fsr2h	equ	0xFDA
   167                           fsr2l	equ	0xFD9
   168                           
   169                           	psect	bssCOMRAM
   170  000001                     __pbssCOMRAM:
   171                           	opt stack 0
   172  000001                     _buf:
   173                           	opt stack 0
   174  000001                     	ds	10
   175  00000B                     _decm:
   176                           	opt stack 0
   177  00000B                     	ds	4
   178  00000F                     _fvar:
   179                           	opt stack 0
   180  00000F                     	ds	4
   181  000013                     _tens:
   182                           	opt stack 0
   183  000013                     	ds	4
   184  000017                     _an8_value:
   185                           	opt stack 0
   186  000017                     	ds	2
   187  000019                     _an9_value:
   188                           	opt stack 0
   189  000019                     	ds	2
   190  00001B                     _itxdata:
   191                           	opt stack 0
   192  00001B                     	ds	2
   193  00001D                     _tempi:
   194                           	opt stack 0
   195  00001D                     	ds	2
   196  00001F                     _uart_data:
   197                           	opt stack 0
   198  00001F                     	ds	2
   199  000021                     _vtxdata:
   200                           	opt stack 0
   201  000021                     	ds	2
   202                           pclatu	equ	0xFFB
   203                           pclath	equ	0xFFA
   204                           tblptru	equ	0xFF8
   205                           tblptrh	equ	0xFF7
   206                           tblptrl	equ	0xFF6
   207                           tablat	equ	0xFF5
   208                           prodh	equ	0xFF4
   209                           prodl	equ	0xFF3
   210                           postinc0	equ	0xFEE
   211                           fsr0h	equ	0xFEA
   212                           fsr0l	equ	0xFE9
   213                           wreg	equ	0xFE8
   214                           fsr1h	equ	0xFE2
   215                           fsr1l	equ	0xFE1
   216                           fsr2h	equ	0xFDA
   217                           fsr2l	equ	0xFD9
   218                           
   219                           	psect	cstackCOMRAM
   220  000023                     __pcstackCOMRAM:
   221                           	opt stack 0
   222  000023                     ??_ISR:
   223  000023                     
   224                           ; 2 bytes @ 0x0
   225  000023                     	ds	14
   226  000031                     uart_xmit@mydata_byte:
   227                           	opt stack 0
   228                           
   229                           ; 2 bytes @ 0xE
   230  000031                     	ds	2
   231  000033                     ??_serial_init:
   232                           
   233                           ; 0 bytes @ 0x10
   234  000033                     	ds	1
   235  000034                     ??_main:
   236                           
   237                           ; 0 bytes @ 0x11
   238  000034                     	ds	1
   239                           pclatu	equ	0xFFB
   240                           pclath	equ	0xFFA
   241                           tblptru	equ	0xFF8
   242                           tblptrh	equ	0xFF7
   243                           tblptrl	equ	0xFF6
   244                           tablat	equ	0xFF5
   245                           prodh	equ	0xFF4
   246                           prodl	equ	0xFF3
   247                           postinc0	equ	0xFEE
   248                           fsr0h	equ	0xFEA
   249                           fsr0l	equ	0xFE9
   250                           wreg	equ	0xFE8
   251                           fsr1h	equ	0xFE2
   252                           fsr1l	equ	0xFE1
   253                           fsr2h	equ	0xFDA
   254                           fsr2l	equ	0xFD9
   255                           
   256 ;;
   257 ;;Main: autosize = 0, tempsize = 1, incstack = 0, save=0
   258 ;;
   259 ;; *************** function _main *****************
   260 ;; Defined at:
   261 ;;		line 132 in file "terminal.c"
   262 ;; Parameters:    Size  Location     Type
   263 ;;		None
   264 ;; Auto vars:     Size  Location     Type
   265 ;;		None
   266 ;; Return value:  Size  Location     Type
   267 ;;                  2   76[COMRAM] int 
   268 ;; Registers used:
   269 ;;		wreg, status,2, cstack
   270 ;; Tracked objects:
   271 ;;		On entry : 0/0
   272 ;;		On exit  : 0/0
   273 ;;		Unchanged: 0/0
   274 ;; Data sizes:     COMRAM   BANK0   BANK1   BANK2   BANK3   BANK4   BANK5   BANK6   BANK7   BANK8   BANK9  BANK10  BANK1
      +1  BANK12  BANK13  BANK14  BANK15
   275 ;;      Params:         0       0       0       0       0       0       0       0       0       0       0       0       
      +0       0       0       0       0
   276 ;;      Locals:         0       0       0       0       0       0       0       0       0       0       0       0       
      +0       0       0       0       0
   277 ;;      Temps:          1       0       0       0       0       0       0       0       0       0       0       0       
      +0       0       0       0       0
   278 ;;      Totals:         1       0       0       0       0       0       0       0       0       0       0       0       
      +0       0       0       0       0
   279 ;;Total ram usage:        1 bytes
   280 ;; Hardware stack levels required when called:    3
   281 ;; This function calls:
   282 ;;		_init_io
   283 ;;		_serial_init
   284 ;;		_uart_xmit
   285 ;; This function is called by:
   286 ;;		Startup code after reset
   287 ;; This function uses a non-reentrant model
   288 ;;
   289                           
   290                           	psect	text0
   291  00008A                     __ptext0:
   292                           	opt stack 0
   293  00008A                     _main:
   294                           	opt stack 28
   295                           
   296                           ;terminal.c: 134: init_io();
   297                           
   298                           ;incstack = 0
   299  00008A  EC96  F000         	call	_init_io	;wreg free
   300                           
   301                           ;terminal.c: 135: serial_init();
   302  00008E  EC79  F000         	call	_serial_init	;wreg free
   303                           
   304                           ;terminal.c: 137: LATCbits.LATC2 = 0;
   305  000092  948B               	bcf	3979,2,c	;volatile
   306                           
   307                           ;terminal.c: 140: OSCCONbits.IRCF = 0x05;
   308  000094  50D3               	movf	4051,w,c	;volatile
   309  000096  0B8F               	andlw	-113
   310  000098  0950               	iorlw	80
   311  00009A  6ED3               	movwf	4051,c	;volatile
   312                           
   313                           ;terminal.c: 141: OSCCONbits.SCS = 0x02;
   314  00009C  50D3               	movf	4051,w,c	;volatile
   315  00009E  0BFC               	andlw	-4
   316  0000A0  0902               	iorlw	2
   317  0000A2  6ED3               	movwf	4051,c	;volatile
   318                           
   319                           ;terminal.c: 143: ADCON0 = 0b00000000;
   320  0000A4  0E00               	movlw	0
   321  0000A6  6EC2               	movwf	4034,c	;volatile
   322                           
   323                           ;terminal.c: 144: ADCON1 = 0b00000000;
   324  0000A8  0E00               	movlw	0
   325  0000AA  6EC1               	movwf	4033,c	;volatile
   326                           
   327                           ;terminal.c: 146: _delay((unsigned long)((5)*(4000000/4000000.0)));
   328  0000AC  F000               	nop	
   329  0000AE  D000               	nop2		;2 cycle nop
   330  0000B0  D000               	nop2		;2 cycle nop
   331  0000B2                     l725:
   332                           
   333                           ;terminal.c: 151: PORTAbits.RA0 = 1;
   334  0000B2  8080               	bsf	3968,0,c	;volatile
   335                           
   336                           ;terminal.c: 152: _delay((unsigned long)((40)*(4000000/4000.0)));
   337  0000B4  0E34               	movlw	52
   338  0000B6  6E34               	movwf	??_main& (0+255),c
   339  0000B8  0EF2               	movlw	242
   340  0000BA                     u47:
   341  0000BA  2EE8               	decfsz	wreg,f,c
   342  0000BC  D7FE               	goto	u47
   343  0000BE  2E34               	decfsz	??_main& (0+255),f,c
   344  0000C0  D7FC               	goto	u47
   345                           
   346                           ;terminal.c: 153: PORTAbits.RA0 = 0;
   347  0000C2  9080               	bcf	3968,0,c	;volatile
   348                           
   349                           ;terminal.c: 154: _delay((unsigned long)((40)*(4000000/4000.0)));
   350  0000C4  0E34               	movlw	52
   351  0000C6  6E34               	movwf	??_main& (0+255),c
   352  0000C8  0EF2               	movlw	242
   353  0000CA                     u57:
   354  0000CA  2EE8               	decfsz	wreg,f,c
   355  0000CC  D7FE               	goto	u57
   356  0000CE  2E34               	decfsz	??_main& (0+255),f,c
   357  0000D0  D7FC               	goto	u57
   358                           
   359                           ;terminal.c: 156: if (PORTBbits.RB7==1)
   360  0000D2  AE81               	btfss	3969,7,c	;volatile
   361  0000D4  D006               	goto	l737
   362                           
   363                           ;terminal.c: 157: uart_xmit('A');
   364  0000D6  0E00               	movlw	0
   365  0000D8  6E32               	movwf	uart_xmit@mydata_byte+1,c
   366  0000DA  0E41               	movlw	65
   367  0000DC  6E31               	movwf	uart_xmit@mydata_byte,c
   368  0000DE  ECB7  F000         	call	_uart_xmit	;wreg free
   369  0000E2                     l737:
   370                           
   371                           ;terminal.c: 159: _delay((unsigned long)((100)*(4000000/4000.0)));
   372  0000E2  0E82               	movlw	130
   373  0000E4  6E34               	movwf	??_main& (0+255),c
   374  0000E6  0EDE               	movlw	222
   375  0000E8                     u67:
   376  0000E8  2EE8               	decfsz	wreg,f,c
   377  0000EA  D7FE               	goto	u67
   378  0000EC  2E34               	decfsz	??_main& (0+255),f,c
   379  0000EE  D7FC               	goto	u67
   380  0000F0  D7E0               	goto	l725
   381  0000F2                     __end_of_main:
   382                           	opt stack 0
   383                           pclatu	equ	0xFFB
   384                           pclath	equ	0xFFA
   385                           tblptru	equ	0xFF8
   386                           tblptrh	equ	0xFF7
   387                           tblptrl	equ	0xFF6
   388                           tablat	equ	0xFF5
   389                           prodh	equ	0xFF4
   390                           prodl	equ	0xFF3
   391                           postinc0	equ	0xFEE
   392                           fsr0h	equ	0xFEA
   393                           fsr0l	equ	0xFE9
   394                           wreg	equ	0xFE8
   395                           fsr1h	equ	0xFE2
   396                           fsr1l	equ	0xFE1
   397                           fsr2h	equ	0xFDA
   398                           fsr2l	equ	0xFD9
   399                           
   400 ;; *************** function _serial_init *****************
   401 ;; Defined at:
   402 ;;		line 100 in file "terminal.c"
   403 ;; Parameters:    Size  Location     Type
   404 ;;		None
   405 ;; Auto vars:     Size  Location     Type
   406 ;;		None
   407 ;; Return value:  Size  Location     Type
   408 ;;		None               void
   409 ;; Registers used:
   410 ;;		wreg, status,2, cstack
   411 ;; Tracked objects:
   412 ;;		On entry : 0/0
   413 ;;		On exit  : 0/0
   414 ;;		Unchanged: 0/0
   415 ;; Data sizes:     COMRAM   BANK0   BANK1   BANK2   BANK3   BANK4   BANK5   BANK6   BANK7   BANK8   BANK9  BANK10  BANK1
      +1  BANK12  BANK13  BANK14  BANK15
   416 ;;      Params:         0       0       0       0       0       0       0       0       0       0       0       0       
      +0       0       0       0       0
   417 ;;      Locals:         0       0       0       0       0       0       0       0       0       0       0       0       
      +0       0       0       0       0
   418 ;;      Temps:          1       0       0       0       0       0       0       0       0       0       0       0       
      +0       0       0       0       0
   419 ;;      Totals:         1       0       0       0       0       0       0       0       0       0       0       0       
      +0       0       0       0       0
   420 ;;Total ram usage:        1 bytes
   421 ;; Hardware stack levels used:    1
   422 ;; Hardware stack levels required when called:    2
   423 ;; This function calls:
   424 ;;		_uart_xmit
   425 ;; This function is called by:
   426 ;;		_main
   427 ;; This function uses a non-reentrant model
   428 ;;
   429                           
   430                           	psect	text1
   431  0000F2                     __ptext1:
   432                           	opt stack 0
   433  0000F2                     _serial_init:
   434                           	opt stack 28
   435                           
   436                           ;terminal.c: 110: TXSTA1bits.BRGH=1;
   437                           
   438                           ;incstack = 0
   439  0000F2  84AC               	bsf	4012,2,c	;volatile
   440                           
   441                           ;terminal.c: 111: TXSTA1bits.TX9=0;
   442  0000F4  9CAC               	bcf	4012,6,c	;volatile
   443                           
   444                           ;terminal.c: 112: TXSTA1bits.TXEN = 1;
   445  0000F6  8AAC               	bsf	4012,5,c	;volatile
   446                           
   447                           ;terminal.c: 115: RCSTA1bits.SPEN=1;
   448  0000F8  8EAB               	bsf	4011,7,c	;volatile
   449                           
   450                           ;terminal.c: 116: RCSTA1bits.RX9=0;
   451  0000FA  9CAB               	bcf	4011,6,c	;volatile
   452                           
   453                           ;terminal.c: 117: RCSTA1bits.CREN=1;
   454  0000FC  88AB               	bsf	4011,4,c	;volatile
   455                           
   456                           ;terminal.c: 119: SPBRG1=25;
   457  0000FE  0E19               	movlw	25
   458  000100  6EAF               	movwf	4015,c	;volatile
   459                           
   460                           ;terminal.c: 120: SPBRGH1=0;
   461  000102  0E00               	movlw	0
   462  000104  6EB0               	movwf	4016,c	;volatile
   463                           
   464                           ;terminal.c: 122: PIR1bits.RCIF=0;
   465  000106  9A9E               	bcf	3998,5,c	;volatile
   466                           
   467                           ;terminal.c: 123: PIE1bits.RCIE=1;
   468  000108  8A9D               	bsf	3997,5,c	;volatile
   469                           
   470                           ;terminal.c: 124: INTCONbits.PEIE = 1;
   471  00010A  8CF2               	bsf	intcon,6,c	;volatile
   472                           
   473                           ;terminal.c: 125: INTCONbits.GIE = 1;
   474  00010C  8EF2               	bsf	intcon,7,c	;volatile
   475                           
   476                           ;terminal.c: 127: _delay((unsigned long)((50)*(4000000/4000.0)));
   477  00010E  0E41               	movlw	65
   478  000110  6E33               	movwf	??_serial_init& (0+255),c
   479  000112  0EEE               	movlw	238
   480  000114                     u77:
   481  000114  2EE8               	decfsz	wreg,f,c
   482  000116  D7FE               	goto	u77
   483  000118  2E33               	decfsz	??_serial_init& (0+255),f,c
   484  00011A  D7FC               	goto	u77
   485  00011C  D000               	nop2	
   486                           
   487                           ;terminal.c: 129: uart_xmit('X');
   488  00011E  0E00               	movlw	0
   489  000120  6E32               	movwf	uart_xmit@mydata_byte+1,c
   490  000122  0E58               	movlw	88
   491  000124  6E31               	movwf	uart_xmit@mydata_byte,c
   492  000126  ECB7  F000         	call	_uart_xmit	;wreg free
   493  00012A  0012               	return	
   494  00012C                     __end_of_serial_init:
   495                           	opt stack 0
   496                           pclatu	equ	0xFFB
   497                           pclath	equ	0xFFA
   498                           tblptru	equ	0xFF8
   499                           tblptrh	equ	0xFF7
   500                           tblptrl	equ	0xFF6
   501                           tablat	equ	0xFF5
   502                           prodh	equ	0xFF4
   503                           prodl	equ	0xFF3
   504                           intcon	equ	0xFF2
   505                           postinc0	equ	0xFEE
   506                           fsr0h	equ	0xFEA
   507                           fsr0l	equ	0xFE9
   508                           wreg	equ	0xFE8
   509                           fsr1h	equ	0xFE2
   510                           fsr1l	equ	0xFE1
   511                           fsr2h	equ	0xFDA
   512                           fsr2l	equ	0xFD9
   513                           
   514 ;; *************** function _uart_xmit *****************
   515 ;; Defined at:
   516 ;;		line 94 in file "terminal.c"
   517 ;; Parameters:    Size  Location     Type
   518 ;;  mydata_byte     2   14[COMRAM] unsigned int 
   519 ;; Auto vars:     Size  Location     Type
   520 ;;		None
   521 ;; Return value:  Size  Location     Type
   522 ;;		None               void
   523 ;; Registers used:
   524 ;;		None
   525 ;; Tracked objects:
   526 ;;		On entry : 0/0
   527 ;;		On exit  : 0/0
   528 ;;		Unchanged: 0/0
   529 ;; Data sizes:     COMRAM   BANK0   BANK1   BANK2   BANK3   BANK4   BANK5   BANK6   BANK7   BANK8   BANK9  BANK10  BANK1
      +1  BANK12  BANK13  BANK14  BANK15
   530 ;;      Params:         2       0       0       0       0       0       0       0       0       0       0       0       
      +0       0       0       0       0
   531 ;;      Locals:         0       0       0       0       0       0       0       0       0       0       0       0       
      +0       0       0       0       0
   532 ;;      Temps:          0       0       0       0       0       0       0       0       0       0       0       0       
      +0       0       0       0       0
   533 ;;      Totals:         2       0       0       0       0       0       0       0       0       0       0       0       
      +0       0       0       0       0
   534 ;;Total ram usage:        2 bytes
   535 ;; Hardware stack levels used:    1
   536 ;; Hardware stack levels required when called:    1
   537 ;; This function calls:
   538 ;;		Nothing
   539 ;; This function is called by:
   540 ;;		_serial_init
   541 ;;		_main
   542 ;; This function uses a non-reentrant model
   543 ;;
   544                           
   545                           	psect	text2
   546  00016E                     __ptext2:
   547                           	opt stack 0
   548  00016E                     _uart_xmit:
   549                           	opt stack 29
   550  00016E                     l68:
   551  00016E  A2AC               	btfss	4012,1,c	;volatile
   552  000170  D7FE               	goto	l68
   553                           
   554                           ;terminal.c: 97: TXREG = mydata_byte;
   555  000172  C031  FFAD         	movff	uart_xmit@mydata_byte,4013	;volatile
   556  000176  0012               	return	
   557  000178                     __end_of_uart_xmit:
   558                           	opt stack 0
   559                           pclatu	equ	0xFFB
   560                           pclath	equ	0xFFA
   561                           tblptru	equ	0xFF8
   562                           tblptrh	equ	0xFF7
   563                           tblptrl	equ	0xFF6
   564                           tablat	equ	0xFF5
   565                           prodh	equ	0xFF4
   566                           prodl	equ	0xFF3
   567                           intcon	equ	0xFF2
   568                           postinc0	equ	0xFEE
   569                           fsr0h	equ	0xFEA
   570                           fsr0l	equ	0xFE9
   571                           wreg	equ	0xFE8
   572                           fsr1h	equ	0xFE2
   573                           fsr1l	equ	0xFE1
   574                           fsr2h	equ	0xFDA
   575                           fsr2l	equ	0xFD9
   576                           
   577 ;; *************** function _init_io *****************
   578 ;; Defined at:
   579 ;;		line 61 in file "terminal.c"
   580 ;; Parameters:    Size  Location     Type
   581 ;;		None
   582 ;; Auto vars:     Size  Location     Type
   583 ;;		None
   584 ;; Return value:  Size  Location     Type
   585 ;;		None               void
   586 ;; Registers used:
   587 ;;		wreg, status,2
   588 ;; Tracked objects:
   589 ;;		On entry : 0/0
   590 ;;		On exit  : 0/0
   591 ;;		Unchanged: 0/0
   592 ;; Data sizes:     COMRAM   BANK0   BANK1   BANK2   BANK3   BANK4   BANK5   BANK6   BANK7   BANK8   BANK9  BANK10  BANK1
      +1  BANK12  BANK13  BANK14  BANK15
   593 ;;      Params:         0       0       0       0       0       0       0       0       0       0       0       0       
      +0       0       0       0       0
   594 ;;      Locals:         0       0       0       0       0       0       0       0       0       0       0       0       
      +0       0       0       0       0
   595 ;;      Temps:          0       0       0       0       0       0       0       0       0       0       0       0       
      +0       0       0       0       0
   596 ;;      Totals:         0       0       0       0       0       0       0       0       0       0       0       0       
      +0       0       0       0       0
   597 ;;Total ram usage:        0 bytes
   598 ;; Hardware stack levels used:    1
   599 ;; Hardware stack levels required when called:    1
   600 ;; This function calls:
   601 ;;		Nothing
   602 ;; This function is called by:
   603 ;;		_main
   604 ;; This function uses a non-reentrant model
   605 ;;
   606                           
   607                           	psect	text3
   608  00012C                     __ptext3:
   609                           	opt stack 0
   610  00012C                     _init_io:
   611                           	opt stack 29
   612                           
   613                           ;terminal.c: 62: TRISAbits.TRISA0 = 0;
   614                           
   615                           ;incstack = 0
   616  00012C  9092               	bcf	3986,0,c	;volatile
   617                           
   618                           ;terminal.c: 63: TRISAbits.TRISA1 = 1;
   619  00012E  8292               	bsf	3986,1,c	;volatile
   620                           
   621                           ;terminal.c: 64: TRISAbits.TRISA2 = 1;
   622  000130  8492               	bsf	3986,2,c	;volatile
   623                           
   624                           ;terminal.c: 65: TRISAbits.TRISA3 = 1;
   625  000132  8692               	bsf	3986,3,c	;volatile
   626                           
   627                           ;terminal.c: 67: TRISAbits.TRISA5 = 1;
   628  000134  8A92               	bsf	3986,5,c	;volatile
   629                           
   630                           ;terminal.c: 68: TRISAbits.TRISA6 = 1;
   631  000136  8C92               	bsf	3986,6,c	;volatile
   632                           
   633                           ;terminal.c: 69: TRISAbits.TRISA7 = 1;
   634  000138  8E92               	bsf	3986,7,c	;volatile
   635                           
   636                           ;terminal.c: 71: ADCON0 = 0x00;
   637  00013A  0E00               	movlw	0
   638  00013C  6EC2               	movwf	4034,c	;volatile
   639                           
   640                           ;terminal.c: 73: TRISBbits.TRISB0 = 1;
   641  00013E  8093               	bsf	3987,0,c	;volatile
   642                           
   643                           ;terminal.c: 74: TRISBbits.TRISB1 = 1;
   644  000140  8293               	bsf	3987,1,c	;volatile
   645                           
   646                           ;terminal.c: 75: TRISBbits.TRISB2 = 0;
   647  000142  9493               	bcf	3987,2,c	;volatile
   648                           
   649                           ;terminal.c: 76: TRISBbits.TRISB3 = 1;
   650  000144  8693               	bsf	3987,3,c	;volatile
   651                           
   652                           ;terminal.c: 77: TRISBbits.TRISB4 = 0;
   653  000146  9893               	bcf	3987,4,c	;volatile
   654                           
   655                           ;terminal.c: 78: TRISBbits.TRISB5 = 1;
   656  000148  8A93               	bsf	3987,5,c	;volatile
   657                           
   658                           ;terminal.c: 79: TRISBbits.TRISB6 = 0;
   659  00014A  9C93               	bcf	3987,6,c	;volatile
   660                           
   661                           ;terminal.c: 80: TRISBbits.TRISB7 = 1;
   662  00014C  8E93               	bsf	3987,7,c	;volatile
   663                           
   664                           ;terminal.c: 82: TRISCbits.TRISC0 = 0;
   665  00014E  9094               	bcf	3988,0,c	;volatile
   666                           
   667                           ;terminal.c: 83: TRISCbits.TRISC1 = 0;
   668  000150  9294               	bcf	3988,1,c	;volatile
   669                           
   670                           ;terminal.c: 84: TRISCbits.TRISC2 = 0;
   671  000152  9494               	bcf	3988,2,c	;volatile
   672                           
   673                           ;terminal.c: 85: TRISCbits.TRISC3 = 0;
   674  000154  9694               	bcf	3988,3,c	;volatile
   675                           
   676                           ;terminal.c: 88: TRISCbits.TRISC6 = 1;
   677  000156  8C94               	bsf	3988,6,c	;volatile
   678                           
   679                           ;terminal.c: 89: TRISCbits.TRISC7 = 1;
   680  000158  8E94               	bsf	3988,7,c	;volatile
   681  00015A  0012               	return	
   682  00015C                     __end_of_init_io:
   683                           	opt stack 0
   684                           pclatu	equ	0xFFB
   685                           pclath	equ	0xFFA
   686                           tblptru	equ	0xFF8
   687                           tblptrh	equ	0xFF7
   688                           tblptrl	equ	0xFF6
   689                           tablat	equ	0xFF5
   690                           prodh	equ	0xFF4
   691                           prodl	equ	0xFF3
   692                           intcon	equ	0xFF2
   693                           postinc0	equ	0xFEE
   694                           fsr0h	equ	0xFEA
   695                           fsr0l	equ	0xFE9
   696                           wreg	equ	0xFE8
   697                           fsr1h	equ	0xFE2
   698                           fsr1l	equ	0xFE1
   699                           fsr2h	equ	0xFDA
   700                           fsr2l	equ	0xFD9
   701                           pclatu	equ	0xFFB
   702                           pclath	equ	0xFFA
   703                           tblptru	equ	0xFF8
   704                           tblptrh	equ	0xFF7
   705                           tblptrl	equ	0xFF6
   706                           tablat	equ	0xFF5
   707                           prodh	equ	0xFF4
   708                           prodl	equ	0xFF3
   709                           intcon	equ	0xFF2
   710                           postinc0	equ	0xFEE
   711                           fsr0h	equ	0xFEA
   712                           fsr0l	equ	0xFE9
   713                           wreg	equ	0xFE8
   714                           fsr1h	equ	0xFE2
   715                           fsr1l	equ	0xFE1
   716                           fsr2h	equ	0xFDA
   717                           fsr2l	equ	0xFD9
   718                           
   719                           	psect	rparam
   720  0000                     pclatu	equ	0xFFB
   721                           pclath	equ	0xFFA
   722                           tblptru	equ	0xFF8
   723                           tblptrh	equ	0xFF7
   724                           tblptrl	equ	0xFF6
   725                           tablat	equ	0xFF5
   726                           prodh	equ	0xFF4
   727                           prodl	equ	0xFF3
   728                           intcon	equ	0xFF2
   729                           postinc0	equ	0xFEE
   730                           fsr0h	equ	0xFEA
   731                           fsr0l	equ	0xFE9
   732                           wreg	equ	0xFE8
   733                           fsr1h	equ	0xFE2
   734                           fsr1l	equ	0xFE1
   735                           fsr2h	equ	0xFDA
   736                           fsr2l	equ	0xFD9


Data Sizes:
    Strings     0
    Constant    0
    Data        0
    BSS         34
    Persistent  0
    Stack       0

Auto Spaces:
    Space          Size  Autos    Used
    COMRAM           95     18      52
    BANK0           160      0       0
    BANK1           256      0       0
    BANK2           256      0       0
    BANK3           256      0       0
    BANK4           256      0       0
    BANK5           256      0       0
    BANK6           256      0       0
    BANK7           256      0       0
    BANK8           256      0       0
    BANK9           256      0       0
    BANK10          256      0       0
    BANK11          256      0       0
    BANK12          256      0       0
    BANK13          256      0       0
    BANK14          256      0       0
    BANK15           56      0       0

Pointer List with Targets:

    None.

Critical Paths under _main in COMRAM

    _main->_serial_init
    _serial_init->_uart_xmit

Critical Paths under _ISR in COMRAM

    None.

Critical Paths under _main in BANK0

    None.

Critical Paths under _ISR in BANK0

    None.

Critical Paths under _main in BANK1

    None.

Critical Paths under _ISR in BANK1

    None.

Critical Paths under _main in BANK2

    None.

Critical Paths under _ISR in BANK2

    None.

Critical Paths under _main in BANK3

    None.

Critical Paths under _ISR in BANK3

    None.

Critical Paths under _main in BANK4

    None.

Critical Paths under _ISR in BANK4

    None.

Critical Paths under _main in BANK5

    None.

Critical Paths under _ISR in BANK5

    None.

Critical Paths under _main in BANK6

    None.

Critical Paths under _ISR in BANK6

    None.

Critical Paths under _main in BANK7

    None.

Critical Paths under _ISR in BANK7

    None.

Critical Paths under _main in BANK8

    None.

Critical Paths under _ISR in BANK8

    None.

Critical Paths under _main in BANK9

    None.

Critical Paths under _ISR in BANK9

    None.

Critical Paths under _main in BANK10

    None.

Critical Paths under _ISR in BANK10

    None.

Critical Paths under _main in BANK11

    None.

Critical Paths under _ISR in BANK11

    None.

Critical Paths under _main in BANK12

    None.

Critical Paths under _ISR in BANK12

    None.

Critical Paths under _main in BANK13

    None.

Critical Paths under _ISR in BANK13

    None.

Critical Paths under _main in BANK14

    None.

Critical Paths under _ISR in BANK14

    None.

Critical Paths under _main in BANK15

    None.

Critical Paths under _ISR in BANK15

    None.

Call Graph Tables:

 ---------------------------------------------------------------------------------
 (Depth) Function   	        Calls       Base Space   Used Autos Params    Refs
 ---------------------------------------------------------------------------------
 (0) _main                                                 1     1      0     166
                                             17 COMRAM     1     1      0
                            _init_io
                        _serial_init
                          _uart_xmit
 ---------------------------------------------------------------------------------
 (1) _serial_init                                          1     1      0      83
                                             16 COMRAM     1     1      0
                          _uart_xmit
 ---------------------------------------------------------------------------------
 (1) _uart_xmit                                            2     0      2      83
                                             14 COMRAM     2     0      2
 ---------------------------------------------------------------------------------
 (1) _init_io                                              0     0      0       0
 ---------------------------------------------------------------------------------
 Estimated maximum stack depth 1
 ---------------------------------------------------------------------------------
 (Depth) Function   	        Calls       Base Space   Used Autos Params    Refs
 ---------------------------------------------------------------------------------
 (3) _ISR                                                 14    14      0       0
                                              0 COMRAM    14    14      0
 ---------------------------------------------------------------------------------
 Estimated maximum stack depth 3
 ---------------------------------------------------------------------------------

 Call Graph Graphs:

 _main (ROOT)
   _init_io
   _serial_init
     _uart_xmit
   _uart_xmit

 _ISR (ROOT)

 Address spaces:
Name               Size   Autos  Total    Cost      Usage
BIGRAM             F37      0       0      37        0.0%
EEDATA             400      0       0       0        0.0%
BITBANK14          100      0       0      33        0.0%
BANK14             100      0       0      34        0.0%
BITBANK13          100      0       0      31        0.0%
BANK13             100      0       0      32        0.0%
BITBANK12          100      0       0      29        0.0%
BANK12             100      0       0      30        0.0%
BITBANK11          100      0       0      27        0.0%
BANK11             100      0       0      28        0.0%
BITBANK10          100      0       0      25        0.0%
BANK10             100      0       0      26        0.0%
BITBANK9           100      0       0      23        0.0%
BANK9              100      0       0      24        0.0%
BITBANK8           100      0       0      21        0.0%
BANK8              100      0       0      22        0.0%
BITBANK7           100      0       0      19        0.0%
BANK7              100      0       0      20        0.0%
BITBANK6           100      0       0      17        0.0%
BANK6              100      0       0      18        0.0%
BITBANK5           100      0       0      15        0.0%
BANK5              100      0       0      16        0.0%
BITBANK4           100      0       0      13        0.0%
BANK4              100      0       0      14        0.0%
BITBANK3           100      0       0      10        0.0%
BANK3              100      0       0      11        0.0%
BITBANK2           100      0       0       8        0.0%
BANK2              100      0       0       9        0.0%
BITBANK1           100      0       0       6        0.0%
BANK1              100      0       0       7        0.0%
BITBANK0            A0      0       0       4        0.0%
BANK0               A0      0       0       5        0.0%
BITCOMRAM           5F      0       0       0        0.0%
COMRAM              5F     12      34       1       54.7%
BITBANK15           38      0       0      35        0.0%
BANK15              38      0       0      36        0.0%
BITSFR_1             0      0       0      40        0.0%
SFR_1                0      0       0      40        0.0%
BITSFR               0      0       0      40        0.0%
SFR                  0      0       0      40        0.0%
STACK                0      0       0       2        0.0%
NULL                 0      0       0       0        0.0%
ABS                  0      0      34      12        0.0%
DATA                 0      0      34       3        0.0%
CODE                 0      0       0       0        0.0%


Microchip Technology PIC18 Macro Assembler V1.31 build 56723 
Symbol Table                                                                                   Sun May 04 21:22:29 2014

                     l68 016E                       u47 00BA                       u57 00CA  
                     u67 00E8                       u77 0114             __CFG_CP0$OFF 000000  
           __CFG_CP1$OFF 000000                      l725 00B2                      l737 00E2  
                    _ISR 0008                      _buf 0001                      wreg 000FE8  
             _TXSTA1bits 000FAC             __CFG_LVP$OFF 000000                     ?_ISR 0023  
                   i2l62 004C                     _decm 000B                     _main 008A  
                   _fvar 000F                     _tens 0013                     fsr0h 000FEA  
                   fsr1h 000FE2                     fsr0l 000FE9                     fsr2h 000FDA  
                   fsr1l 000FE1                     fsr2l 000FD9                     pclat 000FFA  
          __CFG_BOREN$ON 000000                     prodh 000FF4                     prodl 000FF3  
                   start 0086            __CFG_IESO$OFF 000000                    ??_ISR 0023  
                  ?_main 0023                    _RCREG 000FAE                    _TXREG 000FAD  
         __CFG_FCMEN$OFF 000000          __end_of_init_io 015C                    _tempi 001D  
                  tablat 000FF5          __initialization 015C             __end_of_main 00F2  
                 ??_main 0034            __activetblptr 000000                   _ADCON0 000FC2  
                 _ADCON1 000FC1           __CFG_WDTEN$OFF 000000                   _SPBRG1 000FAF  
           ?_serial_init 0023           __CFG_STVREN$ON 000000                   clear_0 0162  
              ??_init_io 0031                   tblptrh 000FF7                   tblptrl 000FF6  
                 tblptru 000FF8          __CFG_HFOFST$OFF 000000               __accesstop 0060  
__end_of__initialization 0168           __pcstackCOMRAM 0023       __size_of_uart_xmit 000A  
                _SPBRGH1 000FB0          __CFG_PWRTEN$OFF 000000                  __Hparam 0000  
                __Lparam 0000     __size_of_serial_init 003A                  __pcinit 015C  
                __ramtop 1000                  __ptext0 008A                  __ptext1 00F2  
                __ptext2 016E                  __ptext3 012C             __size_of_ISR 007E  
                _init_io 012C                  _itxdata 001B     end_of_initialization 0168  
                _vtxdata 0021        __end_of_uart_xmit 0178                  postinc0 000FEE  
              _PORTAbits 000F80                _PORTBbits 000F81                _TRISAbits 000F92  
              _TRISBbits 000F93                _TRISCbits 000F94     uart_xmit@mydata_byte 0031  
    start_initialization 015C              __end_of_ISR 0086                _an8_value 0017  
              _an9_value 0019              __pbssCOMRAM 0001                __pintcode 0008  
               ?_init_io 0023                 _LATCbits 000F8B                 _PIE1bits 000F9D  
               _PIR1bits 000F9E            ??_serial_init 0033                _uart_data 001F  
              _uart_xmit 016E                 __Hrparam 0000                 __Lrparam 0000  
             ?_uart_xmit 0031      __end_of_serial_init 012C         __size_of_init_io 0030  
          __size_of_main 0068               _INTCONbits 000FF2                 intlevel2 0000  
             _RCSTA1bits 000FAB               _OSCCONbits 000FD3              _serial_init 00F2  
            ??_uart_xmit 0033        __CFG_FOSC$INTIO67 000000  
