Microchip MPLAB XC8 Compiler V1.31 ()

Linker command line:

--edf=C:\Program Files\Microchip\xc8\v1.31\dat\en_msgs.txt -cs \
  -h+dist/default/production\terminal.X.production.sym \
  --cmf=dist/default/production\terminal.X.production.cmf -z -Q18F26K22 \
  -oC:\Users\Chas\AppData\Local\Temp\s7ho.6 \
  -Mdist/default/production/terminal.X.production.map -E1 -ver=XC8 \
  -ASTACK=060h-09ffh -pstack=STACK -ACODE=00h-0FFFFh -ACONST=00h-0FFFFh \
  -ASMALLCONST=01000h-010FFhx240 -AMEDIUMCONST=01000h-0FFFFh \
  -ACOMRAM=01h-05Fh -AABS1=00h-0F37h -ABIGRAM=01h-0F37h \
  -ARAM=060h-0FFh,0100h-01FFhx14,0F00h-0F37h -ABANK0=060h-0FFh \
  -ABANK1=0100h-01FFh -ABANK2=0200h-02FFh -ABANK3=0300h-03FFh \
  -ABANK4=0400h-04FFh -ABANK5=0500h-05FFh -ABANK6=0600h-06FFh \
  -ABANK7=0700h-07FFh -ABANK8=0800h-08FFh -ABANK9=0900h-09FFh \
  -ABANK10=0A00h-0AFFh -ABANK11=0B00h-0BFFh -ABANK12=0C00h-0CFFh \
  -ABANK13=0D00h-0DFFh -ABANK14=0E00h-0EFFh -ABANK15=0F00h-0F37h \
  -ASFR=0F38h-0F5Fh,0F60h-0FFFh \
  -preset_vec=00h,intcode=08h,intcodelo,powerup,init,end_init \
  -pramtop=01000h -psmallconst=SMALLCONST -pmediumconst=MEDIUMCONST \
  -pconst=CONST -AFARRAM=00h-00h -ACONFIG=0300000h-030000Dh -pconfig=CONFIG \
  -AIDLOC=0200000h-0200007h -pidloc=IDLOC -AEEDATA=0F00000h-0F003FFh \
  -peeprom_data=EEDATA \
  -prdata=COMRAM,nvrram=COMRAM,nvbit=COMRAM,rbss=COMRAM,rbit=COMRAM \
  -pfarbss=FARRAM,fardata=FARRAM,nvFARRAM=FARRAM \
  -pintsave_regs=BIGRAM,bigbss=BIGRAM,bigdata=BIGRAM -pbss=RAM \
  -pidata=CODE,irdata=CODE,ibigdata=CODE,ifardata=CODE \
  C:\Users\Chas\AppData\Local\Temp\s7ho.obj \
  dist/default/production\terminal.X.production.obj 

Object code version is 3.11

Machine type is 18F26K22

Call graph: (short form)




                Name                               Link     Load   Length Selector   Space Scale
C:\Users\Chas\AppData\Local\Temp\s7ho.obj
                end_init                             86       86        4        4       0
                reset_vec                             0        0        4        0       0
                idloc                            200000   200000        8   200000       0
                config                           300000   300000        E   300000       0
dist/default/production\terminal.X.production.obj
                intcode                               8        8       7E        4       0
                text3                               12C      12C       30        4       0
                text2                               16E      16E        A        4       0
                text1                                F2       F2       3A        4       0
                text0                                8A       8A       68        4       0
                cstackCOMRAM                         23       23       12        1       1
                bssCOMRAM                             1        1       22        1       1
                cinit                               15C      15C       12        4       0

TOTAL           Name                               Link     Load   Length     Space
        CLASS   STACK          

        CLASS   CODE           
                end_init                             86       86        4         0
                intcode                               8        8       7E         0
                reset_vec                             0        0        4         0
                text3                               12C      12C       30         0
                text2                               16E      16E        A         0
                text1                                F2       F2       3A         0
                text0                                8A       8A       68         0
                cinit                               15C      15C       12         0

        CLASS   CONST          

        CLASS   SMALLCONST     

        CLASS   MEDIUMCONST    

        CLASS   COMRAM         
                cstackCOMRAM                         23       23       12         1
                bssCOMRAM                             1        1       22         1

        CLASS   ABS1           

        CLASS   BIGRAM         

        CLASS   RAM            

        CLASS   BANK0          

        CLASS   BANK1          

        CLASS   BANK2          

        CLASS   BANK3          

        CLASS   BANK4          

        CLASS   BANK5          

        CLASS   BANK6          

        CLASS   BANK7          

        CLASS   BANK8          

        CLASS   BANK9          

        CLASS   BANK10         

        CLASS   BANK11         

        CLASS   BANK12         

        CLASS   BANK13         

        CLASS   BANK14         

        CLASS   BANK15         

        CLASS   SFR            

        CLASS   FARRAM         

        CLASS   CONFIG         
                config                           300000   300000        E         0

        CLASS   IDLOC          
                idloc                            200000   200000        8         0

        CLASS   EEDATA         



SEGMENTS        Name                           Load    Length   Top    Selector   Space  Class

                reset_vec                      000000  000004  000004         0       0  CODE    
                bssCOMRAM                      000001  000034  000035         1       1  COMRAM  
                intcode                        000008  000170  000178         4       0  CODE    
                idloc                          200000  000008  200008    200000       0  IDLOC   
                config                         300000  00000E  30000E    300000       0  CONFIG  


UNUSED ADDRESS RANGES

        Name                Unused          Largest block    Delta
        BANK0            000060-0000FF               A0
        BANK1            000100-0001FF              100
        BANK10           000A00-000AFF              100
        BANK11           000B00-000BFF              100
        BANK12           000C00-000CFF              100
        BANK13           000D00-000DFF              100
        BANK14           000E00-000EFF              100
        BANK15           000F00-000F37               38
        BANK2            000200-0002FF              100
        BANK3            000300-0003FF              100
        BANK4            000400-0004FF              100
        BANK5            000500-0005FF              100
        BANK6            000600-0006FF              100
        BANK7            000700-0007FF              100
        BANK8            000800-0008FF              100
        BANK9            000900-0009FF              100
        BIGRAM           000035-000F37              F03
        CODE             000004-000007                4
                         000178-00FFFF             FE88
        COMRAM           000035-00005F               2B
        CONST            000004-000007                4
                         000178-00FFFF             FE88
        EEDATA           F00000-F003FF              400
        MEDIUMCONST      001000-00FFFF             F000
        RAM              000060-000F37              100
        SFR              000F38-000FFF               28
        SMALLCONST       001000-00FFFF              100
        STACK            000060-0009FF              9A0

                                  Symbol Table

_ADCON0                  (abs)        000FC2
_ADCON1                  (abs)        000FC1
_INTCONbits              (abs)        000FF2
_ISR                     intcode      000008
_LATCbits                (abs)        000F8B
_OSCCONbits              (abs)        000FD3
_PIE1bits                (abs)        000F9D
_PIR1bits                (abs)        000F9E
_PORTAbits               (abs)        000F80
_PORTBbits               (abs)        000F81
_RCREG                   (abs)        000FAE
_RCSTA1bits              (abs)        000FAB
_SPBRG1                  (abs)        000FAF
_SPBRGH1                 (abs)        000FB0
_TRISAbits               (abs)        000F92
_TRISBbits               (abs)        000F93
_TRISCbits               (abs)        000F94
_TXREG                   (abs)        000FAD
_TXSTA1bits              (abs)        000FAC
__CFG_BOREN$ON           (abs)        000000
__CFG_CP0$OFF            (abs)        000000
__CFG_CP1$OFF            (abs)        000000
__CFG_FCMEN$OFF          (abs)        000000
__CFG_FOSC$INTIO67       (abs)        000000
__CFG_HFOFST$OFF         (abs)        000000
__CFG_IESO$OFF           (abs)        000000
__CFG_LVP$OFF            (abs)        000000
__CFG_PWRTEN$OFF         (abs)        000000
__CFG_STVREN$ON          (abs)        000000
__CFG_WDTEN$OFF          (abs)        000000
__HRAM                   (abs)        000000
__Habs1                  abs1         000000
__Hbank0                 bank0        000000
__Hbank1                 bank1        000000
__Hbank10                bank10       000000
__Hbank11                bank11       000000
__Hbank12                bank12       000000
__Hbank13                bank13       000000
__Hbank14                bank14       000000
__Hbank15                bank15       000000
__Hbank2                 bank2        000000
__Hbank3                 bank3        000000
__Hbank4                 bank4        000000
__Hbank5                 bank5        000000
__Hbank6                 bank6        000000
__Hbank7                 bank7        000000
__Hbank8                 bank8        000000
__Hbank9                 bank9        000000
__Hbigbss                bigbss       000000
__Hbigdata               bigdata      000000
__Hbigram                bigram       000000
__Hbss                   bss          000000
__HbssCOMRAM             bssCOMRAM    000000
__Hcinit                 cinit        000000
__Hclrtext               clrtext      000000
__Hcomram                comram       000000
__Hconfig                config       30000E
__Hconst                 const        000000
__HcstackCOMRAM          cstackCOMRAM 000000
__Hdata                  data         000000
__Heeprom_data           eeprom_data  000000
__Hend_init              end_init     00008A
__Hfarbss                farbss       000000
__Hfardata               fardata      000000
__Hibigdata              ibigdata     000000
__Hidata                 idata        000000
__Hidloc                 idloc        200008
__Hifardata              ifardata     000000
__Hinit                  init         000086
__Hintcode               intcode      000086
__Hintcode_body          intcode_body 000000
__Hintcodelo             intcodelo    000086
__Hintentry              intentry     000000
__Hintret                intret       000000
__Hintsave_regs          intsave_regs 000000
__Hirdata                irdata       000000
__Hmediumconst           mediumconst  000000
__HnvFARRAM              nvFARRAM     000000
__Hnvbit                 nvbit        000000
__Hnvrram                nvrram       000000
__Hparam                 rparam       000000
__Hpowerup               powerup      000086
__Hram                   ram          000000
__Hramtop                ramtop       001000
__Hrbit                  rbit         000000
__Hrbss                  rbss         000000
__Hrdata                 rdata        000000
__Hreset_vec             reset_vec    000004
__Hrparam                rparam       000000
__Hsfr                   sfr          000000
__Hsmallconst            smallconst   000000
__Hstack                 stack        000000
__Hstruct                struct       000000
__Htemp                  temp         000000
__Htext                  text         000000
__Htext0                 text0        000000
__Htext1                 text1        000000
__Htext2                 text2        000000
__Htext3                 text3        000000
__LRAM                   (abs)        000001
__Labs1                  abs1         000000
__Lbank0                 bank0        000000
__Lbank1                 bank1        000000
__Lbank10                bank10       000000
__Lbank11                bank11       000000
__Lbank12                bank12       000000
__Lbank13                bank13       000000
__Lbank14                bank14       000000
__Lbank15                bank15       000000
__Lbank2                 bank2        000000
__Lbank3                 bank3        000000
__Lbank4                 bank4        000000
__Lbank5                 bank5        000000
__Lbank6                 bank6        000000
__Lbank7                 bank7        000000
__Lbank8                 bank8        000000
__Lbank9                 bank9        000000
__Lbigbss                bigbss       000000
__Lbigdata               bigdata      000000
__Lbigram                bigram       000000
__Lbss                   bss          000000
__LbssCOMRAM             bssCOMRAM    000000
__Lcinit                 cinit        000000
__Lclrtext               clrtext      000000
__Lcomram                comram       000000
__Lconfig                config       300000
__Lconst                 const        000000
__LcstackCOMRAM          cstackCOMRAM 000000
__Ldata                  data         000000
__Leeprom_data           eeprom_data  000000
__Lend_init              end_init     000086
__Lfarbss                farbss       000000
__Lfardata               fardata      000000
__Libigdata              ibigdata     000000
__Lidata                 idata        000000
__Lidloc                 idloc        200000
__Lifardata              ifardata     000000
__Linit                  init         000086
__Lintcode               intcode      000008
__Lintcode_body          intcode_body 000000
__Lintcodelo             intcodelo    000086
__Lintentry              intentry     000000
__Lintret                intret       000000
__Lintsave_regs          intsave_regs 000000
__Lirdata                irdata       000000
__Lmediumconst           mediumconst  000000
__LnvFARRAM              nvFARRAM     000000
__Lnvbit                 nvbit        000000
__Lnvrram                nvrram       000000
__Lparam                 rparam       000000
__Lpowerup               powerup      000086
__Lram                   ram          000000
__Lramtop                ramtop       001000
__Lrbit                  rbit         000000
__Lrbss                  rbss         000000
__Lrdata                 rdata        000000
__Lreset_vec             reset_vec    000000
__Lrparam                rparam       000000
__Lsfr                   sfr          000000
__Lsmallconst            smallconst   000000
__Lstack                 stack        000000
__Lstruct                struct       000000
__Ltemp                  temp         000000
__Ltext                  text         000000
__Ltext0                 text0        000000
__Ltext1                 text1        000000
__Ltext2                 text2        000000
__Ltext3                 text3        000000
__S0                     (abs)        30000E
__S1                     (abs)        000035
__S2                     (abs)        000000
___inthi_sp              stack        000000
___intlo_sp              stack        000000
___sp                    stack        000000
__accesstop              (abs)        000060
__activetblptr           (abs)        000000
__end_of_ISR             intcode      000086
__end_of__initialization cinit        000168
__end_of_init_io         text3        00015C
__end_of_main            text0        0000F2
__end_of_serial_init     text1        00012C
__end_of_uart_xmit       text2        000178
__initialization         cinit        00015C
__mediumconst            mediumconst  000000
__pbssCOMRAM             bssCOMRAM    000001
__pcinit                 cinit        00015C
__pcstackCOMRAM          cstackCOMRAM 000023
__pintcode               intcode      000008
__ptext0                 text0        00008A
__ptext1                 text1        0000F2
__ptext2                 text2        00016E
__ptext3                 text3        00012C
__ramtop                 ramtop       001000
__size_of_ISR            (abs)        000000
__size_of_init_io        (abs)        000000
__size_of_main           (abs)        000000
__size_of_serial_init    (abs)        000000
__size_of_uart_xmit      (abs)        000000
__smallconst             smallconst   000000
_an8_value               bssCOMRAM    000017
_an9_value               bssCOMRAM    000019
_buf                     bssCOMRAM    000001
_decm                    bssCOMRAM    00000B
_fvar                    bssCOMRAM    00000F
_init_io                 text3        00012C
_itxdata                 bssCOMRAM    00001B
_main                    text0        00008A
_serial_init             text1        0000F2
_tempi                   bssCOMRAM    00001D
_tens                    bssCOMRAM    000013
_uart_data               bssCOMRAM    00001F
_uart_xmit               text2        00016E
_vtxdata                 bssCOMRAM    000021
end_of_initialization    cinit        000168
intlevel0                text         000000
intlevel1                text         000000
intlevel2                text         000000
intlevel3                text         000000
stackhi                  (abs)        0009FF
stacklo                  (abs)        000060
start                    init         000086
start_initialization     cinit        00015C
uart_xmit@mydata_byte    cstackCOMRAM 000031


FUNCTION INFORMATION:

 *************** function _main *****************
 Defined at:
		line 132 in file "terminal.c"
 Parameters:    Size  Location     Type
		None
 Auto vars:     Size  Location     Type
		None
 Return value:  Size  Location     Type
                  2   76[COMRAM] int 
 Registers used:
		wreg, status,2, cstack
 Tracked objects:
		On entry : 
		On exit  : 
		Unchanged: 
 Data sizes:     COMRAM   BANK0   BANK1   BANK2   BANK3   BANK4   BANK5   BANK6   BANK7   BANK8   BANK9  BANK10  BANK11  BANK12  BANK13  BANK14  BANK15
      Params:         0       0       0       0       0       0       0       0       0       0       0       0       0       0       0       0       0
      Locals:         0       0       0       0       0       0       0       0       0       0       0       0       0       0       0       0       0
      Temps:          1       0       0       0       0       0       0       0       0       0       0       0       0       0       0       0       0
      Totals:         1       0       0       0       0       0       0       0       0       0       0       0       0       0       0       0       0
Total ram usage:        1 bytes
 Hardware stack levels required when called:    3
 This function calls:
		_init_io
		_serial_init
		_uart_xmit
 This function is called by:
		Startup code after reset
 This function uses a non-reentrant model


 *************** function _serial_init *****************
 Defined at:
		line 100 in file "terminal.c"
 Parameters:    Size  Location     Type
		None
 Auto vars:     Size  Location     Type
		None
 Return value:  Size  Location     Type
		None               void
 Registers used:
		wreg, status,2, cstack
 Tracked objects:
		On entry : 
		On exit  : 
		Unchanged: 
 Data sizes:     COMRAM   BANK0   BANK1   BANK2   BANK3   BANK4   BANK5   BANK6   BANK7   BANK8   BANK9  BANK10  BANK11  BANK12  BANK13  BANK14  BANK15
      Params:         0       0       0       0       0       0       0       0       0       0       0       0       0       0       0       0       0
      Locals:         0       0       0       0       0       0       0       0       0       0       0       0       0       0       0       0       0
      Temps:          1       0       0       0       0       0       0       0       0       0       0       0       0       0       0       0       0
      Totals:         1       0       0       0       0       0       0       0       0       0       0       0       0       0       0       0       0
Total ram usage:        1 bytes
 Hardware stack levels used:    1
 Hardware stack levels required when called:    2
 This function calls:
		_uart_xmit
 This function is called by:
		_main
 This function uses a non-reentrant model


 *************** function _uart_xmit *****************
 Defined at:
		line 94 in file "terminal.c"
 Parameters:    Size  Location     Type
  mydata_byte     2   14[COMRAM] unsigned int 
 Auto vars:     Size  Location     Type
		None
 Return value:  Size  Location     Type
		None               void
 Registers used:
		None
 Tracked objects:
		On entry : 
		On exit  : 
		Unchanged: 
 Data sizes:     COMRAM   BANK0   BANK1   BANK2   BANK3   BANK4   BANK5   BANK6   BANK7   BANK8   BANK9  BANK10  BANK11  BANK12  BANK13  BANK14  BANK15
      Params:         2       0       0       0       0       0       0       0       0       0       0       0       0       0       0       0       0
      Locals:         0       0       0       0       0       0       0       0       0       0       0       0       0       0       0       0       0
      Temps:          0       0       0       0       0       0       0       0       0       0       0       0       0       0       0       0       0
      Totals:         2       0       0       0       0       0       0       0       0       0       0       0       0       0       0       0       0
Total ram usage:        2 bytes
 Hardware stack levels used:    1
 Hardware stack levels required when called:    1
 This function calls:
		Nothing
 This function is called by:
		_serial_init
		_main
 This function uses a non-reentrant model


 *************** function _init_io *****************
 Defined at:
		line 61 in file "terminal.c"
 Parameters:    Size  Location     Type
		None
 Auto vars:     Size  Location     Type
		None
 Return value:  Size  Location     Type
		None               void
 Registers used:
		wreg, status,2
 Tracked objects:
		On entry : 
		On exit  : 
		Unchanged: 
 Data sizes:     COMRAM   BANK0   BANK1   BANK2   BANK3   BANK4   BANK5   BANK6   BANK7   BANK8   BANK9  BANK10  BANK11  BANK12  BANK13  BANK14  BANK15
      Params:         0       0       0       0       0       0       0       0       0       0       0       0       0       0       0       0       0
      Locals:         0       0       0       0       0       0       0       0       0       0       0       0       0       0       0       0       0
      Temps:          0       0       0       0       0       0       0       0       0       0       0       0       0       0       0       0       0
      Totals:         0       0       0       0       0       0       0       0       0       0       0       0       0       0       0       0       0
Total ram usage:        0 bytes
 Hardware stack levels used:    1
 Hardware stack levels required when called:    1
 This function calls:
		Nothing
 This function is called by:
		_main
 This function uses a non-reentrant model


 *************** function _ISR *****************
 Defined at:
		line 51 in file "terminal.c"
 Parameters:    Size  Location     Type
		None
 Auto vars:     Size  Location     Type
		None
 Return value:  Size  Location     Type
		None               void
 Registers used:
		None
 Tracked objects:
		On entry : 
		On exit  : 
		Unchanged: 
 Data sizes:     COMRAM   BANK0   BANK1   BANK2   BANK3   BANK4   BANK5   BANK6   BANK7   BANK8   BANK9  BANK10  BANK11  BANK12  BANK13  BANK14  BANK15
      Params:         0       0       0       0       0       0       0       0       0       0       0       0       0       0       0       0       0
      Locals:         0       0       0       0       0       0       0       0       0       0       0       0       0       0       0       0       0
      Temps:         14       0       0       0       0       0       0       0       0       0       0       0       0       0       0       0       0
      Totals:        14       0       0       0       0       0       0       0       0       0       0       0       0       0       0       0       0
Total ram usage:       14 bytes
 Hardware stack levels used:    1
 This function calls:
		Nothing
 This function is called by:
		Interrupt level 2
 This function uses a non-reentrant model



MODULE INFORMATION

Module		Function		Class		Link	Load	Size
shared
		__initializatio		CODE           	015C	0000	12

shared estimated size: 12

terminal.c
		_ISR           		CODE           	0008	0000	126
		_main          		CODE           	008A	0000	104
		_serial_init   		CODE           	00F2	0000	58
		_init_io       		CODE           	012C	0000	48
		_uart_xmit     		CODE           	016E	0000	10

terminal.c estimated size: 346

