

Microchip Technology PIC LITE Macro Assembler V1.31 build 56723 
                                                                                               Thu May 22 21:36:42 2014

Microchip Technology Omniscient Code Generator (Lite mode) build 56723
     1                           	processor	16F887
     2                           	opt	pw 120
     3                           	opt	lm
     4                           	psect	strings,global,class=STRING,delta=2
     5                           	psect	cinit,global,class=CODE,merge=1,delta=2
     6                           	psect	bssCOMMON,global,class=COMMON,space=1,delta=1
     7                           	psect	bssBANK0,global,class=BANK0,space=1,delta=1
     8                           	psect	clrtext,global,class=CODE,delta=2
     9                           	psect	cstackCOMMON,global,class=COMMON,space=1,delta=1
    10                           	psect	cstackBANK0,global,class=BANK0,space=1,delta=1
    11                           	psect	maintext,global,class=CODE,split=1,delta=2
    12                           	psect	text1,local,class=CODE,merge=1,delta=2
    13                           	psect	text2,local,class=CODE,merge=1,delta=2
    14                           	psect	text3,local,class=CODE,merge=1,delta=2
    15                           	psect	text4,local,class=CODE,merge=1,delta=2
    16                           	psect	text5,local,class=CODE,merge=1,delta=2
    17                           	psect	text6,local,class=CODE,merge=1,delta=2
    18                           	psect	text7,local,class=CODE,merge=1,delta=2
    19                           	psect	text8,local,class=CODE,merge=1,delta=2
    20                           	psect	text9,local,class=CODE,merge=1,delta=2
    21                           	psect	intentry,global,class=CODE,delta=2
    22                           	dabs	1,0x7E,2
    23  0000                     	;# 
    24  0001                     	;# 
    25  0002                     	;# 
    26  0003                     	;# 
    27  0004                     	;# 
    28  0005                     	;# 
    29  0006                     	;# 
    30  0007                     	;# 
    31  0008                     	;# 
    32  0009                     	;# 
    33  000A                     	;# 
    34  000B                     	;# 
    35  000C                     	;# 
    36  000D                     	;# 
    37  000E                     	;# 
    38  000E                     	;# 
    39  000F                     	;# 
    40  0010                     	;# 
    41  0011                     	;# 
    42  0012                     	;# 
    43  0013                     	;# 
    44  0014                     	;# 
    45  0015                     	;# 
    46  0015                     	;# 
    47  0016                     	;# 
    48  0017                     	;# 
    49  0018                     	;# 
    50  0019                     	;# 
    51  001A                     	;# 
    52  001B                     	;# 
    53  001B                     	;# 
    54  001C                     	;# 
    55  001D                     	;# 
    56  001E                     	;# 
    57  001F                     	;# 
    58  0081                     	;# 
    59  0085                     	;# 
    60  0086                     	;# 
    61  0087                     	;# 
    62  0088                     	;# 
    63  0089                     	;# 
    64  008C                     	;# 
    65  008D                     	;# 
    66  008E                     	;# 
    67  008F                     	;# 
    68  0090                     	;# 
    69  0091                     	;# 
    70  0092                     	;# 
    71  0093                     	;# 
    72  0093                     	;# 
    73  0093                     	;# 
    74  0094                     	;# 
    75  0095                     	;# 
    76  0096                     	;# 
    77  0097                     	;# 
    78  0098                     	;# 
    79  0099                     	;# 
    80  009A                     	;# 
    81  009B                     	;# 
    82  009C                     	;# 
    83  009D                     	;# 
    84  009E                     	;# 
    85  009F                     	;# 
    86  0105                     	;# 
    87  0107                     	;# 
    88  0108                     	;# 
    89  0109                     	;# 
    90  010C                     	;# 
    91  010C                     	;# 
    92  010D                     	;# 
    93  010E                     	;# 
    94  010F                     	;# 
    95  0185                     	;# 
    96  0187                     	;# 
    97  0188                     	;# 
    98  0189                     	;# 
    99  018C                     	;# 
   100  018D                     	;# 
   101  000B                     _INTCONbits	set	11
   102  000C                     _PIR1bits	set	12
   103  0006                     _PORTB	set	6
   104  0006                     _PORTBbits	set	6
   105  0008                     _PORTD	set	8
   106  0008                     _PORTDbits	set	8
   107  001A                     _RCREG	set	26
   108  0018                     _RCSTAbits	set	24
   109  0019                     _TXREG	set	25
   110  008F                     _OSCCONbits	set	143
   111  008C                     _PIE1bits	set	140
   112  0099                     _SPBRG	set	153
   113  0085                     _TRISAbits	set	133
   114  0086                     _TRISBbits	set	134
   115  0087                     _TRISCbits	set	135
   116  0088                     _TRISDbits	set	136
   117  0089                     _TRISEbits	set	137
   118  0098                     _TXSTAbits	set	152
   119  0107                     _CM1CON0	set	263
   120  0108                     _CM2CON0	set	264
   121  0188                     _ANSEL	set	392
   122  0189                     _ANSELH	set	393
   123                           
   124                           	psect	strings
   125  0149                     __pstrings:	
   126  0149                     stringtab:	
   127  0149                     __stringtab:	
   128                           
   129                           ;	String table - string pointers are 1 byte each
   130  0149  1BFF               	btfsc	btemp+1,7
   131  014A  2953               	ljmp	stringcode
   132  014B  1383               	bcf	3,7
   133  014C  187F               	btfsc	btemp+1,0
   134  014D  1783               	bsf	3,7
   135  014E  0800               	movf	0,w
   136  014F  0A84               	incf	4,f
   137  0150  1903               	skipnz
   138  0151  0AFF               	incf	btemp+1,f
   139  0152  0008               	return
   140  0153                     stringcode:	
   141  0153                     stringdir:	
   142  0153  3001               	movlw	high stringdir
   143  0154  008A               	movwf	10
   144  0155  0804               	movf	4,w
   145  0156  0A84               	incf	4,f
   146  0157  0782               	addwf	2,f
   147  0158                     __stringbase:	
   148  0158  3400               	retlw	0
   149  0159                     __end_of__stringtab:	
   150  0159                     __stringdata:	
   151  0159                     STR_1:	
   152  0159  3420               	retlw	32	;' '
   153  015A  3420               	retlw	32	;' '
   154  015B  3420               	retlw	32	;' '
   155  015C  3420               	retlw	32	;' '
   156  015D  3420               	retlw	32	;' '
   157  015E  3420               	retlw	32	;' '
   158  015F  3420               	retlw	32	;' '
   159  0160  3420               	retlw	32	;' '
   160  0161  3420               	retlw	32	;' '
   161  0162  3420               	retlw	32	;' '
   162  0163  3420               	retlw	32	;' '
   163  0164  3420               	retlw	32	;' '
   164  0165  3420               	retlw	32	;' '
   165  0166  3420               	retlw	32	;' '
   166  0167  3420               	retlw	32	;' '
   167  0168  3420               	retlw	32	;' '
   168  0169  3400               	retlw	0
   169  016A                     STR_3:	
   170  016A  3430               	retlw	48	;'0'
   171  016B  3478               	retlw	120	;'x'
   172  016C  3445               	retlw	69	;'E'
   173  016D  3445               	retlw	69	;'E'
   174  016E  342E               	retlw	46	;'.'
   175  016F  346E               	retlw	110	;'n'
   176  0170  3465               	retlw	101	;'e'
   177  0171  3474               	retlw	116	;'t'
   178  0172  3420               	retlw	32	;' '
   179  0173  3420               	retlw	32	;' '
   180  0174  3420               	retlw	32	;' '
   181  0175  3420               	retlw	32	;' '
   182  0176  3420               	retlw	32	;' '
   183  0177  3420               	retlw	32	;' '
   184  0178  3420               	retlw	32	;' '
   185  0179  3420               	retlw	32	;' '
   186  017A  3400               	retlw	0
   187  017B                     STR_4:	
   188  017B  3457               	retlw	87	;'W'
   189  017C  3465               	retlw	101	;'e'
   190  017D  346C               	retlw	108	;'l'
   191  017E  3463               	retlw	99	;'c'
   192  017F  346F               	retlw	111	;'o'
   193  0180  346D               	retlw	109	;'m'
   194  0181  3465               	retlw	101	;'e'
   195  0182  3473               	retlw	115	;'s'
   196  0183  3420               	retlw	32	;' '
   197  0184  3459               	retlw	89	;'Y'
   198  0185  346F               	retlw	111	;'o'
   199  0186  3475               	retlw	117	;'u'
   200  0187  3421               	retlw	33	;'!'
   201  0188  3420               	retlw	32	;' '
   202  0189  3420               	retlw	32	;' '
   203  018A  3420               	retlw	32	;' '
   204  018B  3400               	retlw	0
   205  018C                     __end_of__stringdata:	
   206                           
   207                           ; #config settings
   208  0000                     
   209                           	psect	cinit
   210  0015                     start_initialization:	
   211  0015                     __initialization:	
   212                           
   213                           ; Clear objects allocated to COMMON
   214  0015  01F6               	clrf	__pbssCOMMON& (0+127)
   215  0016  01F7               	clrf	(__pbssCOMMON+1)& (0+127)
   216  0017  01F8               	clrf	(__pbssCOMMON+2)& (0+127)
   217  0018  01F9               	clrf	(__pbssCOMMON+3)& (0+127)
   218  0019  01FA               	clrf	(__pbssCOMMON+4)& (0+127)
   219                           
   220                           ; Clear objects allocated to BANK0
   221  001A  1383               	bcf	3,7	;select IRP bank0
   222  001B  3020               	movlw	low __pbssBANK0
   223  001C  0084               	movwf	4
   224  001D  303F               	movlw	low (__pbssBANK0+31)
   225  001E  120A  118A  2293   	fcall	clear_ram0
   226  0021                     end_of_initialization:	
   227                           ;End of C runtime variable initialization code
   228                           
   229  0021                     __end_of__initialization:	
   230  0021  0183               	clrf	3
   231  0022  120A  118A  2825   	ljmp	_main	;jump to C main() function
   232                           
   233                           	psect	bssCOMMON
   234  0076                     __pbssCOMMON:	
   235  0076                     _index:	
   236  0076                     	ds	2
   237  0078                     _uart_data:	
   238  0078                     	ds	2
   239  007A                     _rx:	
   240  007A                     	ds	1
   241                           
   242                           	psect	bssBANK0
   243  0020                     __pbssBANK0:	
   244  0020                     _l:	
   245  0020                     	ds	2
   246  0022                     _meaning_of_life:	
   247  0022                     	ds	2
   248  0024                     _n:	
   249  0024                     	ds	2
   250  0026                     _new_rx:	
   251  0026                     	ds	2
   252  0028                     _newline:	
   253  0028                     	ds	2
   254  002A                     _rxtxt:	
   255  002A                     	ds	21
   256                           
   257                           	psect	clrtext
   258  0293                     clear_ram0:	
   259                           ;	Called with FSR containing the base address, and
   260                           ;	W with the last address+1
   261                           
   262  0293  0064               	clrwdt	;clear the watchdog before getting into this loop
   263  0294                     clrloop0:	
   264  0294  0180               	clrf	0	;clear RAM location pointed to by FSR
   265  0295  0A84               	incf	4,f	;increment pointer
   266  0296  0604               	xorwf	4,w	;XOR with final address
   267  0297  1903               	btfsc	3,2	;have we reached the end yet?
   268  0298  3400               	retlw	0	;all done for this memory range, return
   269  0299  0604               	xorwf	4,w	;XOR again to restore value
   270  029A  2A94               	goto	clrloop0	;do the next byte
   271                           
   272                           	psect	cstackCOMMON
   273  0070                     __pcstackCOMMON:	
   274  0070                     ?_ISR:	
   275  0070                     ??_ISR:	
   276                           ; 0 bytes @ 0x0
   277                           
   278  0070                     ?_init_io:	
   279                           ; 0 bytes @ 0x0
   280                           
   281  0070                     ?_serial_init:	
   282                           ; 0 bytes @ 0x0
   283                           
   284  0070                     ?_lcd_strobe:	
   285                           ; 0 bytes @ 0x0
   286                           
   287  0070                     ?_lcd_write:	
   288                           ; 0 bytes @ 0x0
   289                           
   290  0070                     ?_lcd_clear:	
   291                           ; 0 bytes @ 0x0
   292                           
   293  0070                     ?_lcd_goto:	
   294                           ; 0 bytes @ 0x0
   295                           
   296  0070                     ?_lcd_init:	
   297                           ; 0 bytes @ 0x0
   298                           
   299  0070                     ?_main:	
   300                           ; 0 bytes @ 0x0
   301                           
   302                           
   303                           ; 0 bytes @ 0x0
   304  0070                     	ds	5
   305  0075                     ISR@temp:	
   306                           
   307                           ; 1 bytes @ 0x5
   308  0075                     	ds	1
   309                           
   310                           	psect	cstackBANK0
   311  003F                     __pcstackBANK0:	
   312  003F                     ??_init_io:	
   313  003F                     ??_serial_init:	
   314                           ; 0 bytes @ 0x0
   315                           
   316  003F                     ??_lcd_strobe:	
   317                           ; 0 bytes @ 0x0
   318                           
   319                           
   320                           ; 0 bytes @ 0x0
   321  003F                     	ds	2
   322  0041                     ??_lcd_write:	
   323                           
   324                           ; 0 bytes @ 0x2
   325  0041                     	ds	1
   326  0042                     lcd_write@c:	
   327                           
   328                           ; 1 bytes @ 0x3
   329  0042                     	ds	1
   330  0043                     ??_lcd_clear:	
   331  0043                     ?_lcd_puts:	
   332                           ; 0 bytes @ 0x4
   333                           
   334  0043                     ??_lcd_goto:	
   335                           ; 0 bytes @ 0x4
   336                           
   337  0043                     ??_lcd_init:	
   338                           ; 0 bytes @ 0x4
   339                           
   340  0043                     lcd_goto@pos:	
   341                           ; 0 bytes @ 0x4
   342                           
   343  0043                     lcd_puts@s:	
   344                           ; 1 bytes @ 0x4
   345                           
   346                           
   347                           ; 2 bytes @ 0x4
   348  0043                     	ds	2
   349  0045                     ??_lcd_puts:	
   350  0045                     ??_main:	
   351                           ; 0 bytes @ 0x6
   352                           
   353                           
   354                           ; 0 bytes @ 0x6
   355  0045                     	ds	3
   356                           
   357                           	psect	maintext
   358  0025                     __pmaintext:	
   359 ;;
   360 ;;Main: autosize = 0, tempsize = 3, incstack = 0, save=0
   361 ;;
   362 ;; *************** function _main *****************
   363 ;; Defined at:
   364 ;;		line 268 in file "rx-main.c"
   365 ;; Parameters:    Size  Location     Type
   366 ;;		None
   367 ;; Auto vars:     Size  Location     Type
   368 ;;		None
   369 ;; Return value:  Size  Location     Type
   370 ;;		None               void
   371 ;; Registers used:
   372 ;;		wreg, fsr0l, fsr0h, status,2, status,0, btemp+1, pclath, cstack
   373 ;; Tracked objects:
   374 ;;		On entry : 17F/0
   375 ;;		On exit  : 0/0
   376 ;;		Unchanged: 0/0
   377 ;; Data sizes:     COMMON   BANK0   BANK1   BANK3   BANK2
   378 ;;      Params:         0       0       0       0       0
   379 ;;      Locals:         0       0       0       0       0
   380 ;;      Temps:          0       3       0       0       0
   381 ;;      Totals:         0       3       0       0       0
   382 ;;Total ram usage:        3 bytes
   383 ;; Hardware stack levels required when called:    4
   384 ;; This function calls:
   385 ;;		_init_io
   386 ;;		_lcd_clear
   387 ;;		_lcd_goto
   388 ;;		_lcd_init
   389 ;;		_lcd_puts
   390 ;;		_serial_init
   391 ;; This function is called by:
   392 ;;		Startup code after reset
   393 ;; This function uses a non-reentrant model
   394 ;;
   395                           
   396                           
   397                           ;psect for function _main
   398  0025                     _main:	
   399                           
   400                           ;rx-main.c: 270: OSCCONbits.IRCF = 0x06;
   401                           
   402                           ;incstack = 0
   403                           ; Regs used in _main: [wreg-fsr0h+status,2+status,0+btemp+1+pclath+cstack]
   404  0025  1683               	bsf	3,5	;RP0=1, select bank1
   405  0026  1303               	bcf	3,6	;RP1=0, select bank1
   406  0027  080F               	movf	15,w	;volatile
   407  0028  398F               	andlw	-113
   408  0029  3860               	iorlw	96
   409  002A  008F               	movwf	15	;volatile
   410                           
   411                           ;rx-main.c: 272: init_io();
   412  002B  120A  118A  218C   	fcall	_init_io
      +       120A  118A         
   413                           
   414                           ;rx-main.c: 273: serial_init();
   415  0030  120A  118A  2243   	fcall	_serial_init
      +       120A  118A         
   416                           
   417                           ;rx-main.c: 274: lcd_init();
   418  0035  120A  118A  20D9   	fcall	_lcd_init
      +       120A  118A         
   419                           
   420                           ;rx-main.c: 276: _delay((unsigned long)((10)*(4000000/4000.0)));
   421  003A  300D               	movlw	13
   422  003B  1283               	bcf	3,5	;RP0=0, select bank0
   423  003C  1303               	bcf	3,6	;RP1=0, select bank0
   424  003D  00C6               	movwf	??_main+1
   425  003E  30FB               	movlw	251
   426  003F  00C5               	movwf	??_main
   427  0040                     u267:	
   428  0040  0BC5               	decfsz	??_main,f
   429  0041  2840               	goto	u267
   430  0042  0BC6               	decfsz	??_main+1,f
   431  0043  2840               	goto	u267
   432  0044  2845               	nop2
   433                           
   434                           ;rx-main.c: 278: lcd_goto(0);
   435  0045  3000               	movlw	0
   436  0046  120A  118A  2289   	fcall	_lcd_goto
      +       120A  118A         
   437                           
   438                           ;rx-main.c: 279: lcd_puts("0xEE.net        ");
   439  004B  3012               	movlw	low (STR_3-__stringbase)
   440  004C  1283               	bcf	3,5	;RP0=0, select bank0
   441  004D  1303               	bcf	3,6	;RP1=0, select bank0
   442  004E  00C3               	movwf	lcd_puts@s
   443  004F  3080               	movlw	128
   444  0050  00C4               	movwf	lcd_puts@s+1
   445  0051  120A  118A  221F   	fcall	_lcd_puts
      +       120A  118A         
   446                           
   447                           ;rx-main.c: 280: lcd_goto(64);
   448  0056  3040               	movlw	64
   449  0057  120A  118A  2289   	fcall	_lcd_goto
      +       120A  118A         
   450                           
   451                           ;rx-main.c: 281: lcd_puts("Welcomes You!   ");
   452  005C  3023               	movlw	low (STR_4-__stringbase)
   453  005D  1283               	bcf	3,5	;RP0=0, select bank0
   454  005E  1303               	bcf	3,6	;RP1=0, select bank0
   455  005F  00C3               	movwf	lcd_puts@s
   456  0060  3080               	movlw	128
   457  0061  00C4               	movwf	lcd_puts@s+1
   458  0062  120A  118A  221F   	fcall	_lcd_puts
      +       120A  118A         
   459                           
   460                           ;rx-main.c: 282: _delay((unsigned long)((1000)*(4000000/4000.0)));
   461  0067  3006               	movlw	6
   462  0068  1283               	bcf	3,5	;RP0=0, select bank0
   463  0069  1303               	bcf	3,6	;RP1=0, select bank0
   464  006A  00C7               	movwf	??_main+2
   465  006B  3013               	movlw	19
   466  006C  00C6               	movwf	??_main+1
   467  006D  30B1               	movlw	177
   468  006E  00C5               	movwf	??_main
   469  006F                     u277:	
   470  006F  0BC5               	decfsz	??_main,f
   471  0070  286F               	goto	u277
   472  0071  0BC6               	decfsz	??_main+1,f
   473  0072  286F               	goto	u277
   474  0073  0BC7               	decfsz	??_main+2,f
   475  0074  286F               	goto	u277
   476  0075  2876               	nop2
   477                           
   478                           ;rx-main.c: 283: lcd_clear();
   479  0076  120A  118A  2265   	fcall	_lcd_clear
      +       120A  118A         
   480                           
   481                           ;rx-main.c: 284: lcd_goto(0);
   482  007B  3000               	movlw	0
   483  007C  120A  118A  2289   	fcall	_lcd_goto
      +       120A  118A         
   484                           
   485                           ;rx-main.c: 285: l = 0;
   486  0081  1283               	bcf	3,5	;RP0=0, select bank0
   487  0082  1303               	bcf	3,6	;RP1=0, select bank0
   488  0083  01A0               	clrf	_l
   489  0084  01A1               	clrf	_l+1
   490                           
   491                           ;rx-main.c: 286: newline = 0;
   492  0085  01A8               	clrf	_newline
   493  0086  01A9               	clrf	_newline+1
   494  0087                     l1246:	
   495                           ;rx-main.c: 288: while ( 1 ) {
   496                           
   497                           
   498                           ;rx-main.c: 290: meaning_of_life = 42;
   499  0087  302A               	movlw	42
   500  0088  00A2               	movwf	_meaning_of_life
   501  0089  3000               	movlw	0
   502  008A  00A3               	movwf	_meaning_of_life+1
   503                           
   504                           ;rx-main.c: 292: if (new_rx==1)
   505  008B  3001               	movlw	1
   506  008C  0626               	xorwf	_new_rx,w	;volatile
   507  008D  0427               	iorwf	_new_rx+1,w	;volatile
   508  008E  1D03               	skipz
   509  008F  2887               	goto	l1246
   510                           
   511                           ;rx-main.c: 293: {
   512                           ;rx-main.c: 295: lcd_puts(rxtxt);
   513  0090  302A               	movlw	_rxtxt& (0+255)
   514  0091  00C3               	movwf	lcd_puts@s
   515  0092  3000               	movlw	0
   516  0093  00C4               	movwf	lcd_puts@s+1
   517  0094  120A  118A  221F   	fcall	_lcd_puts
      +       120A  118A         
   518                           
   519                           ;rx-main.c: 296: n = 0;
   520  0099  1283               	bcf	3,5	;RP0=0, select bank0
   521  009A  1303               	bcf	3,6	;RP1=0, select bank0
   522  009B  01A4               	clrf	_n
   523  009C  01A5               	clrf	_n+1
   524  009D                     l1258:	
   525                           ;rx-main.c: 297: while (n < 20){
   526                           
   527  009D  0825               	movf	_n+1,w
   528  009E  3A80               	xorlw	128
   529  009F  00FF               	movwf	127
   530  00A0  3080               	movlw	128
   531  00A1  027F               	subwf	127,w
   532  00A2  1D03               	skipz
   533  00A3  28A6               	goto	u245
   534  00A4  3014               	movlw	20
   535  00A5  0224               	subwf	_n,w
   536  00A6                     u245:	
   537  00A6  1803               	btfsc	3,0
   538  00A7  28B9               	goto	l1260
   539                           
   540                           ;rx-main.c: 298: rxtxt[n] = ' ';
   541  00A8  3020               	movlw	32
   542  00A9  1283               	bcf	3,5	;RP0=0, select bank0
   543  00AA  1303               	bcf	3,6	;RP1=0, select bank0
   544  00AB  00C5               	movwf	??_main
   545  00AC  0824               	movf	_n,w
   546  00AD  3E2A               	addlw	_rxtxt& (0+255)
   547  00AE  0084               	movwf	4
   548  00AF  0845               	movf	??_main,w
   549  00B0  1383               	bcf	3,7	;select IRP bank0
   550  00B1  0080               	movwf	0
   551                           
   552                           ;rx-main.c: 299: n++;
   553  00B2  3001               	movlw	1
   554  00B3  07A4               	addwf	_n,f
   555  00B4  1803               	skipnc
   556  00B5  0AA5               	incf	_n+1,f
   557  00B6  3000               	movlw	0
   558  00B7  07A5               	addwf	_n+1,f
   559  00B8  289D               	goto	l1258
   560  00B9                     l1260:	
   561                           
   562                           ;rx-main.c: 300: }
   563                           ;rx-main.c: 301: if (newline) {
   564  00B9  1283               	bcf	3,5	;RP0=0, select bank0
   565  00BA  1303               	bcf	3,6	;RP1=0, select bank0
   566  00BB  0829               	movf	_newline+1,w
   567  00BC  0428               	iorwf	_newline,w
   568  00BD  1903               	skipnz
   569  00BE  28CA               	goto	l1266
   570                           
   571                           ;rx-main.c: 302: lcd_goto(64);
   572  00BF  3040               	movlw	64
   573  00C0  120A  118A  2289   	fcall	_lcd_goto
      +       120A  118A         
   574                           
   575                           ;rx-main.c: 303: newline = 0;
   576  00C5  1283               	bcf	3,5	;RP0=0, select bank0
   577  00C6  1303               	bcf	3,6	;RP1=0, select bank0
   578  00C7  01A8               	clrf	_newline
   579  00C8  01A9               	clrf	_newline+1
   580                           
   581                           ;rx-main.c: 304: }
   582  00C9  28D6               	goto	l1270
   583  00CA                     l1266:	
   584                           
   585                           ;rx-main.c: 305: else {
   586                           ;rx-main.c: 306: lcd_goto(0);
   587  00CA  3000               	movlw	0
   588  00CB  120A  118A  2289   	fcall	_lcd_goto
      +       120A  118A         
   589                           
   590                           ;rx-main.c: 307: newline=1;
   591  00D0  3001               	movlw	1
   592  00D1  1283               	bcf	3,5	;RP0=0, select bank0
   593  00D2  1303               	bcf	3,6	;RP1=0, select bank0
   594  00D3  00A8               	movwf	_newline
   595  00D4  3000               	movlw	0
   596  00D5  00A9               	movwf	_newline+1
   597  00D6                     l1270:	
   598                           
   599                           ;rx-main.c: 308: }
   600                           ;rx-main.c: 310: new_rx = 0;
   601  00D6  01A6               	clrf	_new_rx	;volatile
   602  00D7  01A7               	clrf	_new_rx+1	;volatile
   603  00D8  2887               	goto	l1246
   604  00D9                     __end_of_main:	
   605                           
   606                           	psect	text1
   607  0243                     __ptext1:	
   608 ;; *************** function _serial_init *****************
   609 ;; Defined at:
   610 ;;		line 147 in file "rx-main.c"
   611 ;; Parameters:    Size  Location     Type
   612 ;;		None
   613 ;; Auto vars:     Size  Location     Type
   614 ;;		None
   615 ;; Return value:  Size  Location     Type
   616 ;;		None               void
   617 ;; Registers used:
   618 ;;		wreg
   619 ;; Tracked objects:
   620 ;;		On entry : 0/0
   621 ;;		On exit  : 0/0
   622 ;;		Unchanged: 0/0
   623 ;; Data sizes:     COMMON   BANK0   BANK1   BANK3   BANK2
   624 ;;      Params:         0       0       0       0       0
   625 ;;      Locals:         0       0       0       0       0
   626 ;;      Temps:          0       2       0       0       0
   627 ;;      Totals:         0       2       0       0       0
   628 ;;Total ram usage:        2 bytes
   629 ;; Hardware stack levels used:    1
   630 ;; Hardware stack levels required when called:    1
   631 ;; This function calls:
   632 ;;		Nothing
   633 ;; This function is called by:
   634 ;;		_main
   635 ;; This function uses a non-reentrant model
   636 ;;
   637                           
   638                           
   639                           ;psect for function _serial_init
   640  0243                     _serial_init:	
   641                           
   642                           ;rx-main.c: 152: TXSTAbits.BRGH=1;
   643                           
   644                           ;incstack = 0
   645                           ; Regs used in _serial_init: [wreg]
   646  0243  1683               	bsf	3,5	;RP0=1, select bank1
   647  0244  1303               	bcf	3,6	;RP1=0, select bank1
   648  0245  1518               	bsf	24,2	;volatile
   649                           
   650                           ;rx-main.c: 153: TXSTAbits.TX9=0;
   651  0246  1318               	bcf	24,6	;volatile
   652                           
   653                           ;rx-main.c: 154: TXSTAbits.TXEN = 1;
   654  0247  1698               	bsf	24,5	;volatile
   655                           
   656                           ;rx-main.c: 157: RCSTAbits.SPEN=1;
   657  0248  1283               	bcf	3,5	;RP0=0, select bank0
   658  0249  1303               	bcf	3,6	;RP1=0, select bank0
   659  024A  1798               	bsf	24,7	;volatile
   660                           
   661                           ;rx-main.c: 158: RCSTAbits.RX9=0;
   662  024B  1318               	bcf	24,6	;volatile
   663                           
   664                           ;rx-main.c: 159: RCSTAbits.CREN=1;
   665  024C  1618               	bsf	24,4	;volatile
   666                           
   667                           ;rx-main.c: 161: SPBRG=25;
   668  024D  3019               	movlw	25
   669  024E  1683               	bsf	3,5	;RP0=1, select bank1
   670  024F  1303               	bcf	3,6	;RP1=0, select bank1
   671  0250  0099               	movwf	25	;volatile
   672                           
   673                           ;rx-main.c: 164: PIR1bits.RCIF=0;
   674  0251  1283               	bcf	3,5	;RP0=0, select bank0
   675  0252  1303               	bcf	3,6	;RP1=0, select bank0
   676  0253  128C               	bcf	12,5	;volatile
   677                           
   678                           ;rx-main.c: 165: PIE1bits.RCIE=1;
   679  0254  1683               	bsf	3,5	;RP0=1, select bank1
   680  0255  1303               	bcf	3,6	;RP1=0, select bank1
   681  0256  168C               	bsf	12,5	;volatile
   682                           
   683                           ;rx-main.c: 166: INTCONbits.PEIE = 1;
   684  0257  170B               	bsf	11,6	;volatile
   685                           
   686                           ;rx-main.c: 167: INTCONbits.GIE = 1;
   687  0258  178B               	bsf	11,7	;volatile
   688                           
   689                           ;rx-main.c: 169: _delay((unsigned long)((100)*(4000000/4000.0)));
   690  0259  3082               	movlw	130
   691  025A  1283               	bcf	3,5	;RP0=0, select bank0
   692  025B  1303               	bcf	3,6	;RP1=0, select bank0
   693  025C  00C0               	movwf	??_serial_init+1
   694  025D  30DD               	movlw	221
   695  025E  00BF               	movwf	??_serial_init
   696  025F                     u287:	
   697  025F  0BBF               	decfsz	??_serial_init,f
   698  0260  2A5F               	goto	u287
   699  0261  0BC0               	decfsz	??_serial_init+1,f
   700  0262  2A5F               	goto	u287
   701  0263  2A64               	nop2
   702  0264  0008               	return
   703  0265                     __end_of_serial_init:	
   704                           
   705                           	psect	text2
   706  021F                     __ptext2:	
   707 ;; *************** function _lcd_puts *****************
   708 ;; Defined at:
   709 ;;		line 205 in file "rx-main.c"
   710 ;; Parameters:    Size  Location     Type
   711 ;;  s               2    4[BANK0 ] PTR const unsigned char 
   712 ;;		 -> STR_4(17), STR_3(17), STR_2(17), STR_1(17), 
   713 ;;		 -> rxtxt(21), 
   714 ;; Auto vars:     Size  Location     Type
   715 ;;		None
   716 ;; Return value:  Size  Location     Type
   717 ;;		None               void
   718 ;; Registers used:
   719 ;;		wreg, fsr0l, fsr0h, status,2, status,0, btemp+1, pclath, cstack
   720 ;; Tracked objects:
   721 ;;		On entry : 0/0
   722 ;;		On exit  : 0/0
   723 ;;		Unchanged: 0/0
   724 ;; Data sizes:     COMMON   BANK0   BANK1   BANK3   BANK2
   725 ;;      Params:         0       2       0       0       0
   726 ;;      Locals:         0       0       0       0       0
   727 ;;      Temps:          0       0       0       0       0
   728 ;;      Totals:         0       2       0       0       0
   729 ;;Total ram usage:        2 bytes
   730 ;; Hardware stack levels used:    1
   731 ;; Hardware stack levels required when called:    3
   732 ;; This function calls:
   733 ;;		_lcd_write
   734 ;; This function is called by:
   735 ;;		_main
   736 ;;		_lcd_clrline1
   737 ;;		_lcd_clrline2
   738 ;; This function uses a non-reentrant model
   739 ;;
   740                           
   741                           
   742                           ;psect for function _lcd_puts
   743  021F                     _lcd_puts:	
   744                           
   745                           ;rx-main.c: 207: PORTDbits.RD6 = 1;
   746                           
   747                           ;incstack = 0
   748                           ; Regs used in _lcd_puts: [wreg-fsr0h+status,2+status,0+btemp+1+pclath+cstack]
   749  021F  1283               	bcf	3,5	;RP0=0, select bank0
   750  0220  1303               	bcf	3,6	;RP1=0, select bank0
   751  0221  1708               	bsf	8,6	;volatile
   752  0222                     l1176:	
   753                           ;rx-main.c: 208: while(*s)
   754                           
   755  0222  0844               	movf	lcd_puts@s+1,w
   756  0223  00FF               	movwf	127
   757  0224  0843               	movf	lcd_puts@s,w
   758  0225  0084               	movwf	4
   759  0226  120A  118A  2149   	fcall	stringtab
      +       120A  118A         
   760  022B  3800               	iorlw	0
   761  022C  1903               	btfsc	3,2
   762  022D  0008               	return
   763                           
   764                           ;rx-main.c: 209: lcd_write(*s++);
   765  022E  0844               	movf	lcd_puts@s+1,w
   766  022F  00FF               	movwf	127
   767  0230  0843               	movf	lcd_puts@s,w
   768  0231  0084               	movwf	4
   769  0232  120A  118A  2149   	fcall	stringtab
      +       120A  118A         
   770  0237  120A  118A  21FA   	fcall	_lcd_write
      +       120A  118A         
   771  023C  3001               	movlw	1
   772  023D  1283               	bcf	3,5	;RP0=0, select bank0
   773  023E  1303               	bcf	3,6	;RP1=0, select bank0
   774  023F  07C3               	addwf	lcd_puts@s,f
   775  0240  1803               	skipnc
   776  0241  0AC4               	incf	lcd_puts@s+1,f
   777  0242  2A22               	goto	l1176
   778  0243                     __end_of_lcd_puts:	
   779                           
   780                           	psect	text3
   781  00D9                     __ptext3:	
   782 ;; *************** function _lcd_init *****************
   783 ;; Defined at:
   784 ;;		line 242 in file "rx-main.c"
   785 ;; Parameters:    Size  Location     Type
   786 ;;		None
   787 ;; Auto vars:     Size  Location     Type
   788 ;;		None
   789 ;; Return value:  Size  Location     Type
   790 ;;		None               void
   791 ;; Registers used:
   792 ;;		wreg, status,2, status,0, pclath, cstack
   793 ;; Tracked objects:
   794 ;;		On entry : 0/0
   795 ;;		On exit  : 0/0
   796 ;;		Unchanged: 0/0
   797 ;; Data sizes:     COMMON   BANK0   BANK1   BANK3   BANK2
   798 ;;      Params:         0       0       0       0       0
   799 ;;      Locals:         0       0       0       0       0
   800 ;;      Temps:          0       2       0       0       0
   801 ;;      Totals:         0       2       0       0       0
   802 ;;Total ram usage:        2 bytes
   803 ;; Hardware stack levels used:    1
   804 ;; Hardware stack levels required when called:    3
   805 ;; This function calls:
   806 ;;		_lcd_strobe
   807 ;;		_lcd_write
   808 ;; This function is called by:
   809 ;;		_main
   810 ;; This function uses a non-reentrant model
   811 ;;
   812                           
   813                           
   814                           ;psect for function _lcd_init
   815  00D9                     _lcd_init:	
   816                           
   817                           ;rx-main.c: 244: PORTDbits.RD6 = 0;
   818                           
   819                           ;incstack = 0
   820                           ; Regs used in _lcd_init: [wreg+status,2+status,0+pclath+cstack]
   821  00D9  1283               	bcf	3,5	;RP0=0, select bank0
   822  00DA  1303               	bcf	3,6	;RP1=0, select bank0
   823  00DB  1308               	bcf	8,6	;volatile
   824                           
   825                           ;rx-main.c: 245: PORTBbits.RB0 = 1;
   826  00DC  1406               	bsf	6,0	;volatile
   827                           
   828                           ;rx-main.c: 246: PORTBbits.RB1 = 1;
   829  00DD  1486               	bsf	6,1	;volatile
   830                           
   831                           ;rx-main.c: 247: PORTBbits.RB2 = 0;
   832  00DE  1106               	bcf	6,2	;volatile
   833                           
   834                           ;rx-main.c: 248: PORTBbits.RB3 = 0;
   835  00DF  1186               	bcf	6,3	;volatile
   836                           
   837                           ;rx-main.c: 249: _delay((unsigned long)((150)*(4000000/4000.0)));
   838  00E0  30C3               	movlw	195
   839  00E1  00C4               	movwf	??_lcd_init+1
   840  00E2  30CD               	movlw	205
   841  00E3  00C3               	movwf	??_lcd_init
   842  00E4                     u297:	
   843  00E4  0BC3               	decfsz	??_lcd_init,f
   844  00E5  28E4               	goto	u297
   845  00E6  0BC4               	decfsz	??_lcd_init+1,f
   846  00E7  28E4               	goto	u297
   847                           
   848                           ;rx-main.c: 250: lcd_strobe();
   849  00E8  120A  118A  2279   	fcall	_lcd_strobe
      +       120A  118A         
   850                           
   851                           ;rx-main.c: 251: _delay((unsigned long)((5)*(4000000/4000.0)));
   852  00ED  3007               	movlw	7
   853  00EE  1283               	bcf	3,5	;RP0=0, select bank0
   854  00EF  1303               	bcf	3,6	;RP1=0, select bank0
   855  00F0  00C4               	movwf	??_lcd_init+1
   856  00F1  307D               	movlw	125
   857  00F2  00C3               	movwf	??_lcd_init
   858  00F3                     u307:	
   859  00F3  0BC3               	decfsz	??_lcd_init,f
   860  00F4  28F3               	goto	u307
   861  00F5  0BC4               	decfsz	??_lcd_init+1,f
   862  00F6  28F3               	goto	u307
   863                           
   864                           ;rx-main.c: 252: lcd_strobe();
   865  00F7  120A  118A  2279   	fcall	_lcd_strobe
      +       120A  118A         
   866                           
   867                           ;rx-main.c: 253: _delay((unsigned long)((5)*(4000000/4000.0)));
   868  00FC  3007               	movlw	7
   869  00FD  1283               	bcf	3,5	;RP0=0, select bank0
   870  00FE  1303               	bcf	3,6	;RP1=0, select bank0
   871  00FF  00C4               	movwf	??_lcd_init+1
   872  0100  307D               	movlw	125
   873  0101  00C3               	movwf	??_lcd_init
   874  0102                     u317:	
   875  0102  0BC3               	decfsz	??_lcd_init,f
   876  0103  2902               	goto	u317
   877  0104  0BC4               	decfsz	??_lcd_init+1,f
   878  0105  2902               	goto	u317
   879                           
   880                           ;rx-main.c: 254: lcd_strobe();
   881  0106  120A  118A  2279   	fcall	_lcd_strobe
      +       120A  118A         
   882                           
   883                           ;rx-main.c: 255: _delay((unsigned long)((5)*(4000000/4000.0)));
   884  010B  3007               	movlw	7
   885  010C  1283               	bcf	3,5	;RP0=0, select bank0
   886  010D  1303               	bcf	3,6	;RP1=0, select bank0
   887  010E  00C4               	movwf	??_lcd_init+1
   888  010F  307D               	movlw	125
   889  0110  00C3               	movwf	??_lcd_init
   890  0111                     u327:	
   891  0111  0BC3               	decfsz	??_lcd_init,f
   892  0112  2911               	goto	u327
   893  0113  0BC4               	decfsz	??_lcd_init+1,f
   894  0114  2911               	goto	u327
   895                           
   896                           ;rx-main.c: 256: PORTBbits.RB0 = 0;
   897  0115  1283               	bcf	3,5	;RP0=0, select bank0
   898  0116  1303               	bcf	3,6	;RP1=0, select bank0
   899  0117  1006               	bcf	6,0	;volatile
   900                           
   901                           ;rx-main.c: 257: PORTBbits.RB1 = 1;
   902  0118  1486               	bsf	6,1	;volatile
   903                           
   904                           ;rx-main.c: 258: PORTBbits.RB2 = 0;
   905  0119  1106               	bcf	6,2	;volatile
   906                           
   907                           ;rx-main.c: 259: PORTBbits.RB3 = 0;
   908  011A  1186               	bcf	6,3	;volatile
   909                           
   910                           ;rx-main.c: 260: _delay((unsigned long)((5)*(4000000/4000.0)));
   911  011B  3007               	movlw	7
   912  011C  00C4               	movwf	??_lcd_init+1
   913  011D  307D               	movlw	125
   914  011E  00C3               	movwf	??_lcd_init
   915  011F                     u337:	
   916  011F  0BC3               	decfsz	??_lcd_init,f
   917  0120  291F               	goto	u337
   918  0121  0BC4               	decfsz	??_lcd_init+1,f
   919  0122  291F               	goto	u337
   920                           
   921                           ;rx-main.c: 261: lcd_strobe();
   922  0123  120A  118A  2279   	fcall	_lcd_strobe
      +       120A  118A         
   923                           
   924                           ;rx-main.c: 262: _delay((unsigned long)((5)*(4000000/4000.0)));
   925  0128  3007               	movlw	7
   926  0129  1283               	bcf	3,5	;RP0=0, select bank0
   927  012A  1303               	bcf	3,6	;RP1=0, select bank0
   928  012B  00C4               	movwf	??_lcd_init+1
   929  012C  307D               	movlw	125
   930  012D  00C3               	movwf	??_lcd_init
   931  012E                     u347:	
   932  012E  0BC3               	decfsz	??_lcd_init,f
   933  012F  292E               	goto	u347
   934  0130  0BC4               	decfsz	??_lcd_init+1,f
   935  0131  292E               	goto	u347
   936                           
   937                           ;rx-main.c: 263: lcd_write(0x38);
   938  0132  3038               	movlw	56
   939  0133  120A  118A  21FA   	fcall	_lcd_write
      +       120A  118A         
   940                           
   941                           ;rx-main.c: 264: lcd_write(0x08);
   942  0138  3008               	movlw	8
   943  0139  120A  118A  21FA   	fcall	_lcd_write
      +       120A  118A         
   944                           
   945                           ;rx-main.c: 265: lcd_write(0x0C);
   946  013E  300C               	movlw	12
   947  013F  120A  118A  21FA   	fcall	_lcd_write
      +       120A  118A         
   948                           
   949                           ;rx-main.c: 266: lcd_write(0x06);
   950  0144  3006               	movlw	6
   951  0145  120A  118A  21FA   	fcall	_lcd_write
   952  0148  0008               	return
   953  0149                     __end_of_lcd_init:	
   954                           
   955                           	psect	text4
   956  0289                     __ptext4:	
   957 ;; *************** function _lcd_goto *****************
   958 ;; Defined at:
   959 ;;		line 216 in file "rx-main.c"
   960 ;; Parameters:    Size  Location     Type
   961 ;;  pos             1    wreg     unsigned char 
   962 ;; Auto vars:     Size  Location     Type
   963 ;;  pos             1    4[BANK0 ] unsigned char 
   964 ;; Return value:  Size  Location     Type
   965 ;;		None               void
   966 ;; Registers used:
   967 ;;		wreg, status,2, status,0, pclath, cstack
   968 ;; Tracked objects:
   969 ;;		On entry : 0/0
   970 ;;		On exit  : 0/0
   971 ;;		Unchanged: 0/0
   972 ;; Data sizes:     COMMON   BANK0   BANK1   BANK3   BANK2
   973 ;;      Params:         0       0       0       0       0
   974 ;;      Locals:         0       1       0       0       0
   975 ;;      Temps:          0       0       0       0       0
   976 ;;      Totals:         0       1       0       0       0
   977 ;;Total ram usage:        1 bytes
   978 ;; Hardware stack levels used:    1
   979 ;; Hardware stack levels required when called:    3
   980 ;; This function calls:
   981 ;;		_lcd_write
   982 ;; This function is called by:
   983 ;;		_main
   984 ;;		_lcd_clrline1
   985 ;;		_lcd_clrline2
   986 ;; This function uses a non-reentrant model
   987 ;;
   988                           
   989                           
   990                           ;psect for function _lcd_goto
   991  0289                     _lcd_goto:	
   992                           
   993                           ;incstack = 0
   994                           ; Regs used in _lcd_goto: [wreg+status,2+status,0+pclath+cstack]
   995                           ;lcd_goto@pos stored from wreg
   996  0289  1283               	bcf	3,5	;RP0=0, select bank0
   997  028A  1303               	bcf	3,6	;RP1=0, select bank0
   998  028B  00C3               	movwf	lcd_goto@pos
   999                           
  1000                           ;rx-main.c: 218: PORTDbits.RD6 = 0;
  1001  028C  1308               	bcf	8,6	;volatile
  1002                           
  1003                           ;rx-main.c: 219: lcd_write(0x80+pos);
  1004  028D  0843               	movf	lcd_goto@pos,w
  1005  028E  3E80               	addlw	128
  1006  028F  120A  118A  21FA   	fcall	_lcd_write
  1007  0292  0008               	return
  1008  0293                     __end_of_lcd_goto:	
  1009                           
  1010                           	psect	text5
  1011  0265                     __ptext5:	
  1012 ;; *************** function _lcd_clear *****************
  1013 ;; Defined at:
  1014 ;;		line 195 in file "rx-main.c"
  1015 ;; Parameters:    Size  Location     Type
  1016 ;;		None
  1017 ;; Auto vars:     Size  Location     Type
  1018 ;;		None
  1019 ;; Return value:  Size  Location     Type
  1020 ;;		None               void
  1021 ;; Registers used:
  1022 ;;		wreg, status,2, status,0, pclath, cstack
  1023 ;; Tracked objects:
  1024 ;;		On entry : 0/0
  1025 ;;		On exit  : 0/0
  1026 ;;		Unchanged: 0/0
  1027 ;; Data sizes:     COMMON   BANK0   BANK1   BANK3   BANK2
  1028 ;;      Params:         0       0       0       0       0
  1029 ;;      Locals:         0       0       0       0       0
  1030 ;;      Temps:          0       2       0       0       0
  1031 ;;      Totals:         0       2       0       0       0
  1032 ;;Total ram usage:        2 bytes
  1033 ;; Hardware stack levels used:    1
  1034 ;; Hardware stack levels required when called:    3
  1035 ;; This function calls:
  1036 ;;		_lcd_write
  1037 ;; This function is called by:
  1038 ;;		_main
  1039 ;; This function uses a non-reentrant model
  1040 ;;
  1041                           
  1042                           
  1043                           ;psect for function _lcd_clear
  1044  0265                     _lcd_clear:	
  1045                           
  1046                           ;rx-main.c: 197: PORTDbits.RD6 = 0;
  1047                           
  1048                           ;incstack = 0
  1049                           ; Regs used in _lcd_clear: [wreg+status,2+status,0+pclath+cstack]
  1050  0265  1283               	bcf	3,5	;RP0=0, select bank0
  1051  0266  1303               	bcf	3,6	;RP1=0, select bank0
  1052  0267  1308               	bcf	8,6	;volatile
  1053                           
  1054                           ;rx-main.c: 198: lcd_write(0x1);
  1055  0268  3001               	movlw	1
  1056  0269  120A  118A  21FA   	fcall	_lcd_write
      +       120A  118A         
  1057                           
  1058                           ;rx-main.c: 199: _delay((unsigned long)((5)*(4000000/4000.0)));
  1059  026E  3007               	movlw	7
  1060  026F  1283               	bcf	3,5	;RP0=0, select bank0
  1061  0270  1303               	bcf	3,6	;RP1=0, select bank0
  1062  0271  00C4               	movwf	??_lcd_clear+1
  1063  0272  307D               	movlw	125
  1064  0273  00C3               	movwf	??_lcd_clear
  1065  0274                     u357:	
  1066  0274  0BC3               	decfsz	??_lcd_clear,f
  1067  0275  2A74               	goto	u357
  1068  0276  0BC4               	decfsz	??_lcd_clear+1,f
  1069  0277  2A74               	goto	u357
  1070  0278  0008               	return
  1071  0279                     __end_of_lcd_clear:	
  1072                           
  1073                           	psect	text6
  1074  01FA                     __ptext6:	
  1075 ;; *************** function _lcd_write *****************
  1076 ;; Defined at:
  1077 ;;		line 182 in file "rx-main.c"
  1078 ;; Parameters:    Size  Location     Type
  1079 ;;  c               1    wreg     unsigned char 
  1080 ;; Auto vars:     Size  Location     Type
  1081 ;;  c               1    3[BANK0 ] unsigned char 
  1082 ;; Return value:  Size  Location     Type
  1083 ;;		None               void
  1084 ;; Registers used:
  1085 ;;		wreg, status,2, status,0, pclath, cstack
  1086 ;; Tracked objects:
  1087 ;;		On entry : 0/0
  1088 ;;		On exit  : 0/0
  1089 ;;		Unchanged: 0/0
  1090 ;; Data sizes:     COMMON   BANK0   BANK1   BANK3   BANK2
  1091 ;;      Params:         0       0       0       0       0
  1092 ;;      Locals:         0       1       0       0       0
  1093 ;;      Temps:          0       1       0       0       0
  1094 ;;      Totals:         0       2       0       0       0
  1095 ;;Total ram usage:        2 bytes
  1096 ;; Hardware stack levels used:    1
  1097 ;; Hardware stack levels required when called:    2
  1098 ;; This function calls:
  1099 ;;		_lcd_strobe
  1100 ;; This function is called by:
  1101 ;;		_lcd_clear
  1102 ;;		_lcd_puts
  1103 ;;		_lcd_goto
  1104 ;;		_lcd_init
  1105 ;; This function uses a non-reentrant model
  1106 ;;
  1107                           
  1108                           
  1109                           ;psect for function _lcd_write
  1110  01FA                     _lcd_write:	
  1111                           
  1112                           ;incstack = 0
  1113                           ; Regs used in _lcd_write: [wreg+status,2+status,0+pclath+cstack]
  1114                           ;lcd_write@c stored from wreg
  1115  01FA  1283               	bcf	3,5	;RP0=0, select bank0
  1116  01FB  1303               	bcf	3,6	;RP1=0, select bank0
  1117  01FC  00C2               	movwf	lcd_write@c
  1118                           
  1119                           ;rx-main.c: 184: PORTB = c >> 4;
  1120  01FD  0842               	movf	lcd_write@c,w
  1121  01FE  00C1               	movwf	??_lcd_write
  1122  01FF  3004               	movlw	4
  1123  0200                     u215:	
  1124  0200  1003               	clrc
  1125  0201  0CC1               	rrf	??_lcd_write,f
  1126  0202  3EFF               	addlw	-1
  1127  0203  1D03               	skipz
  1128  0204  2A00               	goto	u215
  1129  0205  0841               	movf	??_lcd_write,w
  1130  0206  0086               	movwf	6	;volatile
  1131                           
  1132                           ;rx-main.c: 185: lcd_strobe();
  1133  0207  120A  118A  2279   	fcall	_lcd_strobe
      +       120A  118A         
  1134                           
  1135                           ;rx-main.c: 186: PORTB = c;
  1136  020C  1283               	bcf	3,5	;RP0=0, select bank0
  1137  020D  1303               	bcf	3,6	;RP1=0, select bank0
  1138  020E  0842               	movf	lcd_write@c,w
  1139  020F  0086               	movwf	6	;volatile
  1140                           
  1141                           ;rx-main.c: 187: lcd_strobe();
  1142  0210  120A  118A  2279   	fcall	_lcd_strobe
      +       120A  118A         
  1143                           
  1144                           ;rx-main.c: 188: _delay((unsigned long)((1)*(4000000/4000.0)));
  1145  0215  30F9               	movlw	249
  1146  0216  1283               	bcf	3,5	;RP0=0, select bank0
  1147  0217  1303               	bcf	3,6	;RP1=0, select bank0
  1148  0218  00C1               	movwf	??_lcd_write
  1149  0219                     u367:	
  1150  0219  0000               	nop
  1151  021A  0BC1               	decfsz	??_lcd_write,f
  1152  021B  2A19               	goto	u367
  1153  021C  2A1D               	nop2	;nop
  1154  021D  0000               	nop
  1155  021E  0008               	return
  1156  021F                     __end_of_lcd_write:	
  1157                           
  1158                           	psect	text7
  1159  0279                     __ptext7:	
  1160 ;; *************** function _lcd_strobe *****************
  1161 ;; Defined at:
  1162 ;;		line 173 in file "rx-main.c"
  1163 ;; Parameters:    Size  Location     Type
  1164 ;;		None
  1165 ;; Auto vars:     Size  Location     Type
  1166 ;;		None
  1167 ;; Return value:  Size  Location     Type
  1168 ;;		None               void
  1169 ;; Registers used:
  1170 ;;		wreg
  1171 ;; Tracked objects:
  1172 ;;		On entry : 0/0
  1173 ;;		On exit  : 0/0
  1174 ;;		Unchanged: 0/0
  1175 ;; Data sizes:     COMMON   BANK0   BANK1   BANK3   BANK2
  1176 ;;      Params:         0       0       0       0       0
  1177 ;;      Locals:         0       0       0       0       0
  1178 ;;      Temps:          0       2       0       0       0
  1179 ;;      Totals:         0       2       0       0       0
  1180 ;;Total ram usage:        2 bytes
  1181 ;; Hardware stack levels used:    1
  1182 ;; Hardware stack levels required when called:    1
  1183 ;; This function calls:
  1184 ;;		Nothing
  1185 ;; This function is called by:
  1186 ;;		_lcd_write
  1187 ;;		_lcd_init
  1188 ;; This function uses a non-reentrant model
  1189 ;;
  1190                           
  1191                           
  1192                           ;psect for function _lcd_strobe
  1193  0279                     _lcd_strobe:	
  1194                           
  1195                           ;rx-main.c: 175: PORTDbits.RD7 = 0;
  1196                           
  1197                           ;incstack = 0
  1198                           ; Regs used in _lcd_strobe: [wreg]
  1199  0279  1283               	bcf	3,5	;RP0=0, select bank0
  1200  027A  1303               	bcf	3,6	;RP1=0, select bank0
  1201  027B  1388               	bcf	8,7	;volatile
  1202                           
  1203                           ;rx-main.c: 176: _delay((unsigned long)((10)*(4000000/4000.0)));
  1204  027C  300D               	movlw	13
  1205  027D  00C0               	movwf	??_lcd_strobe+1
  1206  027E  30FB               	movlw	251
  1207  027F  00BF               	movwf	??_lcd_strobe
  1208  0280                     u377:	
  1209  0280  0BBF               	decfsz	??_lcd_strobe,f
  1210  0281  2A80               	goto	u377
  1211  0282  0BC0               	decfsz	??_lcd_strobe+1,f
  1212  0283  2A80               	goto	u377
  1213  0284  2A85               	nop2
  1214                           
  1215                           ;rx-main.c: 177: PORTDbits.RD7 = 1;
  1216  0285  1283               	bcf	3,5	;RP0=0, select bank0
  1217  0286  1303               	bcf	3,6	;RP1=0, select bank0
  1218  0287  1788               	bsf	8,7	;volatile
  1219  0288  0008               	return
  1220  0289                     __end_of_lcd_strobe:	
  1221                           
  1222                           	psect	text8
  1223  018C                     __ptext8:	
  1224 ;; *************** function _init_io *****************
  1225 ;; Defined at:
  1226 ;;		line 84 in file "rx-main.c"
  1227 ;; Parameters:    Size  Location     Type
  1228 ;;		None
  1229 ;; Auto vars:     Size  Location     Type
  1230 ;;		None
  1231 ;; Return value:  Size  Location     Type
  1232 ;;		None               void
  1233 ;; Registers used:
  1234 ;;		status,2
  1235 ;; Tracked objects:
  1236 ;;		On entry : 0/0
  1237 ;;		On exit  : 0/0
  1238 ;;		Unchanged: 0/0
  1239 ;; Data sizes:     COMMON   BANK0   BANK1   BANK3   BANK2
  1240 ;;      Params:         0       0       0       0       0
  1241 ;;      Locals:         0       0       0       0       0
  1242 ;;      Temps:          0       0       0       0       0
  1243 ;;      Totals:         0       0       0       0       0
  1244 ;;Total ram usage:        0 bytes
  1245 ;; Hardware stack levels used:    1
  1246 ;; Hardware stack levels required when called:    1
  1247 ;; This function calls:
  1248 ;;		Nothing
  1249 ;; This function is called by:
  1250 ;;		_main
  1251 ;; This function uses a non-reentrant model
  1252 ;;
  1253                           
  1254                           
  1255                           ;psect for function _init_io
  1256  018C                     _init_io:	
  1257                           
  1258                           ;rx-main.c: 85: ANSEL = 0x00;
  1259                           
  1260                           ;incstack = 0
  1261                           ; Regs used in _init_io: [status,2]
  1262  018C  1683               	bsf	3,5	;RP0=1, select bank3
  1263  018D  1703               	bsf	3,6	;RP1=1, select bank3
  1264  018E  0188               	clrf	8	;volatile
  1265                           
  1266                           ;rx-main.c: 86: ANSELH = 0x00;
  1267  018F  0189               	clrf	9	;volatile
  1268                           
  1269                           ;rx-main.c: 87: CM1CON0 = 0x00;
  1270  0190  1283               	bcf	3,5	;RP0=0, select bank2
  1271  0191  1703               	bsf	3,6	;RP1=1, select bank2
  1272  0192  0187               	clrf	7	;volatile
  1273                           
  1274                           ;rx-main.c: 88: CM2CON0 = 0x00;
  1275  0193  0188               	clrf	8	;volatile
  1276                           
  1277                           ;rx-main.c: 90: TRISAbits.TRISA0 = 0;
  1278  0194  1683               	bsf	3,5	;RP0=1, select bank1
  1279  0195  1303               	bcf	3,6	;RP1=0, select bank1
  1280  0196  1005               	bcf	5,0	;volatile
  1281                           
  1282                           ;rx-main.c: 91: TRISAbits.TRISA1 = 0;
  1283  0197  1085               	bcf	5,1	;volatile
  1284                           
  1285                           ;rx-main.c: 92: TRISAbits.TRISA2 = 0;
  1286  0198  1105               	bcf	5,2	;volatile
  1287                           
  1288                           ;rx-main.c: 93: TRISAbits.TRISA3 = 0;
  1289  0199  1185               	bcf	5,3	;volatile
  1290                           
  1291                           ;rx-main.c: 94: TRISAbits.TRISA4 = 0;
  1292  019A  1205               	bcf	5,4	;volatile
  1293                           
  1294                           ;rx-main.c: 95: TRISAbits.TRISA5 = 0;
  1295  019B  1285               	bcf	5,5	;volatile
  1296                           
  1297                           ;rx-main.c: 96: TRISAbits.TRISA6 = 0;
  1298  019C  1305               	bcf	5,6	;volatile
  1299                           
  1300                           ;rx-main.c: 97: TRISAbits.TRISA7 = 0;
  1301  019D  1385               	bcf	5,7	;volatile
  1302                           
  1303                           ;rx-main.c: 99: PORTB = 0x00;
  1304  019E  1283               	bcf	3,5	;RP0=0, select bank0
  1305  019F  1303               	bcf	3,6	;RP1=0, select bank0
  1306  01A0  0186               	clrf	6	;volatile
  1307                           
  1308                           ;rx-main.c: 100: TRISBbits.TRISB0 = 0;
  1309  01A1  1683               	bsf	3,5	;RP0=1, select bank1
  1310  01A2  1303               	bcf	3,6	;RP1=0, select bank1
  1311  01A3  1006               	bcf	6,0	;volatile
  1312                           
  1313                           ;rx-main.c: 101: TRISBbits.TRISB1 = 0;
  1314  01A4  1086               	bcf	6,1	;volatile
  1315                           
  1316                           ;rx-main.c: 102: TRISBbits.TRISB2 = 0;
  1317  01A5  1106               	bcf	6,2	;volatile
  1318                           
  1319                           ;rx-main.c: 103: TRISBbits.TRISB3 = 0;
  1320  01A6  1186               	bcf	6,3	;volatile
  1321                           
  1322                           ;rx-main.c: 104: TRISBbits.TRISB4 = 0;
  1323  01A7  1206               	bcf	6,4	;volatile
  1324                           
  1325                           ;rx-main.c: 105: TRISBbits.TRISB5 = 0;
  1326  01A8  1286               	bcf	6,5	;volatile
  1327                           
  1328                           ;rx-main.c: 106: TRISBbits.TRISB6 = 1;
  1329  01A9  1706               	bsf	6,6	;volatile
  1330                           
  1331                           ;rx-main.c: 107: TRISBbits.TRISB7 = 1;
  1332  01AA  1786               	bsf	6,7	;volatile
  1333                           
  1334                           ;rx-main.c: 110: TRISCbits.TRISC0 = 0;
  1335  01AB  1007               	bcf	7,0	;volatile
  1336                           
  1337                           ;rx-main.c: 111: TRISCbits.TRISC1 = 0;
  1338  01AC  1087               	bcf	7,1	;volatile
  1339                           
  1340                           ;rx-main.c: 112: TRISCbits.TRISC2 = 0;
  1341  01AD  1107               	bcf	7,2	;volatile
  1342                           
  1343                           ;rx-main.c: 113: TRISCbits.TRISC3 = 0;
  1344  01AE  1187               	bcf	7,3	;volatile
  1345                           
  1346                           ;rx-main.c: 114: TRISCbits.TRISC4 = 0;
  1347  01AF  1207               	bcf	7,4	;volatile
  1348                           
  1349                           ;rx-main.c: 115: TRISCbits.TRISC5 = 0;
  1350  01B0  1287               	bcf	7,5	;volatile
  1351                           
  1352                           ;rx-main.c: 116: TRISCbits.TRISC6 = 0;
  1353  01B1  1307               	bcf	7,6	;volatile
  1354                           
  1355                           ;rx-main.c: 117: TRISCbits.TRISC7 = 1;
  1356  01B2  1787               	bsf	7,7	;volatile
  1357                           
  1358                           ;rx-main.c: 119: PORTD=0x00;
  1359  01B3  1283               	bcf	3,5	;RP0=0, select bank0
  1360  01B4  1303               	bcf	3,6	;RP1=0, select bank0
  1361  01B5  0188               	clrf	8	;volatile
  1362                           
  1363                           ;rx-main.c: 120: TRISDbits.TRISD0 = 0;
  1364  01B6  1683               	bsf	3,5	;RP0=1, select bank1
  1365  01B7  1303               	bcf	3,6	;RP1=0, select bank1
  1366  01B8  1008               	bcf	8,0	;volatile
  1367                           
  1368                           ;rx-main.c: 121: TRISDbits.TRISD1 = 0;
  1369  01B9  1088               	bcf	8,1	;volatile
  1370                           
  1371                           ;rx-main.c: 122: TRISDbits.TRISD2 = 0;
  1372  01BA  1108               	bcf	8,2	;volatile
  1373                           
  1374                           ;rx-main.c: 123: TRISDbits.TRISD3 = 0;
  1375  01BB  1188               	bcf	8,3	;volatile
  1376                           
  1377                           ;rx-main.c: 124: TRISDbits.TRISD4 = 0;
  1378  01BC  1208               	bcf	8,4	;volatile
  1379                           
  1380                           ;rx-main.c: 125: TRISDbits.TRISD5 = 0;
  1381  01BD  1288               	bcf	8,5	;volatile
  1382                           
  1383                           ;rx-main.c: 126: TRISDbits.TRISD6 = 0;
  1384  01BE  1308               	bcf	8,6	;volatile
  1385                           
  1386                           ;rx-main.c: 127: TRISDbits.TRISD7 = 0;
  1387  01BF  1388               	bcf	8,7	;volatile
  1388                           
  1389                           ;rx-main.c: 129: TRISEbits.TRISE0 = 1;
  1390  01C0  1409               	bsf	9,0	;volatile
  1391                           
  1392                           ;rx-main.c: 130: TRISEbits.TRISE1 = 1;
  1393  01C1  1489               	bsf	9,1	;volatile
  1394                           
  1395                           ;rx-main.c: 131: TRISEbits.TRISE2 = 1;
  1396  01C2  1509               	bsf	9,2	;volatile
  1397                           
  1398                           ;rx-main.c: 132: TRISEbits.TRISE3 = 1;
  1399  01C3  1589               	bsf	9,3	;volatile
  1400  01C4  0008               	return
  1401  01C5                     __end_of_init_io:	
  1402                           
  1403                           	psect	text9
  1404  01C5                     __ptext9:	
  1405 ;; *************** function _ISR *****************
  1406 ;; Defined at:
  1407 ;;		line 54 in file "rx-main.c"
  1408 ;; Parameters:    Size  Location     Type
  1409 ;;		None
  1410 ;; Auto vars:     Size  Location     Type
  1411 ;;  temp            1    5[COMMON] unsigned char 
  1412 ;; Return value:  Size  Location     Type
  1413 ;;		None               void
  1414 ;; Registers used:
  1415 ;;		wreg, fsr0l, fsr0h, status,2, status,0
  1416 ;; Tracked objects:
  1417 ;;		On entry : 0/0
  1418 ;;		On exit  : 0/0
  1419 ;;		Unchanged: 0/0
  1420 ;; Data sizes:     COMMON   BANK0   BANK1   BANK3   BANK2
  1421 ;;      Params:         0       0       0       0       0
  1422 ;;      Locals:         1       0       0       0       0
  1423 ;;      Temps:          5       0       0       0       0
  1424 ;;      Totals:         6       0       0       0       0
  1425 ;;Total ram usage:        6 bytes
  1426 ;; Hardware stack levels used:    1
  1427 ;; This function calls:
  1428 ;;		Nothing
  1429 ;; This function is called by:
  1430 ;;		Interrupt level 1
  1431 ;; This function uses a non-reentrant model
  1432 ;;
  1433                           
  1434                           
  1435                           ;psect for function _ISR
  1436  01C5                     _ISR:	
  1437                           
  1438                           ;rx-main.c: 56: if (PIR1bits.RCIF)
  1439  01C5  1E8C               	btfss	12,5	;volatile
  1440  01C6  29EF               	goto	i1l72
  1441                           
  1442                           ;rx-main.c: 57: {
  1443                           ;rx-main.c: 58: char temp;
  1444                           ;rx-main.c: 59: temp = RCREG;
  1445  01C7  081A               	movf	26,w	;volatile
  1446  01C8  00F0               	movwf	??_ISR
  1447  01C9  0870               	movf	??_ISR,w
  1448  01CA  00F5               	movwf	ISR@temp
  1449                           
  1450                           ;rx-main.c: 60: PIR1bits.RCIF = 0;
  1451  01CB  128C               	bcf	12,5	;volatile
  1452                           
  1453                           ;rx-main.c: 62: if(temp=='\n')
  1454  01CC  0875               	movf	ISR@temp,w
  1455  01CD  3A0A               	xorlw	10
  1456  01CE  1903               	btfsc	3,2
  1457  01CF  29E9               	goto	i1l992
  1458                           
  1459                           ;rx-main.c: 67: else if(temp!=1)
  1460                           
  1461                           ;rx-main.c: 66: }
  1462                           
  1463                           ;rx-main.c: 65: new_rx = 1;
  1464                           
  1465                           ;rx-main.c: 63: {
  1466                           ;rx-main.c: 64: index = 0;
  1467  01D0  0875               	movf	ISR@temp,w
  1468  01D1  3A01               	xorlw	1
  1469  01D2  1903               	skipnz
  1470  01D3  29EF               	goto	i1l72
  1471                           
  1472                           ;rx-main.c: 68: {
  1473                           ;rx-main.c: 69: rxtxt[index] = temp;
  1474  01D4  0875               	movf	ISR@temp,w
  1475  01D5  00F0               	movwf	??_ISR
  1476  01D6  0876               	movf	_index,w	;volatile
  1477  01D7  3E2A               	addlw	_rxtxt& (0+255)
  1478  01D8  0084               	movwf	4
  1479  01D9  0870               	movf	??_ISR,w
  1480  01DA  1383               	bcf	3,7	;select IRP bank0
  1481  01DB  0080               	movwf	0
  1482                           
  1483                           ;rx-main.c: 70: index++;
  1484  01DC  3001               	movlw	1
  1485  01DD  07F6               	addwf	_index,f	;volatile
  1486  01DE  1803               	skipnc
  1487  01DF  0AF7               	incf	_index+1,f	;volatile
  1488  01E0  3000               	movlw	0
  1489  01E1  07F7               	addwf	_index+1,f	;volatile
  1490                           
  1491                           ;rx-main.c: 71: if(index > 19)
  1492  01E2  3000               	movlw	0
  1493  01E3  0277               	subwf	_index+1,w	;volatile
  1494  01E4  3014               	movlw	20
  1495  01E5  1903               	skipnz
  1496  01E6  0276               	subwf	_index,w	;volatile
  1497  01E7  1C03               	skipc
  1498  01E8  29EF               	goto	i1l72
  1499  01E9                     i1l992:	
  1500                           
  1501                           ;rx-main.c: 72: {
  1502                           ;rx-main.c: 73: index = 0;
  1503  01E9  01F6               	clrf	_index	;volatile
  1504  01EA  01F7               	clrf	_index+1	;volatile
  1505                           
  1506                           ;rx-main.c: 74: new_rx = 1;
  1507  01EB  3001               	movlw	1
  1508  01EC  00A6               	movwf	_new_rx	;volatile
  1509  01ED  3000               	movlw	0
  1510  01EE  00A7               	movwf	_new_rx+1	;volatile
  1511  01EF                     i1l72:	
  1512  01EF  0874               	movf	??_ISR+4,w
  1513  01F0  00FF               	movwf	127
  1514  01F1  0873               	movf	??_ISR+3,w
  1515  01F2  008A               	movwf	10
  1516  01F3  0872               	movf	??_ISR+2,w
  1517  01F4  0084               	movwf	4
  1518  01F5  0E71               	swapf	(??_ISR+1)^(0+-128),w
  1519  01F6  0083               	movwf	3
  1520  01F7  0EFE               	swapf	126,f
  1521  01F8  0E7E               	swapf	126,w
  1522  01F9  0009               	retfie
  1523  01FA                     __end_of_ISR:	
  1524  007E                     btemp	set	126	;btemp
  1525  007E                     wtemp	set	126
  1526  007E                     wtemp0	set	126
  1527  0080                     wtemp1	set	128
  1528  0082                     wtemp2	set	130
  1529  0084                     wtemp3	set	132
  1530  0086                     wtemp4	set	134
  1531  0088                     wtemp5	set	136
  1532  007F                     wtemp6	set	127
  1533  007E                     ttemp	set	126
  1534  007E                     ttemp0	set	126
  1535  0081                     ttemp1	set	129
  1536  0084                     ttemp2	set	132
  1537  0087                     ttemp3	set	135
  1538  007F                     ttemp4	set	127
  1539  007E                     ltemp	set	126
  1540  007E                     ltemp0	set	126
  1541  0082                     ltemp1	set	130
  1542  0086                     ltemp2	set	134
  1543  0080                     ltemp3	set	128
  1544                           
  1545                           	psect	intentry
  1546  0004                     __pintentry:	
  1547                           ;incstack = 0
  1548                           ; Regs used in _ISR: [wreg-fsr0h+status,2+status,0]
  1549                           
  1550  0004                     interrupt_function:	
  1551  007E                     saved_w	set	btemp
  1552  0004  00FE               	movwf	btemp
  1553  0005  0E03               	swapf	3,w
  1554  0006  00F1               	movwf	??_ISR+1
  1555  0007  0804               	movf	4,w
  1556  0008  00F2               	movwf	??_ISR+2
  1557  0009  080A               	movf	10,w
  1558  000A  00F3               	movwf	??_ISR+3
  1559  000B  1283               	bcf	3,5	;RP0=0, select bank0
  1560  000C  1303               	bcf	3,6	;RP1=0, select bank0
  1561  000D  087F               	movf	btemp+1,w
  1562  000E  00F4               	movwf	??_ISR+4
  1563  000F  120A  118A  29C5   	ljmp	_ISR


Data Sizes:
    Strings     51
    Constant    0
    Data        0
    BSS         36
    Persistent  0
    Stack       0

Auto Spaces:
    Space          Size  Autos    Used
    COMMON           14      6      11
    BANK0            80      9      40
    BANK1            80      0       0
    BANK3            96      0       0
    BANK2            96      0       0

Pointer List with Targets:

    lcd_puts@s	PTR const unsigned char  size(2) Largest target is 21
		 -> STR_4(CODE[17]), STR_3(CODE[17]), STR_2(CODE[17]), STR_1(CODE[17]), 
		 -> rxtxt(BANK0[21]), 


Critical Paths under _main in COMMON

    None.

Critical Paths under _ISR in COMMON

    None.

Critical Paths under _main in BANK0

    _main->_lcd_clear
    _main->_lcd_init
    _main->_lcd_puts
    _lcd_puts->_lcd_write
    _lcd_init->_lcd_write
    _lcd_goto->_lcd_write
    _lcd_clear->_lcd_write
    _lcd_write->_lcd_strobe

Critical Paths under _ISR in BANK0

    None.

Critical Paths under _main in BANK1

    None.

Critical Paths under _ISR in BANK1

    None.

Critical Paths under _main in BANK3

    None.

Critical Paths under _ISR in BANK3

    None.

Critical Paths under _main in BANK2

    None.

Critical Paths under _ISR in BANK2

    None.

Call Graph Tables:

 ---------------------------------------------------------------------------------
 (Depth) Function   	        Calls       Base Space   Used Autos Params    Refs
 ---------------------------------------------------------------------------------
 (0) _main                                                 3     3      0     669
                                              6 BANK0      3     3      0
                            _init_io
                          _lcd_clear
                           _lcd_goto
                           _lcd_init
                           _lcd_puts
                        _serial_init
 ---------------------------------------------------------------------------------
 (1) _serial_init                                          2     2      0       0
                                              0 BANK0      2     2      0
 ---------------------------------------------------------------------------------
 (1) _lcd_puts                                             2     0      2     452
                                              4 BANK0      2     0      2
                          _lcd_write
 ---------------------------------------------------------------------------------
 (1) _lcd_init                                             2     2      0      62
                                              4 BANK0      2     2      0
                         _lcd_strobe
                          _lcd_write
 ---------------------------------------------------------------------------------
 (1) _lcd_goto                                             1     1      0      93
                                              4 BANK0      1     1      0
                          _lcd_write
 ---------------------------------------------------------------------------------
 (1) _lcd_clear                                            2     2      0      62
                                              4 BANK0      2     2      0
                          _lcd_write
 ---------------------------------------------------------------------------------
 (2) _lcd_write                                            2     2      0      62
                                              2 BANK0      2     2      0
                         _lcd_strobe
 ---------------------------------------------------------------------------------
 (3) _lcd_strobe                                           2     2      0       0
                                              0 BANK0      2     2      0
 ---------------------------------------------------------------------------------
 (1) _init_io                                              0     0      0       0
 ---------------------------------------------------------------------------------
 Estimated maximum stack depth 3
 ---------------------------------------------------------------------------------
 (Depth) Function   	        Calls       Base Space   Used Autos Params    Refs
 ---------------------------------------------------------------------------------
 (4) _ISR                                                  6     6      0      67
                                              0 COMMON     6     6      0
 ---------------------------------------------------------------------------------
 Estimated maximum stack depth 4
 ---------------------------------------------------------------------------------

 Call Graph Graphs:

 _main (ROOT)
   _init_io
   _lcd_clear
     _lcd_write
       _lcd_strobe
   _lcd_goto
     _lcd_write
       _lcd_strobe
   _lcd_init
     _lcd_strobe
     _lcd_write
       _lcd_strobe
   _lcd_puts
     _lcd_write
       _lcd_strobe
   _serial_init

 _ISR (ROOT)

 Address spaces:
Name               Size   Autos  Total    Cost      Usage
BITCOMMON            E      0       0       0        0.0%
EEDATA             100      0       0       0        0.0%
NULL                 0      0       0       0        0.0%
CODE                 0      0       0       0        0.0%
COMMON               E      6       B       1       78.6%
BITSFR0              0      0       0       1        0.0%
SFR0                 0      0       0       1        0.0%
BITSFR1              0      0       0       2        0.0%
SFR1                 0      0       0       2        0.0%
STACK                0      0       0       2        0.0%
ABS                  0      0      33       3        0.0%
BITBANK0            50      0       0       4        0.0%
BITSFR3              0      0       0       4        0.0%
SFR3                 0      0       0       4        0.0%
BANK0               50      9      28       5       50.0%
BITSFR2              0      0       0       5        0.0%
SFR2                 0      0       0       5        0.0%
BITBANK1            50      0       0       6        0.0%
BANK1               50      0       0       7        0.0%
BITBANK3            60      0       0       8        0.0%
BANK3               60      0       0       9        0.0%
BITBANK2            60      0       0      10        0.0%
BANK2               60      0       0      11        0.0%
DATA                 0      0      33      12        0.0%


Microchip Technology PIC Macro Assembler V1.31 build 56723 
Symbol Table                                                                                   Thu May 22 21:36:42 2014

                      _l 0020                        _n 0024                        pc 0002  
            __CFG_CP$OFF 0000                       _rx 007A                       fsr 0004  
                    u215 0200                      u307 00F3                      u317 0102  
                    u245 00A6                      u327 0111                      u337 011F  
           __CFG_CPD$OFF 0000                      u347 012E                      u267 0040  
                    _ISR 01C5                      u357 0274                      u277 006F  
                    u367 0219                      u287 025F                      u377 0280  
                    u297 00E4                      fsr0 0004                      indf 0000  
            lcd_goto@pos 0043             __CFG_LVP$OFF 0000                     ?_ISR 0070  
                   l1260 00B9                     l1270 00D6                     l1246 0087  
                   l1176 0222                     l1266 00CA                     l1258 009D  
                   STR_1 0159                     STR_3 016A                     STR_4 017B  
                   i1l72 01EF             __CFG_WRT$OFF 0000                     _main 0025  
                   btemp 007E                     ltemp 007E                     start 0012  
                   ttemp 007E                     wtemp 007E            __CFG_IESO$OFF 0000  
          __CFG_MCLRE$ON 0000                    ??_ISR 0070                    ?_main 0070  
          __CFG_WDTE$OFF 0000                    _ANSEL 0188                    i1l992 01E9  
                  _RCREG 001A                    _SPBRG 0099                    _PORTB 0006  
                  _PORTD 0008                    _TXREG 0019           __CFG_FCMEN$OFF 0000  
                  _index 0076          __end_of_init_io 01C5                    _rxtxt 002A  
         __CFG_BOREN$OFF 0000                    pclath 000A                    ltemp0 007E  
                  ltemp1 0082                    ltemp2 0086                    ltemp3 0080  
                  ttemp0 007E                    ttemp1 0081                    ttemp2 0084  
                  ttemp3 0087                    ttemp4 007F                    status 0003  
                  wtemp0 007E                    wtemp1 0080                    wtemp2 0082  
                  wtemp3 0084                    wtemp4 0086                    wtemp5 0088  
                  wtemp6 007F          __initialization 0015             __end_of_main 00D9  
                 ??_main 0045                   _ANSELH 0189           __CFG_PWRTE$OFF 0000  
           ?_serial_init 0070         __end_of_lcd_init 0149         __end_of_lcd_goto 0293  
       __end_of_lcd_puts 0243                   _new_rx 0026                ??_init_io 003F  
                 saved_w 007E  __end_of__initialization 0021           __pcstackCOMMON 0070  
     __size_of_lcd_clear 0014       __size_of_lcd_write 0025               __pbssBANK0 0020  
                ISR@temp 0075               __pmaintext 0025               __pintentry 0004  
                _CM1CON0 0107                  _CM2CON0 0108               _lcd_strobe 0279  
              ?_lcd_init 0070                ?_lcd_goto 0070                ?_lcd_puts 0043  
             __stringtab 0149        __end_of_lcd_clear 0279        __end_of_lcd_write 021F  
   __size_of_serial_init 0022                  __ptext1 0243                  __ptext2 021F  
                __ptext3 00D9                  __ptext4 0289                  __ptext5 0265  
                __ptext6 01FA                  __ptext7 0279                  __ptext8 018C  
                __ptext9 01C5             __size_of_ISR 0035                  _init_io 018C  
                _newline 0028                  clrloop0 0294               ??_lcd_init 0043  
             ??_lcd_goto 0043               ??_lcd_puts 0045     end_of_initialization 0021  
              _RCSTAbits 0018                _PORTBbits 0006                _PORTDbits 0008  
              _TRISAbits 0085                _TRISBbits 0086                _TRISCbits 0087  
              _TRISDbits 0088                _TRISEbits 0089              ?_lcd_strobe 0070  
        _meaning_of_life 0022                _TXSTAbits 0098               lcd_write@c 0042  
    start_initialization 0015              __end_of_ISR 01FA      __size_of_lcd_strobe 0010  
            __pbssCOMMON 0076                ___latbits 0002            __pcstackBANK0 003F  
    __end_of__stringdata 018C   __CFG_FOSC$INTRC_CLKOUT 0000        __size_of_lcd_init 0070  
      __size_of_lcd_goto 000A        __size_of_lcd_puts 0024                _lcd_clear 0265  
              __pstrings 0149                _lcd_write 01FA                 ?_init_io 0070  
      interrupt_function 0004                clear_ram0 0293                 _PIE1bits 008C  
               _PIR1bits 000C            ??_serial_init 003F                _uart_data 0078  
             ?_lcd_clear 0070              __stringbase 0158              __stringdata 0159  
             ?_lcd_write 0070                lcd_puts@s 0043             ??_lcd_strobe 003F  
     __end_of_lcd_strobe 0289      __end_of_serial_init 0265       __end_of__stringtab 0159  
       __size_of_init_io 0039        __CFG_BOR4V$BOR40V 0000                 _lcd_init 00D9  
               _lcd_goto 0289                 _lcd_puts 021F            __size_of_main 00B4  
            ??_lcd_clear 0043              ??_lcd_write 0041               _INTCONbits 000B  
               intlevel1 0000                stringcode 0153               _OSCCONbits 008F  
            _serial_init 0243                 stringdir 0153                 stringtab 0149  
