Microchip MPLAB XC8 Compiler V1.31 ()

Linker command line:

--edf=C:\Program Files\Microchip\xc8\v1.31\dat\en_msgs.txt -cs \
  -h+dist/default/production\16F887_UARTrx.X.production.sym \
  --cmf=dist/default/production\16F887_UARTrx.X.production.cmf -z -Q16F887 \
  -oC:\Users\Chas\AppData\Local\Temp\s48s.6 \
  -Mdist/default/production/16F887_UARTrx.X.production.map -E1 -ver=XC8 \
  -ASTACK=0110h-016fh -pstack=STACK -ACONST=00h-0FFhx32 -ACODE=00h-07FFhx4 \
  -ASTRCODE=00h-01FFFh -AENTRY=00h-0FFhx32 -ASTRING=00h-0FFhx32 \
  -ACOMMON=070h-07Fh -ABANK0=020h-06Fh -ABANK1=0A0h-0EFh \
  -ABANK2=0110h-016Fh -ABANK3=0190h-01EFh \
  -ARAM=020h-06Fh,0A0h-0EFh,0110h-016Fh,0190h-01EFh \
  -AABS1=020h-07Fh,0A0h-0EFh,0110h-016Fh,0190h-01EFh -ASFR0=00h-01Fh \
  -ASFR1=080h-09Fh -ASFR2=0100h-010Fh -ASFR3=0180h-018Fh \
  -preset_vec=00h,intentry=04h,init,end_init -ppowerup=CODE -pcinit=CODE \
  -pfunctab=CODE -ACONFIG=02007h-02008h -pconfig=CONFIG -DCONFIG=2 \
  -AIDLOC=02000h-02003h -pidloc=IDLOC -DIDLOC=2 -AEEDATA=00h-0FFh/02100h \
  -peeprom_data=EEDATA -DEEDATA=2 -DCODE=2 -DSTRCODE=2 -DSTRING=2 -DCONST=2 \
  -DENTRY=2 -k C:\Users\Chas\AppData\Local\Temp\s48s.obj \
  dist/default/production\16F887_UARTrx.X.production.obj 

Object code version is 3.11

Machine type is 16F887



                Name                               Link     Load   Length Selector   Space Scale
C:\Users\Chas\AppData\Local\Temp\s48s.obj
                end_init                             12       12        3        8       0
                reset_vec                             0        0        3        0       0
                config                             2007     2007        2     400E       0
dist/default/production\16F887_UARTrx.X.production.obj
                cinit                                15       15       10        8       0
                intentry                              4        4        E        8       0
                text9                               1C5      1C5       35      318       0
                text8                               18C      18C       39      318       0
                text7                               279      279       10      318       0
                text6                               1FA      1FA       25      318       0
                text5                               265      265       14      318       0
                text4                               289      289        A      318       0
                text3                                D9       D9       70        8       0
                text2                               21F      21F       24      318       0
                text1                               243      243       22      318       0
                maintext                             25       25       B4        8       0
                cstackBANK0                          3F       3F        9       20       1
                cstackCOMMON                         70       70        6       70       1
                clrtext                             293      293        8      318       0
                bssBANK0                             20       20       1F       20       1
                bssCOMMON                            76       76        5       70       1
                strings                             149      149       43      292       0

TOTAL           Name                               Link     Load   Length     Space
        CLASS   STACK          

        CLASS   CONST          

        CLASS   CODE           
                end_init                             12       12        3         0
                cinit                                15       15       10         0
                intentry                              4        4        E         0
                reset_vec                             0        0        3         0
                text9                               1C5      1C5       35         0
                text8                               18C      18C       39         0
                text7                               279      279       10         0
                text6                               1FA      1FA       25         0
                text5                               265      265       14         0
                text4                               289      289        A         0
                text3                                D9       D9       70         0
                text2                               21F      21F       24         0
                text1                               243      243       22         0
                maintext                             25       25       B4         0
                clrtext                             293      293        8         0

        CLASS   STRCODE        

        CLASS   ENTRY          

        CLASS   STRING         
                strings                             149      149       43         0

        CLASS   COMMON         
                cstackCOMMON                         70       70        6         1
                bssCOMMON                            76       76        5         1

        CLASS   BANK0          
                cstackBANK0                          3F       3F        9         1
                bssBANK0                             20       20       1F         1

        CLASS   BANK1          

        CLASS   BANK2          

        CLASS   BANK3          

        CLASS   RAM            

        CLASS   ABS1           
                abs_s1                               7E       7E        2         1

        CLASS   SFR0           

        CLASS   SFR1           

        CLASS   SFR2           

        CLASS   SFR3           

        CLASS   CONFIG         
                config                             2007     2007        2         0

        CLASS   IDLOC          

        CLASS   EEDATA         



SEGMENTS        Name                           Load    Length   Top    Selector   Space  Class     Delta

                reset_vec                      000000  000003  000003         0       0  CODE        2
                intentry                       000004  000145  000149         8       0  CODE        2
                bssBANK0                       000020  000028  000048        20       1  BANK0       1
                cstackCOMMON                   000070  00000B  00007B        70       1  COMMON      1
                strings                        000149  000043  00018C       292       0  STRING      2
                text8                          00018C  00010F  00029B       318       0  CODE        2
                config                         002007  000002  002009      400E       0  CONFIG      2


UNUSED ADDRESS RANGES

        Name                Unused          Largest block    Delta
        BANK0            0048-006F             28           1
        BANK1            00A0-00EF             50           1
        BANK2            0110-016F             60           1
        BANK3            0190-01EF             60           1
        CODE             0003-0003              1           2
                         029B-1FFF            800
        COMMON           007B-007D              3           1
        CONST            0003-0003              1           2
                         029B-1FFF            100
        EEDATA           2100-21FF            100           2
        ENTRY            0003-0003              1           2
                         029B-1FFF            100
        IDLOC            2000-2003              4           2
        RAM              0048-006F             28           1
                         00A0-00EF             50
                         0110-016F             60
                         0190-01EF             60
        SFR0             0000-001F             20           1
        SFR1             0080-009F             20           1
        SFR2             0100-010F             10           1
        SFR3             0180-018F             10           1
        STACK            0110-016F             60           1
        STRCODE          0003-0003              1           2
                         029B-1FFF           1D65
        STRING           0003-0003              1           2
                         029B-1FFF            100

                                  Symbol Table

ISR@temp                 cstackCOMMON 0075
_ANSEL                   (abs)        0188
_ANSELH                  (abs)        0189
_CM1CON0                 (abs)        0107
_CM2CON0                 (abs)        0108
_INTCONbits              (abs)        000B
_ISR                     text9        01C5
_OSCCONbits              (abs)        008F
_PIE1bits                (abs)        008C
_PIR1bits                (abs)        000C
_PORTB                   (abs)        0006
_PORTBbits               (abs)        0006
_PORTD                   (abs)        0008
_PORTDbits               (abs)        0008
_RCREG                   (abs)        001A
_RCSTAbits               (abs)        0018
_SPBRG                   (abs)        0099
_TRISAbits               (abs)        0085
_TRISBbits               (abs)        0086
_TRISCbits               (abs)        0087
_TRISDbits               (abs)        0088
_TRISEbits               (abs)        0089
_TXREG                   (abs)        0019
_TXSTAbits               (abs)        0098
__CFG_BOR4V$BOR40V       (abs)        0000
__CFG_BOREN$OFF          (abs)        0000
__CFG_CP$OFF             (abs)        0000
__CFG_CPD$OFF            (abs)        0000
__CFG_FCMEN$OFF          (abs)        0000
__CFG_FOSC$INTRC_CLKOUT  (abs)        0000
__CFG_IESO$OFF           (abs)        0000
__CFG_LVP$OFF            (abs)        0000
__CFG_MCLRE$ON           (abs)        0000
__CFG_PWRTE$OFF          (abs)        0000
__CFG_WDTE$OFF           (abs)        0000
__CFG_WRT$OFF            (abs)        0000
__Habs1                  abs1         0000
__Hbank0                 bank0        0000
__Hbank1                 bank1        0000
__Hbank2                 bank2        0000
__Hbank3                 bank3        0000
__HbssBANK0              bssBANK0     0000
__HbssCOMMON             bssCOMMON    0000
__Hcinit                 cinit        0025
__Hclrtext               clrtext      0000
__Hcode                  code         0000
__Hcommon                common       0000
__Hconfig                config       2009
__HcstackBANK0           cstackBANK0  0000
__HcstackCOMMON          cstackCOMMON 0000
__Heeprom_data           eeprom_data  0000
__Hend_init              end_init     0015
__Hfunctab               functab      0000
__Hidloc                 idloc        0000
__Hinit                  init         0012
__Hintentry              intentry     0012
__Hmaintext              maintext     0000
__Hpowerup               powerup      0000
__Hram                   ram          0000
__Hreset_vec             reset_vec    0003
__Hsfr0                  sfr0         0000
__Hsfr1                  sfr1         0000
__Hsfr2                  sfr2         0000
__Hsfr3                  sfr3         0000
__Hstack                 stack        0000
__Hstrings               strings      0000
__Htext                  text         0000
__Labs1                  abs1         0000
__Lbank0                 bank0        0000
__Lbank1                 bank1        0000
__Lbank2                 bank2        0000
__Lbank3                 bank3        0000
__LbssBANK0              bssBANK0     0000
__LbssCOMMON             bssCOMMON    0000
__Lcinit                 cinit        0015
__Lclrtext               clrtext      0000
__Lcode                  code         0000
__Lcommon                common       0000
__Lconfig                config       2007
__LcstackBANK0           cstackBANK0  0000
__LcstackCOMMON          cstackCOMMON 0000
__Leeprom_data           eeprom_data  0000
__Lend_init              end_init     0012
__Lfunctab               functab      0000
__Lidloc                 idloc        0000
__Linit                  init         0012
__Lintentry              intentry     0004
__Lmaintext              maintext     0000
__Lpowerup               powerup      0000
__Lram                   ram          0000
__Lreset_vec             reset_vec    0000
__Lsfr0                  sfr0         0000
__Lsfr1                  sfr1         0000
__Lsfr2                  sfr2         0000
__Lsfr3                  sfr3         0000
__Lstack                 stack        0000
__Lstrings               strings      0000
__Ltext                  text         0000
__S0                     (abs)        2009
__S1                     (abs)        007B
__S2                     (abs)        0000
__S3                     (abs)        0000
___int_sp                stack        0000
___latbits               (abs)        0002
___sp                    stack        0000
__end_of_ISR             text9        01FA
__end_of__initialization cinit        0021
__end_of__stringdata     strings      018C
__end_of__stringtab      strings      0159
__end_of_init_io         text8        01C5
__end_of_lcd_clear       text5        0279
__end_of_lcd_goto        text4        0293
__end_of_lcd_init        text3        0149
__end_of_lcd_puts        text2        0243
__end_of_lcd_strobe      text7        0289
__end_of_lcd_write       text6        021F
__end_of_main            maintext     00D9
__end_of_serial_init     text1        0265
__initialization         cinit        0015
__pbssBANK0              bssBANK0     0020
__pbssCOMMON             bssCOMMON    0076
__pcstackBANK0           cstackBANK0  003F
__pcstackCOMMON          cstackCOMMON 0070
__pintentry              intentry     0004
__pmaintext              maintext     0025
__pstrings               strings      0149
__ptext1                 text1        0243
__ptext2                 text2        021F
__ptext3                 text3        00D9
__ptext4                 text4        0289
__ptext5                 text5        0265
__ptext6                 text6        01FA
__ptext7                 text7        0279
__ptext8                 text8        018C
__ptext9                 text9        01C5
__size_of_ISR            (abs)        0000
__size_of_init_io        (abs)        0000
__size_of_lcd_clear      (abs)        0000
__size_of_lcd_goto       (abs)        0000
__size_of_lcd_init       (abs)        0000
__size_of_lcd_puts       (abs)        0000
__size_of_lcd_strobe     (abs)        0000
__size_of_lcd_write      (abs)        0000
__size_of_main           (abs)        0000
__size_of_serial_init    (abs)        0000
__stringbase             strings      0158
__stringdata             strings      0159
__stringtab              strings      0149
_index                   bssCOMMON    0076
_init_io                 text8        018C
_l                       bssBANK0     0020
_lcd_clear               text5        0265
_lcd_goto                text4        0289
_lcd_init                text3        00D9
_lcd_puts                text2        021F
_lcd_strobe              text7        0279
_lcd_write               text6        01FA
_main                    maintext     0025
_meaning_of_life         bssBANK0     0022
_n                       bssBANK0     0024
_new_rx                  bssBANK0     0026
_newline                 bssBANK0     0028
_rx                      bssCOMMON    007A
_rxtxt                   bssBANK0     002A
_serial_init             text1        0243
_uart_data               bssCOMMON    0078
btemp                    (abs)        007E
clear_ram0               clrtext      0293
end_of_initialization    cinit        0021
interrupt_function       intentry     0004
intlevel0                functab      0000
intlevel1                functab      0000
intlevel2                functab      0000
intlevel3                functab      0000
intlevel4                functab      0000
intlevel5                functab      0000
lcd_goto@pos             cstackBANK0  0043
lcd_puts@s               cstackBANK0  0043
lcd_write@c              cstackBANK0  0042
ltemp                    (abs)        007E
ltemp0                   (abs)        007E
ltemp1                   (abs)        0082
ltemp2                   (abs)        0086
ltemp3                   (abs)        0080
reset_vec                reset_vec    0000
saved_w                  (abs)        007E
stackhi                  (abs)        0000
stacklo                  (abs)        0000
start                    init         0012
start_initialization     cinit        0015
ttemp                    (abs)        007E
ttemp0                   (abs)        007E
ttemp1                   (abs)        0081
ttemp2                   (abs)        0084
ttemp3                   (abs)        0087
ttemp4                   (abs)        007F
wtemp                    (abs)        007E
wtemp0                   (abs)        007E
wtemp1                   (abs)        0080
wtemp2                   (abs)        0082
wtemp3                   (abs)        0084
wtemp4                   (abs)        0086
wtemp5                   (abs)        0088
wtemp6                   (abs)        007F


FUNCTION INFORMATION:

 *************** function _main *****************
 Defined at:
		line 268 in file "rx-main.c"
 Parameters:    Size  Location     Type
		None
 Auto vars:     Size  Location     Type
		None
 Return value:  Size  Location     Type
		None               void
 Registers used:
		wreg, fsr0l, fsr0h, status,2, status,0, btemp+1, pclath, cstack
 Tracked objects:
		On entry : 
		On exit  : 
		Unchanged: 
 Data sizes:     COMMON   BANK0   BANK1   BANK3   BANK2
      Params:         0       0       0       0       0
      Locals:         0       0       0       0       0
      Temps:          0       3       0       0       0
      Totals:         0       3       0       0       0
Total ram usage:        3 bytes
 Hardware stack levels required when called:    4
 This function calls:
		_init_io
		_lcd_clear
		_lcd_goto
		_lcd_init
		_lcd_puts
		_serial_init
 This function is called by:
		Startup code after reset
 This function uses a non-reentrant model


 *************** function _serial_init *****************
 Defined at:
		line 147 in file "rx-main.c"
 Parameters:    Size  Location     Type
		None
 Auto vars:     Size  Location     Type
		None
 Return value:  Size  Location     Type
		None               void
 Registers used:
		wreg
 Tracked objects:
		On entry : 
		On exit  : 
		Unchanged: 
 Data sizes:     COMMON   BANK0   BANK1   BANK3   BANK2
      Params:         0       0       0       0       0
      Locals:         0       0       0       0       0
      Temps:          0       2       0       0       0
      Totals:         0       2       0       0       0
Total ram usage:        2 bytes
 Hardware stack levels used:    1
 Hardware stack levels required when called:    1
 This function calls:
		Nothing
 This function is called by:
		_main
 This function uses a non-reentrant model


 *************** function _lcd_puts *****************
 Defined at:
		line 205 in file "rx-main.c"
 Parameters:    Size  Location     Type
  s               2    4[BANK0 ] PTR const unsigned char 
		 -> STR_4(17), STR_3(17), STR_2(17), STR_1(17), 
		 -> rxtxt(21), 
 Auto vars:     Size  Location     Type
		None
 Return value:  Size  Location     Type
		None               void
 Registers used:
		wreg, fsr0l, fsr0h, status,2, status,0, btemp+1, pclath, cstack
 Tracked objects:
		On entry : 
		On exit  : 
		Unchanged: 
 Data sizes:     COMMON   BANK0   BANK1   BANK3   BANK2
      Params:         0       2       0       0       0
      Locals:         0       0       0       0       0
      Temps:          0       0       0       0       0
      Totals:         0       2       0       0       0
Total ram usage:        2 bytes
 Hardware stack levels used:    1
 Hardware stack levels required when called:    3
 This function calls:
		_lcd_write
 This function is called by:
		_main
		_lcd_clrline1
		_lcd_clrline2
 This function uses a non-reentrant model


 *************** function _lcd_init *****************
 Defined at:
		line 242 in file "rx-main.c"
 Parameters:    Size  Location     Type
		None
 Auto vars:     Size  Location     Type
		None
 Return value:  Size  Location     Type
		None               void
 Registers used:
		wreg, status,2, status,0, pclath, cstack
 Tracked objects:
		On entry : 
		On exit  : 
		Unchanged: 
 Data sizes:     COMMON   BANK0   BANK1   BANK3   BANK2
      Params:         0       0       0       0       0
      Locals:         0       0       0       0       0
      Temps:          0       2       0       0       0
      Totals:         0       2       0       0       0
Total ram usage:        2 bytes
 Hardware stack levels used:    1
 Hardware stack levels required when called:    3
 This function calls:
		_lcd_strobe
		_lcd_write
 This function is called by:
		_main
 This function uses a non-reentrant model


 *************** function _lcd_goto *****************
 Defined at:
		line 216 in file "rx-main.c"
 Parameters:    Size  Location     Type
  pos             1    wreg     unsigned char 
 Auto vars:     Size  Location     Type
  pos             1    4[BANK0 ] unsigned char 
 Return value:  Size  Location     Type
		None               void
 Registers used:
		wreg, status,2, status,0, pclath, cstack
 Tracked objects:
		On entry : 
		On exit  : 
		Unchanged: 
 Data sizes:     COMMON   BANK0   BANK1   BANK3   BANK2
      Params:         0       0       0       0       0
      Locals:         0       1       0       0       0
      Temps:          0       0       0       0       0
      Totals:         0       1       0       0       0
Total ram usage:        1 bytes
 Hardware stack levels used:    1
 Hardware stack levels required when called:    3
 This function calls:
		_lcd_write
 This function is called by:
		_main
		_lcd_clrline1
		_lcd_clrline2
 This function uses a non-reentrant model


 *************** function _lcd_clear *****************
 Defined at:
		line 195 in file "rx-main.c"
 Parameters:    Size  Location     Type
		None
 Auto vars:     Size  Location     Type
		None
 Return value:  Size  Location     Type
		None               void
 Registers used:
		wreg, status,2, status,0, pclath, cstack
 Tracked objects:
		On entry : 
		On exit  : 
		Unchanged: 
 Data sizes:     COMMON   BANK0   BANK1   BANK3   BANK2
      Params:         0       0       0       0       0
      Locals:         0       0       0       0       0
      Temps:          0       2       0       0       0
      Totals:         0       2       0       0       0
Total ram usage:        2 bytes
 Hardware stack levels used:    1
 Hardware stack levels required when called:    3
 This function calls:
		_lcd_write
 This function is called by:
		_main
 This function uses a non-reentrant model


 *************** function _lcd_write *****************
 Defined at:
		line 182 in file "rx-main.c"
 Parameters:    Size  Location     Type
  c               1    wreg     unsigned char 
 Auto vars:     Size  Location     Type
  c               1    3[BANK0 ] unsigned char 
 Return value:  Size  Location     Type
		None               void
 Registers used:
		wreg, status,2, status,0, pclath, cstack
 Tracked objects:
		On entry : 
		On exit  : 
		Unchanged: 
 Data sizes:     COMMON   BANK0   BANK1   BANK3   BANK2
      Params:         0       0       0       0       0
      Locals:         0       1       0       0       0
      Temps:          0       1       0       0       0
      Totals:         0       2       0       0       0
Total ram usage:        2 bytes
 Hardware stack levels used:    1
 Hardware stack levels required when called:    2
 This function calls:
		_lcd_strobe
 This function is called by:
		_lcd_clear
		_lcd_puts
		_lcd_goto
		_lcd_init
 This function uses a non-reentrant model


 *************** function _lcd_strobe *****************
 Defined at:
		line 173 in file "rx-main.c"
 Parameters:    Size  Location     Type
		None
 Auto vars:     Size  Location     Type
		None
 Return value:  Size  Location     Type
		None               void
 Registers used:
		wreg
 Tracked objects:
		On entry : 
		On exit  : 
		Unchanged: 
 Data sizes:     COMMON   BANK0   BANK1   BANK3   BANK2
      Params:         0       0       0       0       0
      Locals:         0       0       0       0       0
      Temps:          0       2       0       0       0
      Totals:         0       2       0       0       0
Total ram usage:        2 bytes
 Hardware stack levels used:    1
 Hardware stack levels required when called:    1
 This function calls:
		Nothing
 This function is called by:
		_lcd_write
		_lcd_init
 This function uses a non-reentrant model


 *************** function _init_io *****************
 Defined at:
		line 84 in file "rx-main.c"
 Parameters:    Size  Location     Type
		None
 Auto vars:     Size  Location     Type
		None
 Return value:  Size  Location     Type
		None               void
 Registers used:
		status,2
 Tracked objects:
		On entry : 
		On exit  : 
		Unchanged: 
 Data sizes:     COMMON   BANK0   BANK1   BANK3   BANK2
      Params:         0       0       0       0       0
      Locals:         0       0       0       0       0
      Temps:          0       0       0       0       0
      Totals:         0       0       0       0       0
Total ram usage:        0 bytes
 Hardware stack levels used:    1
 Hardware stack levels required when called:    1
 This function calls:
		Nothing
 This function is called by:
		_main
 This function uses a non-reentrant model


 *************** function _ISR *****************
 Defined at:
		line 54 in file "rx-main.c"
 Parameters:    Size  Location     Type
		None
 Auto vars:     Size  Location     Type
  temp            1    5[COMMON] unsigned char 
 Return value:  Size  Location     Type
		None               void
 Registers used:
		wreg, fsr0l, fsr0h, status,2, status,0
 Tracked objects:
		On entry : 
		On exit  : 
		Unchanged: 
 Data sizes:     COMMON   BANK0   BANK1   BANK3   BANK2
      Params:         0       0       0       0       0
      Locals:         1       0       0       0       0
      Temps:          5       0       0       0       0
      Totals:         6       0       0       0       0
Total ram usage:        6 bytes
 Hardware stack levels used:    1
 This function calls:
		Nothing
 This function is called by:
		Interrupt level 1
 This function uses a non-reentrant model



MODULE INFORMATION

Module		Function		Class		Link	Load	Size
shared
		__stringtab    		STRING         	0149	0000	16
		__stringdata   		STRING         	0159	0000	51
		__initializatio		CODE           	0015	0000	12

shared estimated size: 79

rx-main.c
		_lcd_puts      		CODE           	021F	0000	36
		_ISR           		CODE           	01C5	0000	53
		_main          		CODE           	0025	0000	180
		_lcd_clear     		CODE           	0265	0000	20
		_lcd_goto      		CODE           	0289	0000	10
		_serial_init   		CODE           	0243	0000	34
		_lcd_write     		CODE           	01FA	0000	37
		_init_io       		CODE           	018C	0000	57
		_lcd_strobe    		CODE           	0279	0000	16
		_lcd_init      		CODE           	00D9	0000	112

rx-main.c estimated size: 555

