Microchip MPLAB XC8 Compiler V1.31 ()

Linker command line:

--edf=C:\Program Files\Microchip\xc8\v1.31\dat\en_msgs.txt -cs \
  -h+dist/default/production\gps_wwvb.X.production.sym \
  --cmf=dist/default/production\gps_wwvb.X.production.cmf -z -Q18F47J53 \
  -oC:\Users\Chas\AppData\Local\Temp\s2l8.6 \
  -Mdist/default/production/gps_wwvb.X.production.map -E1 -ver=XC8 \
  -ASTACK=0D8h-09ffh -pstack=STACK -ACODE=00h-01FFF7h -ACONST=00h-01FFF7h \
  -ASMALLCONST=0F00h-0FFFhx496,01FF00h-01FFF7h \
  -AMEDIUMCONST=0F00h-0FFFFh,010F00h-01FFF7h -ACOMRAM=01h-05Fh \
  -AABS1=00h-0EAFh -ABIGRAM=01h-0EAFh \
  -ARAM=060h-0FFh,0100h-01FFhx13,0E00h-0EAFh -ABANK0=060h-0FFh \
  -ABANK1=0100h-01FFh -ABANK2=0200h-02FFh -ABANK3=0300h-03FFh \
  -ABANK4=0400h-04FFh -ABANK5=0500h-05FFh -ABANK6=0600h-06FFh \
  -ABANK7=0700h-07FFh -ABANK8=0800h-08FFh -ABANK9=0900h-09FFh \
  -ABANK10=0A00h-0AFFh -ABANK11=0B00h-0BFFh -ABANK12=0C00h-0CFFh \
  -ABANK13=0D00h-0DFFh -ABANK14=0E00h-0EAFh \
  -ASFR=0EB0h-0EFFh,0F00h-0F5Fh,0F60h-0FFFh \
  -preset_vec=00h,intcode=08h,intcodelo,powerup,init,end_init \
  -pramtop=0F00h -psmallconst=SMALLCONST -pmediumconst=MEDIUMCONST \
  -pconst=CONST -AFARRAM=00h-00h -ACONFIG=01FFF8h-01FFFFh -pconfig=CONFIG \
  -pjflash_buffer=01F800h \
  -prdata=COMRAM,nvrram=COMRAM,nvbit=COMRAM,rbss=COMRAM,rbit=COMRAM \
  -pfarbss=FARRAM,fardata=FARRAM,nvFARRAM=FARRAM \
  -pintsave_regs=BIGRAM,bigbss=BIGRAM,bigdata=BIGRAM -pbss=RAM \
  -pidata=CODE,irdata=CODE,ibigdata=CODE,ifardata=CODE \
  C:\Users\Chas\AppData\Local\Temp\s2l8.obj \
  dist/default/production\gps_wwvb.X.production.obj 

Object code version is 3.11

Machine type is 18F47J53

Call graph: (short form)




                Name                               Link     Load   Length Selector   Space Scale
C:\Users\Chas\AppData\Local\Temp\s2l8.obj
                end_init                             F8       F8        4        4       0
                reset_vec                             0        0        4        0       0
                config                            1FFF8    1FFF8        8    1FFF8       0
dist/default/production\gps_wwvb.X.production.obj
                intcode                               8        8       F0        4       0
                smallconst                          F00      F00        8      780       0
                text7                              1190     1190       66      784       0
                text6                              12BC     12BC        A      784       0
                text5                              126C     126C       32      784       0
                text4                              1238     1238       34      784       0
                text3                              11F6     11F6       42      784       0
                text2                              107E     107E       8A      784       0
                text1                              1108     1108       88      784       0
                text0                               F08      F08      176      784       0
                cstackCOMRAM                          1        1       23        1       1
                bssBANK0                             60       60       78       60       1
                bssCOMRAM                            24       24       10        1       1
                cinit                              129E     129E       1E      784       0

TOTAL           Name                               Link     Load   Length     Space
        CLASS   STACK          

        CLASS   CODE           
                end_init                             F8       F8        4         0
                intcode                               8        8       F0         0
                reset_vec                             0        0        4         0
                text7                              1190     1190       66         0
                text6                              12BC     12BC        A         0
                text5                              126C     126C       32         0
                text4                              1238     1238       34         0
                text3                              11F6     11F6       42         0
                text2                              107E     107E       8A         0
                text1                              1108     1108       88         0
                text0                               F08      F08      176         0
                cinit                              129E     129E       1E         0

        CLASS   CONST          

        CLASS   SMALLCONST     
                smallconst                          F00      F00        8         0

        CLASS   MEDIUMCONST    

        CLASS   COMRAM         
                cstackCOMRAM                          1        1       23         1
                bssCOMRAM                            24       24       10         1

        CLASS   ABS1           

        CLASS   BIGRAM         

        CLASS   RAM            

        CLASS   BANK0          
                bssBANK0                             60       60       78         1

        CLASS   BANK1          

        CLASS   BANK2          

        CLASS   BANK3          

        CLASS   BANK4          

        CLASS   BANK5          

        CLASS   BANK6          

        CLASS   BANK7          

        CLASS   BANK8          

        CLASS   BANK9          

        CLASS   BANK10         

        CLASS   BANK11         

        CLASS   BANK12         

        CLASS   BANK13         

        CLASS   BANK14         

        CLASS   SFR            

        CLASS   FARRAM         

        CLASS   CONFIG         
                config                            1FFF8    1FFF8        8         0

        CLASS   IDLOC          



SEGMENTS        Name                           Load    Length   Top    Selector   Space  Class

                reset_vec                      000000  000004  000004         0       0  CODE    
                cstackCOMRAM                   000001  000033  000034         1       1  COMRAM  
                intcode                        000008  0000F4  0000FC         4       0  CODE    
                bssBANK0                       000060  000078  0000D8        60       1  BANK0   
                smallconst                     000F00  000008  000F08       780       0  SMALLCON
                text0                          000F08  0003BE  0012C6       784       0  CODE    
                config                         01FFF8  000008  020000     1FFF8       0  CONFIG  


UNUSED ADDRESS RANGES

        Name                Unused          Largest block    Delta
        BANK0            000D8-000FF              28
        BANK1            00100-001FF             100
        BANK10           00A00-00AFF             100
        BANK11           00B00-00BFF             100
        BANK12           00C00-00CFF             100
        BANK13           00D00-00DFF             100
        BANK14           00E00-00EAF              B0
        BANK2            00200-002FF             100
        BANK3            00300-003FF             100
        BANK4            00400-004FF             100
        BANK5            00500-005FF             100
        BANK6            00600-006FF             100
        BANK7            00700-007FF             100
        BANK8            00800-008FF             100
        BANK9            00900-009FF             100
        BIGRAM           00034-0005F              2C
                         000D8-00EAF             DD8
        CODE             00004-00007               4
                         000FC-00EFF             E04
                         012C6-1FFF7           1ED32
        COMRAM           00034-0005F              2C
        CONST            00004-00007               4
                         000FC-00EFF             E04
                         012C6-1FFF7           1ED32
        MEDIUMCONST      012C6-0FFFF            ED3A
                         10F00-1FFF7            F0F8
        RAM              000D8-00EAF             100
        SFR              00EB0-00FFF              60
        SMALLCONST       012C6-1FFF7             100
        STACK            000D8-009FF             928

                                  Symbol Table

?_strchr                 cstackCOMRAM  00010
?_strlen                 cstackCOMRAM  00010
?_strncmp                cstackCOMRAM  00016
?_strstr                 cstackCOMRAM  0001F
ISR@temp                 cstackCOMRAM  0000F
_ADCON0                  (abs)         00FC2
_ADCON1                  (abs)         00FC1
_EECON2                  (abs)         00FA7
_INTCONbits              (abs)         00FF2
_ISR                     intcode       00008
_LATA                    (abs)         00F89
_LATAbits                (abs)         00F89
_LATBbits                (abs)         00F8A
_LATC                    (abs)         00F8B
_LATCbits                (abs)         00F8B
_OSCCONbits              (abs)         00FD3
_PIE3bits                (abs)         00FA3
_PIR3bits                (abs)         00FA4
_PORTCbits               (abs)         00F82
_PPSCONbits              (abs)         00EBF
_RCONbits                (abs)         00FD0
_RCREG2                  (abs)         00FAA
_RCSTA2bits              (abs)         00F9C
_RPINR16                 (abs)         00EF7
_RPOR23                  (abs)         00ED7
_SPBRG2                  (abs)         00FAB
_SPBRGH2                 (abs)         00F7D
_TRISAbits               (abs)         00F92
_TRISBbits               (abs)         00F93
_TRISCbits               (abs)         00F94
_TRISDbits               (abs)         00F95
_TRISEbits               (abs)         00F96
_TXREG2                  (abs)         00FA9
_TXSTA2bits              (abs)         00FA8
__CFG_CP0$OFF            (abs)         00000
__CFG_CPUDIV$OSC1        (abs)         00000
__CFG_FCMEN$OFF          (abs)         00000
__CFG_IESO$OFF           (abs)         00000
__CFG_OSC$INTOSC         (abs)         00000
__CFG_PLLDIV$1           (abs)         00000
__CFG_STVREN$ON          (abs)         00000
__CFG_WDTEN$OFF          (abs)         00000
__CFG_XINST$OFF          (abs)         00000
__HRAM                   (abs)         00000
__Habs1                  abs1          00000
__Hbank0                 bank0         00000
__Hbank1                 bank1         00000
__Hbank10                bank10        00000
__Hbank11                bank11        00000
__Hbank12                bank12        00000
__Hbank13                bank13        00000
__Hbank14                bank14        00000
__Hbank2                 bank2         00000
__Hbank3                 bank3         00000
__Hbank4                 bank4         00000
__Hbank5                 bank5         00000
__Hbank6                 bank6         00000
__Hbank7                 bank7         00000
__Hbank8                 bank8         00000
__Hbank9                 bank9         00000
__Hbigbss                bigbss        00000
__Hbigdata               bigdata       00000
__Hbigram                bigram        00000
__Hbss                   bss           00000
__HbssBANK0              bssBANK0      00000
__HbssCOMRAM             bssCOMRAM     00000
__Hcinit                 cinit         00000
__Hclrtext               clrtext       00000
__Hcomram                comram        00000
__Hconfig                config        20000
__Hconst                 const         00000
__HcstackCOMRAM          cstackCOMRAM  00000
__Hdata                  data          00000
__Hend_init              end_init      000FC
__Hfarbss                farbss        00000
__Hfardata               fardata       00000
__Hibigdata              ibigdata      00000
__Hidata                 idata         00000
__Hidloc                 idloc         00000
__Hifardata              ifardata      00000
__Hinit                  init          000F8
__Hintcode               intcode       000F8
__Hintcode_body          intcode_body  00000
__Hintcodelo             intcodelo     000F8
__Hintentry              intentry      00000
__Hintret                intret        00000
__Hintsave_regs          intsave_regs  00000
__Hirdata                irdata        00000
__Hjflash_buffer         jflash_buffer 1F800
__Hmediumconst           mediumconst   00000
__HnvFARRAM              nvFARRAM      00000
__Hnvbit                 nvbit         00000
__Hnvrram                nvrram        00000
__Hparam                 rparam        00000
__Hpowerup               powerup       000F8
__Hram                   ram           00000
__Hramtop                ramtop        00F00
__Hrbit                  rbit          00000
__Hrbss                  rbss          00000
__Hrdata                 rdata         00000
__Hreset_vec             reset_vec     00004
__Hrparam                rparam        00000
__Hsfr                   sfr           00000
__Hsmallconst            smallconst    00F08
__Hstack                 stack         00000
__Hstruct                struct        00000
__Htemp                  temp          00000
__Htext                  text          00000
__Htext0                 text0         00000
__Htext1                 text1         00000
__Htext2                 text2         00000
__Htext3                 text3         00000
__Htext4                 text4         00000
__Htext5                 text5         00000
__Htext6                 text6         00000
__Htext7                 text7         00000
__LRAM                   (abs)         00001
__Labs1                  abs1          00000
__Lbank0                 bank0         00000
__Lbank1                 bank1         00000
__Lbank10                bank10        00000
__Lbank11                bank11        00000
__Lbank12                bank12        00000
__Lbank13                bank13        00000
__Lbank14                bank14        00000
__Lbank2                 bank2         00000
__Lbank3                 bank3         00000
__Lbank4                 bank4         00000
__Lbank5                 bank5         00000
__Lbank6                 bank6         00000
__Lbank7                 bank7         00000
__Lbank8                 bank8         00000
__Lbank9                 bank9         00000
__Lbigbss                bigbss        00000
__Lbigdata               bigdata       00000
__Lbigram                bigram        00000
__Lbss                   bss           00000
__LbssBANK0              bssBANK0      00000
__LbssCOMRAM             bssCOMRAM     00000
__Lcinit                 cinit         00000
__Lclrtext               clrtext       00000
__Lcomram                comram        00000
__Lconfig                config        1FFF8
__Lconst                 const         00000
__LcstackCOMRAM          cstackCOMRAM  00000
__Ldata                  data          00000
__Lend_init              end_init      000F8
__Lfarbss                farbss        00000
__Lfardata               fardata       00000
__Libigdata              ibigdata      00000
__Lidata                 idata         00000
__Lidloc                 idloc         00000
__Lifardata              ifardata      00000
__Linit                  init          000F8
__Lintcode               intcode       00008
__Lintcode_body          intcode_body  00000
__Lintcodelo             intcodelo     000F8
__Lintentry              intentry      00000
__Lintret                intret        00000
__Lintsave_regs          intsave_regs  00000
__Lirdata                irdata        00000
__Ljflash_buffer         jflash_buffer 1F800
__Lmediumconst           mediumconst   00000
__LnvFARRAM              nvFARRAM      00000
__Lnvbit                 nvbit         00000
__Lnvrram                nvrram        00000
__Lparam                 rparam        00000
__Lpowerup               powerup       000F8
__Lram                   ram           00000
__Lramtop                ramtop        00F00
__Lrbit                  rbit          00000
__Lrbss                  rbss          00000
__Lrdata                 rdata         00000
__Lreset_vec             reset_vec     00000
__Lrparam                rparam        00000
__Lsfr                   sfr           00000
__Lsmallconst            smallconst    00F00
__Lstack                 stack         00000
__Lstruct                struct        00000
__Ltemp                  temp          00000
__Ltext                  text          00000
__Ltext0                 text0         00000
__Ltext1                 text1         00000
__Ltext2                 text2         00000
__Ltext3                 text3         00000
__Ltext4                 text4         00000
__Ltext5                 text5         00000
__Ltext6                 text6         00000
__Ltext7                 text7         00000
__S0                     (abs)         20000
__S1                     (abs)         000D8
__S2                     (abs)         00000
___inthi_sp              stack         00000
___intlo_sp              stack         00000
___sp                    stack         00000
__accesstop              (abs)         00060
__activetblptr           (abs)         00003
__end_of_ISR             intcode       000F8
__end_of__initialization cinit         012B6
__end_of__stringdata     smallconst    00F07
__end_of_init_io         text7         011F6
__end_of_main            text0         0107E
__end_of_serial_init     text5         0129E
__end_of_strchr          text4         0126C
__end_of_strlen          text3         01238
__end_of_strncmp         text2         01108
__end_of_strstr          text1         01190
__end_of_uart_xmit       text6         012C6
__initialization         cinit         0129E
__mediumconst            mediumconst   00000
__pbssBANK0              bssBANK0      00060
__pbssCOMRAM             bssCOMRAM     00024
__pcinit                 cinit         0129E
__pcstackCOMRAM          cstackCOMRAM  00001
__pintcode               intcode       00008
__psmallconst            smallconst    00F00
__ptext0                 text0         00F08
__ptext1                 text1         01108
__ptext2                 text2         0107E
__ptext3                 text3         011F6
__ptext4                 text4         01238
__ptext5                 text5         0126C
__ptext6                 text6         012BC
__ptext7                 text7         01190
__ramtop                 ramtop        00F00
__size_of_ISR            (abs)         00000
__size_of_init_io        (abs)         00000
__size_of_main           (abs)         00000
__size_of_serial_init    (abs)         00000
__size_of_strchr         (abs)         00000
__size_of_strlen         (abs)         00000
__size_of_strncmp        (abs)         00000
__size_of_strstr         (abs)         00000
__size_of_uart_xmit      (abs)         00000
__smallconst             smallconst    00F00
__stringdata             smallconst    00F01
_ctxt                    bssBANK0      00060
_gpgga                   bssCOMRAM     00024
_gprmc                   bssCOMRAM     00026
_index                   bssCOMRAM     00028
_init_io                 text7         01190
_isrcall                 bssCOMRAM     0002A
_main                    text0         00F08
_new_rx                  bssCOMRAM     0002C
_ping                    bssCOMRAM     0002E
_reading                 bssCOMRAM     00030
_ready                   bssCOMRAM     00032
_serial_init             text5         0126C
_strchr                  text4         01238
_strlen                  text3         011F6
_strncmp                 text2         0107E
_strstr                  text1         01108
_uart_xmit               text6         012BC
end_of_initialization    cinit         012B6
intlevel0                text          00000
intlevel1                text          00000
intlevel2                text          00000
intlevel3                text          00000
stackhi                  (abs)         009FF
stacklo                  (abs)         000D8
start                    init          000F8
start_initialization     cinit         0129E
strchr@chr               cstackCOMRAM  00012
strchr@ptr               cstackCOMRAM  00010
strlen@cp                cstackCOMRAM  00014
strlen@s                 cstackCOMRAM  00010
strncmp@len              cstackCOMRAM  0001A
strncmp@s1               cstackCOMRAM  00016
strncmp@s2               cstackCOMRAM  00018
strstr@s1                cstackCOMRAM  0001F
strstr@s2                cstackCOMRAM  00021
uart_xmit@mydata_byte    cstackCOMRAM  00010


FUNCTION INFORMATION:

 *************** function _main *****************
 Defined at:
		line 176 in file "main.c"
 Parameters:    Size  Location     Type
		None
 Auto vars:     Size  Location     Type
		None
 Return value:  Size  Location     Type
                  2  100[COMRAM] int 
 Registers used:
		wreg, fsr2l, fsr2h, status,2, status,0, tblptrl, tblptrh, tblptru, cstack
 Tracked objects:
		On entry : 
		On exit  : 
		Unchanged: 
 Data sizes:     COMRAM   BANK0   BANK1   BANK2   BANK3   BANK4   BANK5   BANK6   BANK7   BANK8   BANK9  BANK10  BANK11  BANK12  BANK13  BANK14
      Params:         0       0       0       0       0       0       0       0       0       0       0       0       0       0       0       0
      Locals:         0       0       0       0       0       0       0       0       0       0       0       0       0       0       0       0
      Temps:          1       0       0       0       0       0       0       0       0       0       0       0       0       0       0       0
      Totals:         1       0       0       0       0       0       0       0       0       0       0       0       0       0       0       0
Total ram usage:        1 bytes
 Hardware stack levels required when called:    3
 This function calls:
		_init_io
		_serial_init
		_strstr
 This function is called by:
		Startup code after reset
 This function uses a non-reentrant model


 *************** function _strstr *****************
 Defined at:
		line 4 in file "C:\Program Files\Microchip\xc8\v1.31\sources\common\strstr.c"
 Parameters:    Size  Location     Type
  s1              2   30[COMRAM] PTR const unsigned char 
		 -> NULL(0), ctxt(120), 
  s2              2   32[COMRAM] PTR const unsigned char 
		 -> STR_1(6), 
 Auto vars:     Size  Location     Type
		None
 Return value:  Size  Location     Type
                  2   30[COMRAM] PTR unsigned char 
 Registers used:
		wreg, fsr2l, fsr2h, status,2, status,0, tblptrl, tblptrh, tblptru, cstack
 Tracked objects:
		On entry : 
		On exit  : 
		Unchanged: 
 Data sizes:     COMRAM   BANK0   BANK1   BANK2   BANK3   BANK4   BANK5   BANK6   BANK7   BANK8   BANK9  BANK10  BANK11  BANK12  BANK13  BANK14
      Params:         4       0       0       0       0       0       0       0       0       0       0       0       0       0       0       0
      Locals:         0       0       0       0       0       0       0       0       0       0       0       0       0       0       0       0
      Temps:          0       0       0       0       0       0       0       0       0       0       0       0       0       0       0       0
      Totals:         4       0       0       0       0       0       0       0       0       0       0       0       0       0       0       0
Total ram usage:        4 bytes
 Hardware stack levels used:    1
 Hardware stack levels required when called:    2
 This function calls:
		_strchr
		_strlen
		_strncmp
 This function is called by:
		_main
 This function uses a non-reentrant model


 *************** function _strncmp *****************
 Defined at:
		line 4 in file "C:\Program Files\Microchip\xc8\v1.31\sources\common\strncmp.c"
 Parameters:    Size  Location     Type
  s1              2   21[COMRAM] PTR const unsigned char 
		 -> NULL(0), ctxt(120), 
  s2              2   23[COMRAM] PTR const unsigned char 
		 -> STR_1(6), 
  len             2   25[COMRAM] unsigned int 
 Auto vars:     Size  Location     Type
		None
 Return value:  Size  Location     Type
                  2   21[COMRAM] int 
 Registers used:
		wreg, fsr2l, fsr2h, status,2, status,0, tblptrl, tblptrh, tblptru
 Tracked objects:
		On entry : 
		On exit  : 
		Unchanged: 
 Data sizes:     COMRAM   BANK0   BANK1   BANK2   BANK3   BANK4   BANK5   BANK6   BANK7   BANK8   BANK9  BANK10  BANK11  BANK12  BANK13  BANK14
      Params:         6       0       0       0       0       0       0       0       0       0       0       0       0       0       0       0
      Locals:         0       0       0       0       0       0       0       0       0       0       0       0       0       0       0       0
      Temps:          3       0       0       0       0       0       0       0       0       0       0       0       0       0       0       0
      Totals:         9       0       0       0       0       0       0       0       0       0       0       0       0       0       0       0
Total ram usage:        9 bytes
 Hardware stack levels used:    1
 Hardware stack levels required when called:    1
 This function calls:
		Nothing
 This function is called by:
		_strstr
 This function uses a non-reentrant model


 *************** function _strlen *****************
 Defined at:
		line 4 in file "C:\Program Files\Microchip\xc8\v1.31\sources\common\strlen.c"
 Parameters:    Size  Location     Type
  s               2   15[COMRAM] PTR const unsigned char 
		 -> STR_1(6), 
 Auto vars:     Size  Location     Type
  cp              2   19[COMRAM] PTR const unsigned char 
		 -> STR_1(6), 
 Return value:  Size  Location     Type
                  2   15[COMRAM] unsigned int 
 Registers used:
		wreg, status,2, status,0, tblptrl, tblptrh, tblptru
 Tracked objects:
		On entry : 
		On exit  : 
		Unchanged: 
 Data sizes:     COMRAM   BANK0   BANK1   BANK2   BANK3   BANK4   BANK5   BANK6   BANK7   BANK8   BANK9  BANK10  BANK11  BANK12  BANK13  BANK14
      Params:         2       0       0       0       0       0       0       0       0       0       0       0       0       0       0       0
      Locals:         2       0       0       0       0       0       0       0       0       0       0       0       0       0       0       0
      Temps:          2       0       0       0       0       0       0       0       0       0       0       0       0       0       0       0
      Totals:         6       0       0       0       0       0       0       0       0       0       0       0       0       0       0       0
Total ram usage:        6 bytes
 Hardware stack levels used:    1
 Hardware stack levels required when called:    1
 This function calls:
		Nothing
 This function is called by:
		_strstr
 This function uses a non-reentrant model


 *************** function _strchr *****************
 Defined at:
		line 4 in file "C:\Program Files\Microchip\xc8\v1.31\sources\common\strchr.c"
 Parameters:    Size  Location     Type
  ptr             2   15[COMRAM] PTR const unsigned char 
		 -> NULL(0), ctxt(120), 
  chr             2   17[COMRAM] int 
 Auto vars:     Size  Location     Type
		None
 Return value:  Size  Location     Type
                  2   15[COMRAM] PTR unsigned char 
 Registers used:
		wreg, fsr2l, fsr2h, status,2, status,0
 Tracked objects:
		On entry : 
		On exit  : 
		Unchanged: 
 Data sizes:     COMRAM   BANK0   BANK1   BANK2   BANK3   BANK4   BANK5   BANK6   BANK7   BANK8   BANK9  BANK10  BANK11  BANK12  BANK13  BANK14
      Params:         4       0       0       0       0       0       0       0       0       0       0       0       0       0       0       0
      Locals:         0       0       0       0       0       0       0       0       0       0       0       0       0       0       0       0
      Temps:          0       0       0       0       0       0       0       0       0       0       0       0       0       0       0       0
      Totals:         4       0       0       0       0       0       0       0       0       0       0       0       0       0       0       0
Total ram usage:        4 bytes
 Hardware stack levels used:    1
 Hardware stack levels required when called:    1
 This function calls:
		Nothing
 This function is called by:
		_strstr
 This function uses a non-reentrant model


 *************** function _serial_init *****************
 Defined at:
		line 151 in file "main.c"
 Parameters:    Size  Location     Type
		None
 Auto vars:     Size  Location     Type
		None
 Return value:  Size  Location     Type
		None               void
 Registers used:
		wreg, status,2, cstack
 Tracked objects:
		On entry : 
		On exit  : 
		Unchanged: 
 Data sizes:     COMRAM   BANK0   BANK1   BANK2   BANK3   BANK4   BANK5   BANK6   BANK7   BANK8   BANK9  BANK10  BANK11  BANK12  BANK13  BANK14
      Params:         0       0       0       0       0       0       0       0       0       0       0       0       0       0       0       0
      Locals:         0       0       0       0       0       0       0       0       0       0       0       0       0       0       0       0
      Temps:          1       0       0       0       0       0       0       0       0       0       0       0       0       0       0       0
      Totals:         1       0       0       0       0       0       0       0       0       0       0       0       0       0       0       0
Total ram usage:        1 bytes
 Hardware stack levels used:    1
 Hardware stack levels required when called:    2
 This function calls:
		_uart_xmit
 This function is called by:
		_main
 This function uses a non-reentrant model


 *************** function _uart_xmit *****************
 Defined at:
		line 146 in file "main.c"
 Parameters:    Size  Location     Type
  mydata_byte     2   15[COMRAM] unsigned int 
 Auto vars:     Size  Location     Type
		None
 Return value:  Size  Location     Type
		None               void
 Registers used:
		None
 Tracked objects:
		On entry : 
		On exit  : 
		Unchanged: 
 Data sizes:     COMRAM   BANK0   BANK1   BANK2   BANK3   BANK4   BANK5   BANK6   BANK7   BANK8   BANK9  BANK10  BANK11  BANK12  BANK13  BANK14
      Params:         2       0       0       0       0       0       0       0       0       0       0       0       0       0       0       0
      Locals:         0       0       0       0       0       0       0       0       0       0       0       0       0       0       0       0
      Temps:          0       0       0       0       0       0       0       0       0       0       0       0       0       0       0       0
      Totals:         2       0       0       0       0       0       0       0       0       0       0       0       0       0       0       0
Total ram usage:        2 bytes
 Hardware stack levels used:    1
 Hardware stack levels required when called:    1
 This function calls:
		Nothing
 This function is called by:
		_serial_init
 This function uses a non-reentrant model


 *************** function _init_io *****************
 Defined at:
		line 87 in file "main.c"
 Parameters:    Size  Location     Type
		None
 Auto vars:     Size  Location     Type
		None
 Return value:  Size  Location     Type
		None               void
 Registers used:
		wreg, status,2
 Tracked objects:
		On entry : 
		On exit  : 
		Unchanged: 
 Data sizes:     COMRAM   BANK0   BANK1   BANK2   BANK3   BANK4   BANK5   BANK6   BANK7   BANK8   BANK9  BANK10  BANK11  BANK12  BANK13  BANK14
      Params:         0       0       0       0       0       0       0       0       0       0       0       0       0       0       0       0
      Locals:         0       0       0       0       0       0       0       0       0       0       0       0       0       0       0       0
      Temps:          0       0       0       0       0       0       0       0       0       0       0       0       0       0       0       0
      Totals:         0       0       0       0       0       0       0       0       0       0       0       0       0       0       0       0
Total ram usage:        0 bytes
 Hardware stack levels used:    1
 Hardware stack levels required when called:    1
 This function calls:
		Nothing
 This function is called by:
		_main
 This function uses a non-reentrant model


 *************** function _ISR *****************
 Defined at:
		line 53 in file "main.c"
 Parameters:    Size  Location     Type
		None
 Auto vars:     Size  Location     Type
  temp            1   14[COMRAM] unsigned char 
 Return value:  Size  Location     Type
		None               void
 Registers used:
		wreg, fsr2l, fsr2h, status,2, status,0
 Tracked objects:
		On entry : 
		On exit  : 
		Unchanged: 
 Data sizes:     COMRAM   BANK0   BANK1   BANK2   BANK3   BANK4   BANK5   BANK6   BANK7   BANK8   BANK9  BANK10  BANK11  BANK12  BANK13  BANK14
      Params:         0       0       0       0       0       0       0       0       0       0       0       0       0       0       0       0
      Locals:         1       0       0       0       0       0       0       0       0       0       0       0       0       0       0       0
      Temps:         14       0       0       0       0       0       0       0       0       0       0       0       0       0       0       0
      Totals:        15       0       0       0       0       0       0       0       0       0       0       0       0       0       0       0
Total ram usage:       15 bytes
 Hardware stack levels used:    1
 This function calls:
		Nothing
 This function is called by:
		Interrupt level 2
 This function uses a non-reentrant model



MODULE INFORMATION

Module		Function		Class		Link	Load	Size
C:\Program Files\Microchip\xc8\v1.31\sources\common\strncmp.c
		_strncmp       		CODE           	107E	0000	138

C:\Program Files\Microchip\xc8\v1.31\sources\common\strncmp.c estimated size: 138

C:\Program Files\Microchip\xc8\v1.31\sources\common\strchr.c
		_strchr        		CODE           	1238	0000	52

C:\Program Files\Microchip\xc8\v1.31\sources\common\strchr.c estimated size: 52

shared
		__stringdata   		SMALLCONST     	0F01	0000	6
		__initializatio		CODE           	129E	0000	24

shared estimated size: 30

main.c
		_ISR           		CODE           	0008	0000	240
		_main          		CODE           	0F08	0000	374
		_serial_init   		CODE           	126C	0000	50
		_init_io       		CODE           	1190	0000	102
		_uart_xmit     		CODE           	12BC	0000	10

main.c estimated size: 776

C:\Program Files\Microchip\xc8\v1.31\sources\common\strstr.c
		_strstr        		CODE           	1108	0000	136

C:\Program Files\Microchip\xc8\v1.31\sources\common\strstr.c estimated size: 136

C:\Program Files\Microchip\xc8\v1.31\sources\common\strlen.c
		_strlen        		CODE           	11F6	0000	66

C:\Program Files\Microchip\xc8\v1.31\sources\common\strlen.c estimated size: 66

