

Microchip Technology PIC18 LITE Macro Assembler V1.31 build 56723 
                                                                                               Sun May 18 09:31:44 2014

Microchip Technology Omniscient Code Generator (Lite mode) build 56723
     1                           	processor	18F47J53
     2                           	fnconf	rparam,??,?,0
     3                           	opt	pw 120
     4                           	opt	lm
     5                           	psect	smallconst,global,reloc=2,class=SMALLCONST,delta=1
     6                           	psect	cinit,global,reloc=2,class=CODE,delta=1
     7                           	psect	bssCOMRAM,global,class=COMRAM,space=1,delta=1
     8                           	psect	bssBANK0,global,class=BANK0,space=1,delta=1
     9                           	psect	cstackCOMRAM,global,class=COMRAM,space=1,delta=1
    10                           	psect	text0,global,reloc=2,class=CODE,delta=1
    11                           	psect	text1,global,reloc=2,class=CODE,delta=1
    12                           	psect	text2,global,reloc=2,class=CODE,delta=1
    13                           	psect	text3,global,reloc=2,class=CODE,delta=1
    14                           	psect	text4,global,reloc=2,class=CODE,delta=1
    15                           	psect	text5,global,reloc=2,class=CODE,delta=1
    16                           	psect	text6,global,reloc=2,class=CODE,delta=1
    17                           	psect	text7,global,reloc=2,class=CODE,delta=1
    18                           	psect	intcode,global,reloc=2,class=CODE,delta=1
    19                           	psect	intsave_regs,global,class=BIGRAM,space=1,delta=1
    20                           	psect	rparam,global,class=COMRAM,space=1,delta=1
    21  0000                     _ADCON0	set	4034
    22  0000                     _ADCON1	set	4033
    23  0000                     _EECON2	set	4007
    24  0000                     _INTCONbits	set	4082
    25  0000                     _LATA	set	3977
    26  0000                     _LATAbits	set	3977
    27  0000                     _LATBbits	set	3978
    28  0000                     _LATC	set	3979
    29  0000                     _LATCbits	set	3979
    30  0000                     _OSCCONbits	set	4051
    31  0000                     _PIE3bits	set	4003
    32  0000                     _PIR3bits	set	4004
    33  0000                     _PORTCbits	set	3970
    34  0000                     _PPSCONbits	set	3775
    35  0000                     _RCONbits	set	4048
    36  0000                     _RCREG2	set	4010
    37  0000                     _RCSTA2bits	set	3996
    38  0000                     _RPINR16	set	3831
    39  0000                     _RPOR23	set	3799
    40  0000                     _SPBRG2	set	4011
    41  0000                     _SPBRGH2	set	3965
    42  0000                     _TRISAbits	set	3986
    43  0000                     _TRISBbits	set	3987
    44  0000                     _TRISCbits	set	3988
    45  0000                     _TRISDbits	set	3989
    46  0000                     _TRISEbits	set	3990
    47  0000                     _TXREG2	set	4009
    48  0000                     _TXSTA2bits	set	4008
    49                           
    50                           	psect	smallconst
    51  000F00                     __psmallconst:
    52                           	opt stack 0
    53  000F00  00                 	db	0
    54  000F01                     __stringdata:
    55                           	opt stack 0
    56  000F01                     STR_1:
    57  000F01  47                 	db	71	;'G'
    58  000F02  50                 	db	80	;'P'
    59  000F03  47                 	db	71	;'G'
    60  000F04  47                 	db	71	;'G'
    61  000F05  41                 	db	65	;'A'
    62  000F06  00                 	db	0
    63  000F07                     __end_of__stringdata:
    64                           	opt stack 0
    65                           
    66                           ; #config settings
    67  000F07  00                 	db	0	; dummy byte at the end
    68  0000                     
    69                           	psect	cinit
    70  00129E                     __pcinit:
    71                           	opt stack 0
    72  00129E                     start_initialization:
    73                           	opt stack 0
    74  00129E                     __initialization:
    75                           	opt stack 0
    76                           
    77                           ; Clear objects allocated to BANK0 (120 bytes)
    78  00129E  EE00  F060         	lfsr	0,__pbssBANK0
    79  0012A2  0E78               	movlw	120
    80  0012A4                     clear_0:
    81  0012A4  6AEE               	clrf	postinc0,c
    82  0012A6  06E8               	decf	wreg,f,c
    83  0012A8  E1FD               	bnz	clear_0
    84                           
    85                           ; Clear objects allocated to COMRAM (16 bytes)
    86  0012AA  EE00  F024         	lfsr	0,__pbssCOMRAM
    87  0012AE  0E10               	movlw	16
    88  0012B0                     clear_1:
    89  0012B0  6AEE               	clrf	postinc0,c
    90  0012B2  06E8               	decf	wreg,f,c
    91  0012B4  E1FD               	bnz	clear_1
    92  0012B6                     end_of_initialization:
    93                           	opt stack 0
    94  0012B6                     __end_of__initialization:
    95                           	opt stack 0
    96  0012B6  0100               	movlb	0
    97  0012B8  EF84  F007         	goto	_main	;jump to C main() function
    98                           postinc0	equ	0xFEE
    99                           wreg	equ	0xFE8
   100                           
   101                           	psect	bssCOMRAM
   102  000024                     __pbssCOMRAM:
   103                           	opt stack 0
   104  000024                     _gpgga:
   105                           	opt stack 0
   106  000024                     	ds	2
   107  000026                     _gprmc:
   108                           	opt stack 0
   109  000026                     	ds	2
   110  000028                     _index:
   111                           	opt stack 0
   112  000028                     	ds	2
   113  00002A                     _isrcall:
   114                           	opt stack 0
   115  00002A                     	ds	2
   116  00002C                     _new_rx:
   117                           	opt stack 0
   118  00002C                     	ds	2
   119  00002E                     _ping:
   120                           	opt stack 0
   121  00002E                     	ds	2
   122  000030                     _reading:
   123                           	opt stack 0
   124  000030                     	ds	2
   125  000032                     _ready:
   126                           	opt stack 0
   127  000032                     	ds	2
   128                           postinc0	equ	0xFEE
   129                           wreg	equ	0xFE8
   130                           
   131                           	psect	bssBANK0
   132  000060                     __pbssBANK0:
   133                           	opt stack 0
   134  000060                     _ctxt:
   135                           	opt stack 0
   136  000060                     	ds	120
   137                           postinc0	equ	0xFEE
   138                           wreg	equ	0xFE8
   139                           
   140                           	psect	cstackCOMRAM
   141  000001                     __pcstackCOMRAM:
   142                           	opt stack 0
   143  000001                     ??_ISR:
   144  000001                     
   145                           ; 2 bytes @ 0x0
   146  000001                     	ds	14
   147  00000F                     ISR@temp:
   148                           	opt stack 0
   149                           
   150                           ; 1 bytes @ 0xE
   151  00000F                     	ds	1
   152  000010                     ?_strlen:
   153                           	opt stack 0
   154  000010                     ?_strchr:
   155                           	opt stack 0
   156  000010                     uart_xmit@mydata_byte:
   157                           	opt stack 0
   158  000010                     strchr@ptr:
   159                           	opt stack 0
   160  000010                     strlen@s:
   161                           	opt stack 0
   162                           
   163                           ; 2 bytes @ 0xF
   164  000010                     	ds	2
   165  000012                     ??_strlen:
   166  000012                     ??_serial_init:
   167  000012                     strchr@chr:
   168                           	opt stack 0
   169                           
   170                           ; 2 bytes @ 0x11
   171  000012                     	ds	2
   172  000014                     strlen@cp:
   173                           	opt stack 0
   174                           
   175                           ; 2 bytes @ 0x13
   176  000014                     	ds	2
   177  000016                     ?_strncmp:
   178                           	opt stack 0
   179  000016                     strncmp@s1:
   180                           	opt stack 0
   181                           
   182                           ; 2 bytes @ 0x15
   183  000016                     	ds	2
   184  000018                     strncmp@s2:
   185                           	opt stack 0
   186                           
   187                           ; 2 bytes @ 0x17
   188  000018                     	ds	2
   189  00001A                     strncmp@len:
   190                           	opt stack 0
   191                           
   192                           ; 2 bytes @ 0x19
   193  00001A                     	ds	2
   194  00001C                     ??_strncmp:
   195                           
   196                           ; 0 bytes @ 0x1B
   197  00001C                     	ds	3
   198  00001F                     ?_strstr:
   199                           	opt stack 0
   200  00001F                     strstr@s1:
   201                           	opt stack 0
   202                           
   203                           ; 2 bytes @ 0x1E
   204  00001F                     	ds	2
   205  000021                     strstr@s2:
   206                           	opt stack 0
   207                           
   208                           ; 2 bytes @ 0x20
   209  000021                     	ds	2
   210  000023                     ??_main:
   211                           
   212                           ; 0 bytes @ 0x22
   213  000023                     	ds	1
   214                           postinc0	equ	0xFEE
   215                           wreg	equ	0xFE8
   216                           
   217 ;;
   218 ;;Main: autosize = 0, tempsize = 1, incstack = 0, save=0
   219 ;;
   220 ;; *************** function _main *****************
   221 ;; Defined at:
   222 ;;		line 176 in file "main.c"
   223 ;; Parameters:    Size  Location     Type
   224 ;;		None
   225 ;; Auto vars:     Size  Location     Type
   226 ;;		None
   227 ;; Return value:  Size  Location     Type
   228 ;;                  2  100[COMRAM] int 
   229 ;; Registers used:
   230 ;;		wreg, fsr2l, fsr2h, status,2, status,0, tblptrl, tblptrh, tblptru, cstack
   231 ;; Tracked objects:
   232 ;;		On entry : 0/0
   233 ;;		On exit  : 0/0
   234 ;;		Unchanged: 0/0
   235 ;; Data sizes:     COMRAM   BANK0   BANK1   BANK2   BANK3   BANK4   BANK5   BANK6   BANK7   BANK8   BANK9  BANK10  BANK1
      +1  BANK12  BANK13  BANK14
   236 ;;      Params:         0       0       0       0       0       0       0       0       0       0       0       0       
      +0       0       0       0
   237 ;;      Locals:         0       0       0       0       0       0       0       0       0       0       0       0       
      +0       0       0       0
   238 ;;      Temps:          1       0       0       0       0       0       0       0       0       0       0       0       
      +0       0       0       0
   239 ;;      Totals:         1       0       0       0       0       0       0       0       0       0       0       0       
      +0       0       0       0
   240 ;;Total ram usage:        1 bytes
   241 ;; Hardware stack levels required when called:    3
   242 ;; This function calls:
   243 ;;		_init_io
   244 ;;		_serial_init
   245 ;;		_strstr
   246 ;; This function is called by:
   247 ;;		Startup code after reset
   248 ;; This function uses a non-reentrant model
   249 ;;
   250                           
   251                           	psect	text0
   252  000F08                     __ptext0:
   253                           	opt stack 0
   254  000F08                     _main:
   255                           	opt stack 28
   256                           
   257                           ;main.c: 177: ping = 0;
   258                           
   259                           ;incstack = 0
   260  000F08  0E00               	movlw	0
   261  000F0A  6E2F               	movwf	_ping+1,c	;volatile
   262  000F0C  0E00               	movlw	0
   263  000F0E  6E2E               	movwf	_ping,c	;volatile
   264                           
   265                           ;main.c: 178: new_rx = 0;
   266  000F10  0E00               	movlw	0
   267  000F12  6E2D               	movwf	_new_rx+1,c	;volatile
   268  000F14  0E00               	movlw	0
   269  000F16  6E2C               	movwf	_new_rx,c	;volatile
   270                           
   271                           ;main.c: 179: isrcall = 0;
   272  000F18  0E00               	movlw	0
   273  000F1A  6E2B               	movwf	_isrcall+1,c	;volatile
   274  000F1C  0E00               	movlw	0
   275  000F1E  6E2A               	movwf	_isrcall,c	;volatile
   276                           
   277                           ;main.c: 180: ready = 0;
   278  000F20  0E00               	movlw	0
   279  000F22  6E33               	movwf	_ready+1,c
   280  000F24  0E00               	movlw	0
   281  000F26  6E32               	movwf	_ready,c
   282                           
   283                           ;main.c: 181: gpgga = 0;
   284  000F28  0E00               	movlw	0
   285  000F2A  6E25               	movwf	_gpgga+1,c
   286  000F2C  0E00               	movlw	0
   287  000F2E  6E24               	movwf	_gpgga,c
   288                           
   289                           ;main.c: 183: init_io();
   290  000F30  ECC8  F008         	call	_init_io	;wreg free
   291                           
   292                           ;main.c: 184: serial_init();
   293  000F34  EC36  F009         	call	_serial_init	;wreg free
   294                           
   295                           ;main.c: 187: OSCCONbits.IRCF = 0x07;
   296  000F38  88D3               	bsf	4051,4,c	;volatile
   297  000F3A  8AD3               	bsf	4051,5,c	;volatile
   298  000F3C  8CD3               	bsf	4051,6,c	;volatile
   299                           
   300                           ;main.c: 188: OSCCONbits.SCS = 0x02;
   301  000F3E  50D3               	movf	4051,w,c	;volatile
   302  000F40  0BFC               	andlw	-4
   303  000F42  0902               	iorlw	2
   304  000F44  6ED3               	movwf	4051,c	;volatile
   305                           
   306                           ;main.c: 189: _delay((unsigned long)((50)*(8000000/4000.0)));
   307  000F46  0E82               	movlw	130
   308  000F48  6E23               	movwf	??_main& (0+255),c
   309  000F4A  0EDE               	movlw	222
   310  000F4C                     u247:
   311  000F4C  2EE8               	decfsz	wreg,f,c
   312  000F4E  D7FE               	goto	u247
   313  000F50  2E23               	decfsz	??_main& (0+255),f,c
   314  000F52  D7FC               	goto	u247
   315                           
   316                           ;main.c: 191: RCONbits.IPEN = 0;
   317  000F54  9ED0               	bcf	4048,7,c	;volatile
   318                           
   319                           ;main.c: 192: PIE3bits.RC2IE = 1;
   320  000F56  8AA3               	bsf	4003,5,c	;volatile
   321                           
   322                           ;main.c: 193: INTCONbits.PEIE = 1;
   323  000F58  8CF2               	bsf	intcon,6,c	;volatile
   324                           
   325                           ;main.c: 194: INTCONbits.GIE = 1;
   326  000F5A  8EF2               	bsf	intcon,7,c	;volatile
   327                           
   328                           ;main.c: 197: LATBbits.LATB2 = 0;
   329  000F5C  948A               	bcf	3978,2,c	;volatile
   330                           
   331                           ;main.c: 198: _delay((unsigned long)((74)*(8000000/4000.0)));
   332  000F5E  0EC1               	movlw	193
   333  000F60  6E23               	movwf	??_main& (0+255),c
   334  000F62  0E34               	movlw	52
   335  000F64                     u257:
   336  000F64  2EE8               	decfsz	wreg,f,c
   337  000F66  D7FE               	goto	u257
   338  000F68  2E23               	decfsz	??_main& (0+255),f,c
   339  000F6A  D7FC               	goto	u257
   340                           
   341                           ;main.c: 199: LATBbits.LATB2 = 1;
   342  000F6C  848A               	bsf	3978,2,c	;volatile
   343                           
   344                           ;main.c: 201: LATAbits.LATA0 = 1;
   345  000F6E  8089               	bsf	3977,0,c	;volatile
   346                           
   347                           ;main.c: 202: _delay((unsigned long)((50)*(8000000/4000.0)));
   348  000F70  0E82               	movlw	130
   349  000F72  6E23               	movwf	??_main& (0+255),c
   350  000F74  0EDE               	movlw	222
   351  000F76                     u267:
   352  000F76  2EE8               	decfsz	wreg,f,c
   353  000F78  D7FE               	goto	u267
   354  000F7A  2E23               	decfsz	??_main& (0+255),f,c
   355  000F7C  D7FC               	goto	u267
   356                           
   357                           ;main.c: 203: LATAbits.LATA0 = 0;
   358  000F7E  9089               	bcf	3977,0,c	;volatile
   359                           
   360                           ;main.c: 205: LATCbits.LATC1 = 1;
   361  000F80  828B               	bsf	3979,1,c	;volatile
   362                           
   363                           ;main.c: 206: _delay((unsigned long)((35)*(8000000/4000000.0)));
   364  000F82  0E17               	movlw	23
   365  000F84                     u277:
   366  000F84  2EE8               	decfsz	wreg,f,c
   367  000F86  D7FE               	goto	u277
   368  000F88  F000               	nop	
   369                           
   370                           ;main.c: 207: LATCbits.LATC1 = 0;
   371  000F8A  928B               	bcf	3979,1,c	;volatile
   372                           
   373                           ;main.c: 209: LATCbits.LATC2 = 1;
   374  000F8C  848B               	bsf	3979,2,c	;volatile
   375                           
   376                           ;main.c: 210: _delay((unsigned long)((35)*(8000000/4000000.0)));
   377  000F8E  0E17               	movlw	23
   378  000F90                     u287:
   379  000F90  2EE8               	decfsz	wreg,f,c
   380  000F92  D7FE               	goto	u287
   381  000F94  F000               	nop	
   382                           
   383                           ;main.c: 211: LATCbits.LATC2 = 0;
   384  000F96  948B               	bcf	3979,2,c	;volatile
   385                           
   386                           ;main.c: 213: ADCON0 = 0b00000000;
   387  000F98  0E00               	movlw	0
   388  000F9A  6EC2               	movwf	4034,c	;volatile
   389                           
   390                           ;main.c: 214: ADCON1 = 0b00000000;
   391  000F9C  0E00               	movlw	0
   392  000F9E  6EC1               	movwf	4033,c	;volatile
   393                           
   394                           ;main.c: 229: while (!PORTCbits.RC6) {
   395  000FA0  D011               	goto	l931
   396  000FA2                     l102:
   397                           
   398                           ;main.c: 230: LATAbits.LA2 = 0;
   399  000FA2  9489               	bcf	3977,2,c	;volatile
   400                           
   401                           ;main.c: 231: _delay((unsigned long)((3)*(8000000/4000.0)));
   402  000FA4  0E08               	movlw	8
   403  000FA6  6E23               	movwf	??_main& (0+255),c
   404  000FA8  0ECA               	movlw	202
   405  000FAA                     u297:
   406  000FAA  2EE8               	decfsz	wreg,f,c
   407  000FAC  D7FE               	goto	u297
   408  000FAE  2E23               	decfsz	??_main& (0+255),f,c
   409  000FB0  D7FC               	goto	u297
   410                           
   411                           ;main.c: 232: LATAbits.LA2 = 1;
   412  000FB2  8489               	bsf	3977,2,c	;volatile
   413                           
   414                           ;main.c: 233: _delay((unsigned long)((10)*(8000000/4000.0)));
   415  000FB4  0E1A               	movlw	26
   416  000FB6  6E23               	movwf	??_main& (0+255),c
   417  000FB8  0EF8               	movlw	248
   418  000FBA                     u307:
   419  000FBA  2EE8               	decfsz	wreg,f,c
   420  000FBC  D7FE               	goto	u307
   421  000FBE  2E23               	decfsz	??_main& (0+255),f,c
   422  000FC0  D7FC               	goto	u307
   423  000FC2  D000               	nop2	
   424  000FC4                     l931:
   425  000FC4  AC82               	btfss	3970,6,c	;volatile
   426  000FC6  D7ED               	goto	l102
   427                           
   428                           ;main.c: 234: }
   429                           ;main.c: 236: LATAbits.LA2 = 1;
   430  000FC8  8489               	bsf	3977,2,c	;volatile
   431  000FCA                     l933:
   432                           
   433                           ;main.c: 241: isrcall = 0;
   434  000FCA  0E00               	movlw	0
   435  000FCC  6E2B               	movwf	_isrcall+1,c	;volatile
   436  000FCE  0E00               	movlw	0
   437  000FD0  6E2A               	movwf	_isrcall,c	;volatile
   438                           
   439                           ;main.c: 242: ping = 0;
   440  000FD2  0E00               	movlw	0
   441  000FD4  6E2F               	movwf	_ping+1,c	;volatile
   442  000FD6  0E00               	movlw	0
   443  000FD8  6E2E               	movwf	_ping,c	;volatile
   444                           
   445                           ;main.c: 243: gpgga = 0;
   446  000FDA  0E00               	movlw	0
   447  000FDC  6E25               	movwf	_gpgga+1,c
   448  000FDE  0E00               	movlw	0
   449  000FE0  6E24               	movwf	_gpgga,c
   450                           
   451                           ;main.c: 245: if (RCSTA2bits.OERR)
   452  000FE2  A29C               	btfss	3996,1,c	;volatile
   453  000FE4  D004               	goto	l939
   454                           
   455                           ;main.c: 246: {
   456                           ;main.c: 247: RCSTA2bits.CREN=0;
   457  000FE6  989C               	bcf	3996,4,c	;volatile
   458                           
   459                           ;main.c: 248: _delay((unsigned long)((2)*(8000000/4000000.0)));
   460  000FE8  D000               	nop2		;2 cycle nop
   461  000FEA  D000               	nop2		;2 cycle nop
   462                           
   463                           ;main.c: 249: RCSTA2bits.CREN=1;
   464  000FEC  889C               	bsf	3996,4,c	;volatile
   465  000FEE                     l939:
   466                           
   467                           ;main.c: 250: }
   468                           ;main.c: 252: if (new_rx == 1)
   469  000FEE  042C               	decf	_new_rx,w,c	;volatile
   470  000FF0  102D               	iorwf	_new_rx+1,w,c	;volatile
   471  000FF2  A4D8               	btfss	status,2,c
   472  000FF4  D018               	goto	l945
   473                           
   474                           ;main.c: 253: {
   475                           ;main.c: 254: if (strstr(ctxt, "GPGGA"))
   476  000FF6  0100               	movlb	0	; () banked
   477  000FF8  0E00               	movlw	high _ctxt
   478  000FFA  6E20               	movwf	strstr@s1+1,c
   479  000FFC  0100               	movlb	0	; () banked
   480  000FFE  0E60               	movlw	low _ctxt
   481  001000  6E1F               	movwf	strstr@s1,c
   482  001002  0E0F               	movlw	high STR_1
   483  001004  6E22               	movwf	strstr@s2+1,c
   484  001006  0E01               	movlw	low STR_1
   485  001008  6E21               	movwf	strstr@s2,c
   486  00100A  EC84  F008         	call	_strstr	;wreg free
   487  00100E  5020               	movf	?_strstr+1,w,c
   488  001010  101F               	iorwf	?_strstr,w,c
   489  001012  B4D8               	btfsc	status,2,c
   490  001014  D004               	goto	l107
   491                           
   492                           ;main.c: 255: {
   493                           ;main.c: 256: gpgga = 1;
   494  001016  0E00               	movlw	0
   495  001018  6E25               	movwf	_gpgga+1,c
   496  00101A  0E01               	movlw	1
   497  00101C  6E24               	movwf	_gpgga,c
   498  00101E                     l107:
   499                           
   500                           ;main.c: 257: }
   501                           ;main.c: 258: new_rx=0;
   502  00101E  0E00               	movlw	0
   503  001020  6E2D               	movwf	_new_rx+1,c	;volatile
   504  001022  0E00               	movlw	0
   505  001024  6E2C               	movwf	_new_rx,c	;volatile
   506  001026                     l945:
   507                           
   508                           ;main.c: 259: }
   509                           ;main.c: 261: if (isrcall) {
   510  001026  502B               	movf	_isrcall+1,w,c	;volatile
   511  001028  102A               	iorwf	_isrcall,w,c	;volatile
   512  00102A  B4D8               	btfsc	status,2,c
   513  00102C  D006               	goto	l953
   514                           
   515                           ;main.c: 262: LATAbits.LATA0 = 1;
   516  00102E  8089               	bsf	3977,0,c	;volatile
   517                           
   518                           ;main.c: 263: _delay((unsigned long)((10)*(8000000/4000000.0)));
   519  001030  0E06               	movlw	6
   520  001032                     u317:
   521  001032  2EE8               	decfsz	wreg,f,c
   522  001034  D7FE               	goto	u317
   523  001036  D000               	nop2		;nop
   524                           
   525                           ;main.c: 264: LATAbits.LATA0 = 0;
   526  001038  9089               	bcf	3977,0,c	;volatile
   527  00103A                     l953:
   528                           
   529                           ;main.c: 265: }
   530                           ;main.c: 267: if (gpgga) {
   531  00103A  5025               	movf	_gpgga+1,w,c
   532  00103C  1024               	iorwf	_gpgga,w,c
   533  00103E  B4D8               	btfsc	status,2,c
   534  001040  D7C4               	goto	l933
   535                           
   536                           ;main.c: 268: LATCbits.LATC2 = 1;
   537  001042  848B               	bsf	3979,2,c	;volatile
   538                           
   539                           ;main.c: 269: _delay((unsigned long)((1)*(8000000/4000000.0)));
   540  001044  D000               	nop2		;2 cycle nop
   541                           
   542                           ;main.c: 270: LATCbits.LATC2 = 0;
   543  001046  948B               	bcf	3979,2,c	;volatile
   544                           
   545                           ;main.c: 271: if(ctxt[42] == '1')
   546  001048  0100               	movlb	0	; () banked
   547  00104A  0100               	movlb	0	; () banked
   548  00104C  518A               	movf	(_ctxt+42)& (0+255),w,b
   549  00104E  0A31               	xorlw	49
   550  001050  A4D8               	btfss	status,2,c
   551  001052  D009               	goto	l969
   552                           
   553                           ; BSR set to: 0
   554                           ;main.c: 272: {
   555                           ;main.c: 275: ready = 1;
   556  001054  0E00               	movlw	0
   557  001056  6E33               	movwf	_ready+1,c
   558  001058  0E01               	movlw	1
   559  00105A  6E32               	movwf	_ready,c
   560                           
   561                           ; BSR set to: 0
   562                           ;main.c: 276: LATAbits.LATA1 = 1;
   563  00105C  8289               	bsf	3977,1,c	;volatile
   564                           
   565                           ; BSR set to: 0
   566                           ;main.c: 277: LATCbits.LATC1 = 1;
   567  00105E  828B               	bsf	3979,1,c	;volatile
   568                           
   569                           ; BSR set to: 0
   570                           ;main.c: 278: _delay((unsigned long)((1)*(8000000/4000000.0)));
   571  001060  D000               	nop2		;2 cycle nop
   572                           
   573                           ;main.c: 279: LATCbits.LATC1 = 0;
   574  001062  928B               	bcf	3979,1,c	;volatile
   575                           
   576                           ;main.c: 280: }
   577  001064  D7B2               	goto	l933
   578  001066                     l969:
   579                           
   580                           ;main.c: 281: else if (ctxt[42] != '1')
   581  001066  0100               	movlb	0	; () banked
   582  001068  0100               	movlb	0	; () banked
   583  00106A  518A               	movf	(_ctxt+42)& (0+255),w,b
   584  00106C  0A31               	xorlw	49
   585  00106E  B4D8               	btfsc	status,2,c
   586  001070  D7AC               	goto	l933
   587                           
   588                           ; BSR set to: 0
   589                           ;main.c: 282: {
   590                           ;main.c: 283: ready = 0;
   591  001072  0E00               	movlw	0
   592  001074  6E33               	movwf	_ready+1,c
   593  001076  0E00               	movlw	0
   594  001078  6E32               	movwf	_ready,c
   595                           
   596                           ; BSR set to: 0
   597                           ;main.c: 284: LATAbits.LATA1 = 0;
   598  00107A  9289               	bcf	3977,1,c	;volatile
   599  00107C  D7A6               	goto	l933
   600  00107E                     __end_of_main:
   601                           	opt stack 0
   602                           intcon	equ	0xFF2
   603                           postinc0	equ	0xFEE
   604                           wreg	equ	0xFE8
   605                           status	equ	0xFD8
   606                           
   607 ;; *************** function _strstr *****************
   608 ;; Defined at:
   609 ;;		line 4 in file "C:\Program Files\Microchip\xc8\v1.31\sources\common\strstr.c"
   610 ;; Parameters:    Size  Location     Type
   611 ;;  s1              2   30[COMRAM] PTR const unsigned char 
   612 ;;		 -> NULL(0), ctxt(120), 
   613 ;;  s2              2   32[COMRAM] PTR const unsigned char 
   614 ;;		 -> STR_1(6), 
   615 ;; Auto vars:     Size  Location     Type
   616 ;;		None
   617 ;; Return value:  Size  Location     Type
   618 ;;                  2   30[COMRAM] PTR unsigned char 
   619 ;; Registers used:
   620 ;;		wreg, fsr2l, fsr2h, status,2, status,0, tblptrl, tblptrh, tblptru, cstack
   621 ;; Tracked objects:
   622 ;;		On entry : 0/0
   623 ;;		On exit  : 0/0
   624 ;;		Unchanged: 0/0
   625 ;; Data sizes:     COMRAM   BANK0   BANK1   BANK2   BANK3   BANK4   BANK5   BANK6   BANK7   BANK8   BANK9  BANK10  BANK1
      +1  BANK12  BANK13  BANK14
   626 ;;      Params:         4       0       0       0       0       0       0       0       0       0       0       0       
      +0       0       0       0
   627 ;;      Locals:         0       0       0       0       0       0       0       0       0       0       0       0       
      +0       0       0       0
   628 ;;      Temps:          0       0       0       0       0       0       0       0       0       0       0       0       
      +0       0       0       0
   629 ;;      Totals:         4       0       0       0       0       0       0       0       0       0       0       0       
      +0       0       0       0
   630 ;;Total ram usage:        4 bytes
   631 ;; Hardware stack levels used:    1
   632 ;; Hardware stack levels required when called:    2
   633 ;; This function calls:
   634 ;;		_strchr
   635 ;;		_strlen
   636 ;;		_strncmp
   637 ;; This function is called by:
   638 ;;		_main
   639 ;; This function uses a non-reentrant model
   640 ;;
   641                           
   642                           	psect	text1
   643  001108                     __ptext1:
   644                           	opt stack 0
   645  001108                     _strstr:
   646                           	opt stack 28
   647                           
   648                           ; BSR set to: 0
   649                           ;incstack = 0
   650  001108  D033               	goto	l849
   651  00110A                     l841:
   652  00110A  C020  F017         	movff	strstr@s1+1,strncmp@s1+1
   653  00110E  C01F  F016         	movff	strstr@s1,strncmp@s1
   654  001112  C022  F019         	movff	strstr@s2+1,strncmp@s2+1
   655  001116  C021  F018         	movff	strstr@s2,strncmp@s2
   656  00111A  C022  F011         	movff	strstr@s2+1,strlen@s+1
   657  00111E  C021  F010         	movff	strstr@s2,strlen@s
   658  001122  ECFB  F008         	call	_strlen	;wreg free
   659  001126  C010  F01A         	movff	?_strlen,strncmp@len
   660  00112A  C011  F01B         	movff	?_strlen+1,strncmp@len+1
   661  00112E  EC3F  F008         	call	_strncmp	;wreg free
   662  001132  5017               	movf	?_strncmp+1,w,c
   663  001134  1016               	iorwf	?_strncmp,w,c
   664  001136  A4D8               	btfss	status,2,c
   665  001138  D005               	goto	l847
   666  00113A  C020  F020         	movff	strstr@s1+1,?_strstr+1
   667  00113E  C01F  F01F         	movff	strstr@s1,?_strstr
   668  001142  0012               	return	
   669  001144                     l847:
   670  001144  0E01               	movlw	1
   671  001146  241F               	addwf	strstr@s1,w,c
   672  001148  6E10               	movwf	strchr@ptr,c
   673  00114A  0E00               	movlw	0
   674  00114C  2020               	addwfc	strstr@s1+1,w,c
   675  00114E  6E11               	movwf	strchr@ptr+1,c
   676  001150  C021  FFF6         	movff	strstr@s2,tblptrl
   677  001154  C022  FFF7         	movff	strstr@s2+1,tblptrh
   678  001158  0E00               	movlw	low (__mediumconst shr (0+16))
   679  00115A  6EF8               	movwf	tblptru,c
   680  00115C  0008               	tblrd		*
   681  00115E  50F5               	movf	tablat,w,c
   682  001160  6E12               	movwf	strchr@chr,c
   683  001162  6A13               	clrf	strchr@chr+1,c
   684  001164  EC1C  F009         	call	_strchr	;wreg free
   685  001168  C010  F01F         	movff	?_strchr,strstr@s1
   686  00116C  C011  F020         	movff	?_strchr+1,strstr@s1+1
   687  001170                     l849:
   688  001170  5020               	movf	strstr@s1+1,w,c
   689  001172  101F               	iorwf	strstr@s1,w,c
   690  001174  B4D8               	btfsc	status,2,c
   691  001176  D007               	goto	l853
   692  001178  C01F  FFD9         	movff	strstr@s1,fsr2l
   693  00117C  C020  FFDA         	movff	strstr@s1+1,fsr2h
   694  001180  50DF               	movf	indf2,w,c
   695  001182  A4D8               	btfss	status,2,c
   696  001184  D7C2               	goto	l841
   697  001186                     l853:
   698  001186  0E00               	movlw	0
   699  001188  6E20               	movwf	?_strstr+1,c
   700  00118A  0E00               	movlw	0
   701  00118C  6E1F               	movwf	?_strstr,c
   702  00118E  0012               	return	
   703  001190                     __end_of_strstr:
   704                           	opt stack 0
   705                           tblptru	equ	0xFF8
   706                           tblptrh	equ	0xFF7
   707                           tblptrl	equ	0xFF6
   708                           tablat	equ	0xFF5
   709                           intcon	equ	0xFF2
   710                           postinc0	equ	0xFEE
   711                           wreg	equ	0xFE8
   712                           indf2	equ	0xFDF
   713                           fsr2h	equ	0xFDA
   714                           fsr2l	equ	0xFD9
   715                           status	equ	0xFD8
   716                           
   717 ;; *************** function _strncmp *****************
   718 ;; Defined at:
   719 ;;		line 4 in file "C:\Program Files\Microchip\xc8\v1.31\sources\common\strncmp.c"
   720 ;; Parameters:    Size  Location     Type
   721 ;;  s1              2   21[COMRAM] PTR const unsigned char 
   722 ;;		 -> NULL(0), ctxt(120), 
   723 ;;  s2              2   23[COMRAM] PTR const unsigned char 
   724 ;;		 -> STR_1(6), 
   725 ;;  len             2   25[COMRAM] unsigned int 
   726 ;; Auto vars:     Size  Location     Type
   727 ;;		None
   728 ;; Return value:  Size  Location     Type
   729 ;;                  2   21[COMRAM] int 
   730 ;; Registers used:
   731 ;;		wreg, fsr2l, fsr2h, status,2, status,0, tblptrl, tblptrh, tblptru
   732 ;; Tracked objects:
   733 ;;		On entry : 0/0
   734 ;;		On exit  : 0/0
   735 ;;		Unchanged: 0/0
   736 ;; Data sizes:     COMRAM   BANK0   BANK1   BANK2   BANK3   BANK4   BANK5   BANK6   BANK7   BANK8   BANK9  BANK10  BANK1
      +1  BANK12  BANK13  BANK14
   737 ;;      Params:         6       0       0       0       0       0       0       0       0       0       0       0       
      +0       0       0       0
   738 ;;      Locals:         0       0       0       0       0       0       0       0       0       0       0       0       
      +0       0       0       0
   739 ;;      Temps:          3       0       0       0       0       0       0       0       0       0       0       0       
      +0       0       0       0
   740 ;;      Totals:         9       0       0       0       0       0       0       0       0       0       0       0       
      +0       0       0       0
   741 ;;Total ram usage:        9 bytes
   742 ;; Hardware stack levels used:    1
   743 ;; Hardware stack levels required when called:    1
   744 ;; This function calls:
   745 ;;		Nothing
   746 ;; This function is called by:
   747 ;;		_strstr
   748 ;; This function uses a non-reentrant model
   749 ;;
   750                           
   751                           	psect	text2
   752  00107E                     __ptext2:
   753                           	opt stack 0
   754  00107E                     _strncmp:
   755                           	opt stack 28
   756                           
   757                           ;incstack = 0
   758  00107E  D037               	goto	l759
   759  001080                     l749:
   760  001080  C016  FFD9         	movff	strncmp@s1,fsr2l
   761  001084  C017  FFDA         	movff	strncmp@s1+1,fsr2h
   762  001088  50DF               	movf	indf2,w,c
   763  00108A  B4D8               	btfsc	status,2,c
   764  00108C  D011               	goto	l753
   765  00108E  C018  FFF6         	movff	strncmp@s2,tblptrl
   766  001092  C019  FFF7         	movff	strncmp@s2+1,tblptrh
   767  001096  0E00               	movlw	low (__mediumconst shr (0+16))
   768  001098  6EF8               	movwf	tblptru,c
   769  00109A  0008               	tblrd		*
   770  00109C  CFF5 F01C          	movff	tablat,??_strncmp
   771  0010A0  C016  FFD9         	movff	strncmp@s1,fsr2l
   772  0010A4  C017  FFDA         	movff	strncmp@s1+1,fsr2h
   773  0010A8  50DF               	movf	indf2,w,c
   774  0010AA  181C               	xorwf	??_strncmp,w,c
   775  0010AC  B4D8               	btfsc	status,2,c
   776  0010AE  D01B               	goto	l757
   777  0010B0                     l753:
   778  0010B0  C018  FFF6         	movff	strncmp@s2,tblptrl
   779  0010B4  C019  FFF7         	movff	strncmp@s2+1,tblptrh
   780  0010B8  0E00               	movlw	low (__mediumconst shr (0+16))
   781  0010BA  6EF8               	movwf	tblptru,c
   782  0010BC  0008               	tblrd		*
   783  0010BE  50F5               	movf	tablat,w,c
   784  0010C0  6E1C               	movwf	??_strncmp& (0+255),c
   785  0010C2  6A1D               	clrf	(??_strncmp+1)& (0+255),c
   786  0010C4  1E1C               	comf	??_strncmp,f,c
   787  0010C6  1E1D               	comf	??_strncmp+1,f,c
   788  0010C8  4A1C               	infsnz	??_strncmp,f,c
   789  0010CA  2A1D               	incf	??_strncmp+1,f,c
   790  0010CC  C016  FFD9         	movff	strncmp@s1,fsr2l
   791  0010D0  C017  FFDA         	movff	strncmp@s1+1,fsr2h
   792  0010D4  50DF               	movf	indf2,w,c
   793  0010D6  6E1E               	movwf	(??_strncmp+2)& (0+255),c
   794  0010D8  501E               	movf	??_strncmp+2,w,c
   795  0010DA  241C               	addwf	??_strncmp,w,c
   796  0010DC  6E16               	movwf	?_strncmp,c
   797  0010DE  0E00               	movlw	0
   798  0010E0  201D               	addwfc	??_strncmp+1,w,c
   799  0010E2  6E17               	movwf	?_strncmp+1,c
   800  0010E4  0012               	return	
   801  0010E6                     l757:
   802  0010E6  4A16               	infsnz	strncmp@s1,f,c
   803  0010E8  2A17               	incf	strncmp@s1+1,f,c
   804  0010EA  4A18               	infsnz	strncmp@s2,f,c
   805  0010EC  2A19               	incf	strncmp@s2+1,f,c
   806  0010EE                     l759:
   807  0010EE  061A               	decf	strncmp@len,f,c
   808  0010F0  A0D8               	btfss	status,0,c
   809  0010F2  061B               	decf	strncmp@len+1,f,c
   810  0010F4  281A               	incf	strncmp@len& (0+255),w,c
   811  0010F6  B4D8               	btfsc	status,2,c
   812  0010F8  281B               	incf	(strncmp@len+1)& (0+255),w,c
   813  0010FA  A4D8               	btfss	status,2,c
   814  0010FC  D7C1               	goto	l749
   815  0010FE  0E00               	movlw	0
   816  001100  6E17               	movwf	?_strncmp+1,c
   817  001102  0E00               	movlw	0
   818  001104  6E16               	movwf	?_strncmp,c
   819  001106  0012               	return	
   820  001108                     __end_of_strncmp:
   821                           	opt stack 0
   822                           tblptru	equ	0xFF8
   823                           tblptrh	equ	0xFF7
   824                           tblptrl	equ	0xFF6
   825                           tablat	equ	0xFF5
   826                           intcon	equ	0xFF2
   827                           postinc0	equ	0xFEE
   828                           wreg	equ	0xFE8
   829                           indf2	equ	0xFDF
   830                           fsr2h	equ	0xFDA
   831                           fsr2l	equ	0xFD9
   832                           status	equ	0xFD8
   833                           
   834 ;; *************** function _strlen *****************
   835 ;; Defined at:
   836 ;;		line 4 in file "C:\Program Files\Microchip\xc8\v1.31\sources\common\strlen.c"
   837 ;; Parameters:    Size  Location     Type
   838 ;;  s               2   15[COMRAM] PTR const unsigned char 
   839 ;;		 -> STR_1(6), 
   840 ;; Auto vars:     Size  Location     Type
   841 ;;  cp              2   19[COMRAM] PTR const unsigned char 
   842 ;;		 -> STR_1(6), 
   843 ;; Return value:  Size  Location     Type
   844 ;;                  2   15[COMRAM] unsigned int 
   845 ;; Registers used:
   846 ;;		wreg, status,2, status,0, tblptrl, tblptrh, tblptru
   847 ;; Tracked objects:
   848 ;;		On entry : 0/0
   849 ;;		On exit  : 0/0
   850 ;;		Unchanged: 0/0
   851 ;; Data sizes:     COMRAM   BANK0   BANK1   BANK2   BANK3   BANK4   BANK5   BANK6   BANK7   BANK8   BANK9  BANK10  BANK1
      +1  BANK12  BANK13  BANK14
   852 ;;      Params:         2       0       0       0       0       0       0       0       0       0       0       0       
      +0       0       0       0
   853 ;;      Locals:         2       0       0       0       0       0       0       0       0       0       0       0       
      +0       0       0       0
   854 ;;      Temps:          2       0       0       0       0       0       0       0       0       0       0       0       
      +0       0       0       0
   855 ;;      Totals:         6       0       0       0       0       0       0       0       0       0       0       0       
      +0       0       0       0
   856 ;;Total ram usage:        6 bytes
   857 ;; Hardware stack levels used:    1
   858 ;; Hardware stack levels required when called:    1
   859 ;; This function calls:
   860 ;;		Nothing
   861 ;; This function is called by:
   862 ;;		_strstr
   863 ;; This function uses a non-reentrant model
   864 ;;
   865                           
   866                           	psect	text3
   867  0011F6                     __ptext3:
   868                           	opt stack 0
   869  0011F6                     _strlen:
   870                           	opt stack 28
   871                           
   872                           ;incstack = 0
   873  0011F6  C011  F015         	movff	strlen@s+1,strlen@cp+1
   874  0011FA  C010  F014         	movff	strlen@s,strlen@cp
   875  0011FE  D002               	goto	l741
   876  001200                     l739:
   877  001200  4A14               	infsnz	strlen@cp,f,c
   878  001202  2A15               	incf	strlen@cp+1,f,c
   879  001204                     l741:
   880  001204  C014  FFF6         	movff	strlen@cp,tblptrl
   881  001208  C015  FFF7         	movff	strlen@cp+1,tblptrh
   882  00120C  0E00               	movlw	low (__mediumconst shr (0+16))
   883  00120E  6EF8               	movwf	tblptru,c
   884  001210  0008               	tblrd		*
   885  001212  50F5               	movf	tablat,w,c
   886  001214  0900               	iorlw	0
   887  001216  A4D8               	btfss	status,2,c
   888  001218  D7F3               	goto	l739
   889  00121A  C010  F012         	movff	strlen@s,??_strlen
   890  00121E  C011  F013         	movff	strlen@s+1,??_strlen+1
   891  001222  1E12               	comf	??_strlen,f,c
   892  001224  1E13               	comf	??_strlen+1,f,c
   893  001226  4A12               	infsnz	??_strlen,f,c
   894  001228  2A13               	incf	??_strlen+1,f,c
   895  00122A  5014               	movf	strlen@cp,w,c
   896  00122C  2412               	addwf	??_strlen,w,c
   897  00122E  6E10               	movwf	?_strlen,c
   898  001230  5015               	movf	strlen@cp+1,w,c
   899  001232  2013               	addwfc	??_strlen+1,w,c
   900  001234  6E11               	movwf	?_strlen+1,c
   901  001236  0012               	return	
   902  001238                     __end_of_strlen:
   903                           	opt stack 0
   904                           tblptru	equ	0xFF8
   905                           tblptrh	equ	0xFF7
   906                           tblptrl	equ	0xFF6
   907                           tablat	equ	0xFF5
   908                           intcon	equ	0xFF2
   909                           postinc0	equ	0xFEE
   910                           wreg	equ	0xFE8
   911                           indf2	equ	0xFDF
   912                           fsr2h	equ	0xFDA
   913                           fsr2l	equ	0xFD9
   914                           status	equ	0xFD8
   915                           
   916 ;; *************** function _strchr *****************
   917 ;; Defined at:
   918 ;;		line 4 in file "C:\Program Files\Microchip\xc8\v1.31\sources\common\strchr.c"
   919 ;; Parameters:    Size  Location     Type
   920 ;;  ptr             2   15[COMRAM] PTR const unsigned char 
   921 ;;		 -> NULL(0), ctxt(120), 
   922 ;;  chr             2   17[COMRAM] int 
   923 ;; Auto vars:     Size  Location     Type
   924 ;;		None
   925 ;; Return value:  Size  Location     Type
   926 ;;                  2   15[COMRAM] PTR unsigned char 
   927 ;; Registers used:
   928 ;;		wreg, fsr2l, fsr2h, status,2, status,0
   929 ;; Tracked objects:
   930 ;;		On entry : 0/0
   931 ;;		On exit  : 0/0
   932 ;;		Unchanged: 0/0
   933 ;; Data sizes:     COMRAM   BANK0   BANK1   BANK2   BANK3   BANK4   BANK5   BANK6   BANK7   BANK8   BANK9  BANK10  BANK1
      +1  BANK12  BANK13  BANK14
   934 ;;      Params:         4       0       0       0       0       0       0       0       0       0       0       0       
      +0       0       0       0
   935 ;;      Locals:         0       0       0       0       0       0       0       0       0       0       0       0       
      +0       0       0       0
   936 ;;      Temps:          0       0       0       0       0       0       0       0       0       0       0       0       
      +0       0       0       0
   937 ;;      Totals:         4       0       0       0       0       0       0       0       0       0       0       0       
      +0       0       0       0
   938 ;;Total ram usage:        4 bytes
   939 ;; Hardware stack levels used:    1
   940 ;; Hardware stack levels required when called:    1
   941 ;; This function calls:
   942 ;;		Nothing
   943 ;; This function is called by:
   944 ;;		_strstr
   945 ;; This function uses a non-reentrant model
   946 ;;
   947                           
   948                           	psect	text4
   949  001238                     __ptext4:
   950                           	opt stack 0
   951  001238                     _strchr:
   952                           	opt stack 28
   953  001238                     l675:
   954  001238  5012               	movf	strchr@chr,w,c
   955  00123A  C010  FFD9         	movff	strchr@ptr,fsr2l
   956  00123E  C011  FFDA         	movff	strchr@ptr+1,fsr2h
   957  001242  62DF               	cpfseq	indf2,c
   958  001244  D005               	goto	l771
   959  001246  C011  F011         	movff	strchr@ptr+1,?_strchr+1
   960  00124A  C010  F010         	movff	strchr@ptr,?_strchr
   961  00124E  0012               	return	
   962  001250                     l771:
   963  001250  C010  FFD9         	movff	strchr@ptr,fsr2l
   964  001254  C011  FFDA         	movff	strchr@ptr+1,fsr2h
   965  001258  4A10               	infsnz	strchr@ptr,f,c
   966  00125A  2A11               	incf	strchr@ptr+1,f,c
   967  00125C  50DF               	movf	indf2,w,c
   968  00125E  A4D8               	btfss	status,2,c
   969  001260  D7EB               	goto	l675
   970  001262  0E00               	movlw	0
   971  001264  6E11               	movwf	?_strchr+1,c
   972  001266  0E00               	movlw	0
   973  001268  6E10               	movwf	?_strchr,c
   974  00126A  0012               	return	
   975  00126C                     __end_of_strchr:
   976                           	opt stack 0
   977                           tblptru	equ	0xFF8
   978                           tblptrh	equ	0xFF7
   979                           tblptrl	equ	0xFF6
   980                           tablat	equ	0xFF5
   981                           intcon	equ	0xFF2
   982                           postinc0	equ	0xFEE
   983                           wreg	equ	0xFE8
   984                           indf2	equ	0xFDF
   985                           fsr2h	equ	0xFDA
   986                           fsr2l	equ	0xFD9
   987                           status	equ	0xFD8
   988                           
   989 ;; *************** function _serial_init *****************
   990 ;; Defined at:
   991 ;;		line 151 in file "main.c"
   992 ;; Parameters:    Size  Location     Type
   993 ;;		None
   994 ;; Auto vars:     Size  Location     Type
   995 ;;		None
   996 ;; Return value:  Size  Location     Type
   997 ;;		None               void
   998 ;; Registers used:
   999 ;;		wreg, status,2, cstack
  1000 ;; Tracked objects:
  1001 ;;		On entry : 0/0
  1002 ;;		On exit  : 0/0
  1003 ;;		Unchanged: 0/0
  1004 ;; Data sizes:     COMRAM   BANK0   BANK1   BANK2   BANK3   BANK4   BANK5   BANK6   BANK7   BANK8   BANK9  BANK10  BANK1
      +1  BANK12  BANK13  BANK14
  1005 ;;      Params:         0       0       0       0       0       0       0       0       0       0       0       0       
      +0       0       0       0
  1006 ;;      Locals:         0       0       0       0       0       0       0       0       0       0       0       0       
      +0       0       0       0
  1007 ;;      Temps:          1       0       0       0       0       0       0       0       0       0       0       0       
      +0       0       0       0
  1008 ;;      Totals:         1       0       0       0       0       0       0       0       0       0       0       0       
      +0       0       0       0
  1009 ;;Total ram usage:        1 bytes
  1010 ;; Hardware stack levels used:    1
  1011 ;; Hardware stack levels required when called:    2
  1012 ;; This function calls:
  1013 ;;		_uart_xmit
  1014 ;; This function is called by:
  1015 ;;		_main
  1016 ;; This function uses a non-reentrant model
  1017 ;;
  1018                           
  1019                           	psect	text5
  1020  00126C                     __ptext5:
  1021                           	opt stack 0
  1022  00126C                     _serial_init:
  1023                           	opt stack 28
  1024                           
  1025                           ;main.c: 160: PIR3bits.RC2IF=0;
  1026                           
  1027                           ;incstack = 0
  1028  00126C  9AA4               	bcf	4004,5,c	;volatile
  1029                           
  1030                           ;main.c: 162: TXSTA2bits.BRGH=1;
  1031  00126E  84A8               	bsf	4008,2,c	;volatile
  1032                           
  1033                           ;main.c: 163: TXSTA2bits.TX9=0;
  1034  001270  9CA8               	bcf	4008,6,c	;volatile
  1035                           
  1036                           ;main.c: 164: TXSTA2bits.TXEN = 1;
  1037  001272  8AA8               	bsf	4008,5,c	;volatile
  1038                           
  1039                           ;main.c: 165: RCSTA2bits.SPEN=1;
  1040  001274  8E9C               	bsf	3996,7,c	;volatile
  1041                           
  1042                           ;main.c: 166: RCSTA2bits.RX9=0;
  1043  001276  9C9C               	bcf	3996,6,c	;volatile
  1044                           
  1045                           ;main.c: 167: RCSTA2bits.CREN=1;
  1046  001278  889C               	bsf	3996,4,c	;volatile
  1047                           
  1048                           ;main.c: 168: SPBRG2=104;
  1049  00127A  0E68               	movlw	104
  1050  00127C  6EAB               	movwf	4011,c	;volatile
  1051                           
  1052                           ;main.c: 169: SPBRGH2=0;
  1053  00127E  0E00               	movlw	0
  1054  001280  6E7D               	movwf	3965,c	;volatile
  1055                           
  1056                           ;main.c: 172: _delay((unsigned long)((50)*(8000000/4000.0)));
  1057  001282  0E82               	movlw	130
  1058  001284  6E12               	movwf	??_serial_init& (0+255),c
  1059  001286  0EDE               	movlw	222
  1060  001288                     u327:
  1061  001288  2EE8               	decfsz	wreg,f,c
  1062  00128A  D7FE               	goto	u327
  1063  00128C  2E12               	decfsz	??_serial_init& (0+255),f,c
  1064  00128E  D7FC               	goto	u327
  1065                           
  1066                           ;main.c: 173: uart_xmit('R');
  1067  001290  0E00               	movlw	0
  1068  001292  6E11               	movwf	uart_xmit@mydata_byte+1,c
  1069  001294  0E52               	movlw	82
  1070  001296  6E10               	movwf	uart_xmit@mydata_byte,c
  1071  001298  EC5E  F009         	call	_uart_xmit	;wreg free
  1072  00129C  0012               	return	
  1073  00129E                     __end_of_serial_init:
  1074                           	opt stack 0
  1075                           tblptru	equ	0xFF8
  1076                           tblptrh	equ	0xFF7
  1077                           tblptrl	equ	0xFF6
  1078                           tablat	equ	0xFF5
  1079                           intcon	equ	0xFF2
  1080                           postinc0	equ	0xFEE
  1081                           wreg	equ	0xFE8
  1082                           indf2	equ	0xFDF
  1083                           fsr2h	equ	0xFDA
  1084                           fsr2l	equ	0xFD9
  1085                           status	equ	0xFD8
  1086                           
  1087 ;; *************** function _uart_xmit *****************
  1088 ;; Defined at:
  1089 ;;		line 146 in file "main.c"
  1090 ;; Parameters:    Size  Location     Type
  1091 ;;  mydata_byte     2   15[COMRAM] unsigned int 
  1092 ;; Auto vars:     Size  Location     Type
  1093 ;;		None
  1094 ;; Return value:  Size  Location     Type
  1095 ;;		None               void
  1096 ;; Registers used:
  1097 ;;		None
  1098 ;; Tracked objects:
  1099 ;;		On entry : 0/0
  1100 ;;		On exit  : 0/0
  1101 ;;		Unchanged: 0/0
  1102 ;; Data sizes:     COMRAM   BANK0   BANK1   BANK2   BANK3   BANK4   BANK5   BANK6   BANK7   BANK8   BANK9  BANK10  BANK1
      +1  BANK12  BANK13  BANK14
  1103 ;;      Params:         2       0       0       0       0       0       0       0       0       0       0       0       
      +0       0       0       0
  1104 ;;      Locals:         0       0       0       0       0       0       0       0       0       0       0       0       
      +0       0       0       0
  1105 ;;      Temps:          0       0       0       0       0       0       0       0       0       0       0       0       
      +0       0       0       0
  1106 ;;      Totals:         2       0       0       0       0       0       0       0       0       0       0       0       
      +0       0       0       0
  1107 ;;Total ram usage:        2 bytes
  1108 ;; Hardware stack levels used:    1
  1109 ;; Hardware stack levels required when called:    1
  1110 ;; This function calls:
  1111 ;;		Nothing
  1112 ;; This function is called by:
  1113 ;;		_serial_init
  1114 ;; This function uses a non-reentrant model
  1115 ;;
  1116                           
  1117                           	psect	text6
  1118  0012BC                     __ptext6:
  1119                           	opt stack 0
  1120  0012BC                     _uart_xmit:
  1121                           	opt stack 28
  1122  0012BC                     l92:
  1123  0012BC  A2A8               	btfss	4008,1,c	;volatile
  1124  0012BE  D7FE               	goto	l92
  1125                           
  1126                           ;main.c: 148: TXREG2 = mydata_byte;
  1127  0012C0  C010  FFA9         	movff	uart_xmit@mydata_byte,4009	;volatile
  1128  0012C4  0012               	return	
  1129  0012C6                     __end_of_uart_xmit:
  1130                           	opt stack 0
  1131                           tblptru	equ	0xFF8
  1132                           tblptrh	equ	0xFF7
  1133                           tblptrl	equ	0xFF6
  1134                           tablat	equ	0xFF5
  1135                           intcon	equ	0xFF2
  1136                           postinc0	equ	0xFEE
  1137                           wreg	equ	0xFE8
  1138                           indf2	equ	0xFDF
  1139                           fsr2h	equ	0xFDA
  1140                           fsr2l	equ	0xFD9
  1141                           status	equ	0xFD8
  1142                           
  1143 ;; *************** function _init_io *****************
  1144 ;; Defined at:
  1145 ;;		line 87 in file "main.c"
  1146 ;; Parameters:    Size  Location     Type
  1147 ;;		None
  1148 ;; Auto vars:     Size  Location     Type
  1149 ;;		None
  1150 ;; Return value:  Size  Location     Type
  1151 ;;		None               void
  1152 ;; Registers used:
  1153 ;;		wreg, status,2
  1154 ;; Tracked objects:
  1155 ;;		On entry : 0/0
  1156 ;;		On exit  : 0/0
  1157 ;;		Unchanged: 0/0
  1158 ;; Data sizes:     COMRAM   BANK0   BANK1   BANK2   BANK3   BANK4   BANK5   BANK6   BANK7   BANK8   BANK9  BANK10  BANK1
      +1  BANK12  BANK13  BANK14
  1159 ;;      Params:         0       0       0       0       0       0       0       0       0       0       0       0       
      +0       0       0       0
  1160 ;;      Locals:         0       0       0       0       0       0       0       0       0       0       0       0       
      +0       0       0       0
  1161 ;;      Temps:          0       0       0       0       0       0       0       0       0       0       0       0       
      +0       0       0       0
  1162 ;;      Totals:         0       0       0       0       0       0       0       0       0       0       0       0       
      +0       0       0       0
  1163 ;;Total ram usage:        0 bytes
  1164 ;; Hardware stack levels used:    1
  1165 ;; Hardware stack levels required when called:    1
  1166 ;; This function calls:
  1167 ;;		Nothing
  1168 ;; This function is called by:
  1169 ;;		_main
  1170 ;; This function uses a non-reentrant model
  1171 ;;
  1172                           
  1173                           	psect	text7
  1174  001190                     __ptext7:
  1175                           	opt stack 0
  1176  001190                     _init_io:
  1177                           	opt stack 29
  1178                           
  1179                           ;main.c: 89: INTCONbits.GIE = 0;
  1180                           
  1181                           ;incstack = 0
  1182  001190  9EF2               	bcf	intcon,7,c	;volatile
  1183                           
  1184                           ;main.c: 90: EECON2 = 0x55;
  1185  001192  0E55               	movlw	85
  1186  001194  6EA7               	movwf	4007,c	;volatile
  1187                           
  1188                           ;main.c: 91: EECON2 = 0xAA;
  1189  001196  0EAA               	movlw	170
  1190  001198  6EA7               	movwf	4007,c	;volatile
  1191                           
  1192                           ;main.c: 92: PPSCONbits.IOLOCK = 0;
  1193  00119A  010E               	movlb	14	; () banked
  1194  00119C  010E               	movlb	14	; () banked
  1195  00119E  91BF               	bcf	191,0,b	;volatile
  1196                           
  1197                           ;main.c: 107: RPINR16 = 0x16;
  1198  0011A0  0E16               	movlw	22
  1199  0011A2  010E               	movlb	14	; () banked
  1200  0011A4  010E               	movlb	14	; () banked
  1201  0011A6  6FF7               	movwf	247,b	;volatile
  1202                           
  1203                           ;main.c: 108: RPOR23 = 0x06;
  1204  0011A8  0E06               	movlw	6
  1205  0011AA  010E               	movlb	14	; () banked
  1206  0011AC  010E               	movlb	14	; () banked
  1207  0011AE  6FD7               	movwf	215,b	;volatile
  1208                           
  1209                           ;main.c: 110: EECON2 = 0x55;
  1210  0011B0  0E55               	movlw	85
  1211  0011B2  6EA7               	movwf	4007,c	;volatile
  1212                           
  1213                           ;main.c: 111: EECON2 = 0xAA;
  1214  0011B4  0EAA               	movlw	170
  1215  0011B6  6EA7               	movwf	4007,c	;volatile
  1216                           
  1217                           ; BSR set to: 14
  1218                           ;main.c: 112: PPSCONbits.IOLOCK = 1;
  1219  0011B8  010E               	movlb	14	; () banked
  1220  0011BA  010E               	movlb	14	; () banked
  1221  0011BC  81BF               	bsf	191,0,b	;volatile
  1222                           
  1223                           ;main.c: 114: LATA = 0x00;
  1224  0011BE  0E00               	movlw	0
  1225  0011C0  6E89               	movwf	3977,c	;volatile
  1226                           
  1227                           ; BSR set to: 14
  1228                           ;main.c: 116: TRISAbits.TRISA0 = 0;
  1229  0011C2  9092               	bcf	3986,0,c	;volatile
  1230                           
  1231                           ; BSR set to: 14
  1232                           ;main.c: 117: TRISAbits.TRISA1 = 0;
  1233  0011C4  9292               	bcf	3986,1,c	;volatile
  1234                           
  1235                           ; BSR set to: 14
  1236                           ;main.c: 118: TRISAbits.TRISA2 = 0;
  1237  0011C6  9492               	bcf	3986,2,c	;volatile
  1238                           
  1239                           ; BSR set to: 14
  1240                           ;main.c: 120: TRISBbits.TRISB0 = 0;
  1241  0011C8  9093               	bcf	3987,0,c	;volatile
  1242                           
  1243                           ; BSR set to: 14
  1244                           ;main.c: 121: TRISBbits.TRISB1 = 0;
  1245  0011CA  9293               	bcf	3987,1,c	;volatile
  1246                           
  1247                           ; BSR set to: 14
  1248                           ;main.c: 122: TRISBbits.TRISB2 = 0;
  1249  0011CC  9493               	bcf	3987,2,c	;volatile
  1250                           
  1251                           ; BSR set to: 14
  1252                           ;main.c: 123: TRISBbits.TRISB3 = 0;
  1253  0011CE  9693               	bcf	3987,3,c	;volatile
  1254                           
  1255                           ; BSR set to: 14
  1256                           ;main.c: 124: TRISBbits.TRISB4 = 0;
  1257  0011D0  9893               	bcf	3987,4,c	;volatile
  1258                           
  1259                           ; BSR set to: 14
  1260                           ;main.c: 125: TRISBbits.TRISB5 = 1;
  1261  0011D2  8A93               	bsf	3987,5,c	;volatile
  1262                           
  1263                           ;main.c: 127: LATC = 0x00;
  1264  0011D4  0E00               	movlw	0
  1265  0011D6  6E8B               	movwf	3979,c	;volatile
  1266                           
  1267                           ; BSR set to: 14
  1268                           ;main.c: 129: TRISCbits.TRISC0 = 0;
  1269  0011D8  9094               	bcf	3988,0,c	;volatile
  1270                           
  1271                           ; BSR set to: 14
  1272                           ;main.c: 130: TRISCbits.TRISC1 = 0;
  1273  0011DA  9294               	bcf	3988,1,c	;volatile
  1274                           
  1275                           ; BSR set to: 14
  1276                           ;main.c: 131: TRISCbits.TRISC2 = 0;
  1277  0011DC  9494               	bcf	3988,2,c	;volatile
  1278                           
  1279                           ; BSR set to: 14
  1280                           ;main.c: 132: TRISCbits.TRISC3 = 0;
  1281  0011DE  9694               	bcf	3988,3,c	;volatile
  1282                           
  1283                           ; BSR set to: 14
  1284                           ;main.c: 133: TRISCbits.TRISC6 = 1;
  1285  0011E0  8C94               	bsf	3988,6,c	;volatile
  1286                           
  1287                           ; BSR set to: 14
  1288                           ;main.c: 134: TRISCbits.TRISC7 = 1;
  1289  0011E2  8E94               	bsf	3988,7,c	;volatile
  1290                           
  1291                           ; BSR set to: 14
  1292                           ;main.c: 136: TRISDbits.TRISD0 = 1;
  1293  0011E4  8095               	bsf	3989,0,c	;volatile
  1294                           
  1295                           ; BSR set to: 14
  1296                           ;main.c: 137: TRISDbits.TRISD1 = 1;
  1297  0011E6  8295               	bsf	3989,1,c	;volatile
  1298                           
  1299                           ; BSR set to: 14
  1300                           ;main.c: 138: TRISDbits.TRISD4 = 1;
  1301  0011E8  8895               	bsf	3989,4,c	;volatile
  1302                           
  1303                           ; BSR set to: 14
  1304                           ;main.c: 139: TRISDbits.TRISD5 = 1;
  1305  0011EA  8A95               	bsf	3989,5,c	;volatile
  1306                           
  1307                           ; BSR set to: 14
  1308                           ;main.c: 140: TRISDbits.TRISD6 = 0;
  1309  0011EC  9C95               	bcf	3989,6,c	;volatile
  1310                           
  1311                           ; BSR set to: 14
  1312                           ;main.c: 142: TRISEbits.TRISE0 = 1;
  1313  0011EE  8096               	bsf	3990,0,c	;volatile
  1314                           
  1315                           ; BSR set to: 14
  1316                           ;main.c: 143: TRISEbits.TRISE1 = 1;
  1317  0011F0  8296               	bsf	3990,1,c	;volatile
  1318                           
  1319                           ; BSR set to: 14
  1320                           ;main.c: 144: TRISEbits.TRISE2 = 1;
  1321  0011F2  8496               	bsf	3990,2,c	;volatile
  1322                           
  1323                           ; BSR set to: 14
  1324  0011F4  0012               	return	
  1325  0011F6                     __end_of_init_io:
  1326                           	opt stack 0
  1327                           tblptru	equ	0xFF8
  1328                           tblptrh	equ	0xFF7
  1329                           tblptrl	equ	0xFF6
  1330                           tablat	equ	0xFF5
  1331                           intcon	equ	0xFF2
  1332                           postinc0	equ	0xFEE
  1333                           wreg	equ	0xFE8
  1334                           indf2	equ	0xFDF
  1335                           fsr2h	equ	0xFDA
  1336                           fsr2l	equ	0xFD9
  1337                           status	equ	0xFD8
  1338                           
  1339 ;; *************** function _ISR *****************
  1340 ;; Defined at:
  1341 ;;		line 53 in file "main.c"
  1342 ;; Parameters:    Size  Location     Type
  1343 ;;		None
  1344 ;; Auto vars:     Size  Location     Type
  1345 ;;  temp            1   14[COMRAM] unsigned char 
  1346 ;; Return value:  Size  Location     Type
  1347 ;;		None               void
  1348 ;; Registers used:
  1349 ;;		wreg, fsr2l, fsr2h, status,2, status,0
  1350 ;; Tracked objects:
  1351 ;;		On entry : 0/0
  1352 ;;		On exit  : 0/0
  1353 ;;		Unchanged: 0/0
  1354 ;; Data sizes:     COMRAM   BANK0   BANK1   BANK2   BANK3   BANK4   BANK5   BANK6   BANK7   BANK8   BANK9  BANK10  BANK1
      +1  BANK12  BANK13  BANK14
  1355 ;;      Params:         0       0       0       0       0       0       0       0       0       0       0       0       
      +0       0       0       0
  1356 ;;      Locals:         1       0       0       0       0       0       0       0       0       0       0       0       
      +0       0       0       0
  1357 ;;      Temps:         14       0       0       0       0       0       0       0       0       0       0       0       
      +0       0       0       0
  1358 ;;      Totals:        15       0       0       0       0       0       0       0       0       0       0       0       
      +0       0       0       0
  1359 ;;Total ram usage:       15 bytes
  1360 ;; Hardware stack levels used:    1
  1361 ;; This function calls:
  1362 ;;		Nothing
  1363 ;; This function is called by:
  1364 ;;		Interrupt level 2
  1365 ;; This function uses a non-reentrant model
  1366 ;;
  1367                           
  1368                           	psect	intcode
  1369  000008                     __pintcode:
  1370                           	opt stack 0
  1371  000008                     _ISR:
  1372                           	opt stack 28
  1373                           
  1374                           ; BSR set to: 14
  1375                           ;incstack = 0
  1376  000008  CFFA F001          	movff	pclath,??_ISR
  1377  00000C  CFFB F002          	movff	pclatu,??_ISR+1
  1378  000010  CFE9 F003          	movff	fsr0l,??_ISR+2
  1379  000014  CFEA F004          	movff	fsr0h,??_ISR+3
  1380  000018  CFE1 F005          	movff	fsr1l,??_ISR+4
  1381  00001C  CFE2 F006          	movff	fsr1h,??_ISR+5
  1382  000020  CFD9 F007          	movff	fsr2l,??_ISR+6
  1383  000024  CFDA F008          	movff	fsr2h,??_ISR+7
  1384  000028  CFF3 F009          	movff	prodl,??_ISR+8
  1385  00002C  CFF4 F00A          	movff	prodh,??_ISR+9
  1386  000030  CFF6 F00B          	movff	tblptrl,??_ISR+10
  1387  000034  CFF7 F00C          	movff	tblptrh,??_ISR+11
  1388  000038  CFF8 F00D          	movff	tblptru,??_ISR+12
  1389  00003C  CFF5 F00E          	movff	tablat,??_ISR+13
  1390                           
  1391                           ;main.c: 55: if (PIR3bits.RC2IF)
  1392  000040  AAA4               	btfss	4004,5,c	;volatile
  1393  000042  D03D               	goto	i2l86
  1394                           
  1395                           ;main.c: 56: {
  1396                           ;main.c: 57: isrcall = 0x01;
  1397  000044  0E00               	movlw	0
  1398  000046  6E2B               	movwf	_isrcall+1,c	;volatile
  1399  000048  0E01               	movlw	1
  1400  00004A  6E2A               	movwf	_isrcall,c	;volatile
  1401                           
  1402                           ;main.c: 58: char temp;
  1403                           ;main.c: 59: temp = RCREG2;
  1404  00004C  CFAA F00F          	movff	4010,ISR@temp	;volatile
  1405                           
  1406                           ;main.c: 60: if(temp=='$' && new_rx==0)
  1407  000050  500F               	movf	ISR@temp,w,c
  1408  000052  0A24               	xorlw	36
  1409  000054  A4D8               	btfss	status,2,c
  1410  000056  D00D               	goto	i2l869
  1411  000058  502D               	movf	_new_rx+1,w,c	;volatile
  1412  00005A  102C               	iorwf	_new_rx,w,c	;volatile
  1413  00005C  A4D8               	btfss	status,2,c
  1414  00005E  D009               	goto	i2l869
  1415                           
  1416                           ;main.c: 61: {
  1417                           ;main.c: 62: index = 0;
  1418  000060  0E00               	movlw	0
  1419  000062  6E29               	movwf	_index+1,c	;volatile
  1420  000064  0E00               	movlw	0
  1421  000066  6E28               	movwf	_index,c	;volatile
  1422                           
  1423                           ;main.c: 63: reading = 1;
  1424  000068  0E00               	movlw	0
  1425  00006A  6E31               	movwf	_reading+1,c	;volatile
  1426  00006C  0E01               	movlw	1
  1427  00006E  6E30               	movwf	_reading,c	;volatile
  1428                           
  1429                           ;main.c: 64: }
  1430  000070  D026               	goto	i2l86
  1431  000072                     i2l869:
  1432                           
  1433                           ;main.c: 65: else if(reading == 1)
  1434  000072  0430               	decf	_reading,w,c	;volatile
  1435  000074  1031               	iorwf	_reading+1,w,c	;volatile
  1436  000076  A4D8               	btfss	status,2,c
  1437  000078  D022               	goto	i2l86
  1438                           
  1439                           ;main.c: 66: {
  1440                           ;main.c: 67: ctxt[index] = temp;
  1441  00007A  0100               	movlb	0	; () banked
  1442  00007C  0E60               	movlw	low _ctxt
  1443  00007E  2428               	addwf	_index,w,c	;volatile
  1444  000080  6ED9               	movwf	fsr2l,c
  1445  000082  0100               	movlb	0	; () banked
  1446  000084  0E00               	movlw	high _ctxt
  1447  000086  2029               	addwfc	_index+1,w,c	;volatile
  1448  000088  6EDA               	movwf	fsr2h,c
  1449  00008A  C00F  FFDF         	movff	ISR@temp,indf2
  1450                           
  1451                           ; BSR set to: 0
  1452                           ;main.c: 68: index++;
  1453  00008E  4A28               	infsnz	_index,f,c	;volatile
  1454  000090  2A29               	incf	_index+1,f,c	;volatile
  1455                           
  1456                           ; BSR set to: 0
  1457                           ;main.c: 69: ping = 1;
  1458  000092  0E00               	movlw	0
  1459  000094  6E2F               	movwf	_ping+1,c	;volatile
  1460  000096  0E01               	movlw	1
  1461  000098  6E2E               	movwf	_ping,c	;volatile
  1462                           
  1463                           ; BSR set to: 0
  1464                           ;main.c: 70: if(index > 50)
  1465  00009A  0E33               	movlw	51
  1466  00009C  5C28               	subwf	_index,w,c	;volatile
  1467  00009E  0E00               	movlw	0
  1468  0000A0  5829               	subwfb	_index+1,w,c	;volatile
  1469  0000A2  A0D8               	btfss	status,0,c
  1470  0000A4  D00C               	goto	i2l86
  1471                           
  1472                           ; BSR set to: 0
  1473                           ;main.c: 71: {
  1474                           ;main.c: 72: index = 0;
  1475  0000A6  0E00               	movlw	0
  1476  0000A8  6E29               	movwf	_index+1,c	;volatile
  1477  0000AA  0E00               	movlw	0
  1478  0000AC  6E28               	movwf	_index,c	;volatile
  1479                           
  1480                           ;main.c: 73: reading = 0;
  1481  0000AE  0E00               	movlw	0
  1482  0000B0  6E31               	movwf	_reading+1,c	;volatile
  1483  0000B2  0E00               	movlw	0
  1484  0000B4  6E30               	movwf	_reading,c	;volatile
  1485                           
  1486                           ;main.c: 74: new_rx = 1;
  1487  0000B6  0E00               	movlw	0
  1488  0000B8  6E2D               	movwf	_new_rx+1,c	;volatile
  1489  0000BA  0E01               	movlw	1
  1490  0000BC  6E2C               	movwf	_new_rx,c	;volatile
  1491  0000BE                     i2l86:
  1492  0000BE  C00E  FFF5         	movff	??_ISR+13,tablat
  1493  0000C2  C00D  FFF8         	movff	??_ISR+12,tblptru
  1494  0000C6  C00C  FFF7         	movff	??_ISR+11,tblptrh
  1495  0000CA  C00B  FFF6         	movff	??_ISR+10,tblptrl
  1496  0000CE  C00A  FFF4         	movff	??_ISR+9,prodh
  1497  0000D2  C009  FFF3         	movff	??_ISR+8,prodl
  1498  0000D6  C008  FFDA         	movff	??_ISR+7,fsr2h
  1499  0000DA  C007  FFD9         	movff	??_ISR+6,fsr2l
  1500  0000DE  C006  FFE2         	movff	??_ISR+5,fsr1h
  1501  0000E2  C005  FFE1         	movff	??_ISR+4,fsr1l
  1502  0000E6  C004  FFEA         	movff	??_ISR+3,fsr0h
  1503  0000EA  C003  FFE9         	movff	??_ISR+2,fsr0l
  1504  0000EE  C002  FFFB         	movff	??_ISR+1,pclatu
  1505  0000F2  C001  FFFA         	movff	??_ISR,pclath
  1506  0000F6  0011               	retfie		f
  1507  0000F8                     __end_of_ISR:
  1508                           	opt stack 0
  1509                           pclatu	equ	0xFFB
  1510                           pclath	equ	0xFFA
  1511                           tblptru	equ	0xFF8
  1512                           tblptrh	equ	0xFF7
  1513                           tblptrl	equ	0xFF6
  1514                           tablat	equ	0xFF5
  1515                           prodh	equ	0xFF4
  1516                           prodl	equ	0xFF3
  1517                           intcon	equ	0xFF2
  1518                           postinc0	equ	0xFEE
  1519                           fsr0h	equ	0xFEA
  1520                           fsr0l	equ	0xFE9
  1521                           wreg	equ	0xFE8
  1522                           fsr1h	equ	0xFE2
  1523                           fsr1l	equ	0xFE1
  1524                           indf2	equ	0xFDF
  1525                           fsr2h	equ	0xFDA
  1526                           fsr2l	equ	0xFD9
  1527                           status	equ	0xFD8
  1528                           pclatu	equ	0xFFB
  1529                           pclath	equ	0xFFA
  1530                           tblptru	equ	0xFF8
  1531                           tblptrh	equ	0xFF7
  1532                           tblptrl	equ	0xFF6
  1533                           tablat	equ	0xFF5
  1534                           prodh	equ	0xFF4
  1535                           prodl	equ	0xFF3
  1536                           intcon	equ	0xFF2
  1537                           postinc0	equ	0xFEE
  1538                           fsr0h	equ	0xFEA
  1539                           fsr0l	equ	0xFE9
  1540                           wreg	equ	0xFE8
  1541                           fsr1h	equ	0xFE2
  1542                           fsr1l	equ	0xFE1
  1543                           indf2	equ	0xFDF
  1544                           fsr2h	equ	0xFDA
  1545                           fsr2l	equ	0xFD9
  1546                           status	equ	0xFD8
  1547                           
  1548                           	psect	rparam
  1549  0000                     pclatu	equ	0xFFB
  1550                           pclath	equ	0xFFA
  1551                           tblptru	equ	0xFF8
  1552                           tblptrh	equ	0xFF7
  1553                           tblptrl	equ	0xFF6
  1554                           tablat	equ	0xFF5
  1555                           prodh	equ	0xFF4
  1556                           prodl	equ	0xFF3
  1557                           intcon	equ	0xFF2
  1558                           postinc0	equ	0xFEE
  1559                           fsr0h	equ	0xFEA
  1560                           fsr0l	equ	0xFE9
  1561                           wreg	equ	0xFE8
  1562                           fsr1h	equ	0xFE2
  1563                           fsr1l	equ	0xFE1
  1564                           indf2	equ	0xFDF
  1565                           fsr2h	equ	0xFDA
  1566                           fsr2l	equ	0xFD9
  1567                           status	equ	0xFD8


Data Sizes:
    Strings     6
    Constant    0
    Data        0
    BSS         136
    Persistent  0
    Stack       0

Auto Spaces:
    Space          Size  Autos    Used
    COMRAM           95     35      51
    BANK0           160      0     120
    BANK1           256      0       0
    BANK2           256      0       0
    BANK3           256      0       0
    BANK4           256      0       0
    BANK5           256      0       0
    BANK6           256      0       0
    BANK7           256      0       0
    BANK8           256      0       0
    BANK9           256      0       0
    BANK10          256      0       0
    BANK11          256      0       0
    BANK12          256      0       0
    BANK13          256      0       0
    BANK14          176      0       0

Pointer List with Targets:

    strncmp@s2	PTR const unsigned char  size(2) Largest target is 6
		 -> STR_1(CODE[6]), 

    strncmp@s1	PTR const unsigned char  size(2) Largest target is 120
		 -> NULL(NULL[0]), ctxt(BANK0[120]), 

    strlen@s	PTR const unsigned char  size(2) Largest target is 6
		 -> STR_1(CODE[6]), 

    strlen@cp	PTR const unsigned char  size(2) Largest target is 6
		 -> STR_1(CODE[6]), 

    strchr@ptr	PTR const unsigned char  size(2) Largest target is 120
		 -> NULL(NULL[0]), ctxt(BANK0[120]), 

    sp__strchr	PTR unsigned char  size(2) Largest target is 120
		 -> NULL(NULL[0]), ctxt(BANK0[120]), 

    strstr@s2	PTR const unsigned char  size(2) Largest target is 6
		 -> STR_1(CODE[6]), 

    strstr@s1	PTR const unsigned char  size(2) Largest target is 120
		 -> NULL(NULL[0]), ctxt(BANK0[120]), 

    sp__strstr	PTR unsigned char  size(2) Largest target is 120
		 -> NULL(NULL[0]), ctxt(BANK0[120]), 


Critical Paths under _main in COMRAM

    _main->_strstr
    _strstr->_strncmp
    _strncmp->_strlen
    _serial_init->_uart_xmit

Critical Paths under _ISR in COMRAM

    None.

Critical Paths under _main in BANK0

    None.

Critical Paths under _ISR in BANK0

    None.

Critical Paths under _main in BANK1

    None.

Critical Paths under _ISR in BANK1

    None.

Critical Paths under _main in BANK2

    None.

Critical Paths under _ISR in BANK2

    None.

Critical Paths under _main in BANK3

    None.

Critical Paths under _ISR in BANK3

    None.

Critical Paths under _main in BANK4

    None.

Critical Paths under _ISR in BANK4

    None.

Critical Paths under _main in BANK5

    None.

Critical Paths under _ISR in BANK5

    None.

Critical Paths under _main in BANK6

    None.

Critical Paths under _ISR in BANK6

    None.

Critical Paths under _main in BANK7

    None.

Critical Paths under _ISR in BANK7

    None.

Critical Paths under _main in BANK8

    None.

Critical Paths under _ISR in BANK8

    None.

Critical Paths under _main in BANK9

    None.

Critical Paths under _ISR in BANK9

    None.

Critical Paths under _main in BANK10

    None.

Critical Paths under _ISR in BANK10

    None.

Critical Paths under _main in BANK11

    None.

Critical Paths under _ISR in BANK11

    None.

Critical Paths under _main in BANK12

    None.

Critical Paths under _ISR in BANK12

    None.

Critical Paths under _main in BANK13

    None.

Critical Paths under _ISR in BANK13

    None.

Critical Paths under _main in BANK14

    None.

Critical Paths under _ISR in BANK14

    None.

Call Graph Tables:

 ---------------------------------------------------------------------------------
 (Depth) Function   	        Calls       Base Space   Used Autos Params    Refs
 ---------------------------------------------------------------------------------
 (0) _main                                                 1     1      0     732
                                             34 COMRAM     1     1      0
                            _init_io
                        _serial_init
                             _strstr
 ---------------------------------------------------------------------------------
 (1) _strstr                                               4     0      4     674
                                             30 COMRAM     4     0      4
                             _strchr
                             _strlen
                            _strncmp
 ---------------------------------------------------------------------------------
 (2) _strncmp                                              9     3      6     219
                                             21 COMRAM     9     3      6
                             _strlen (ARG)
 ---------------------------------------------------------------------------------
 (2) _strlen                                               6     4      2     103
                                             15 COMRAM     6     4      2
 ---------------------------------------------------------------------------------
 (2) _strchr                                               4     0      4     146
                                             15 COMRAM     4     0      4
 ---------------------------------------------------------------------------------
 (1) _serial_init                                          1     1      0      58
                                             17 COMRAM     1     1      0
                          _uart_xmit
 ---------------------------------------------------------------------------------
 (2) _uart_xmit                                            2     0      2      58
                                             15 COMRAM     2     0      2
 ---------------------------------------------------------------------------------
 (1) _init_io                                              0     0      0       0
 ---------------------------------------------------------------------------------
 Estimated maximum stack depth 2
 ---------------------------------------------------------------------------------
 (Depth) Function   	        Calls       Base Space   Used Autos Params    Refs
 ---------------------------------------------------------------------------------
 (3) _ISR                                                 15    15      0      30
                                              0 COMRAM    15    15      0
 ---------------------------------------------------------------------------------
 Estimated maximum stack depth 3
 ---------------------------------------------------------------------------------

 Call Graph Graphs:

 _main (ROOT)
   _init_io
   _serial_init
     _uart_xmit
   _strstr
     _strchr
     _strlen
     _strncmp
       _strlen (ARG)

 _ISR (ROOT)

 Address spaces:
Name               Size   Autos  Total    Cost      Usage
BIGRAM             EAF      0       0      35        0.0%
BITBANK13          100      0       0      31        0.0%
BANK13             100      0       0      32        0.0%
BITBANK12          100      0       0      29        0.0%
BANK12             100      0       0      30        0.0%
BITBANK11          100      0       0      27        0.0%
BANK11             100      0       0      28        0.0%
BITBANK10          100      0       0      25        0.0%
BANK10             100      0       0      26        0.0%
BITBANK9           100      0       0      23        0.0%
BANK9              100      0       0      24        0.0%
BITBANK8           100      0       0      21        0.0%
BANK8              100      0       0      22        0.0%
BITBANK7           100      0       0      19        0.0%
BANK7              100      0       0      20        0.0%
BITBANK6           100      0       0      17        0.0%
BANK6              100      0       0      18        0.0%
BITBANK5           100      0       0      15        0.0%
BANK5              100      0       0      16        0.0%
BITBANK4           100      0       0      13        0.0%
BANK4              100      0       0      14        0.0%
BITBANK3           100      0       0      11        0.0%
BANK3              100      0       0      12        0.0%
BITBANK2           100      0       0       9        0.0%
BANK2              100      0       0      10        0.0%
BITBANK1           100      0       0       7        0.0%
BANK1              100      0       0       8        0.0%
BITBANK14           B0      0       0      33        0.0%
BANK14              B0      0       0      34        0.0%
BITBANK0            A0      0       0       4        0.0%
BANK0               A0      0      78       5       75.0%
BITCOMRAM           5F      0       0       0        0.0%
COMRAM              5F     23      33       1       53.7%
BITSFR_2             0      0       0      40        0.0%
SFR_2                0      0       0      40        0.0%
BITSFR_1             0      0       0      40        0.0%
SFR_1                0      0       0      40        0.0%
BITSFR               0      0       0      40        0.0%
SFR                  0      0       0      40        0.0%
STACK                0      0       0       2        0.0%
NULL                 0      0       0       0        0.0%
ABS                  0      0      AB       6        0.0%
DATA                 0      0      AB       3        0.0%
CODE                 0      0       0       0        0.0%


Microchip Technology PIC18 Macro Assembler V1.31 build 56723 
Symbol Table                                                                                   Sun May 18 09:31:44 2014

                     l92 12BC             __CFG_CP0$OFF 000000                      l102 0FA2  
                    l107 101E                      l741 1204                      l753 10B0  
                    l841 110A                      l771 1250                      l675 1238  
                    l739 1200                      l931 0FC4                      l757 10E6  
                    l749 1080                      l853 1186                      l933 0FCA  
                    l759 10EE                      l847 1144                      l849 1170  
                    l953 103A                      l945 1026                      l939 0FEE  
                    l969 1066                      u307 0FBA                      u317 1032  
                    u327 1288                      u247 0F4C                      u257 0F64  
                    u267 0F76                      _ISR 0008                      u277 0F84  
                    u287 0F90                      u297 0FAA                      wreg 000FE8  
             _TXSTA2bits 000FA8                     ?_ISR 0001                     STR_1 0F01  
                   _LATA 000F89                     _LATC 000F8B                     i2l86 00BE  
                   _main 0F08                     _ctxt 0060                     _ping 002E  
                   fsr0h 000FEA                     fsr1h 000FE2                     fsr0l 000FE9  
                   fsr2h 000FDA                     fsr1l 000FE1                     indf2 000FDF  
                   fsr2l 000FD9                     pclat 000FFA                     prodh 000FF4  
                   prodl 000FF3                     start 00F8            __CFG_IESO$OFF 000000  
                  ??_ISR 0001            __CFG_PLLDIV$1 000000                    ?_main 0001  
                  i2l869 0072           __CFG_FCMEN$OFF 000000                    _gpgga 0024  
                  _index 0028                    _gprmc 0026          __end_of_init_io 11F6  
                  _ready 0032                    tablat 000FF5                    status 000FD8  
        __end_of_strncmp 1108          __initialization 129E             __end_of_main 107E  
                 ??_main 0023            __activetblptr 000003                   _ADCON0 000FC2  
                 _ADCON1 000FC1                   _EECON2 000FA7           __CFG_WDTEN$OFF 000000  
                 _RCREG2 000FAA                   _SPBRG2 000FAB                   _RPOR23 000ED7  
                 _TXREG2 000FA9           __CFG_XINST$OFF 000000             ?_serial_init 0001  
         __CFG_STVREN$ON 000000                   clear_0 12A4                   clear_1 12B0  
                 _new_rx 002C                   _strchr 1238                   _strlen 11F6  
                 _strstr 1108                ??_init_io 0010             __mediumconst 0000  
                 tblptrh 000FF7                   tblptrl 000FF6                   tblptru 000FF8  
              ??_strncmp 001C               __accesstop 0060  __end_of__initialization 12B6  
         __pcstackCOMRAM 0001          __CFG_OSC$INTOSC 000000               __pbssBANK0 0060  
                ISR@temp 000F                  ?_strchr 0010                  ?_strlen 0010  
                ?_strstr 001F       __size_of_uart_xmit 000A                  _SPBRGH2 000F7D  
                _RPINR16 000EF7                  __Hparam 0000                  __Lparam 0000  
   __size_of_serial_init 0032             __psmallconst 0F00                  __pcinit 129E  
                __ramtop 0F00                  __ptext0 0F08                  __ptext1 1108  
                __ptext2 107E                  __ptext3 11F6                  __ptext4 1238  
                __ptext5 126C                  __ptext6 12BC                  __ptext7 1190  
        __size_of_strchr 0034          __size_of_strlen 0042             __size_of_ISR 00F0  
        __size_of_strstr 0088                  _init_io 1190                  _reading 0030  
                _isrcall 002A                  _strncmp 107E     end_of_initialization 12B6  
      __end_of_uart_xmit 12C6                  postinc0 000FEE                  strlen@s 0010  
              _PORTCbits 000F82         __CFG_CPUDIV$OSC1 000000                _TRISAbits 000F92  
              _TRISBbits 000F93                _TRISCbits 000F94                _TRISDbits 000F95  
              _TRISEbits 000F96     uart_xmit@mydata_byte 0010           __end_of_strchr 126C  
         __end_of_strlen 1238           __end_of_strstr 1190      start_initialization 129E  
            __end_of_ISR 00F8                 ??_strchr 0014                 ??_strlen 0012  
               ??_strstr 0023              __pbssCOMRAM 0024      __end_of__stringdata 0F07  
              __pintcode 0008              __smallconst 0F00                 ?_init_io 0001  
               ?_strncmp 0016                 _LATAbits 000F89                 _LATBbits 000F8A  
               _LATCbits 000F8B                 _PIE3bits 000FA3            ??_serial_init 0012  
               _PIR3bits 000FA4                 _RCONbits 000FD0                _uart_xmit 12BC  
            __stringdata 0F01                 __Hrparam 0000                 __Lrparam 0000  
             ?_uart_xmit 0010      __end_of_serial_init 129E         __size_of_init_io 0066  
       __size_of_strncmp 008A            __size_of_main 0176               strncmp@len 001A  
             _INTCONbits 000FF2                 intlevel2 0000                strchr@chr 0012  
              strchr@ptr 0010               _RCSTA2bits 000F9C                strncmp@s1 0016  
              strncmp@s2 0018               _OSCCONbits 000FD3              _serial_init 126C  
            ??_uart_xmit 0012               _PPSCONbits 000EBF                 strlen@cp 0014  
               strstr@s1 001F                 strstr@s2 0021  
