

Microchip Technology PIC LITE Macro Assembler V1.32 build 58300 
                                                                                               Sun Aug 31 20:19:32 2014

Microchip Technology Omniscient Code Generator (Lite mode) build 58300
     1                           	processor	16F1509
     2                           	opt	pw 120
     3                           	opt	lm
     4                           	psect	stringtext,global,reloc=256,class=STRCODE,delta=2
     5                           	psect	cinit,global,class=CODE,merge=1,delta=2
     6                           	psect	bssBANK0,global,class=BANK0,space=1,delta=1
     7                           	psect	cstackCOMMON,global,class=COMMON,space=1,delta=1
     8                           	psect	maintext,global,class=CODE,merge=1,split=1,delta=2
     9                           	psect	text1,local,class=CODE,merge=1,delta=2
    10                           	psect	text2,local,class=CODE,merge=1,delta=2
    11                           	psect	text3,local,class=CODE,merge=1,delta=2
    12                           	psect	text4,local,class=CODE,merge=1,delta=2
    13                           	psect	text5,local,class=CODE,merge=1,delta=2
    14                           	dabs	1,0x7E,2
    15  0000                     	;# 
    16  0001                     	;# 
    17  0002                     	;# 
    18  0003                     	;# 
    19  0004                     	;# 
    20  0005                     	;# 
    21  0006                     	;# 
    22  0007                     	;# 
    23  0008                     	;# 
    24  0009                     	;# 
    25  000A                     	;# 
    26  000B                     	;# 
    27  000C                     	;# 
    28  000D                     	;# 
    29  000E                     	;# 
    30  0011                     	;# 
    31  0012                     	;# 
    32  0013                     	;# 
    33  0015                     	;# 
    34  0016                     	;# 
    35  0016                     	;# 
    36  0017                     	;# 
    37  0018                     	;# 
    38  0019                     	;# 
    39  001A                     	;# 
    40  001B                     	;# 
    41  001C                     	;# 
    42  008C                     	;# 
    43  008D                     	;# 
    44  008E                     	;# 
    45  0091                     	;# 
    46  0092                     	;# 
    47  0093                     	;# 
    48  0095                     	;# 
    49  0096                     	;# 
    50  0097                     	;# 
    51  0099                     	;# 
    52  009A                     	;# 
    53  009B                     	;# 
    54  009B                     	;# 
    55  009C                     	;# 
    56  009D                     	;# 
    57  009E                     	;# 
    58  009F                     	;# 
    59  010C                     	;# 
    60  010D                     	;# 
    61  010E                     	;# 
    62  0111                     	;# 
    63  0112                     	;# 
    64  0113                     	;# 
    65  0114                     	;# 
    66  0115                     	;# 
    67  0116                     	;# 
    68  0117                     	;# 
    69  0118                     	;# 
    70  0119                     	;# 
    71  011D                     	;# 
    72  018C                     	;# 
    73  018D                     	;# 
    74  018E                     	;# 
    75  0191                     	;# 
    76  0191                     	;# 
    77  0192                     	;# 
    78  0193                     	;# 
    79  0193                     	;# 
    80  0194                     	;# 
    81  0195                     	;# 
    82  0196                     	;# 
    83  0197                     	;# 
    84  0199                     	;# 
    85  019A                     	;# 
    86  019B                     	;# 
    87  019B                     	;# 
    88  019C                     	;# 
    89  019D                     	;# 
    90  019E                     	;# 
    91  019F                     	;# 
    92  020C                     	;# 
    93  020D                     	;# 
    94  0211                     	;# 
    95  0211                     	;# 
    96  0212                     	;# 
    97  0212                     	;# 
    98  0213                     	;# 
    99  0213                     	;# 
   100  0214                     	;# 
   101  0214                     	;# 
   102  0215                     	;# 
   103  0215                     	;# 
   104  0215                     	;# 
   105  0216                     	;# 
   106  0216                     	;# 
   107  0217                     	;# 
   108  0217                     	;# 
   109  0391                     	;# 
   110  0392                     	;# 
   111  0393                     	;# 
   112  0394                     	;# 
   113  0395                     	;# 
   114  0396                     	;# 
   115  0498                     	;# 
   116  0498                     	;# 
   117  0499                     	;# 
   118  049A                     	;# 
   119  049B                     	;# 
   120  049B                     	;# 
   121  049C                     	;# 
   122  049E                     	;# 
   123  049F                     	;# 
   124  0611                     	;# 
   125  0612                     	;# 
   126  0613                     	;# 
   127  0613                     	;# 
   128  0614                     	;# 
   129  0615                     	;# 
   130  0616                     	;# 
   131  0616                     	;# 
   132  0617                     	;# 
   133  0618                     	;# 
   134  0619                     	;# 
   135  0619                     	;# 
   136  061A                     	;# 
   137  061B                     	;# 
   138  061C                     	;# 
   139  061C                     	;# 
   140  0691                     	;# 
   141  0692                     	;# 
   142  0693                     	;# 
   143  0694                     	;# 
   144  0695                     	;# 
   145  0F0F                     	;# 
   146  0F10                     	;# 
   147  0F11                     	;# 
   148  0F12                     	;# 
   149  0F13                     	;# 
   150  0F14                     	;# 
   151  0F15                     	;# 
   152  0F16                     	;# 
   153  0F17                     	;# 
   154  0F18                     	;# 
   155  0F19                     	;# 
   156  0F1A                     	;# 
   157  0F1B                     	;# 
   158  0F1C                     	;# 
   159  0F1D                     	;# 
   160  0F1E                     	;# 
   161  0F1F                     	;# 
   162  0F20                     	;# 
   163  0F21                     	;# 
   164  0F22                     	;# 
   165  0F23                     	;# 
   166  0F24                     	;# 
   167  0F25                     	;# 
   168  0F26                     	;# 
   169  0F27                     	;# 
   170  0F28                     	;# 
   171  0F29                     	;# 
   172  0F2A                     	;# 
   173  0F2B                     	;# 
   174  0F2C                     	;# 
   175  0F2D                     	;# 
   176  0F2E                     	;# 
   177  0F2F                     	;# 
   178  0F8C                     	;# 
   179  0F8D                     	;# 
   180  0F91                     	;# 
   181  0F95                     	;# 
   182  0F96                     	;# 
   183  0F97                     	;# 
   184  0F9C                     	;# 
   185  0F9D                     	;# 
   186  0F9E                     	;# 
   187  0FE3                     	;# 
   188  0FE4                     	;# 
   189  0FE5                     	;# 
   190  0FE6                     	;# 
   191  0FE7                     	;# 
   192  0FE8                     	;# 
   193  0FE9                     	;# 
   194  0FEA                     	;# 
   195  0FEB                     	;# 
   196  0FED                     	;# 
   197  0FEE                     	;# 
   198  0FEF                     	;# 
   199  0011                     _PIR1bits	set	17
   200  0095                     _OPTION_REGbits	set	149
   201  0099                     _OSCCONbits	set	153
   202  008C                     _TRISAbits	set	140
   203  008D                     _TRISBbits	set	141
   204  008E                     _TRISCbits	set	142
   205  019B                     _SPBRG	set	411
   206  018C                     _ANSELA	set	396
   207  018D                     _ANSELB	set	397
   208  018E                     _ANSELC	set	398
   209  019F                     _BAUDCONbits	set	415
   210  019D                     _RCSTAbits	set	413
   211  019C                     _SPBRGH	set	412
   212  019A                     _TXREG	set	410
   213  019E                     _TXSTAbits	set	414
   214                           
   215                           	psect	stringtext
   216  0800                     __pstringtext:	
   217  0800                     __stringdata:	
   218  0800                     STR_2:	
   219  0800  345F               	retlw	95	;'_'
   220  0801  345F               	retlw	95	;'_'
   221  0802  3420               	retlw	32	;' '
   222  0803  3461               	retlw	97	;'a'
   223  0804  3463               	retlw	99	;'c'
   224  0805  3430               	retlw	48	;'0'
   225  0806  3467               	retlw	103	;'g'
   226  0807  3464               	retlw	100	;'d'
   227  0808  3420               	retlw	32	;' '
   228  0809  342D               	retlw	45	;'-'
   229  080A  3420               	retlw	32	;' '
   230  080B  3474               	retlw	116	;'t'
   231  080C  3465               	retlw	101	;'e'
   232  080D  3473               	retlw	115	;'s'
   233  080E  3474               	retlw	116	;'t'
   234  080F  342E               	retlw	46	;'.'
   235  0810  3420               	retlw	32	;' '
   236  0811  3400               	retlw	0
   237  0812                     STR_1:	
   238  0812  3452               	retlw	82	;'R'
   239  0813  3445               	retlw	69	;'E'
   240  0814  3453               	retlw	83	;'S'
   241  0815  3445               	retlw	69	;'E'
   242  0816  3454               	retlw	84	;'T'
   243  0817  3400               	retlw	0
   244  0818                     __end_of__stringdata:	
   245                           
   246                           ; #config settings
   247  0000                     
   248                           	psect	cinit
   249  07FB                     start_initialization:	
   250  07FB                     __initialization:	
   251                           
   252                           ; Clear objects allocated to BANK0
   253  07FB  01A0               	clrf	__pbssBANK0& (0+127)
   254  07FC                     end_of_initialization:	
   255                           ;End of C runtime variable initialization code
   256                           
   257  07FC                     __end_of__initialization:	
   258  07FC  107E               	bcf	pic14e$flags,0	;clear compiler interrupt flag
   259  07FD  0020               	movlb	0
   260  07FE  3187  2FDA         	ljmp	_main	;jump to C main() function
   261                           
   262                           	psect	bssBANK0
   263  0020                     __pbssBANK0:	
   264  0020                     _cdata:	
   265  0020                     	ds	1
   266                           
   267                           	psect	cstackCOMMON
   268  0070                     __pcstackCOMMON:	
   269  0070                     ?_init_io:	
   270  0070                     ??_init_io:	
   271                           ; 0 bytes @ 0x0
   272                           
   273  0070                     ??_calculateparity:	
   274                           ; 0 bytes @ 0x0
   275                           
   276  0070                     ?_init_uart:	
   277                           ; 0 bytes @ 0x0
   278                           
   279  0070                     ?_calculateparity:	
   280                           ; 0 bytes @ 0x0
   281                           
   282  0070                     ?_main:	
   283                           ; 1 bytes @ 0x0
   284                           
   285                           
   286                           ; 2 bytes @ 0x0
   287  0070                     	ds	1
   288  0071                     calculateparity@parity:	
   289                           
   290                           ; 1 bytes @ 0x1
   291  0071                     	ds	1
   292  0072                     calculateparity@scancode:	
   293                           
   294                           ; 1 bytes @ 0x2
   295  0072                     	ds	1
   296  0073                     ?_uart_xmit:	
   297  0073                     uart_xmit@mydata_byte:	
   298                           ; 0 bytes @ 0x3
   299                           
   300                           
   301                           ; 2 bytes @ 0x3
   302  0073                     	ds	2
   303  0075                     ??_uart_xmit:	
   304                           
   305                           ; 0 bytes @ 0x5
   306  0075                     	ds	1
   307  0076                     ?_uart_write:	
   308  0076                     uart_write@txt:	
   309                           ; 0 bytes @ 0x6
   310                           
   311                           
   312                           ; 2 bytes @ 0x6
   313  0076                     	ds	2
   314  0078                     ??_uart_write:	
   315                           
   316                           ; 0 bytes @ 0x8
   317  0078                     	ds	2
   318  007A                     ??_init_uart:	
   319                           
   320                           ; 0 bytes @ 0xA
   321  007A                     	ds	2
   322  007C                     ??_main:	
   323                           
   324                           ; 0 bytes @ 0xC
   325  007C                     	ds	2
   326                           
   327                           	psect	maintext
   328  07DA                     __pmaintext:	
   329 ;;
   330 ;;Main: autosize = 0, tempsize = 2, incstack = 0, save=0
   331 ;;
   332 ;; *************** function _main *****************
   333 ;; Defined at:
   334 ;;		line 137 in file "uart_xmit_w_parity.c"
   335 ;; Parameters:    Size  Location     Type
   336 ;;		None
   337 ;; Auto vars:     Size  Location     Type
   338 ;;		None
   339 ;; Return value:  Size  Location     Type
   340 ;;                  2   61[COMMON] int 
   341 ;; Registers used:
   342 ;;		wreg, fsr0l, fsr0h, status,2, status,0, pclath, cstack
   343 ;; Tracked objects:
   344 ;;		On entry : 17F/0
   345 ;;		On exit  : 0/0
   346 ;;		Unchanged: 0/0
   347 ;; Data sizes:     COMMON   BANK0   BANK1   BANK2   BANK3   BANK4   BANK5   BANK6
   348 ;;      Params:         0       0       0       0       0       0       0       0
   349 ;;      Locals:         0       0       0       0       0       0       0       0
   350 ;;      Temps:          2       0       0       0       0       0       0       0
   351 ;;      Totals:         2       0       0       0       0       0       0       0
   352 ;;Total ram usage:        2 bytes
   353 ;; Hardware stack levels required when called:    4
   354 ;; This function calls:
   355 ;;		_init_io
   356 ;;		_init_uart
   357 ;;		_uart_write
   358 ;; This function is called by:
   359 ;;		Startup code after reset
   360 ;; This function uses a non-reentrant model
   361 ;;
   362                           
   363                           
   364                           ;psect for function _main
   365  07DA                     _main:	
   366                           
   367                           ;uart_xmit_w_parity.c: 140: OSCCONbits.IRCF = 0x0d;
   368                           
   369                           ;incstack = 0
   370                           ; Regs used in _main: [wreg-fsr0h+status,2+status,0+pclath+cstack]
   371  07DA  0021               	movlb	1	; select bank1
   372  07DB  0819               	movf	25,w	;volatile
   373  07DC  3987               	andlw	-121
   374  07DD  3868               	iorlw	104
   375  07DE  0099               	movwf	25	;volatile
   376                           
   377                           ;uart_xmit_w_parity.c: 141: OSCCONbits.SCS = 0x02;
   378  07DF  0819               	movf	25,w	;volatile
   379  07E0  39FC               	andlw	-4
   380  07E1  3802               	iorlw	2
   381  07E2  0099               	movwf	25	;volatile
   382                           
   383                           ;uart_xmit_w_parity.c: 142: OPTION_REGbits.nWPUEN = 0;
   384  07E3  1395               	bcf	21,7	;volatile
   385                           
   386                           ;uart_xmit_w_parity.c: 144: init_io();
   387  07E4  3187  279E  3187   	fcall	_init_io
   388                           
   389                           ;uart_xmit_w_parity.c: 145: init_uart();
   390  07E7  3187  27BA  3187   	fcall	_init_uart
   391  07EA                     l518:	
   392                           ;uart_xmit_w_parity.c: 148: while (1) {
   393                           
   394                           
   395                           ;uart_xmit_w_parity.c: 151: _delay((unsigned long)((149)*(4000000/4000.0)));
   396  07EA  30C2               	movlw	194
   397  07EB  00FD               	movwf	??_main+1
   398  07EC  3080               	movlw	128
   399  07ED  00FC               	movwf	??_main
   400  07EE                     u57:	
   401  07EE  0BFC               	decfsz	??_main,f
   402  07EF  2FEE               	goto	u57
   403  07F0  0BFD               	decfsz	??_main+1,f
   404  07F1  2FEE               	goto	u57
   405  07F2  0000               	nop
   406                           
   407                           ;uart_xmit_w_parity.c: 154: uart_write("__ ac0gd - test. ");
   408  07F3  3000               	movlw	low (STR_2| (0+32768))
   409  07F4  00F6               	movwf	uart_write@txt
   410  07F5  3088               	movlw	high (STR_2| (0+32768))
   411  07F6  00F7               	movwf	uart_write@txt+1
   412  07F7  3187  2783  3187   	fcall	_uart_write
   413  07FA  2FEA               	goto	l518
   414  07FB                     __end_of_main:	
   415                           ;uart_xmit_w_parity.c: 156: }
   416                           ;uart_xmit_w_parity.c: 157: return (0);
   417                           ;	Return value of _main is never used
   418                           
   419                           
   420                           	psect	text1
   421  07BA                     __ptext1:	
   422 ;; *************** function _init_uart *****************
   423 ;; Defined at:
   424 ;;		line 109 in file "uart_xmit_w_parity.c"
   425 ;; Parameters:    Size  Location     Type
   426 ;;		None
   427 ;; Auto vars:     Size  Location     Type
   428 ;;		None
   429 ;; Return value:  Size  Location     Type
   430 ;;		None               void
   431 ;; Registers used:
   432 ;;		wreg, fsr0l, fsr0h, status,2, status,0, pclath, cstack
   433 ;; Tracked objects:
   434 ;;		On entry : 0/0
   435 ;;		On exit  : 0/0
   436 ;;		Unchanged: 0/0
   437 ;; Data sizes:     COMMON   BANK0   BANK1   BANK2   BANK3   BANK4   BANK5   BANK6
   438 ;;      Params:         0       0       0       0       0       0       0       0
   439 ;;      Locals:         0       0       0       0       0       0       0       0
   440 ;;      Temps:          2       0       0       0       0       0       0       0
   441 ;;      Totals:         2       0       0       0       0       0       0       0
   442 ;;Total ram usage:        2 bytes
   443 ;; Hardware stack levels used:    1
   444 ;; Hardware stack levels required when called:    3
   445 ;; This function calls:
   446 ;;		_uart_write
   447 ;; This function is called by:
   448 ;;		_main
   449 ;; This function uses a non-reentrant model
   450 ;;
   451                           
   452                           
   453                           ;psect for function _init_uart
   454  07BA                     _init_uart:	
   455                           
   456                           ;uart_xmit_w_parity.c: 115: TXSTAbits.BRGH=1;
   457                           
   458                           ;incstack = 0
   459                           ; Regs used in _init_uart: [wreg-fsr0h+status,2+status,0+pclath+cstack]
   460  07BA  0023               	movlb	3	; select bank3
   461  07BB  151E               	bsf	30,2	;volatile
   462                           
   463                           ;uart_xmit_w_parity.c: 116: TXSTAbits.TX9=1;
   464  07BC  171E               	bsf	30,6	;volatile
   465                           
   466                           ;uart_xmit_w_parity.c: 117: TXSTAbits.TXEN = 1;
   467  07BD  169E               	bsf	30,5	;volatile
   468                           
   469                           ;uart_xmit_w_parity.c: 118: BAUDCONbits.BRG16 = 0;
   470  07BE  119F               	bcf	31,3	;volatile
   471                           
   472                           ;uart_xmit_w_parity.c: 119: BAUDCONbits.SCKP = 1;
   473  07BF  161F               	bsf	31,4	;volatile
   474                           
   475                           ;uart_xmit_w_parity.c: 122: RCSTAbits.SPEN=1;
   476  07C0  179D               	bsf	29,7	;volatile
   477                           
   478                           ;uart_xmit_w_parity.c: 123: RCSTAbits.RX9=0;
   479  07C1  131D               	bcf	29,6	;volatile
   480                           
   481                           ;uart_xmit_w_parity.c: 124: RCSTAbits.CREN=1;
   482  07C2  161D               	bsf	29,4	;volatile
   483                           
   484                           ;uart_xmit_w_parity.c: 126: SPBRG=103;
   485  07C3  3000               	movlw	0
   486  07C4  009C               	movwf	28	;volatile
   487  07C5  3067               	movlw	103
   488  07C6  009B               	movwf	27	;volatile
   489                           
   490                           ;uart_xmit_w_parity.c: 127: SPBRGH=0;
   491  07C7  019C               	clrf	28	;volatile
   492                           
   493                           ;uart_xmit_w_parity.c: 129: PIR1bits.RCIF=0;
   494  07C8  0020               	movlb	0	; select bank0
   495  07C9  1291               	bcf	17,5	;volatile
   496                           
   497                           ;uart_xmit_w_parity.c: 131: _delay((unsigned long)((50)*(4000000/4000.0)));
   498  07CA  3041               	movlw	65
   499  07CB  00FB               	movwf	??_init_uart+1
   500  07CC  30EE               	movlw	238
   501  07CD  00FA               	movwf	??_init_uart
   502  07CE                     u67:	
   503  07CE  0BFA               	decfsz	??_init_uart,f
   504  07CF  2FCE               	goto	u67
   505  07D0  0BFB               	decfsz	??_init_uart+1,f
   506  07D1  2FCE               	goto	u67
   507  07D2  0000               	nop
   508                           
   509                           ;uart_xmit_w_parity.c: 132: uart_write("RESET");
   510  07D3  3012               	movlw	low (STR_1| (0+32768))
   511  07D4  00F6               	movwf	uart_write@txt
   512  07D5  3088               	movlw	high (STR_1| (0+32768))
   513  07D6  00F7               	movwf	uart_write@txt+1
   514  07D7  3187  2783         	fcall	_uart_write
   515  07D9  0008               	return
   516  07DA                     __end_of_init_uart:	
   517                           
   518                           	psect	text2
   519  0783                     __ptext2:	
   520 ;; *************** function _uart_write *****************
   521 ;; Defined at:
   522 ;;		line 102 in file "uart_xmit_w_parity.c"
   523 ;; Parameters:    Size  Location     Type
   524 ;;  txt             2    6[COMMON] PTR const unsigned char 
   525 ;;		 -> STR_2(18), STR_1(6), 
   526 ;; Auto vars:     Size  Location     Type
   527 ;;		None
   528 ;; Return value:  Size  Location     Type
   529 ;;		None               void
   530 ;; Registers used:
   531 ;;		wreg, fsr0l, fsr0h, status,2, status,0, pclath, cstack
   532 ;; Tracked objects:
   533 ;;		On entry : 0/0
   534 ;;		On exit  : 0/0
   535 ;;		Unchanged: 0/0
   536 ;; Data sizes:     COMMON   BANK0   BANK1   BANK2   BANK3   BANK4   BANK5   BANK6
   537 ;;      Params:         2       0       0       0       0       0       0       0
   538 ;;      Locals:         0       0       0       0       0       0       0       0
   539 ;;      Temps:          2       0       0       0       0       0       0       0
   540 ;;      Totals:         4       0       0       0       0       0       0       0
   541 ;;Total ram usage:        4 bytes
   542 ;; Hardware stack levels used:    1
   543 ;; Hardware stack levels required when called:    2
   544 ;; This function calls:
   545 ;;		_uart_xmit
   546 ;; This function is called by:
   547 ;;		_init_uart
   548 ;;		_main
   549 ;; This function uses a non-reentrant model
   550 ;;
   551                           
   552                           
   553                           ;psect for function _uart_write
   554  0783                     _uart_write:	
   555  0783                     l470:	
   556                           ;uart_xmit_w_parity.c: 104: while(*txt != 0) uart_xmit(*txt++);
   557                           
   558                           ;incstack = 0
   559                           ; Regs used in _uart_write: [wreg-fsr0h+status,2+status,0+pclath+cstack]
   560                           
   561  0783  0876               	movf	uart_write@txt,w
   562  0784  0084               	movwf	4
   563  0785  0877               	movf	uart_write@txt+1,w
   564  0786  0085               	movwf	5
   565  0787  0800               	movf	0,w	;code access
   566  0788  3800               	iorlw	0
   567  0789  1903               	btfsc	3,2
   568  078A  0008               	return
   569  078B  0876               	movf	uart_write@txt,w
   570  078C  0084               	movwf	4
   571  078D  0877               	movf	uart_write@txt+1,w
   572  078E  0085               	movwf	5
   573  078F  0800               	movf	0,w	;code access
   574  0790  00F8               	movwf	??_uart_write
   575  0791  01F9               	clrf	??_uart_write+1
   576  0792  0878               	movf	??_uart_write,w
   577  0793  00F3               	movwf	uart_xmit@mydata_byte
   578  0794  0879               	movf	??_uart_write+1,w
   579  0795  00F4               	movwf	uart_xmit@mydata_byte+1
   580  0796  3187  2760  3187   	fcall	_uart_xmit
   581  0799  3001               	movlw	1
   582  079A  07F6               	addwf	uart_write@txt,f
   583  079B  3000               	movlw	0
   584  079C  3DF7               	addwfc	uart_write@txt+1,f
   585  079D  2F83               	goto	l470
   586  079E                     __end_of_uart_write:	
   587                           
   588                           	psect	text3
   589  0760                     __ptext3:	
   590 ;; *************** function _uart_xmit *****************
   591 ;; Defined at:
   592 ;;		line 83 in file "uart_xmit_w_parity.c"
   593 ;; Parameters:    Size  Location     Type
   594 ;;  mydata_byte     2    3[COMMON] unsigned int 
   595 ;; Auto vars:     Size  Location     Type
   596 ;;		None
   597 ;; Return value:  Size  Location     Type
   598 ;;		None               void
   599 ;; Registers used:
   600 ;;		wreg, status,2, status,0, pclath, cstack
   601 ;; Tracked objects:
   602 ;;		On entry : 0/0
   603 ;;		On exit  : 0/0
   604 ;;		Unchanged: 0/0
   605 ;; Data sizes:     COMMON   BANK0   BANK1   BANK2   BANK3   BANK4   BANK5   BANK6
   606 ;;      Params:         2       0       0       0       0       0       0       0
   607 ;;      Locals:         0       0       0       0       0       0       0       0
   608 ;;      Temps:          1       0       0       0       0       0       0       0
   609 ;;      Totals:         3       0       0       0       0       0       0       0
   610 ;;Total ram usage:        3 bytes
   611 ;; Hardware stack levels used:    1
   612 ;; Hardware stack levels required when called:    1
   613 ;; This function calls:
   614 ;;		_calculateparity
   615 ;; This function is called by:
   616 ;;		_uart_write
   617 ;; This function uses a non-reentrant model
   618 ;;
   619                           
   620                           
   621                           ;psect for function _uart_xmit
   622  0760                     _uart_xmit:	
   623  0760                     l47:	
   624                           ;uart_xmit_w_parity.c: 96: while(!TXSTAbits.TRMT);
   625                           
   626                           ;incstack = 0
   627                           ; Regs used in _uart_xmit: [wreg+status,2+status,0+pclath+cstack]
   628                           
   629  0760  0023               	movlb	3	; select bank3
   630  0761  1C9E               	btfss	30,1	;volatile
   631  0762  2F60               	goto	l47
   632                           
   633                           ;uart_xmit_w_parity.c: 97: TXSTAbits.TX9D = calculateparity(mydata_byte);
   634  0763  0873               	movf	uart_xmit@mydata_byte,w
   635  0764  3187  2770         	fcall	_calculateparity
   636  0766  00F5               	movwf	??_uart_xmit
   637  0767  0023               	movlb	3	; select bank3
   638  0768  081E               	movf	30,w	;volatile
   639  0769  0675               	xorwf	??_uart_xmit,w
   640  076A  39FE               	andlw	-2
   641  076B  0675               	xorwf	??_uart_xmit,w
   642  076C  009E               	movwf	30	;volatile
   643                           
   644                           ;uart_xmit_w_parity.c: 98: TXREG = mydata_byte;
   645  076D  0873               	movf	uart_xmit@mydata_byte,w
   646  076E  009A               	movwf	26	;volatile
   647  076F  0008               	return
   648  0770                     __end_of_uart_xmit:	
   649                           
   650                           	psect	text4
   651  0770                     __ptext4:	
   652 ;; *************** function _calculateparity *****************
   653 ;; Defined at:
   654 ;;		line 67 in file "uart_xmit_w_parity.c"
   655 ;; Parameters:    Size  Location     Type
   656 ;;  scancode        1    wreg     unsigned char 
   657 ;; Auto vars:     Size  Location     Type
   658 ;;  scancode        1    2[COMMON] unsigned char 
   659 ;;  parity          1    1[COMMON] unsigned char 
   660 ;; Return value:  Size  Location     Type
   661 ;;                  1    wreg      unsigned char 
   662 ;; Registers used:
   663 ;;		wreg, status,2, status,0
   664 ;; Tracked objects:
   665 ;;		On entry : 0/0
   666 ;;		On exit  : 0/0
   667 ;;		Unchanged: 0/0
   668 ;; Data sizes:     COMMON   BANK0   BANK1   BANK2   BANK3   BANK4   BANK5   BANK6
   669 ;;      Params:         0       0       0       0       0       0       0       0
   670 ;;      Locals:         2       0       0       0       0       0       0       0
   671 ;;      Temps:          1       0       0       0       0       0       0       0
   672 ;;      Totals:         3       0       0       0       0       0       0       0
   673 ;;Total ram usage:        3 bytes
   674 ;; Hardware stack levels used:    1
   675 ;; This function calls:
   676 ;;		Nothing
   677 ;; This function is called by:
   678 ;;		_uart_xmit
   679 ;; This function uses a non-reentrant model
   680 ;;
   681                           
   682                           
   683                           ;psect for function _calculateparity
   684  0770                     _calculateparity:	
   685                           
   686                           ;incstack = 0
   687                           ; Regs used in _calculateparity: [wreg+status,2+status,0]
   688                           ;calculateparity@scancode stored from wreg
   689  0770  00F2               	movwf	calculateparity@scancode
   690                           
   691                           ;uart_xmit_w_parity.c: 69: unsigned char parity = 0;
   692  0771  01F1               	clrf	calculateparity@parity
   693  0772                     l452:	
   694                           ;uart_xmit_w_parity.c: 71: while(scancode > 0)
   695                           
   696  0772  08F2               	movf	calculateparity@scancode,f
   697  0773  1903               	btfsc	3,2
   698  0774  2F80               	goto	l454
   699                           
   700                           ;uart_xmit_w_parity.c: 72: {
   701                           ;uart_xmit_w_parity.c: 73: if(scancode & 0x01)
   702  0775  1C72               	btfss	calculateparity@scancode,0
   703  0776  2F7B               	goto	l42
   704                           
   705                           ;uart_xmit_w_parity.c: 74: {
   706                           ;uart_xmit_w_parity.c: 75: parity++;
   707  0777  3001               	movlw	1
   708  0778  00F0               	movwf	??_calculateparity
   709  0779  0870               	movf	??_calculateparity,w
   710  077A  07F1               	addwf	calculateparity@parity,f
   711  077B                     l42:	
   712                           
   713                           ;uart_xmit_w_parity.c: 76: }
   714                           ;uart_xmit_w_parity.c: 77: scancode = scancode >> 1;
   715  077B  3672               	lsrf	calculateparity@scancode,w
   716  077C  00F0               	movwf	??_calculateparity
   717  077D  0870               	movf	??_calculateparity,w
   718  077E  00F2               	movwf	calculateparity@scancode
   719  077F  2F72               	goto	l452
   720  0780                     l454:	
   721                           
   722                           ;uart_xmit_w_parity.c: 78: }
   723                           ;uart_xmit_w_parity.c: 80: return (parity & 0x01);
   724  0780  0871               	movf	calculateparity@parity,w
   725  0781  3901               	andlw	1
   726  0782  0008               	return
   727  0783                     __end_of_calculateparity:	
   728                           
   729                           	psect	text5
   730  079E                     __ptext5:	
   731 ;; *************** function _init_io *****************
   732 ;; Defined at:
   733 ;;		line 41 in file "uart_xmit_w_parity.c"
   734 ;; Parameters:    Size  Location     Type
   735 ;;		None
   736 ;; Auto vars:     Size  Location     Type
   737 ;;		None
   738 ;; Return value:  Size  Location     Type
   739 ;;		None               void
   740 ;; Registers used:
   741 ;;		status,2
   742 ;; Tracked objects:
   743 ;;		On entry : 0/0
   744 ;;		On exit  : 0/0
   745 ;;		Unchanged: 0/0
   746 ;; Data sizes:     COMMON   BANK0   BANK1   BANK2   BANK3   BANK4   BANK5   BANK6
   747 ;;      Params:         0       0       0       0       0       0       0       0
   748 ;;      Locals:         0       0       0       0       0       0       0       0
   749 ;;      Temps:          0       0       0       0       0       0       0       0
   750 ;;      Totals:         0       0       0       0       0       0       0       0
   751 ;;Total ram usage:        0 bytes
   752 ;; Hardware stack levels used:    1
   753 ;; This function calls:
   754 ;;		Nothing
   755 ;; This function is called by:
   756 ;;		_main
   757 ;; This function uses a non-reentrant model
   758 ;;
   759                           
   760                           
   761                           ;psect for function _init_io
   762  079E                     _init_io:	
   763                           
   764                           ;uart_xmit_w_parity.c: 42: TRISAbits.TRISA0 = 0;
   765                           
   766                           ;incstack = 0
   767                           ; Regs used in _init_io: [status,2]
   768  079E  0021               	movlb	1	; select bank1
   769  079F  100C               	bcf	12,0	;volatile
   770                           
   771                           ;uart_xmit_w_parity.c: 43: TRISAbits.TRISA1 = 0;
   772  07A0  108C               	bcf	12,1	;volatile
   773                           
   774                           ;uart_xmit_w_parity.c: 44: TRISAbits.TRISA2 = 0;
   775  07A1  110C               	bcf	12,2	;volatile
   776                           
   777                           ;uart_xmit_w_parity.c: 45: TRISAbits.TRISA3 = 0;
   778  07A2  118C               	bcf	12,3	;volatile
   779                           
   780                           ;uart_xmit_w_parity.c: 46: TRISAbits.TRISA4 = 0;
   781  07A3  120C               	bcf	12,4	;volatile
   782                           
   783                           ;uart_xmit_w_parity.c: 47: TRISAbits.TRISA5 = 0;
   784  07A4  128C               	bcf	12,5	;volatile
   785                           
   786                           ;uart_xmit_w_parity.c: 48: ANSELA = 0x00;
   787  07A5  0023               	movlb	3	; select bank3
   788  07A6  018C               	clrf	12	;volatile
   789                           
   790                           ;uart_xmit_w_parity.c: 50: TRISBbits.TRISB4 = 0;
   791  07A7  0021               	movlb	1	; select bank1
   792  07A8  120D               	bcf	13,4	;volatile
   793                           
   794                           ;uart_xmit_w_parity.c: 51: TRISBbits.TRISB5 = 1;
   795  07A9  168D               	bsf	13,5	;volatile
   796                           
   797                           ;uart_xmit_w_parity.c: 52: TRISBbits.TRISB6 = 0;
   798  07AA  130D               	bcf	13,6	;volatile
   799                           
   800                           ;uart_xmit_w_parity.c: 53: TRISBbits.TRISB7 = 0;
   801  07AB  138D               	bcf	13,7	;volatile
   802                           
   803                           ;uart_xmit_w_parity.c: 55: ANSELB = 0x00;
   804  07AC  0023               	movlb	3	; select bank3
   805  07AD  018D               	clrf	13	;volatile
   806                           
   807                           ;uart_xmit_w_parity.c: 56: TRISCbits.TRISC0 = 0;
   808  07AE  0021               	movlb	1	; select bank1
   809  07AF  100E               	bcf	14,0	;volatile
   810                           
   811                           ;uart_xmit_w_parity.c: 57: TRISCbits.TRISC1 = 0;
   812  07B0  108E               	bcf	14,1	;volatile
   813                           
   814                           ;uart_xmit_w_parity.c: 58: TRISCbits.TRISC2 = 0;
   815  07B1  110E               	bcf	14,2	;volatile
   816                           
   817                           ;uart_xmit_w_parity.c: 59: TRISCbits.TRISC3 = 0;
   818  07B2  118E               	bcf	14,3	;volatile
   819                           
   820                           ;uart_xmit_w_parity.c: 60: TRISCbits.TRISC4 = 0;
   821  07B3  120E               	bcf	14,4	;volatile
   822                           
   823                           ;uart_xmit_w_parity.c: 61: TRISCbits.TRISC5 = 0;
   824  07B4  128E               	bcf	14,5	;volatile
   825                           
   826                           ;uart_xmit_w_parity.c: 62: TRISCbits.TRISC6 = 1;
   827  07B5  170E               	bsf	14,6	;volatile
   828                           
   829                           ;uart_xmit_w_parity.c: 63: TRISCbits.TRISC7 = 1;
   830  07B6  178E               	bsf	14,7	;volatile
   831                           
   832                           ;uart_xmit_w_parity.c: 64: ANSELC = 0x00;
   833  07B7  0023               	movlb	3	; select bank3
   834  07B8  018E               	clrf	14	;volatile
   835  07B9  0008               	return
   836  07BA                     __end_of_init_io:	
   837  007E                     btemp	set	126	;btemp
   838  007E                     pic14e$flags	set	126
   839  007E                     wtemp	set	126
   840  007E                     wtemp0	set	126
   841  0080                     wtemp1	set	128
   842  0082                     wtemp2	set	130
   843  0084                     wtemp3	set	132
   844  0086                     wtemp4	set	134
   845  0088                     wtemp5	set	136
   846  007F                     wtemp6	set	127
   847  007E                     ttemp	set	126
   848  007E                     ttemp0	set	126
   849  0081                     ttemp1	set	129
   850  0084                     ttemp2	set	132
   851  0087                     ttemp3	set	135
   852  007F                     ttemp4	set	127
   853  007E                     ltemp	set	126
   854  007E                     ltemp0	set	126
   855  0082                     ltemp1	set	130
   856  0086                     ltemp2	set	134
   857  0080                     ltemp3	set	128


Data Sizes:
    Strings     24
    Constant    0
    Data        0
    BSS         1
    Persistent  0
    Stack       0

Auto Spaces:
    Space          Size  Autos    Used
    COMMON           14     14      14
    BANK0            80      0       1
    BANK1            80      0       0
    BANK2            80      0       0
    BANK3            80      0       0
    BANK4            80      0       0
    BANK5            80      0       0
    BANK6            16      0       0

Pointer List with Targets:

    uart_write@txt	PTR const unsigned char  size(2) Largest target is 18
		 -> STR_2(CODE[18]), STR_1(CODE[6]), 


Critical Paths under _main in COMMON

    _main->_init_uart
    _init_uart->_uart_write
    _uart_write->_uart_xmit
    _uart_xmit->_calculateparity

Critical Paths under _main in BANK0

    None.

Critical Paths under _main in BANK1

    None.

Critical Paths under _main in BANK2

    None.

Critical Paths under _main in BANK3

    None.

Critical Paths under _main in BANK4

    None.

Critical Paths under _main in BANK5

    None.

Critical Paths under _main in BANK6

    None.

Call Graph Tables:

 ---------------------------------------------------------------------------------
 (Depth) Function   	        Calls       Base Space   Used Autos Params    Refs
 ---------------------------------------------------------------------------------
 (0) _main                                                 2     2      0     558
                                             12 COMMON     2     2      0
                            _init_io
                          _init_uart
                         _uart_write
 ---------------------------------------------------------------------------------
 (1) _init_uart                                            2     2      0     279
                                             10 COMMON     2     2      0
                         _uart_write
 ---------------------------------------------------------------------------------
 (1) _uart_write                                           4     2      2     279
                                              6 COMMON     4     2      2
                          _uart_xmit
 ---------------------------------------------------------------------------------
 (2) _uart_xmit                                            3     1      2     143
                                              3 COMMON     3     1      2
                    _calculateparity
 ---------------------------------------------------------------------------------
 (3) _calculateparity                                      3     3      0      60
                                              0 COMMON     3     3      0
 ---------------------------------------------------------------------------------
 (1) _init_io                                              0     0      0       0
 ---------------------------------------------------------------------------------
 Estimated maximum stack depth 3
 ---------------------------------------------------------------------------------

 Call Graph Graphs:

 _main (ROOT)
   _init_io
   _init_uart
     _uart_write
       _uart_xmit
         _calculateparity
   _uart_write
     _uart_xmit
       _calculateparity

 Address spaces:
Name               Size   Autos  Total    Cost      Usage
BIGRAM             1F0      0       0       0        0.0%
NULL                 0      0       0       0        0.0%
CODE                 0      0       0       0        0.0%
BITCOMMON            E      0       0       1        0.0%
BITSFR0              0      0       0       1        0.0%
SFR0                 0      0       0       1        0.0%
COMMON               E      E       E       2      100.0%
BITSFR1              0      0       0       2        0.0%
SFR1                 0      0       0       2        0.0%
BITSFR2              0      0       0       3        0.0%
SFR2                 0      0       0       3        0.0%
STACK                0      0       0       3        0.0%
BITSFR3              0      0       0       4        0.0%
SFR3                 0      0       0       4        0.0%
ABS                  0      0       F       4        0.0%
BITBANK0            50      0       0       5        0.0%
BITSFR4              0      0       0       5        0.0%
SFR4                 0      0       0       5        0.0%
BANK0               50      0       1       6        1.3%
BITSFR5              0      0       0       6        0.0%
SFR5                 0      0       0       6        0.0%
BITBANK1            50      0       0       7        0.0%
BITSFR6              0      0       0       7        0.0%
SFR6                 0      0       0       7        0.0%
BANK1               50      0       0       8        0.0%
BITSFR7              0      0       0       8        0.0%
SFR7                 0      0       0       8        0.0%
BITBANK2            50      0       0       9        0.0%
BITSFR8              0      0       0       9        0.0%
SFR8                 0      0       0       9        0.0%
BANK2               50      0       0      10        0.0%
BITSFR9              0      0       0      10        0.0%
SFR9                 0      0       0      10        0.0%
BITBANK3            50      0       0      11        0.0%
BITSFR10             0      0       0      11        0.0%
SFR10                0      0       0      11        0.0%
BANK3               50      0       0      12        0.0%
BITSFR11             0      0       0      12        0.0%
SFR11                0      0       0      12        0.0%
BITBANK4            50      0       0      13        0.0%
BITSFR12             0      0       0      13        0.0%
SFR12                0      0       0      13        0.0%
BANK4               50      0       0      14        0.0%
BITSFR13             0      0       0      14        0.0%
SFR13                0      0       0      14        0.0%
BITBANK5            50      0       0      15        0.0%
BITSFR14             0      0       0      15        0.0%
SFR14                0      0       0      15        0.0%
BANK5               50      0       0      16        0.0%
BITSFR15             0      0       0      16        0.0%
SFR15                0      0       0      16        0.0%
BITBANK6            10      0       0      17        0.0%
BITSFR16             0      0       0      17        0.0%
SFR16                0      0       0      17        0.0%
BANK6               10      0       0      18        0.0%
BITSFR17             0      0       0      18        0.0%
SFR17                0      0       0      18        0.0%
BITSFR18             0      0       0      19        0.0%
SFR18                0      0       0      19        0.0%
DATA                 0      0       F      19        0.0%
BITSFR19             0      0       0      20        0.0%
SFR19                0      0       0      20        0.0%
BITSFR20             0      0       0      21        0.0%
SFR20                0      0       0      21        0.0%
BITSFR21             0      0       0      22        0.0%
SFR21                0      0       0      22        0.0%
BITSFR22             0      0       0      23        0.0%
SFR22                0      0       0      23        0.0%
BITSFR23             0      0       0      24        0.0%
SFR23                0      0       0      24        0.0%
BITSFR24             0      0       0      25        0.0%
SFR24                0      0       0      25        0.0%
BITSFR25             0      0       0      26        0.0%
SFR25                0      0       0      26        0.0%
BITSFR26             0      0       0      27        0.0%
SFR26                0      0       0      27        0.0%
BITSFR27             0      0       0      28        0.0%
SFR27                0      0       0      28        0.0%
BITSFR28             0      0       0      29        0.0%
SFR28                0      0       0      29        0.0%
BITSFR29             0      0       0      30        0.0%
SFR29                0      0       0      30        0.0%
BITSFR30             0      0       0      31        0.0%
SFR30                0      0       0      31        0.0%
BITSFR31             0      0       0      32        0.0%
SFR31                0      0       0      32        0.0%


Microchip Technology PIC Macro Assembler V1.32 build 58300 
Symbol Table                                                                                   Sun Aug 31 20:19:32 2014

           uart_write@txt 0076               __CFG_CP$OFF 0000                        l42 077B  
                      l47 0760                        u57 07EE                        u67 07CE  
                     l452 0772                       l454 0780                       l470 0783  
                     l518 07EA              __CFG_LVP$OFF 0000                      STR_1 0812  
                    STR_2 0800              __CFG_WRT$OFF 0000                      _main 07DA  
                    fsr0h 0005                      fsr0l 0004                      indf0 0000  
                    btemp 007E             __CFG_BOREN$ON 0000                      ltemp 007E  
                    start 0002                      ttemp 007E                      wtemp 007E  
           __CFG_IESO$OFF 0000             __CFG_MCLRE$ON 0000                     ?_main 0070  
           __CFG_WDTE$OFF 0000                     _SPBRG 019B                     _TXREG 019A  
        ?_calculateparity 0070            __CFG_FCMEN$OFF 0000                     _cdata 0020  
         __end_of_init_io 07BA                     ltemp0 007E                     ltemp1 0082  
                   ltemp2 0086                     ltemp3 0080                     ttemp0 007E  
                   ttemp1 0081                     ttemp2 0084                     ttemp3 0087  
                   ttemp4 007F                     wtemp0 007E                     wtemp1 0080  
                   wtemp2 0082                     wtemp3 0084                     wtemp4 0086  
                   wtemp5 0088                     wtemp6 007F           __initialization 07FB  
            __end_of_main 07FB   calculateparity@scancode 0072                    ??_main 007C  
                  _ANSELA 018C                    _ANSELB 018D                    _ANSELC 018E  
                  _SPBRGH 019C            __CFG_PWRTE$OFF 0000                 ??_init_io 0070  
 __end_of__initialization 07FC            __pcstackCOMMON 0070     calculateparity@parity 0071  
          _OPTION_REGbits 0095                __pbssBANK0 0020        __size_of_init_uart 0020  
              __pmaintext 07DA        __size_of_uart_xmit 0010           __CFG_STVREN$OFF 0000  
                 __ptext1 07BA                   __ptext2 0783                   __ptext3 0760  
                 __ptext4 0770                   __ptext5 079E                   _init_io 079E  
       __end_of_init_uart 07DA      end_of_initialization 07FC  __size_of_calculateparity 0013  
       __end_of_uart_xmit 0770                 _RCSTAbits 019D              __pstringtext 0800  
              _uart_write 0783          __CFG_FOSC$INTOSC 0000                 _TRISAbits 008C  
               _TRISBbits 008D                 _TRISCbits 008E      uart_xmit@mydata_byte 0073  
               _TXSTAbits 019E               _BAUDCONbits 019F       start_initialization 07FB  
       ??_calculateparity 0070               ?_uart_write 0076                 ___latbits 0002  
     __end_of__stringdata 0818                  ?_init_io 0070                 _init_uart 07BA  
     __size_of_uart_write 001B                  _PIR1bits 0011                 _uart_xmit 0760  
             __stringdata 0800                ?_init_uart 0070                ?_uart_xmit 0073  
        __size_of_init_io 001C           _calculateparity 0770             __size_of_main 0021  
            ??_uart_write 0078               pic14e$flags 007E               ??_init_uart 007A  
       __CFG_CLKOUTEN$OFF 0000        __end_of_uart_write 079E                _OSCCONbits 0099  
             ??_uart_xmit 0075   __end_of_calculateparity 0783  
