

Microchip Technology PIC LITE Macro Assembler V1.32 build 58300 
                                                                                               Sat Sep 06 11:49:13 2014

Microchip Technology Omniscient Code Generator (Lite mode) build 58300
     1                           	processor	16F1509
     2                           	opt	pw 120
     3                           	opt	lm
     4                           	psect	intentry,global,class=CODE,delta=2
     5                           	psect	cinit,global,class=CODE,merge=1,delta=2
     6                           	psect	bssCOMMON,global,class=COMMON,space=1,delta=1
     7                           	psect	bssBANK0,global,class=BANK0,space=1,delta=1
     8                           	psect	clrtext,global,class=CODE,delta=2
     9                           	psect	cstackCOMMON,global,class=COMMON,space=1,delta=1
    10                           	psect	cstackBANK0,global,class=BANK0,space=1,delta=1
    11                           	psect	maintext,global,class=CODE,merge=1,split=1,delta=2
    12                           	psect	text1,local,class=CODE,merge=1,delta=2
    13                           	psect	text2,local,class=CODE,merge=1,delta=2
    14                           	psect	text3,local,class=CODE,merge=1,delta=2
    15                           	psect	text4,local,class=CODE,merge=1,delta=2
    16                           	psect	text5,local,class=CODE,merge=1,delta=2
    17                           	psect	text6,local,class=CODE,merge=1,delta=2
    18                           	psect	text7,local,class=CODE,merge=1,delta=2
    19                           	dabs	1,0x7E,2
    20  0000                     	;# 
    21  0001                     	;# 
    22  0002                     	;# 
    23  0003                     	;# 
    24  0004                     	;# 
    25  0005                     	;# 
    26  0006                     	;# 
    27  0007                     	;# 
    28  0008                     	;# 
    29  0009                     	;# 
    30  000A                     	;# 
    31  000B                     	;# 
    32  000C                     	;# 
    33  000D                     	;# 
    34  000E                     	;# 
    35  0011                     	;# 
    36  0012                     	;# 
    37  0013                     	;# 
    38  0015                     	;# 
    39  0016                     	;# 
    40  0016                     	;# 
    41  0017                     	;# 
    42  0018                     	;# 
    43  0019                     	;# 
    44  001A                     	;# 
    45  001B                     	;# 
    46  001C                     	;# 
    47  008C                     	;# 
    48  008D                     	;# 
    49  008E                     	;# 
    50  0091                     	;# 
    51  0092                     	;# 
    52  0093                     	;# 
    53  0095                     	;# 
    54  0096                     	;# 
    55  0097                     	;# 
    56  0099                     	;# 
    57  009A                     	;# 
    58  009B                     	;# 
    59  009B                     	;# 
    60  009C                     	;# 
    61  009D                     	;# 
    62  009E                     	;# 
    63  009F                     	;# 
    64  010C                     	;# 
    65  010D                     	;# 
    66  010E                     	;# 
    67  0111                     	;# 
    68  0112                     	;# 
    69  0113                     	;# 
    70  0114                     	;# 
    71  0115                     	;# 
    72  0116                     	;# 
    73  0117                     	;# 
    74  0118                     	;# 
    75  0119                     	;# 
    76  011D                     	;# 
    77  018C                     	;# 
    78  018D                     	;# 
    79  018E                     	;# 
    80  0191                     	;# 
    81  0191                     	;# 
    82  0192                     	;# 
    83  0193                     	;# 
    84  0193                     	;# 
    85  0194                     	;# 
    86  0195                     	;# 
    87  0196                     	;# 
    88  0197                     	;# 
    89  0199                     	;# 
    90  019A                     	;# 
    91  019B                     	;# 
    92  019B                     	;# 
    93  019C                     	;# 
    94  019D                     	;# 
    95  019E                     	;# 
    96  019F                     	;# 
    97  020C                     	;# 
    98  020D                     	;# 
    99  0211                     	;# 
   100  0211                     	;# 
   101  0212                     	;# 
   102  0212                     	;# 
   103  0213                     	;# 
   104  0213                     	;# 
   105  0214                     	;# 
   106  0214                     	;# 
   107  0215                     	;# 
   108  0215                     	;# 
   109  0215                     	;# 
   110  0216                     	;# 
   111  0216                     	;# 
   112  0217                     	;# 
   113  0217                     	;# 
   114  0391                     	;# 
   115  0392                     	;# 
   116  0393                     	;# 
   117  0394                     	;# 
   118  0395                     	;# 
   119  0396                     	;# 
   120  0498                     	;# 
   121  0498                     	;# 
   122  0499                     	;# 
   123  049A                     	;# 
   124  049B                     	;# 
   125  049B                     	;# 
   126  049C                     	;# 
   127  049E                     	;# 
   128  049F                     	;# 
   129  0611                     	;# 
   130  0612                     	;# 
   131  0613                     	;# 
   132  0613                     	;# 
   133  0614                     	;# 
   134  0615                     	;# 
   135  0616                     	;# 
   136  0616                     	;# 
   137  0617                     	;# 
   138  0618                     	;# 
   139  0619                     	;# 
   140  0619                     	;# 
   141  061A                     	;# 
   142  061B                     	;# 
   143  061C                     	;# 
   144  061C                     	;# 
   145  0691                     	;# 
   146  0692                     	;# 
   147  0693                     	;# 
   148  0694                     	;# 
   149  0695                     	;# 
   150  0F0F                     	;# 
   151  0F10                     	;# 
   152  0F11                     	;# 
   153  0F12                     	;# 
   154  0F13                     	;# 
   155  0F14                     	;# 
   156  0F15                     	;# 
   157  0F16                     	;# 
   158  0F17                     	;# 
   159  0F18                     	;# 
   160  0F19                     	;# 
   161  0F1A                     	;# 
   162  0F1B                     	;# 
   163  0F1C                     	;# 
   164  0F1D                     	;# 
   165  0F1E                     	;# 
   166  0F1F                     	;# 
   167  0F20                     	;# 
   168  0F21                     	;# 
   169  0F22                     	;# 
   170  0F23                     	;# 
   171  0F24                     	;# 
   172  0F25                     	;# 
   173  0F26                     	;# 
   174  0F27                     	;# 
   175  0F28                     	;# 
   176  0F29                     	;# 
   177  0F2A                     	;# 
   178  0F2B                     	;# 
   179  0F2C                     	;# 
   180  0F2D                     	;# 
   181  0F2E                     	;# 
   182  0F2F                     	;# 
   183  0F8C                     	;# 
   184  0F8D                     	;# 
   185  0F91                     	;# 
   186  0F95                     	;# 
   187  0F96                     	;# 
   188  0F97                     	;# 
   189  0F9C                     	;# 
   190  0F9D                     	;# 
   191  0F9E                     	;# 
   192  0FE3                     	;# 
   193  0FE4                     	;# 
   194  0FE5                     	;# 
   195  0FE6                     	;# 
   196  0FE7                     	;# 
   197  0FE8                     	;# 
   198  0FE9                     	;# 
   199  0FEA                     	;# 
   200  0FEB                     	;# 
   201  0FED                     	;# 
   202  0FEE                     	;# 
   203  0FEF                     	;# 
   204  000B                     _INTCONbits	set	11
   205  0011                     _PIR1bits	set	17
   206  001B                     _PR2	set	27
   207  001C                     _T2CONbits	set	28
   208  009D                     _ADCON0	set	157
   209  009E                     _ADCON1	set	158
   210  009F                     _ADCON2	set	159
   211  009C                     _ADRESH	set	156
   212  0099                     _OSCCONbits	set	153
   213  0091                     _PIE1bits	set	145
   214  008C                     _TRISAbits	set	140
   215  008D                     _TRISBbits	set	141
   216  008E                     _TRISCbits	set	142
   217  04E9                     _GO	set	1257
   218  010E                     _LATCbits	set	270
   219  019B                     _SPBRG	set	411
   220  018C                     _ANSELA	set	396
   221  018D                     _ANSELB	set	397
   222  018E                     _ANSELC	set	398
   223  0199                     _RCREG	set	409
   224  019D                     _RCSTAbits	set	413
   225  019C                     _SPBRGH	set	412
   226  019A                     _TXREG	set	410
   227  019E                     _TXSTAbits	set	414
   228  0613                     _PWM1CON	set	1555
   229  0613                     _PWM1CONbits	set	1555
   230  0612                     _PWM1DCH	set	1554
   231  0612                     _PWM1DCHbits	set	1554
   232                           
   233                           	psect	intentry
   234  0004                     __pintentry:	
   235                           
   236                           ; #config settings
   237  0000                     
   238 ;; *************** function _ISR *****************
   239 ;; Defined at:
   240 ;;		line 47 in file "main.c"
   241 ;; Parameters:    Size  Location     Type
   242 ;;		None
   243 ;; Auto vars:     Size  Location     Type
   244 ;;		None
   245 ;; Return value:  Size  Location     Type
   246 ;;		None               void
   247 ;; Registers used:
   248 ;;		wreg
   249 ;; Tracked objects:
   250 ;;		On entry : 0/0
   251 ;;		On exit  : 0/0
   252 ;;		Unchanged: 0/0
   253 ;; Data sizes:     COMMON   BANK0   BANK1   BANK2   BANK3   BANK4   BANK5   BANK6
   254 ;;      Params:         0       0       0       0       0       0       0       0
   255 ;;      Locals:         0       0       0       0       0       0       0       0
   256 ;;      Temps:          3       0       0       0       0       0       0       0
   257 ;;      Totals:         3       0       0       0       0       0       0       0
   258 ;;Total ram usage:        3 bytes
   259 ;; Hardware stack levels used:    1
   260 ;; This function calls:
   261 ;;		Nothing
   262 ;; This function is called by:
   263 ;;		Interrupt level 1
   264 ;; This function uses a non-reentrant model
   265 ;;
   266  0004                     _ISR:	
   267                           
   268                           ;incstack = 0
   269                           ; Regs used in _ISR: [wreg]
   270  0004  147E               	bsf	126,0	;set compiler interrupt flag
   271  0005  3180               	pagesel	$
   272  0006  0020               	movlb	0	; select bank0
   273  0007  087F               	movf	127,w
   274  0008  00F2               	movwf	??_ISR+2
   275                           
   276                           ;main.c: 49: if (PIR1bits.RCIF)
   277  0009  1E91               	btfss	17,5	;volatile
   278  000A  2815               	goto	i1l82
   279                           
   280                           ;main.c: 50: {
   281                           ;main.c: 51: uart_data = RCREG;
   282  000B  0023               	movlb	3	; select bank3
   283  000C  0819               	movf	25,w	;volatile
   284  000D  00F0               	movwf	??_ISR
   285  000E  01F1               	clrf	??_ISR+1
   286  000F  0870               	movf	??_ISR,w
   287  0010  0020               	movlb	0	; select bank0
   288  0011  00BE               	movwf	_uart_data	;volatile
   289  0012  0871               	movf	??_ISR+1,w
   290  0013  00BF               	movwf	_uart_data+1	;volatile
   291                           
   292                           ;main.c: 52: PIR1bits.RCIF = 0;
   293  0014  1291               	bcf	17,5	;volatile
   294  0015                     i1l82:	
   295  0015  0872               	movf	??_ISR+2,w
   296  0016  00FF               	movwf	127
   297  0017  107E               	bcf	126,0	;clear compiler interrupt flag
   298  0018  0009               	retfie
   299  0019                     __end_of_ISR:	
   300  007E                     btemp	set	126	;btemp
   301  007E                     pic14e$flags	set	126
   302  007E                     wtemp	set	126
   303  007E                     wtemp0	set	126
   304  0080                     wtemp1	set	128
   305  0082                     wtemp2	set	130
   306  0084                     wtemp3	set	132
   307  0086                     wtemp4	set	134
   308  0088                     wtemp5	set	136
   309  007F                     wtemp6	set	127
   310  007E                     ttemp	set	126
   311  007E                     ttemp0	set	126
   312  0081                     ttemp1	set	129
   313  0084                     ttemp2	set	132
   314  0087                     ttemp3	set	135
   315  007F                     ttemp4	set	127
   316  007E                     ltemp	set	126
   317  007E                     ltemp0	set	126
   318  0082                     ltemp1	set	130
   319  0086                     ltemp2	set	134
   320  0080                     ltemp3	set	128
   321                           
   322                           	psect	cinit
   323  001B                     start_initialization:	
   324  001B                     __initialization:	
   325                           
   326                           ; Clear objects allocated to COMMON
   327  001B  01F9               	clrf	__pbssCOMMON& (0+127)
   328  001C  01FA               	clrf	(__pbssCOMMON+1)& (0+127)
   329                           
   330                           ; Clear objects allocated to BANK0
   331  001D  3020               	movlw	low __pbssBANK0
   332  001E  0084               	movwf	4
   333  001F  3000               	movlw	high __pbssBANK0
   334  0020  0085               	movwf	5
   335  0021  3020               	movlw	32
   336  0022  3182  226E         	fcall	clear_ram0
   337  0024                     end_of_initialization:	
   338                           ;End of C runtime variable initialization code
   339                           
   340  0024                     __end_of__initialization:	
   341  0024  107E               	bcf	pic14e$flags,0	;clear compiler interrupt flag
   342  0025  0020               	movlb	0
   343  0026  3180  2828         	ljmp	_main	;jump to C main() function
   344                           
   345                           	psect	bssCOMMON
   346  0079                     __pbssCOMMON:	
   347  0079                     _vtxdata:	
   348  0079                     	ds	2
   349                           
   350                           	psect	bssBANK0
   351  0020                     __pbssBANK0:	
   352  0020                     _buf:	
   353  0020                     	ds	10
   354  002A                     _decm:	
   355  002A                     	ds	4
   356  002E                     _fvar:	
   357  002E                     	ds	4
   358  0032                     _tens:	
   359  0032                     	ds	4
   360  0036                     _an8_value:	
   361  0036                     	ds	2
   362  0038                     _an9_value:	
   363  0038                     	ds	2
   364  003A                     _itxdata:	
   365  003A                     	ds	2
   366  003C                     _tempi:	
   367  003C                     	ds	2
   368  003E                     _uart_data:	
   369  003E                     	ds	2
   370                           
   371                           	psect	clrtext
   372  026E                     clear_ram0:	
   373                           ;	Called with FSR0 containing the base address, and
   374                           ;	WREG with the size to clear
   375                           
   376  026E  0064               	clrwdt	;clear the watchdog before getting into this loop
   377  026F                     clrloop0:	
   378  026F  0180               	clrf	0	;clear RAM location pointed to by FSR
   379  0270  3101               	addfsr 0,1
   380  0271  0B89               	decfsz	9,f	;Have we reached the end of clearing yet?
   381  0272  2A6F               	goto	clrloop0	;have we reached the end yet?
   382  0273  3400               	retlw	0	;all done for this memory range, return
   383                           
   384                           	psect	cstackCOMMON
   385  0070                     __pcstackCOMMON:	
   386  0070                     ?_ISR:	
   387  0070                     ??_ISR:	
   388                           ; 0 bytes @ 0x0
   389                           
   390  0070                     ?_init_io:	
   391                           ; 0 bytes @ 0x0
   392                           
   393  0070                     ?_pwm_init:	
   394                           ; 0 bytes @ 0x0
   395                           
   396  0070                     ?_serial_init:	
   397                           ; 0 bytes @ 0x0
   398                           
   399  0070                     ?_main:	
   400                           ; 0 bytes @ 0x0
   401                           
   402                           
   403                           ; 2 bytes @ 0x0
   404  0070                     	ds	3
   405  0073                     ??_init_io:	
   406  0073                     ??_pwm_init:	
   407                           ; 0 bytes @ 0x3
   408                           
   409  0073                     ?_uart_xmit:	
   410                           ; 0 bytes @ 0x3
   411                           
   412  0073                     ??___lmul:	
   413                           ; 0 bytes @ 0x3
   414                           
   415  0073                     ??___aldiv:	
   416                           ; 0 bytes @ 0x3
   417                           
   418  0073                     ??___almod:	
   419                           ; 0 bytes @ 0x3
   420                           
   421  0073                     uart_xmit@mydata_byte:	
   422                           ; 0 bytes @ 0x3
   423                           
   424  0073                     ___lmul@product:	
   425                           ; 2 bytes @ 0x3
   426                           
   427                           
   428                           ; 4 bytes @ 0x3
   429  0073                     	ds	1
   430  0074                     ___almod@counter:	
   431                           
   432                           ; 1 bytes @ 0x4
   433  0074                     	ds	1
   434  0075                     ??_uart_xmit:	
   435  0075                     ??_serial_init:	
   436                           ; 0 bytes @ 0x5
   437                           
   438  0075                     ___almod@sign:	
   439                           ; 0 bytes @ 0x5
   440                           
   441                           
   442                           ; 1 bytes @ 0x5
   443  0075                     	ds	2
   444  0077                     ??_main:	
   445                           
   446                           ; 0 bytes @ 0x7
   447  0077                     	ds	2
   448                           
   449                           	psect	cstackBANK0
   450  0040                     __pcstackBANK0:	
   451  0040                     ?___lmul:	
   452  0040                     ?___aldiv:	
   453                           ; 4 bytes @ 0x0
   454                           
   455  0040                     ?___almod:	
   456                           ; 4 bytes @ 0x0
   457                           
   458  0040                     ___lmul@multiplier:	
   459                           ; 4 bytes @ 0x0
   460                           
   461  0040                     ___aldiv@divisor:	
   462                           ; 4 bytes @ 0x0
   463                           
   464  0040                     ___almod@divisor:	
   465                           ; 4 bytes @ 0x0
   466                           
   467                           
   468                           ; 4 bytes @ 0x0
   469  0040                     	ds	4
   470  0044                     ___lmul@multiplicand:	
   471  0044                     ___aldiv@dividend:	
   472                           ; 4 bytes @ 0x4
   473                           
   474  0044                     ___almod@dividend:	
   475                           ; 4 bytes @ 0x4
   476                           
   477                           
   478                           ; 4 bytes @ 0x4
   479  0044                     	ds	4
   480  0048                     ___aldiv@counter:	
   481                           
   482                           ; 1 bytes @ 0x8
   483  0048                     	ds	1
   484  0049                     ___aldiv@sign:	
   485                           
   486                           ; 1 bytes @ 0x9
   487  0049                     	ds	1
   488  004A                     ___aldiv@quotient:	
   489                           
   490                           ; 4 bytes @ 0xA
   491  004A                     	ds	4
   492                           
   493                           	psect	maintext
   494  0028                     __pmaintext:	
   495 ;;
   496 ;;Main: autosize = 0, tempsize = 2, incstack = 0, save=0
   497 ;;
   498 ;; *************** function _main *****************
   499 ;; Defined at:
   500 ;;		line 148 in file "main.c"
   501 ;; Parameters:    Size  Location     Type
   502 ;;		None
   503 ;; Auto vars:     Size  Location     Type
   504 ;;		None
   505 ;; Return value:  Size  Location     Type
   506 ;;                  2   99[COMMON] int 
   507 ;; Registers used:
   508 ;;		wreg, status,2, status,0, pclath, cstack
   509 ;; Tracked objects:
   510 ;;		On entry : 17F/0
   511 ;;		On exit  : 0/0
   512 ;;		Unchanged: 0/0
   513 ;; Data sizes:     COMMON   BANK0   BANK1   BANK2   BANK3   BANK4   BANK5   BANK6
   514 ;;      Params:         0       0       0       0       0       0       0       0
   515 ;;      Locals:         0       0       0       0       0       0       0       0
   516 ;;      Temps:          2       0       0       0       0       0       0       0
   517 ;;      Totals:         2       0       0       0       0       0       0       0
   518 ;;Total ram usage:        2 bytes
   519 ;; Hardware stack levels required when called:    3
   520 ;; This function calls:
   521 ;;		___aldiv
   522 ;;		___almod
   523 ;;		___lmul
   524 ;;		_init_io
   525 ;;		_pwm_init
   526 ;;		_serial_init
   527 ;;		_uart_xmit
   528 ;; This function is called by:
   529 ;;		Startup code after reset
   530 ;; This function uses a non-reentrant model
   531 ;;
   532                           
   533                           
   534                           ;psect for function _main
   535  0028                     _main:	
   536                           
   537                           ;main.c: 150: init_io();
   538                           
   539                           ;incstack = 0
   540                           ; Regs used in _main: [wreg+status,2+status,0+pclath+cstack]
   541  0028  3182  223E  3180   	fcall	_init_io
   542                           
   543                           ;main.c: 151: serial_init();
   544  002B  3182  221C  3180   	fcall	_serial_init
   545                           
   546                           ;main.c: 153: LATCbits.LATC2 = 0;
   547  002E  0022               	movlb	2	; select bank2
   548  002F  110E               	bcf	14,2	;volatile
   549                           
   550                           ;main.c: 154: pwm_init();
   551  0030  3182  225B  3180   	fcall	_pwm_init
   552                           
   553                           ;main.c: 158: OSCCONbits.IRCF = 0x0D;
   554  0033  0021               	movlb	1	; select bank1
   555  0034  0819               	movf	25,w	;volatile
   556  0035  3987               	andlw	-121
   557  0036  3868               	iorlw	104
   558  0037  0099               	movwf	25	;volatile
   559                           
   560                           ;main.c: 159: OSCCONbits.SCS = 0x02;
   561  0038  0819               	movf	25,w	;volatile
   562  0039  39FC               	andlw	-4
   563  003A  3802               	iorlw	2
   564  003B  0099               	movwf	25	;volatile
   565                           
   566                           ;main.c: 161: ADCON0 = 0b00100101;
   567  003C  3025               	movlw	37
   568  003D  009D               	movwf	29	;volatile
   569                           
   570                           ;main.c: 162: ADCON1 = 0b00000000;
   571  003E  019E               	clrf	30	;volatile
   572                           
   573                           ;main.c: 163: ADCON2 = 0b00111011;
   574  003F  303B               	movlw	59
   575  0040  009F               	movwf	31	;volatile
   576                           
   577                           ;main.c: 165: _delay((unsigned long)((5)*(4000000/4000000.0)));
   578  0041  3200               	nop2	;2 cycle nop
   579  0042  3200               	nop2	;2 cycle nop
   580  0043  0000               	nop
   581  0044                     l985:	
   582                           ;main.c: 168: while (1) {
   583                           
   584                           
   585                           ;main.c: 170: ADCON0 = 0b00100101;
   586  0044  3025               	movlw	37
   587  0045  0021               	movlb	1	; select bank1
   588  0046  009D               	movwf	29	;volatile
   589                           
   590                           ;main.c: 171: _delay((unsigned long)((5)*(4000000/4000000.0)));
   591  0047  3200               	nop2	;2 cycle nop
   592  0048  3200               	nop2	;2 cycle nop
   593  0049  0000               	nop
   594                           
   595                           ;main.c: 172: GO = 1;
   596  004A  0021               	movlb	1	; select bank1
   597  004B  149D               	bsf	29,1	;volatile
   598  004C                     l101:	
   599                           ;main.c: 173: while (GO) continue;
   600                           
   601  004C  189D               	btfsc	29,1	;volatile
   602  004D  284C               	goto	l101
   603                           
   604                           ;main.c: 174: an9_value = ADRESH;
   605  004E  081C               	movf	28,w	;volatile
   606  004F  00F7               	movwf	??_main
   607  0050  01F8               	clrf	??_main+1
   608  0051  0877               	movf	??_main,w
   609  0052  0020               	movlb	0	; select bank0
   610  0053  00B8               	movwf	_an9_value
   611  0054  0878               	movf	??_main+1,w
   612  0055  00B9               	movwf	_an9_value+1
   613                           
   614                           ;main.c: 176: fvar = an9_value;
   615  0056  0838               	movf	_an9_value,w
   616  0057  00AE               	movwf	_fvar
   617  0058  0839               	movf	_an9_value+1,w
   618  0059  00AF               	movwf	_fvar+1
   619  005A  0D89               	rlf	9,f
   620  005B  3B89               	subwfb	9,f
   621  005C  0989               	comf	9,f
   622  005D  00B0               	movwf	_fvar+2
   623  005E  00B1               	movwf	_fvar+3
   624                           
   625                           ;main.c: 177: fvar = fvar * 10749;
   626  005F  0831               	movf	_fvar+3,w
   627  0060  00C3               	movwf	___lmul@multiplier+3
   628  0061  0830               	movf	_fvar+2,w
   629  0062  00C2               	movwf	___lmul@multiplier+2
   630  0063  082F               	movf	_fvar+1,w
   631  0064  00C1               	movwf	___lmul@multiplier+1
   632  0065  082E               	movf	_fvar,w
   633  0066  00C0               	movwf	___lmul@multiplier
   634  0067  3000               	movlw	0
   635  0068  00C7               	movwf	___lmul@multiplicand+3
   636  0069  3000               	movlw	0
   637  006A  00C6               	movwf	___lmul@multiplicand+2
   638  006B  3029               	movlw	41
   639  006C  00C5               	movwf	___lmul@multiplicand+1
   640  006D  30FD               	movlw	253
   641  006E  00C4               	movwf	___lmul@multiplicand
   642  006F  3181  21EC  3180   	fcall	___lmul
   643  0072  0020               	movlb	0	; select bank0
   644  0073  0843               	movf	?___lmul+3,w
   645  0074  00B1               	movwf	_fvar+3
   646  0075  0842               	movf	?___lmul+2,w
   647  0076  00B0               	movwf	_fvar+2
   648  0077  0841               	movf	?___lmul+1,w
   649  0078  00AF               	movwf	_fvar+1
   650  0079  0840               	movf	?___lmul,w
   651  007A  00AE               	movwf	_fvar
   652                           
   653                           ;main.c: 178: fvar = fvar / 256;
   654  007B  3000               	movlw	0
   655  007C  00C3               	movwf	___aldiv@divisor+3
   656  007D  3000               	movlw	0
   657  007E  00C2               	movwf	___aldiv@divisor+2
   658  007F  3001               	movlw	1
   659  0080  00C1               	movwf	___aldiv@divisor+1
   660  0081  3000               	movlw	0
   661  0082  00C0               	movwf	___aldiv@divisor
   662  0083  0831               	movf	_fvar+3,w
   663  0084  00C7               	movwf	___aldiv@dividend+3
   664  0085  0830               	movf	_fvar+2,w
   665  0086  00C6               	movwf	___aldiv@dividend+2
   666  0087  082F               	movf	_fvar+1,w
   667  0088  00C5               	movwf	___aldiv@dividend+1
   668  0089  082E               	movf	_fvar,w
   669  008A  00C4               	movwf	___aldiv@dividend
   670  008B  3180  20FC  3180   	fcall	___aldiv
   671  008E  0020               	movlb	0	; select bank0
   672  008F  0843               	movf	?___aldiv+3,w
   673  0090  00B1               	movwf	_fvar+3
   674  0091  0842               	movf	?___aldiv+2,w
   675  0092  00B0               	movwf	_fvar+2
   676  0093  0841               	movf	?___aldiv+1,w
   677  0094  00AF               	movwf	_fvar+1
   678  0095  0840               	movf	?___aldiv,w
   679  0096  00AE               	movwf	_fvar
   680                           
   681                           ;main.c: 179: tens = fvar / 100;
   682  0097  3000               	movlw	0
   683  0098  00C3               	movwf	___aldiv@divisor+3
   684  0099  3000               	movlw	0
   685  009A  00C2               	movwf	___aldiv@divisor+2
   686  009B  3000               	movlw	0
   687  009C  00C1               	movwf	___aldiv@divisor+1
   688  009D  3064               	movlw	100
   689  009E  00C0               	movwf	___aldiv@divisor
   690  009F  0831               	movf	_fvar+3,w
   691  00A0  00C7               	movwf	___aldiv@dividend+3
   692  00A1  0830               	movf	_fvar+2,w
   693  00A2  00C6               	movwf	___aldiv@dividend+2
   694  00A3  082F               	movf	_fvar+1,w
   695  00A4  00C5               	movwf	___aldiv@dividend+1
   696  00A5  082E               	movf	_fvar,w
   697  00A6  00C4               	movwf	___aldiv@dividend
   698  00A7  3180  20FC  3180   	fcall	___aldiv
   699  00AA  0020               	movlb	0	; select bank0
   700  00AB  0843               	movf	?___aldiv+3,w
   701  00AC  00B5               	movwf	_tens+3
   702  00AD  0842               	movf	?___aldiv+2,w
   703  00AE  00B4               	movwf	_tens+2
   704  00AF  0841               	movf	?___aldiv+1,w
   705  00B0  00B3               	movwf	_tens+1
   706  00B1  0840               	movf	?___aldiv,w
   707  00B2  00B2               	movwf	_tens
   708                           
   709                           ;main.c: 181: decm = fvar % 100;
   710  00B3  3000               	movlw	0
   711  00B4  00C3               	movwf	___almod@divisor+3
   712  00B5  3000               	movlw	0
   713  00B6  00C2               	movwf	___almod@divisor+2
   714  00B7  3000               	movlw	0
   715  00B8  00C1               	movwf	___almod@divisor+1
   716  00B9  3064               	movlw	100
   717  00BA  00C0               	movwf	___almod@divisor
   718  00BB  0831               	movf	_fvar+3,w
   719  00BC  00C7               	movwf	___almod@dividend+3
   720  00BD  0830               	movf	_fvar+2,w
   721  00BE  00C6               	movwf	___almod@dividend+2
   722  00BF  082F               	movf	_fvar+1,w
   723  00C0  00C5               	movwf	___almod@dividend+1
   724  00C1  082E               	movf	_fvar,w
   725  00C2  00C4               	movwf	___almod@dividend
   726  00C3  3181  217E  3180   	fcall	___almod
   727  00C6  0020               	movlb	0	; select bank0
   728  00C7  0843               	movf	?___almod+3,w
   729  00C8  00AD               	movwf	_decm+3
   730  00C9  0842               	movf	?___almod+2,w
   731  00CA  00AC               	movwf	_decm+2
   732  00CB  0841               	movf	?___almod+1,w
   733  00CC  00AB               	movwf	_decm+1
   734  00CD  0840               	movf	?___almod,w
   735  00CE  00AA               	movwf	_decm
   736                           
   737                           ;main.c: 182: vtxdata = fvar / 42;
   738  00CF  3000               	movlw	0
   739  00D0  00C3               	movwf	___aldiv@divisor+3
   740  00D1  3000               	movlw	0
   741  00D2  00C2               	movwf	___aldiv@divisor+2
   742  00D3  3000               	movlw	0
   743  00D4  00C1               	movwf	___aldiv@divisor+1
   744  00D5  302A               	movlw	42
   745  00D6  00C0               	movwf	___aldiv@divisor
   746  00D7  0831               	movf	_fvar+3,w
   747  00D8  00C7               	movwf	___aldiv@dividend+3
   748  00D9  0830               	movf	_fvar+2,w
   749  00DA  00C6               	movwf	___aldiv@dividend+2
   750  00DB  082F               	movf	_fvar+1,w
   751  00DC  00C5               	movwf	___aldiv@dividend+1
   752  00DD  082E               	movf	_fvar,w
   753  00DE  00C4               	movwf	___aldiv@dividend
   754  00DF  3180  20FC  3180   	fcall	___aldiv
   755  00E2  0020               	movlb	0	; select bank0
   756  00E3  0841               	movf	?___aldiv+1,w
   757  00E4  01FA               	clrf	_vtxdata+1
   758  00E5  07FA               	addwf	_vtxdata+1,f
   759  00E6  0840               	movf	?___aldiv,w
   760  00E7  01F9               	clrf	_vtxdata
   761  00E8  07F9               	addwf	_vtxdata,f
   762                           
   763                           ;main.c: 183: vtxdata = vtxdata - 0x28;
   764  00E9  0879               	movf	_vtxdata,w
   765  00EA  3ED8               	addlw	216
   766  00EB  00F9               	movwf	_vtxdata
   767  00EC  30FF               	movlw	255
   768  00ED  3D7A               	addwfc	_vtxdata+1,w
   769  00EE  00FA               	movwf	_vtxdata+1
   770                           
   771                           ;main.c: 184: uart_xmit(vtxdata);
   772  00EF  087A               	movf	_vtxdata+1,w
   773  00F0  01F4               	clrf	uart_xmit@mydata_byte+1
   774  00F1  07F4               	addwf	uart_xmit@mydata_byte+1,f
   775  00F2  0879               	movf	_vtxdata,w
   776  00F3  01F3               	clrf	uart_xmit@mydata_byte
   777  00F4  07F3               	addwf	uart_xmit@mydata_byte,f
   778  00F5  3182  2274  3180   	fcall	_uart_xmit
   779                           
   780                           ;main.c: 185: PWM1DCH = vtxdata;
   781  00F8  0879               	movf	_vtxdata,w
   782  00F9  002C               	movlb	12	; select bank12
   783  00FA  0092               	movwf	18	;volatile
   784  00FB  2844               	goto	l985
   785  00FC                     __end_of_main:	
   786                           ;main.c: 187: }
   787                           ;main.c: 188: return;
   788                           
   789                           
   790                           	psect	text1
   791  021C                     __ptext1:	
   792 ;; *************** function _serial_init *****************
   793 ;; Defined at:
   794 ;;		line 116 in file "main.c"
   795 ;; Parameters:    Size  Location     Type
   796 ;;		None
   797 ;; Auto vars:     Size  Location     Type
   798 ;;		None
   799 ;; Return value:  Size  Location     Type
   800 ;;		None               void
   801 ;; Registers used:
   802 ;;		wreg, status,2, status,0, pclath, cstack
   803 ;; Tracked objects:
   804 ;;		On entry : 0/0
   805 ;;		On exit  : 0/0
   806 ;;		Unchanged: 0/0
   807 ;; Data sizes:     COMMON   BANK0   BANK1   BANK2   BANK3   BANK4   BANK5   BANK6
   808 ;;      Params:         0       0       0       0       0       0       0       0
   809 ;;      Locals:         0       0       0       0       0       0       0       0
   810 ;;      Temps:          2       0       0       0       0       0       0       0
   811 ;;      Totals:         2       0       0       0       0       0       0       0
   812 ;;Total ram usage:        2 bytes
   813 ;; Hardware stack levels used:    1
   814 ;; Hardware stack levels required when called:    2
   815 ;; This function calls:
   816 ;;		_uart_xmit
   817 ;; This function is called by:
   818 ;;		_main
   819 ;; This function uses a non-reentrant model
   820 ;;
   821                           
   822                           
   823                           ;psect for function _serial_init
   824  021C                     _serial_init:	
   825                           
   826                           ;main.c: 126: TXSTAbits.BRGH=1;
   827                           
   828                           ;incstack = 0
   829                           ; Regs used in _serial_init: [wreg+status,2+status,0+pclath+cstack]
   830  021C  0023               	movlb	3	; select bank3
   831  021D  151E               	bsf	30,2	;volatile
   832                           
   833                           ;main.c: 127: TXSTAbits.TX9=0;
   834  021E  131E               	bcf	30,6	;volatile
   835                           
   836                           ;main.c: 128: TXSTAbits.TXEN = 1;
   837  021F  169E               	bsf	30,5	;volatile
   838                           
   839                           ;main.c: 131: RCSTAbits.SPEN=1;
   840  0220  179D               	bsf	29,7	;volatile
   841                           
   842                           ;main.c: 132: RCSTAbits.RX9=0;
   843  0221  131D               	bcf	29,6	;volatile
   844                           
   845                           ;main.c: 133: RCSTAbits.CREN=1;
   846  0222  161D               	bsf	29,4	;volatile
   847                           
   848                           ;main.c: 135: SPBRG=25;
   849  0223  3000               	movlw	0
   850  0224  009C               	movwf	28	;volatile
   851  0225  3019               	movlw	25
   852  0226  009B               	movwf	27	;volatile
   853                           
   854                           ;main.c: 136: SPBRGH=0;
   855  0227  019C               	clrf	28	;volatile
   856                           
   857                           ;main.c: 138: PIR1bits.RCIF=0;
   858  0228  0020               	movlb	0	; select bank0
   859  0229  1291               	bcf	17,5	;volatile
   860                           
   861                           ;main.c: 139: PIE1bits.RCIE=1;
   862  022A  0021               	movlb	1	; select bank1
   863  022B  1691               	bsf	17,5	;volatile
   864                           
   865                           ;main.c: 140: INTCONbits.PEIE = 1;
   866  022C  170B               	bsf	11,6	;volatile
   867                           
   868                           ;main.c: 141: INTCONbits.GIE = 1;
   869  022D  178B               	bsf	11,7	;volatile
   870                           
   871                           ;main.c: 143: _delay((unsigned long)((50)*(4000000/4000.0)));
   872  022E  3041               	movlw	65
   873  022F  00F6               	movwf	??_serial_init+1
   874  0230  30EE               	movlw	238
   875  0231  00F5               	movwf	??_serial_init
   876  0232                     u777:	
   877  0232  0BF5               	decfsz	??_serial_init,f
   878  0233  2A32               	goto	u777
   879  0234  0BF6               	decfsz	??_serial_init+1,f
   880  0235  2A32               	goto	u777
   881  0236  0000               	nop
   882                           
   883                           ;main.c: 145: uart_xmit('R');
   884  0237  3052               	movlw	82
   885  0238  00F3               	movwf	uart_xmit@mydata_byte
   886  0239  3000               	movlw	0
   887  023A  00F4               	movwf	uart_xmit@mydata_byte+1
   888  023B  3182  2274         	fcall	_uart_xmit
   889  023D  0008               	return
   890  023E                     __end_of_serial_init:	
   891                           
   892                           	psect	text2
   893  0274                     __ptext2:	
   894 ;; *************** function _uart_xmit *****************
   895 ;; Defined at:
   896 ;;		line 110 in file "main.c"
   897 ;; Parameters:    Size  Location     Type
   898 ;;  mydata_byte     2    3[COMMON] unsigned int 
   899 ;; Auto vars:     Size  Location     Type
   900 ;;		None
   901 ;; Return value:  Size  Location     Type
   902 ;;		None               void
   903 ;; Registers used:
   904 ;;		wreg
   905 ;; Tracked objects:
   906 ;;		On entry : 0/0
   907 ;;		On exit  : 0/0
   908 ;;		Unchanged: 0/0
   909 ;; Data sizes:     COMMON   BANK0   BANK1   BANK2   BANK3   BANK4   BANK5   BANK6
   910 ;;      Params:         2       0       0       0       0       0       0       0
   911 ;;      Locals:         0       0       0       0       0       0       0       0
   912 ;;      Temps:          0       0       0       0       0       0       0       0
   913 ;;      Totals:         2       0       0       0       0       0       0       0
   914 ;;Total ram usage:        2 bytes
   915 ;; Hardware stack levels used:    1
   916 ;; Hardware stack levels required when called:    1
   917 ;; This function calls:
   918 ;;		Nothing
   919 ;; This function is called by:
   920 ;;		_serial_init
   921 ;;		_main
   922 ;; This function uses a non-reentrant model
   923 ;;
   924                           
   925                           
   926                           ;psect for function _uart_xmit
   927  0274                     _uart_xmit:	
   928  0274                     l91:	
   929                           ;main.c: 112: while(!TXSTAbits.TRMT);
   930                           
   931                           ;incstack = 0
   932                           ; Regs used in _uart_xmit: [wreg]
   933                           
   934  0274  0023               	movlb	3	; select bank3
   935  0275  1C9E               	btfss	30,1	;volatile
   936  0276  2A74               	goto	l91
   937                           
   938                           ;main.c: 113: TXREG = mydata_byte;
   939  0277  0873               	movf	uart_xmit@mydata_byte,w
   940  0278  009A               	movwf	26	;volatile
   941  0279  0008               	return
   942  027A                     __end_of_uart_xmit:	
   943                           
   944                           	psect	text3
   945  025B                     __ptext3:	
   946 ;; *************** function _pwm_init *****************
   947 ;; Defined at:
   948 ;;		line 87 in file "main.c"
   949 ;; Parameters:    Size  Location     Type
   950 ;;		None
   951 ;; Auto vars:     Size  Location     Type
   952 ;;		None
   953 ;; Return value:  Size  Location     Type
   954 ;;		None               void
   955 ;; Registers used:
   956 ;;		wreg, status,2, status,0
   957 ;; Tracked objects:
   958 ;;		On entry : 0/0
   959 ;;		On exit  : 0/0
   960 ;;		Unchanged: 0/0
   961 ;; Data sizes:     COMMON   BANK0   BANK1   BANK2   BANK3   BANK4   BANK5   BANK6
   962 ;;      Params:         0       0       0       0       0       0       0       0
   963 ;;      Locals:         0       0       0       0       0       0       0       0
   964 ;;      Temps:          0       0       0       0       0       0       0       0
   965 ;;      Totals:         0       0       0       0       0       0       0       0
   966 ;;Total ram usage:        0 bytes
   967 ;; Hardware stack levels used:    1
   968 ;; Hardware stack levels required when called:    1
   969 ;; This function calls:
   970 ;;		Nothing
   971 ;; This function is called by:
   972 ;;		_main
   973 ;; This function uses a non-reentrant model
   974 ;;
   975                           
   976                           
   977                           ;psect for function _pwm_init
   978  025B                     _pwm_init:	
   979                           
   980                           ;main.c: 92: PWM1CON = 0x00;
   981                           
   982                           ;incstack = 0
   983                           ; Regs used in _pwm_init: [wreg+status,2+status,0]
   984  025B  002C               	movlb	12	; select bank12
   985  025C  0193               	clrf	19	;volatile
   986                           
   987                           ;main.c: 93: PR2 = 0xAE;
   988  025D  30AE               	movlw	174
   989  025E  0020               	movlb	0	; select bank0
   990  025F  009B               	movwf	27	;volatile
   991                           
   992                           ;main.c: 94: PWM1DCHbits.PWM1DCH6 = 0;
   993  0260  002C               	movlb	12	; select bank12
   994  0261  1312               	bcf	18,6	;volatile
   995                           
   996                           ;main.c: 95: PWM1DCHbits.PWM1DCH7 = 0;
   997  0262  1392               	bcf	18,7	;volatile
   998                           
   999                           ;main.c: 96: PIR1bits.TMR2IF = 0;
  1000  0263  0020               	movlb	0	; select bank0
  1001  0264  1091               	bcf	17,1	;volatile
  1002                           
  1003                           ;main.c: 97: T2CONbits.T2CKPS = 1;
  1004  0265  081C               	movf	28,w	;volatile
  1005  0266  39FC               	andlw	-4
  1006  0267  3801               	iorlw	1
  1007  0268  009C               	movwf	28	;volatile
  1008                           
  1009                           ;main.c: 98: T2CONbits.TMR2ON = 1;
  1010  0269  151C               	bsf	28,2	;volatile
  1011                           
  1012                           ;main.c: 100: PWM1CONbits.PWM1EN = 1;
  1013  026A  002C               	movlb	12	; select bank12
  1014  026B  1793               	bsf	19,7	;volatile
  1015                           
  1016                           ;main.c: 101: PWM1CONbits.PWM1OE = 1;
  1017  026C  1713               	bsf	19,6	;volatile
  1018  026D  0008               	return
  1019  026E                     __end_of_pwm_init:	
  1020                           
  1021                           	psect	text4
  1022  023E                     __ptext4:	
  1023 ;; *************** function _init_io *****************
  1024 ;; Defined at:
  1025 ;;		line 57 in file "main.c"
  1026 ;; Parameters:    Size  Location     Type
  1027 ;;		None
  1028 ;; Auto vars:     Size  Location     Type
  1029 ;;		None
  1030 ;; Return value:  Size  Location     Type
  1031 ;;		None               void
  1032 ;; Registers used:
  1033 ;;		wreg, status,2
  1034 ;; Tracked objects:
  1035 ;;		On entry : 0/0
  1036 ;;		On exit  : 0/0
  1037 ;;		Unchanged: 0/0
  1038 ;; Data sizes:     COMMON   BANK0   BANK1   BANK2   BANK3   BANK4   BANK5   BANK6
  1039 ;;      Params:         0       0       0       0       0       0       0       0
  1040 ;;      Locals:         0       0       0       0       0       0       0       0
  1041 ;;      Temps:          0       0       0       0       0       0       0       0
  1042 ;;      Totals:         0       0       0       0       0       0       0       0
  1043 ;;Total ram usage:        0 bytes
  1044 ;; Hardware stack levels used:    1
  1045 ;; Hardware stack levels required when called:    1
  1046 ;; This function calls:
  1047 ;;		Nothing
  1048 ;; This function is called by:
  1049 ;;		_main
  1050 ;; This function uses a non-reentrant model
  1051 ;;
  1052                           
  1053                           
  1054                           ;psect for function _init_io
  1055  023E                     _init_io:	
  1056                           
  1057                           ;main.c: 58: TRISAbits.TRISA0 = 0;
  1058                           
  1059                           ;incstack = 0
  1060                           ; Regs used in _init_io: [wreg+status,2]
  1061  023E  0021               	movlb	1	; select bank1
  1062  023F  100C               	bcf	12,0	;volatile
  1063                           
  1064                           ;main.c: 59: TRISAbits.TRISA1 = 0;
  1065  0240  108C               	bcf	12,1	;volatile
  1066                           
  1067                           ;main.c: 60: TRISAbits.TRISA2 = 0;
  1068  0241  110C               	bcf	12,2	;volatile
  1069                           
  1070                           ;main.c: 61: TRISAbits.TRISA3 = 0;
  1071  0242  118C               	bcf	12,3	;volatile
  1072                           
  1073                           ;main.c: 62: TRISAbits.TRISA4 = 0;
  1074  0243  120C               	bcf	12,4	;volatile
  1075                           
  1076                           ;main.c: 63: TRISAbits.TRISA5 = 0;
  1077  0244  128C               	bcf	12,5	;volatile
  1078                           
  1079                           ;main.c: 66: ANSELA = 0x00;
  1080  0245  0023               	movlb	3	; select bank3
  1081  0246  018C               	clrf	12	;volatile
  1082                           
  1083                           ;main.c: 69: TRISBbits.TRISB4 = 0;
  1084  0247  0021               	movlb	1	; select bank1
  1085  0248  120D               	bcf	13,4	;volatile
  1086                           
  1087                           ;main.c: 70: TRISBbits.TRISB5 = 1;
  1088  0249  168D               	bsf	13,5	;volatile
  1089                           
  1090                           ;main.c: 71: TRISBbits.TRISB6 = 0;
  1091  024A  130D               	bcf	13,6	;volatile
  1092                           
  1093                           ;main.c: 72: TRISBbits.TRISB7 = 0;
  1094  024B  138D               	bcf	13,7	;volatile
  1095                           
  1096                           ;main.c: 74: ANSELB = 0b00001000;
  1097  024C  3008               	movlw	8
  1098  024D  0023               	movlb	3	; select bank3
  1099  024E  008D               	movwf	13	;volatile
  1100                           
  1101                           ;main.c: 76: TRISCbits.TRISC0 = 0;
  1102  024F  0021               	movlb	1	; select bank1
  1103  0250  100E               	bcf	14,0	;volatile
  1104                           
  1105                           ;main.c: 77: TRISCbits.TRISC1 = 0;
  1106  0251  108E               	bcf	14,1	;volatile
  1107                           
  1108                           ;main.c: 78: TRISCbits.TRISC2 = 0;
  1109  0252  110E               	bcf	14,2	;volatile
  1110                           
  1111                           ;main.c: 79: TRISCbits.TRISC3 = 0;
  1112  0253  118E               	bcf	14,3	;volatile
  1113                           
  1114                           ;main.c: 80: TRISCbits.TRISC4 = 0;
  1115  0254  120E               	bcf	14,4	;volatile
  1116                           
  1117                           ;main.c: 81: TRISCbits.TRISC5 = 0;
  1118  0255  128E               	bcf	14,5	;volatile
  1119                           
  1120                           ;main.c: 82: TRISCbits.TRISC6 = 1;
  1121  0256  170E               	bsf	14,6	;volatile
  1122                           
  1123                           ;main.c: 83: TRISCbits.TRISC7 = 1;
  1124  0257  178E               	bsf	14,7	;volatile
  1125                           
  1126                           ;main.c: 84: ANSELC = 0x00;
  1127  0258  0023               	movlb	3	; select bank3
  1128  0259  018E               	clrf	14	;volatile
  1129  025A  0008               	return
  1130  025B                     __end_of_init_io:	
  1131                           
  1132                           	psect	text5
  1133  01EC                     __ptext5:	
  1134 ;; *************** function ___lmul *****************
  1135 ;; Defined at:
  1136 ;;		line 15 in file "C:\Program Files\Microchip\xc8\v1.32\sources\common\Umul32.c"
  1137 ;; Parameters:    Size  Location     Type
  1138 ;;  multiplier      4    0[BANK0 ] unsigned long 
  1139 ;;  multiplicand    4    4[BANK0 ] unsigned long 
  1140 ;; Auto vars:     Size  Location     Type
  1141 ;;  product         4    3[COMMON] unsigned long 
  1142 ;; Return value:  Size  Location     Type
  1143 ;;                  4    0[BANK0 ] unsigned long 
  1144 ;; Registers used:
  1145 ;;		wreg, status,2, status,0
  1146 ;; Tracked objects:
  1147 ;;		On entry : 0/0
  1148 ;;		On exit  : 0/0
  1149 ;;		Unchanged: 0/0
  1150 ;; Data sizes:     COMMON   BANK0   BANK1   BANK2   BANK3   BANK4   BANK5   BANK6
  1151 ;;      Params:         0       8       0       0       0       0       0       0
  1152 ;;      Locals:         4       0       0       0       0       0       0       0
  1153 ;;      Temps:          0       0       0       0       0       0       0       0
  1154 ;;      Totals:         4       8       0       0       0       0       0       0
  1155 ;;Total ram usage:       12 bytes
  1156 ;; Hardware stack levels used:    1
  1157 ;; Hardware stack levels required when called:    1
  1158 ;; This function calls:
  1159 ;;		Nothing
  1160 ;; This function is called by:
  1161 ;;		_main
  1162 ;; This function uses a non-reentrant model
  1163 ;;
  1164                           
  1165                           
  1166                           ;psect for function ___lmul
  1167  01EC                     ___lmul:	
  1168                           
  1169                           ;incstack = 0
  1170                           ; Regs used in ___lmul: [wreg+status,2+status,0]
  1171  01EC  3000               	movlw	0
  1172  01ED  00F6               	movwf	___lmul@product+3
  1173  01EE  3000               	movlw	0
  1174  01EF  00F5               	movwf	___lmul@product+2
  1175  01F0  3000               	movlw	0
  1176  01F1  00F4               	movwf	___lmul@product+1
  1177  01F2  3000               	movlw	0
  1178  01F3  00F3               	movwf	___lmul@product
  1179  01F4                     l885:	
  1180  01F4  0020               	movlb	0	; select bank0
  1181  01F5  1C40               	btfss	___lmul@multiplier,0
  1182  01F6  29FF               	goto	l889
  1183  01F7  0844               	movf	___lmul@multiplicand,w
  1184  01F8  07F3               	addwf	___lmul@product,f
  1185  01F9  0845               	movf	___lmul@multiplicand+1,w
  1186  01FA  3DF4               	addwfc	___lmul@product+1,f
  1187  01FB  0846               	movf	___lmul@multiplicand+2,w
  1188  01FC  3DF5               	addwfc	___lmul@product+2,f
  1189  01FD  0847               	movf	___lmul@multiplicand+3,w
  1190  01FE  3DF6               	addwfc	___lmul@product+3,f
  1191  01FF                     l889:	
  1192  01FF  3001               	movlw	1
  1193  0200                     u545:	
  1194  0200  35C4               	lslf	___lmul@multiplicand,f
  1195  0201  0DC5               	rlf	___lmul@multiplicand+1,f
  1196  0202  0DC6               	rlf	___lmul@multiplicand+2,f
  1197  0203  0DC7               	rlf	___lmul@multiplicand+3,f
  1198  0204  0B89               	decfsz	9,f
  1199  0205  2A00               	goto	u545
  1200  0206  3001               	movlw	1
  1201  0207                     u555:	
  1202  0207  36C3               	lsrf	___lmul@multiplier+3,f
  1203  0208  0CC2               	rrf	___lmul@multiplier+2,f
  1204  0209  0CC1               	rrf	___lmul@multiplier+1,f
  1205  020A  0CC0               	rrf	___lmul@multiplier,f
  1206  020B  0B89               	decfsz	9,f
  1207  020C  2A07               	goto	u555
  1208  020D  0843               	movf	___lmul@multiplier+3,w
  1209  020E  0442               	iorwf	___lmul@multiplier+2,w
  1210  020F  0441               	iorwf	___lmul@multiplier+1,w
  1211  0210  0440               	iorwf	___lmul@multiplier,w
  1212  0211  1D03               	skipz
  1213  0212  29F4               	goto	l885
  1214  0213  0876               	movf	___lmul@product+3,w
  1215  0214  00C3               	movwf	?___lmul+3
  1216  0215  0875               	movf	___lmul@product+2,w
  1217  0216  00C2               	movwf	?___lmul+2
  1218  0217  0874               	movf	___lmul@product+1,w
  1219  0218  00C1               	movwf	?___lmul+1
  1220  0219  0873               	movf	___lmul@product,w
  1221  021A  00C0               	movwf	?___lmul
  1222  021B  0008               	return
  1223  021C                     __end_of___lmul:	
  1224                           
  1225                           	psect	text6
  1226  017E                     __ptext6:	
  1227 ;; *************** function ___almod *****************
  1228 ;; Defined at:
  1229 ;;		line 5 in file "C:\Program Files\Microchip\xc8\v1.32\sources\common\almod.c"
  1230 ;; Parameters:    Size  Location     Type
  1231 ;;  divisor         4    0[BANK0 ] long 
  1232 ;;  dividend        4    4[BANK0 ] long 
  1233 ;; Auto vars:     Size  Location     Type
  1234 ;;  sign            1    5[COMMON] unsigned char 
  1235 ;;  counter         1    4[COMMON] unsigned char 
  1236 ;; Return value:  Size  Location     Type
  1237 ;;                  4    0[BANK0 ] long 
  1238 ;; Registers used:
  1239 ;;		wreg, status,2, status,0
  1240 ;; Tracked objects:
  1241 ;;		On entry : 0/0
  1242 ;;		On exit  : 0/0
  1243 ;;		Unchanged: 0/0
  1244 ;; Data sizes:     COMMON   BANK0   BANK1   BANK2   BANK3   BANK4   BANK5   BANK6
  1245 ;;      Params:         0       8       0       0       0       0       0       0
  1246 ;;      Locals:         2       0       0       0       0       0       0       0
  1247 ;;      Temps:          1       0       0       0       0       0       0       0
  1248 ;;      Totals:         3       8       0       0       0       0       0       0
  1249 ;;Total ram usage:       11 bytes
  1250 ;; Hardware stack levels used:    1
  1251 ;; Hardware stack levels required when called:    1
  1252 ;; This function calls:
  1253 ;;		Nothing
  1254 ;; This function is called by:
  1255 ;;		_main
  1256 ;; This function uses a non-reentrant model
  1257 ;;
  1258                           
  1259                           
  1260                           ;psect for function ___almod
  1261  017E                     ___almod:	
  1262                           
  1263                           ;incstack = 0
  1264                           ; Regs used in ___almod: [wreg+status,2+status,0]
  1265  017E  01F5               	clrf	___almod@sign
  1266  017F  0020               	movlb	0	; select bank0
  1267  0180  1FC7               	btfss	___almod@dividend+3,7
  1268  0181  298F               	goto	l178
  1269  0182  09C4               	comf	___almod@dividend,f
  1270  0183  09C5               	comf	___almod@dividend+1,f
  1271  0184  09C6               	comf	___almod@dividend+2,f
  1272  0185  09C7               	comf	___almod@dividend+3,f
  1273  0186  0AC4               	incf	___almod@dividend,f
  1274  0187  1903               	skipnz
  1275  0188  0AC5               	incf	___almod@dividend+1,f
  1276  0189  1903               	skipnz
  1277  018A  0AC6               	incf	___almod@dividend+2,f
  1278  018B  1903               	skipnz
  1279  018C  0AC7               	incf	___almod@dividend+3,f
  1280  018D  01F5               	clrf	___almod@sign
  1281  018E  0AF5               	incf	___almod@sign,f
  1282  018F                     l178:	
  1283  018F  1FC3               	btfss	___almod@divisor+3,7
  1284  0190  299C               	goto	l945
  1285  0191  09C0               	comf	___almod@divisor,f
  1286  0192  09C1               	comf	___almod@divisor+1,f
  1287  0193  09C2               	comf	___almod@divisor+2,f
  1288  0194  09C3               	comf	___almod@divisor+3,f
  1289  0195  0AC0               	incf	___almod@divisor,f
  1290  0196  1903               	skipnz
  1291  0197  0AC1               	incf	___almod@divisor+1,f
  1292  0198  1903               	skipnz
  1293  0199  0AC2               	incf	___almod@divisor+2,f
  1294  019A  1903               	skipnz
  1295  019B  0AC3               	incf	___almod@divisor+3,f
  1296  019C                     l945:	
  1297  019C  0843               	movf	___almod@divisor+3,w
  1298  019D  0442               	iorwf	___almod@divisor+2,w
  1299  019E  0441               	iorwf	___almod@divisor+1,w
  1300  019F  0440               	iorwf	___almod@divisor,w
  1301  01A0  1903               	skipnz
  1302  01A1  29D5               	goto	l961
  1303  01A2  01F4               	clrf	___almod@counter
  1304  01A3  0AF4               	incf	___almod@counter,f
  1305  01A4                     l951:	
  1306  01A4  1BC3               	btfsc	___almod@divisor+3,7
  1307  01A5  29B2               	goto	l953
  1308  01A6  3001               	movlw	1
  1309  01A7                     u705:	
  1310  01A7  35C0               	lslf	___almod@divisor,f
  1311  01A8  0DC1               	rlf	___almod@divisor+1,f
  1312  01A9  0DC2               	rlf	___almod@divisor+2,f
  1313  01AA  0DC3               	rlf	___almod@divisor+3,f
  1314  01AB  0B89               	decfsz	9,f
  1315  01AC  29A7               	goto	u705
  1316  01AD  3001               	movlw	1
  1317  01AE  00F3               	movwf	??___almod
  1318  01AF  0873               	movf	??___almod,w
  1319  01B0  07F4               	addwf	___almod@counter,f
  1320  01B1  29A4               	goto	l951
  1321  01B2                     l953:	
  1322  01B2  0843               	movf	___almod@divisor+3,w
  1323  01B3  0247               	subwf	___almod@dividend+3,w
  1324  01B4  1D03               	skipz
  1325  01B5  29C0               	goto	u725
  1326  01B6  0842               	movf	___almod@divisor+2,w
  1327  01B7  0246               	subwf	___almod@dividend+2,w
  1328  01B8  1D03               	skipz
  1329  01B9  29C0               	goto	u725
  1330  01BA  0841               	movf	___almod@divisor+1,w
  1331  01BB  0245               	subwf	___almod@dividend+1,w
  1332  01BC  1D03               	skipz
  1333  01BD  29C0               	goto	u725
  1334  01BE  0840               	movf	___almod@divisor,w
  1335  01BF  0244               	subwf	___almod@dividend,w
  1336  01C0                     u725:	
  1337  01C0  1C03               	skipc
  1338  01C1  29CA               	goto	l957
  1339  01C2  0840               	movf	___almod@divisor,w
  1340  01C3  02C4               	subwf	___almod@dividend,f
  1341  01C4  0841               	movf	___almod@divisor+1,w
  1342  01C5  3BC5               	subwfb	___almod@dividend+1,f
  1343  01C6  0842               	movf	___almod@divisor+2,w
  1344  01C7  3BC6               	subwfb	___almod@dividend+2,f
  1345  01C8  0843               	movf	___almod@divisor+3,w
  1346  01C9  3BC7               	subwfb	___almod@dividend+3,f
  1347  01CA                     l957:	
  1348  01CA  3001               	movlw	1
  1349  01CB                     u735:	
  1350  01CB  36C3               	lsrf	___almod@divisor+3,f
  1351  01CC  0CC2               	rrf	___almod@divisor+2,f
  1352  01CD  0CC1               	rrf	___almod@divisor+1,f
  1353  01CE  0CC0               	rrf	___almod@divisor,f
  1354  01CF  0B89               	decfsz	9,f
  1355  01D0  29CB               	goto	u735
  1356  01D1  3001               	movlw	1
  1357  01D2  02F4               	subwf	___almod@counter,f
  1358  01D3  1D03               	btfss	3,2
  1359  01D4  29B2               	goto	l953
  1360  01D5                     l961:	
  1361  01D5  0875               	movf	___almod@sign,w
  1362  01D6  1903               	btfsc	3,2
  1363  01D7  29E3               	goto	l965
  1364  01D8  09C4               	comf	___almod@dividend,f
  1365  01D9  09C5               	comf	___almod@dividend+1,f
  1366  01DA  09C6               	comf	___almod@dividend+2,f
  1367  01DB  09C7               	comf	___almod@dividend+3,f
  1368  01DC  0AC4               	incf	___almod@dividend,f
  1369  01DD  1903               	skipnz
  1370  01DE  0AC5               	incf	___almod@dividend+1,f
  1371  01DF  1903               	skipnz
  1372  01E0  0AC6               	incf	___almod@dividend+2,f
  1373  01E1  1903               	skipnz
  1374  01E2  0AC7               	incf	___almod@dividend+3,f
  1375  01E3                     l965:	
  1376  01E3  0847               	movf	___almod@dividend+3,w
  1377  01E4  00C3               	movwf	?___almod+3
  1378  01E5  0846               	movf	___almod@dividend+2,w
  1379  01E6  00C2               	movwf	?___almod+2
  1380  01E7  0845               	movf	___almod@dividend+1,w
  1381  01E8  00C1               	movwf	?___almod+1
  1382  01E9  0844               	movf	___almod@dividend,w
  1383  01EA  00C0               	movwf	?___almod
  1384  01EB  0008               	return
  1385  01EC                     __end_of___almod:	
  1386                           
  1387                           	psect	text7
  1388  00FC                     __ptext7:	
  1389 ;; *************** function ___aldiv *****************
  1390 ;; Defined at:
  1391 ;;		line 6 in file "C:\Program Files\Microchip\xc8\v1.32\sources\common\aldiv.c"
  1392 ;; Parameters:    Size  Location     Type
  1393 ;;  divisor         4    0[BANK0 ] long 
  1394 ;;  dividend        4    4[BANK0 ] long 
  1395 ;; Auto vars:     Size  Location     Type
  1396 ;;  quotient        4   10[BANK0 ] long 
  1397 ;;  sign            1    9[BANK0 ] unsigned char 
  1398 ;;  counter         1    8[BANK0 ] unsigned char 
  1399 ;; Return value:  Size  Location     Type
  1400 ;;                  4    0[BANK0 ] long 
  1401 ;; Registers used:
  1402 ;;		wreg, status,2, status,0
  1403 ;; Tracked objects:
  1404 ;;		On entry : 0/0
  1405 ;;		On exit  : 0/0
  1406 ;;		Unchanged: 0/0
  1407 ;; Data sizes:     COMMON   BANK0   BANK1   BANK2   BANK3   BANK4   BANK5   BANK6
  1408 ;;      Params:         0       8       0       0       0       0       0       0
  1409 ;;      Locals:         0       6       0       0       0       0       0       0
  1410 ;;      Temps:          1       0       0       0       0       0       0       0
  1411 ;;      Totals:         1      14       0       0       0       0       0       0
  1412 ;;Total ram usage:       15 bytes
  1413 ;; Hardware stack levels used:    1
  1414 ;; Hardware stack levels required when called:    1
  1415 ;; This function calls:
  1416 ;;		Nothing
  1417 ;; This function is called by:
  1418 ;;		_main
  1419 ;; This function uses a non-reentrant model
  1420 ;;
  1421                           
  1422                           
  1423                           ;psect for function ___aldiv
  1424  00FC                     ___aldiv:	
  1425                           
  1426                           ;incstack = 0
  1427                           ; Regs used in ___aldiv: [wreg+status,2+status,0]
  1428  00FC  0020               	movlb	0	; select bank0
  1429  00FD  01C9               	clrf	___aldiv@sign
  1430  00FE  1FC3               	btfss	___aldiv@divisor+3,7
  1431  00FF  290D               	goto	l165
  1432  0100  09C0               	comf	___aldiv@divisor,f
  1433  0101  09C1               	comf	___aldiv@divisor+1,f
  1434  0102  09C2               	comf	___aldiv@divisor+2,f
  1435  0103  09C3               	comf	___aldiv@divisor+3,f
  1436  0104  0AC0               	incf	___aldiv@divisor,f
  1437  0105  1903               	skipnz
  1438  0106  0AC1               	incf	___aldiv@divisor+1,f
  1439  0107  1903               	skipnz
  1440  0108  0AC2               	incf	___aldiv@divisor+2,f
  1441  0109  1903               	skipnz
  1442  010A  0AC3               	incf	___aldiv@divisor+3,f
  1443  010B  01C9               	clrf	___aldiv@sign
  1444  010C  0AC9               	incf	___aldiv@sign,f
  1445  010D                     l165:	
  1446  010D  1FC7               	btfss	___aldiv@dividend+3,7
  1447  010E  291E               	goto	l907
  1448  010F  09C4               	comf	___aldiv@dividend,f
  1449  0110  09C5               	comf	___aldiv@dividend+1,f
  1450  0111  09C6               	comf	___aldiv@dividend+2,f
  1451  0112  09C7               	comf	___aldiv@dividend+3,f
  1452  0113  0AC4               	incf	___aldiv@dividend,f
  1453  0114  1903               	skipnz
  1454  0115  0AC5               	incf	___aldiv@dividend+1,f
  1455  0116  1903               	skipnz
  1456  0117  0AC6               	incf	___aldiv@dividend+2,f
  1457  0118  1903               	skipnz
  1458  0119  0AC7               	incf	___aldiv@dividend+3,f
  1459  011A  3001               	movlw	1
  1460  011B  00F3               	movwf	??___aldiv
  1461  011C  0873               	movf	??___aldiv,w
  1462  011D  06C9               	xorwf	___aldiv@sign,f
  1463  011E                     l907:	
  1464  011E  3000               	movlw	0
  1465  011F  00CD               	movwf	___aldiv@quotient+3
  1466  0120  3000               	movlw	0
  1467  0121  00CC               	movwf	___aldiv@quotient+2
  1468  0122  3000               	movlw	0
  1469  0123  00CB               	movwf	___aldiv@quotient+1
  1470  0124  3000               	movlw	0
  1471  0125  00CA               	movwf	___aldiv@quotient
  1472  0126  0843               	movf	___aldiv@divisor+3,w
  1473  0127  0442               	iorwf	___aldiv@divisor+2,w
  1474  0128  0441               	iorwf	___aldiv@divisor+1,w
  1475  0129  0440               	iorwf	___aldiv@divisor,w
  1476  012A  1903               	skipnz
  1477  012B  2967               	goto	l929
  1478  012C  01C8               	clrf	___aldiv@counter
  1479  012D  0AC8               	incf	___aldiv@counter,f
  1480  012E                     l915:	
  1481  012E  1BC3               	btfsc	___aldiv@divisor+3,7
  1482  012F  293C               	goto	l917
  1483  0130  3001               	movlw	1
  1484  0131                     u605:	
  1485  0131  35C0               	lslf	___aldiv@divisor,f
  1486  0132  0DC1               	rlf	___aldiv@divisor+1,f
  1487  0133  0DC2               	rlf	___aldiv@divisor+2,f
  1488  0134  0DC3               	rlf	___aldiv@divisor+3,f
  1489  0135  0B89               	decfsz	9,f
  1490  0136  2931               	goto	u605
  1491  0137  3001               	movlw	1
  1492  0138  00F3               	movwf	??___aldiv
  1493  0139  0873               	movf	??___aldiv,w
  1494  013A  07C8               	addwf	___aldiv@counter,f
  1495  013B  292E               	goto	l915
  1496  013C                     l917:	
  1497  013C  3001               	movlw	1
  1498  013D                     u625:	
  1499  013D  35CA               	lslf	___aldiv@quotient,f
  1500  013E  0DCB               	rlf	___aldiv@quotient+1,f
  1501  013F  0DCC               	rlf	___aldiv@quotient+2,f
  1502  0140  0DCD               	rlf	___aldiv@quotient+3,f
  1503  0141  0B89               	decfsz	9,f
  1504  0142  293D               	goto	u625
  1505  0143  0843               	movf	___aldiv@divisor+3,w
  1506  0144  0247               	subwf	___aldiv@dividend+3,w
  1507  0145  1D03               	skipz
  1508  0146  2951               	goto	u635
  1509  0147  0842               	movf	___aldiv@divisor+2,w
  1510  0148  0246               	subwf	___aldiv@dividend+2,w
  1511  0149  1D03               	skipz
  1512  014A  2951               	goto	u635
  1513  014B  0841               	movf	___aldiv@divisor+1,w
  1514  014C  0245               	subwf	___aldiv@dividend+1,w
  1515  014D  1D03               	skipz
  1516  014E  2951               	goto	u635
  1517  014F  0840               	movf	___aldiv@divisor,w
  1518  0150  0244               	subwf	___aldiv@dividend,w
  1519  0151                     u635:	
  1520  0151  1C03               	skipc
  1521  0152  295C               	goto	l925
  1522  0153  0840               	movf	___aldiv@divisor,w
  1523  0154  02C4               	subwf	___aldiv@dividend,f
  1524  0155  0841               	movf	___aldiv@divisor+1,w
  1525  0156  3BC5               	subwfb	___aldiv@dividend+1,f
  1526  0157  0842               	movf	___aldiv@divisor+2,w
  1527  0158  3BC6               	subwfb	___aldiv@dividend+2,f
  1528  0159  0843               	movf	___aldiv@divisor+3,w
  1529  015A  3BC7               	subwfb	___aldiv@dividend+3,f
  1530  015B  144A               	bsf	___aldiv@quotient,0
  1531  015C                     l925:	
  1532  015C  3001               	movlw	1
  1533  015D                     u645:	
  1534  015D  36C3               	lsrf	___aldiv@divisor+3,f
  1535  015E  0CC2               	rrf	___aldiv@divisor+2,f
  1536  015F  0CC1               	rrf	___aldiv@divisor+1,f
  1537  0160  0CC0               	rrf	___aldiv@divisor,f
  1538  0161  0B89               	decfsz	9,f
  1539  0162  295D               	goto	u645
  1540  0163  3001               	movlw	1
  1541  0164  02C8               	subwf	___aldiv@counter,f
  1542  0165  1D03               	btfss	3,2
  1543  0166  293C               	goto	l917
  1544  0167                     l929:	
  1545  0167  0849               	movf	___aldiv@sign,w
  1546  0168  1903               	btfsc	3,2
  1547  0169  2975               	goto	l933
  1548  016A  09CA               	comf	___aldiv@quotient,f
  1549  016B  09CB               	comf	___aldiv@quotient+1,f
  1550  016C  09CC               	comf	___aldiv@quotient+2,f
  1551  016D  09CD               	comf	___aldiv@quotient+3,f
  1552  016E  0ACA               	incf	___aldiv@quotient,f
  1553  016F  1903               	skipnz
  1554  0170  0ACB               	incf	___aldiv@quotient+1,f
  1555  0171  1903               	skipnz
  1556  0172  0ACC               	incf	___aldiv@quotient+2,f
  1557  0173  1903               	skipnz
  1558  0174  0ACD               	incf	___aldiv@quotient+3,f
  1559  0175                     l933:	
  1560  0175  084D               	movf	___aldiv@quotient+3,w
  1561  0176  00C3               	movwf	?___aldiv+3
  1562  0177  084C               	movf	___aldiv@quotient+2,w
  1563  0178  00C2               	movwf	?___aldiv+2
  1564  0179  084B               	movf	___aldiv@quotient+1,w
  1565  017A  00C1               	movwf	?___aldiv+1
  1566  017B  084A               	movf	___aldiv@quotient,w
  1567  017C  00C0               	movwf	?___aldiv
  1568  017D  0008               	return
  1569  017E                     __end_of___aldiv:	


Data Sizes:
    Strings     0
    Constant    0
    Data        0
    BSS         34
    Persistent  0
    Stack       0

Auto Spaces:
    Space          Size  Autos    Used
    COMMON           14      9      11
    BANK0            80     14      46
    BANK1            80      0       0
    BANK2            80      0       0
    BANK3            80      0       0
    BANK4            80      0       0
    BANK5            80      0       0
    BANK6            16      0       0

Pointer List with Targets:

    None.

Critical Paths under _main in COMMON

    _main->___lmul
    _main->_serial_init
    _serial_init->_uart_xmit

Critical Paths under _ISR in COMMON

    None.

Critical Paths under _main in BANK0

    _main->___aldiv

Critical Paths under _ISR in BANK0

    None.

Critical Paths under _main in BANK1

    None.

Critical Paths under _ISR in BANK1

    None.

Critical Paths under _main in BANK2

    None.

Critical Paths under _ISR in BANK2

    None.

Critical Paths under _main in BANK3

    None.

Critical Paths under _ISR in BANK3

    None.

Critical Paths under _main in BANK4

    None.

Critical Paths under _ISR in BANK4

    None.

Critical Paths under _main in BANK5

    None.

Critical Paths under _ISR in BANK5

    None.

Critical Paths under _main in BANK6

    None.

Critical Paths under _ISR in BANK6

    None.

Call Graph Tables:

 ---------------------------------------------------------------------------------
 (Depth) Function   	        Calls       Base Space   Used Autos Params    Refs
 ---------------------------------------------------------------------------------
 (0) _main                                                 2     2      0    1770
                                              7 COMMON     2     2      0
                            ___aldiv
                            ___almod
                             ___lmul
                            _init_io
                           _pwm_init
                        _serial_init
                          _uart_xmit
 ---------------------------------------------------------------------------------
 (1) _serial_init                                          2     2      0     108
                                              5 COMMON     2     2      0
                          _uart_xmit
 ---------------------------------------------------------------------------------
 (1) _uart_xmit                                            2     0      2     108
                                              3 COMMON     2     0      2
 ---------------------------------------------------------------------------------
 (1) _pwm_init                                             0     0      0       0
 ---------------------------------------------------------------------------------
 (1) _init_io                                              0     0      0       0
 ---------------------------------------------------------------------------------
 (1) ___lmul                                              12     4      8     244
                                              3 COMMON     4     4      0
                                              0 BANK0      8     0      8
 ---------------------------------------------------------------------------------
 (1) ___almod                                             11     3      8     541
                                              3 COMMON     3     3      0
                                              0 BANK0      8     0      8
 ---------------------------------------------------------------------------------
 (1) ___aldiv                                             15     7      8     769
                                              3 COMMON     1     1      0
                                              0 BANK0     14     6      8
 ---------------------------------------------------------------------------------
 Estimated maximum stack depth 1
 ---------------------------------------------------------------------------------
 (Depth) Function   	        Calls       Base Space   Used Autos Params    Refs
 ---------------------------------------------------------------------------------
 (3) _ISR                                                  3     3      0       0
                                              0 COMMON     3     3      0
 ---------------------------------------------------------------------------------
 Estimated maximum stack depth 3
 ---------------------------------------------------------------------------------

 Call Graph Graphs:

 _main (ROOT)
   ___aldiv
   ___almod
   ___lmul
   _init_io
   _pwm_init
   _serial_init
     _uart_xmit
   _uart_xmit

 _ISR (ROOT)

 Address spaces:
Name               Size   Autos  Total    Cost      Usage
BIGRAM             1F0      0       0       0        0.0%
NULL                 0      0       0       0        0.0%
CODE                 0      0       0       0        0.0%
BITCOMMON            E      0       0       1        0.0%
BITSFR0              0      0       0       1        0.0%
SFR0                 0      0       0       1        0.0%
COMMON               E      9       B       2       78.6%
BITSFR1              0      0       0       2        0.0%
SFR1                 0      0       0       2        0.0%
BITSFR2              0      0       0       3        0.0%
SFR2                 0      0       0       3        0.0%
STACK                0      0       0       3        0.0%
BITSFR3              0      0       0       4        0.0%
SFR3                 0      0       0       4        0.0%
ABS                  0      0      39       4        0.0%
BITBANK0            50      0       0       5        0.0%
BITSFR4              0      0       0       5        0.0%
SFR4                 0      0       0       5        0.0%
BANK0               50      E      2E       6       57.5%
BITSFR5              0      0       0       6        0.0%
SFR5                 0      0       0       6        0.0%
BITBANK1            50      0       0       7        0.0%
BITSFR6              0      0       0       7        0.0%
SFR6                 0      0       0       7        0.0%
BANK1               50      0       0       8        0.0%
BITSFR7              0      0       0       8        0.0%
SFR7                 0      0       0       8        0.0%
BITBANK2            50      0       0       9        0.0%
BITSFR8              0      0       0       9        0.0%
SFR8                 0      0       0       9        0.0%
BANK2               50      0       0      10        0.0%
BITSFR9              0      0       0      10        0.0%
SFR9                 0      0       0      10        0.0%
BITBANK3            50      0       0      11        0.0%
BITSFR10             0      0       0      11        0.0%
SFR10                0      0       0      11        0.0%
BANK3               50      0       0      12        0.0%
BITSFR11             0      0       0      12        0.0%
SFR11                0      0       0      12        0.0%
BITBANK4            50      0       0      13        0.0%
BITSFR12             0      0       0      13        0.0%
SFR12                0      0       0      13        0.0%
BANK4               50      0       0      14        0.0%
BITSFR13             0      0       0      14        0.0%
SFR13                0      0       0      14        0.0%
BITBANK5            50      0       0      15        0.0%
BITSFR14             0      0       0      15        0.0%
SFR14                0      0       0      15        0.0%
BANK5               50      0       0      16        0.0%
BITSFR15             0      0       0      16        0.0%
SFR15                0      0       0      16        0.0%
BITBANK6            10      0       0      17        0.0%
BITSFR16             0      0       0      17        0.0%
SFR16                0      0       0      17        0.0%
BANK6               10      0       0      18        0.0%
BITSFR17             0      0       0      18        0.0%
SFR17                0      0       0      18        0.0%
BITSFR18             0      0       0      19        0.0%
SFR18                0      0       0      19        0.0%
DATA                 0      0      39      19        0.0%
BITSFR19             0      0       0      20        0.0%
SFR19                0      0       0      20        0.0%
BITSFR20             0      0       0      21        0.0%
SFR20                0      0       0      21        0.0%
BITSFR21             0      0       0      22        0.0%
SFR21                0      0       0      22        0.0%
BITSFR22             0      0       0      23        0.0%
SFR22                0      0       0      23        0.0%
BITSFR23             0      0       0      24        0.0%
SFR23                0      0       0      24        0.0%
BITSFR24             0      0       0      25        0.0%
SFR24                0      0       0      25        0.0%
BITSFR25             0      0       0      26        0.0%
SFR25                0      0       0      26        0.0%
BITSFR26             0      0       0      27        0.0%
SFR26                0      0       0      27        0.0%
BITSFR27             0      0       0      28        0.0%
SFR27                0      0       0      28        0.0%
BITSFR28             0      0       0      29        0.0%
SFR28                0      0       0      29        0.0%
BITSFR29             0      0       0      30        0.0%
SFR29                0      0       0      30        0.0%
BITSFR30             0      0       0      31        0.0%
SFR30                0      0       0      31        0.0%
BITSFR31             0      0       0      32        0.0%
SFR31                0      0       0      32        0.0%


Microchip Technology PIC Macro Assembler V1.32 build 58300 
Symbol Table                                                                                   Sat Sep 06 11:49:13 2014

            __CFG_CP$OFF 0000                       l91 0274                       _GO 04E9  
                    l101 004C                      l165 010D                      l178 018F  
                    l915 012E                      l907 011E                      l933 0175  
                    l925 015C                      l917 013C                      l951 01A4  
                    l929 0167                      l953 01B2                      l961 01D5  
                    l945 019C                      l965 01E3                      l957 01CA  
                    l885 01F4                      l889 01FF                      l985 0044  
                    _PR2 001B                      _ISR 0004                      u605 0131  
                    u625 013D                      u705 01A7                      u545 0200  
                    u635 0151                      u555 0207                      u645 015D  
                    u725 01C0                      u735 01CB                      u777 0232  
                    _buf 0020                      wreg 0009             __CFG_LVP$OFF 0000  
                   ?_ISR 0070                     i1l82 0015             __CFG_WRT$OFF 0000  
                   _decm 002A                     _main 0028                     _fvar 002E  
                   _tens 0032                     fsr0h 0005                     fsr0l 0004  
                   indf0 0000                     btemp 007E                     ltemp 007E  
                   start 0019                     ttemp 007E                     wtemp 007E  
          __CFG_MCLRE$ON 0000                    ??_ISR 0070          __end_of___aldiv 017E  
        __end_of___almod 01EC                    ?_main 0070            __CFG_WDTE$OFF 0000  
                  _RCREG 0199                    _SPBRG 019B                    _TXREG 019A  
    ___lmul@multiplicand 0044            __CFG_PWRTE$ON 0000           __CFG_FCMEN$OFF 0000  
        __end_of_init_io 025B                    _tempi 003C           __CFG_BOREN$OFF 0000  
                  ltemp0 007E                    ltemp1 0082                    ltemp2 0086  
                  ltemp3 0080                    ttemp0 007E                    ttemp1 0081  
                  ttemp2 0084                    ttemp3 0087                    ttemp4 007F  
                  status 0003                    wtemp0 007E                    wtemp1 0080  
                  wtemp2 0082                    wtemp3 0084                    wtemp4 0086  
                  wtemp5 0088                    wtemp6 007F          __initialization 001B  
           __end_of_main 00FC                   ??_main 0077                   _ADCON0 009D  
                 _ADCON1 009E                   _ADCON2 009F                   _ADRESH 009C  
                 _ANSELA 018C                   _ANSELB 018D                   _ANSELC 018E  
                 _SPBRGH 019C             ?_serial_init 0070                   ___lmul 01EC  
              ??___aldiv 0073                ??___almod 0073                ??_init_io 0073  
       __end_of_pwm_init 026E  __end_of__initialization 0024           __pcstackCOMMON 0070  
             __pbssBANK0 0020               __pmaintext 0028                  ?___lmul 0040  
             __pintentry 0004           ___lmul@product 0073       __size_of_uart_xmit 0006  
                _PWM1DCH 0612                  _PWM1CON 0613                  ___aldiv 00FC  
                ___almod 017E          __size_of___lmul 0030                ?_pwm_init 0070  
   __size_of_serial_init 0022          __CFG_STVREN$OFF 0000                  __ptext1 021C  
                __ptext2 0274                  __ptext3 025B                  __ptext4 023E  
                __ptext5 01EC                  __ptext6 017E                  __ptext7 00FC  
           __size_of_ISR 0015                _T2CONbits 001C                  _init_io 023E  
       ___aldiv@dividend 0044                  _itxdata 003A                  clrloop0 026F  
   end_of_initialization 0024                  _vtxdata 0079        __end_of_uart_xmit 027A  
              _RCSTAbits 019D         ___aldiv@quotient 004A               ??_pwm_init 0073  
       __CFG_FOSC$INTOSC 0000                _TRISAbits 008C                _TRISBbits 008D  
              _TRISCbits 008E     uart_xmit@mydata_byte 0073                _TXSTAbits 019E  
         __end_of___lmul 021C      start_initialization 001B              __end_of_ISR 0019  
               ??___lmul 0073                _an8_value 0036                _an9_value 0038  
            __pbssCOMMON 0079                ___latbits 0002            __pcstackBANK0 0040  
               ?___aldiv 0040                 ?___almod 0040         ___almod@dividend 0044  
      __size_of_pwm_init 0013                 ?_init_io 0070          ___aldiv@divisor 0040  
        ___aldiv@counter 0048                 _LATCbits 010E                clear_ram0 026E  
               _PIE1bits 0091                 _PIR1bits 0011            ??_serial_init 0075  
              _uart_data 003E                _uart_xmit 0274        ___lmul@multiplier 0040  
             ?_uart_xmit 0073         __size_of___aldiv 0082         __size_of___almod 006E  
    __end_of_serial_init 023E         __size_of_init_io 001D          ___almod@divisor 0040  
        ___almod@counter 0074            __size_of_main 00D4                 _pwm_init 025B  
            _PWM1DCHbits 0612               _INTCONbits 000B              _PWM1CONbits 0613  
            pic14e$flags 007E                 intlevel1 0000        __CFG_CLKOUTEN$OFF 0000  
             _OSCCONbits 0099              _serial_init 021C              ??_uart_xmit 0075  
           ___aldiv@sign 0049             ___almod@sign 0075  
