Microchip MPLAB XC8 Compiler V1.30 ()

Linker command line:

--edf=C:\Program Files\Microchip\xc8\v1.30\dat\en_msgs.txt -cs \
  -h+dist/default/production\4707_WX_Radio.X.production.sym \
  --cmf=dist/default/production\4707_WX_Radio.X.production.cmf -z -Q16F1509 \
  -oC:\Users\Chas\AppData\Local\Temp\s5n8.6 \
  -Mdist/default/production/4707_WX_Radio.X.production.map -E1 -ver=XC8 \
  -ASTACK=0205Ah-021efh -pstack=STACK -ACONST=00h-0FFhx32 \
  -ACODE=00h-07FFhx4 -ASTRCODE=00h-01FFFh -AENTRY=00h-0FFhx32 \
  -ASTRING=00h-0FFhx32 -ACOMMON=070h-07Fh -ABANK0=020h-06Fh \
  -ABANK1=0A0h-0EFh -ABANK2=0120h-016Fh -ABANK3=01A0h-01EFh \
  -ABANK4=0220h-026Fh -ABANK5=02A0h-02EFh -ABANK6=0320h-032Fh \
  -ABIGRAM=02000h-021EFh \
  -ARAM=020h-06Fh,0A0h-0EFh,0120h-016Fh,01A0h-01EFh,0220h-026Fh,02A0h-02EFh,0320h-032Fh \
  -AABS1=020h-07Fh,0A0h-0EFh,0120h-016Fh,01A0h-01EFh,0220h-026Fh,02A0h-02EFh,0320h-032Fh \
  -ASFR0=00h-01Fh -ASFR1=080h-09Fh -ASFR2=0100h-011Fh -ASFR3=0180h-019Fh \
  -ASFR4=0200h-021Fh -ASFR5=0280h-029Fh -ASFR6=0300h-031Fh \
  -ASFR7=0380h-03EFh -ASFR8=0400h-046Fh -ASFR9=0480h-04EFh \
  -ASFR10=0500h-056Fh -ASFR11=0580h-05EFh -ASFR12=0600h-066Fh \
  -ASFR13=0680h-06EFh -ASFR14=0700h-076Fh -ASFR15=0780h-07EFh \
  -ASFR16=0800h-086Fh -ASFR17=0880h-08EFh -ASFR18=0900h-096Fh \
  -ASFR19=0980h-09EFh -ASFR20=0A00h-0A6Fh -ASFR21=0A80h-0AEFh \
  -ASFR22=0B00h-0B6Fh -ASFR23=0B80h-0BEFh -ASFR24=0C00h-0C6Fh \
  -ASFR25=0C80h-0CEFh -ASFR26=0D00h-0D6Fh -ASFR27=0D80h-0DEFh \
  -ASFR28=0E00h-0E6Fh -ASFR29=0E80h-0EEFh -ASFR30=0F00h-0F6Fh \
  -ASFR31=0F80h-0FEFh -preset_vec=00h,intentry,init,end_init -ppowerup=CODE \
  -pcinit=CODE -pfunctab=CODE -ACONFIG=08007h-08008h -pconfig=CONFIG \
  -DCONFIG=2 -AIDLOC=08000h-08003h -pidloc=IDLOC -DIDLOC=2 -DCODE=2 \
  -DSTRCODE=2 -DSTRING=2 -DCONST=2 -DENTRY=2 -k \
  C:\Users\Chas\AppData\Local\Temp\s5n8.obj \
  dist/default/production\4707_WX_Radio.X.production.obj 

Object code version is 3.11

Machine type is 16F1509



                Name                               Link     Load   Length Selector   Space Scale
C:\Users\Chas\AppData\Local\Temp\s5n8.obj
                end_init                              2        2        2        0       0
                reset_vec                             0        0        2        0       0
                config                             8007     8007        2    1000E       0
dist/default/production\4707_WX_Radio.X.production.obj
                cinit                               7EE      7EE       12      FDC       0
                text13                              58A      58A        E      B14       0
                text12                              5A7      5A7       10      B4E       0
                text11                              598      598        F      B30       0
                text10                              57D      57D        D      AFA       0
                text9                               574      574        9      AE8       0
                text8                               5FF      5FF       33      BFE       0
                text7                               5B7      5B7       18      B6E       0
                text6                               56C      56C        1      AD8       0
                text5                               674      674       52      CE8       0
                text4                               632      632       42      C64       0
                text3                               6C6      6C6       89      D8C       0
                text2                               5CF      5CF       30      B9E       0
                text1                               56D      56D        1      ADA       0
                maintext                            74F      74F       9F      E9E       0
                cstackBANK0                          50       50       19       20       1
                cstackCOMMON                         70       70        E       70       1
                clrtext                             56E      56E        6      ADC       0
                bssBANK1                             A0       A0        A       A0       1
                bssBANK0                             20       20       30       20       1

TOTAL           Name                               Link     Load   Length     Space
        CLASS   STACK          

        CLASS   CONST          

        CLASS   CODE           
                end_init                              2        2        2         0
                cinit                               7EE      7EE       12         0
                reset_vec                             0        0        2         0
                text13                              58A      58A        E         0
                text12                              5A7      5A7       10         0
                text11                              598      598        F         0
                text10                              57D      57D        D         0
                text9                               574      574        9         0
                text8                               5FF      5FF       33         0
                text7                               5B7      5B7       18         0
                text6                               56C      56C        1         0
                text5                               674      674       52         0
                text4                               632      632       42         0
                text3                               6C6      6C6       89         0
                text2                               5CF      5CF       30         0
                text1                               56D      56D        1         0
                maintext                            74F      74F       9F         0
                clrtext                             56E      56E        6         0

        CLASS   STRCODE        

        CLASS   ENTRY          

        CLASS   STRING         

        CLASS   COMMON         
                cstackCOMMON                         70       70        E         1

        CLASS   BANK0          
                cstackBANK0                          50       50       19         1
                bssBANK0                             20       20       30         1

        CLASS   BANK1          
                bssBANK1                             A0       A0        A         1

        CLASS   BANK2          

        CLASS   BANK3          

        CLASS   BANK4          

        CLASS   BANK5          

        CLASS   BANK6          

        CLASS   BIGRAM         

        CLASS   RAM            

        CLASS   ABS1           
                abs_s1                               7E       7E        2         1

        CLASS   SFR0           

        CLASS   SFR1           

        CLASS   SFR2           

        CLASS   SFR3           

        CLASS   SFR4           

        CLASS   SFR5           

        CLASS   SFR6           

        CLASS   SFR7           

        CLASS   SFR8           

        CLASS   SFR9           

        CLASS   SFR10          

        CLASS   SFR11          

        CLASS   SFR12          

        CLASS   SFR13          

        CLASS   SFR14          

        CLASS   SFR15          

        CLASS   SFR16          

        CLASS   SFR17          

        CLASS   SFR18          

        CLASS   SFR19          

        CLASS   SFR20          

        CLASS   SFR21          

        CLASS   SFR22          

        CLASS   SFR23          

        CLASS   SFR24          

        CLASS   SFR25          

        CLASS   SFR26          

        CLASS   SFR27          

        CLASS   SFR28          

        CLASS   SFR29          

        CLASS   SFR30          

        CLASS   SFR31          

        CLASS   CONFIG         
                config                             8007     8007        2         0

        CLASS   IDLOC          

        CLASS   BANK31         

        CLASS   BANK30         

        CLASS   BANK29         

        CLASS   BANK28         

        CLASS   BANK27         

        CLASS   BANK26         

        CLASS   BANK25         

        CLASS   BANK24         

        CLASS   BANK23         

        CLASS   BANK22         

        CLASS   BANK21         

        CLASS   BANK20         

        CLASS   BANK19         

        CLASS   BANK18         

        CLASS   BANK17         

        CLASS   BANK16         

        CLASS   BANK15         

        CLASS   BANK14         

        CLASS   BANK13         

        CLASS   BANK12         

        CLASS   BANK11         

        CLASS   BANK10         

        CLASS   BANK9          

        CLASS   BANK8          

        CLASS   BANK7          

        CLASS   EEDATA         



SEGMENTS        Name                           Load    Length   Top    Selector   Space  Class     Delta

                reset_vec                      000000  000004  000004         0       0  CODE        2
                bssBANK0                       000020  000049  000069        20       1  BANK0       1
                cstackCOMMON                   000070  00000E  00007E        70       1  COMMON      1
                bssBANK1                       0000A0  00000A  0000AA        A0       1  BANK1       1
                text6                          00056C  000001  00056D       AD8       0  CODE        2
                text1                          00056D  000001  00056E       ADA       0  CODE        2
                clrtext                        00056E  000006  000574       ADC       0  CODE        2
                text9                          000574  000009  00057D       AE8       0  CODE        2
                text10                         00057D  00000D  00058A       AFA       0  CODE        2
                text13                         00058A  00000E  000598       B14       0  CODE        2
                text11                         000598  00000F  0005A7       B30       0  CODE        2
                text12                         0005A7  000010  0005B7       B4E       0  CODE        2
                text7                          0005B7  000018  0005CF       B6E       0  CODE        2
                text2                          0005CF  000030  0005FF       B9E       0  CODE        2
                text8                          0005FF  000033  000632       BFE       0  CODE        2
                text4                          000632  000042  000674       C64       0  CODE        2
                text5                          000674  000052  0006C6       CE8       0  CODE        2
                text3                          0006C6  000089  00074F       D8C       0  CODE        2
                maintext                       00074F  00009F  0007EE       E9E       0  CODE        2
                cinit                          0007EE  000012  000800       FDC       0  CODE        2
                config                         008007  000002  008009     1000E       0  CONFIG      2


UNUSED ADDRESS RANGES

        Name                Unused          Largest block    Delta
        BANK0            00069-0006F               7           1
        BANK1            000AA-000EF              46           1
        BANK2            00120-0016F              50           1
        BANK3            001A0-001EF              50           1
        BANK4            00220-0026F              50           1
        BANK5            002A0-002EF              50           1
        BANK6            00320-0032F              10           1
        BIGRAM           02000-021EF             1F0           1
        CODE             00004-0056B             568           2
                         00800-01FFF             800
        CONST            00004-0056B             100           2
                         00800-01FFF             100
        ENTRY            00004-0056B             100           2
                         00800-01FFF             100
        IDLOC            08000-08003               4           2
        RAM              00069-0006F               7           1
                         000AA-000EF              46
                         00120-0016F              50
                         001A0-001EF              50
                         00220-0026F              50
                         002A0-002EF              50
                         00320-0032F              10
        SFR0             00000-0001F              20           1
        SFR1             00080-0009F              20           1
        SFR10            00500-0056F              70           1
        SFR11            00580-005EF              70           1
        SFR12            00600-0066F              70           1
        SFR13            00680-006EF              70           1
        SFR14            00700-0076F              70           1
        SFR15            00780-007EF              70           1
        SFR16            00800-0086F              70           1
        SFR17            00880-008EF              70           1
        SFR18            00900-0096F              70           1
        SFR19            00980-009EF              70           1
        SFR2             00100-0011F              20           1
        SFR20            00A00-00A6F              70           1
        SFR21            00A80-00AEF              70           1
        SFR22            00B00-00B6F              70           1
        SFR23            00B80-00BEF              70           1
        SFR24            00C00-00C6F              70           1
        SFR25            00C80-00CEF              70           1
        SFR26            00D00-00D6F              70           1
        SFR27            00D80-00DEF              70           1
        SFR28            00E00-00E6F              70           1
        SFR29            00E80-00EEF              70           1
        SFR3             00180-0019F              20           1
        SFR30            00F00-00F6F              70           1
        SFR31            00F80-00FEF              70           1
        SFR4             00200-0021F              20           1
        SFR5             00280-0029F              20           1
        SFR6             00300-0031F              20           1
        SFR7             00380-003EF              70           1
        SFR8             00400-0046F              70           1
        SFR9             00480-004EF              70           1
        STACK            0205A-021EF             196           1
        STRCODE          00004-0056B             568           2
                         00800-01FFF            1800
        STRING           00004-0056B             100           2
                         00800-01FFF             100

                                  Symbol Table

?___lldiv                   cstackCOMMON 00070
?___llmod                   cstackCOMMON 00070
Send_I2C_Data@databyte      cstackCOMMON 00070
_ACK_bit                    bssBANK0     00038
_ANSELA                     (abs)        0018C
_ANSELB                     (abs)        0018D
_ANSELC                     (abs)        0018E
_BF                         (abs)        010A0
_I2C_Control_Write          text12       005A7
_I2C_Start_Bit              text11       00598
_I2C_Stop_Bit               text10       0057D
_LATAbits                   (abs)        0010C
_LATCbits                   (abs)        0010E
_OPTION_REGbits             (abs)        00095
_OSCCONbits                 (abs)        00099
_PIR1bits                   (abs)        00011
_RCEN                       (abs)        010B3
_RESP10Byte                 bssBANK0     0003E
_RESP11Byte                 bssBANK0     0003F
_RESP12Byte                 bssBANK0     00040
_RESP13Byte                 bssBANK0     00041
_RESP14Byte                 bssBANK0     00042
_RESP1Byte                  bssBANK0     00043
_RESP2Byte                  bssBANK0     00044
_RESP3Byte                  bssBANK0     00045
_RESP4Byte                  bssBANK0     00046
_RESP5Byte                  bssBANK0     00047
_RESP6Byte                  bssBANK0     00048
_RESP7Byte                  bssBANK0     00049
_RESP8Byte                  bssBANK0     0004A
_RESP9Byte                  bssBANK0     0004B
_RSEN                       (abs)        010B1
_RST_4707                   text13       0058A
_SSP1ADD                    (abs)        00212
_SSP1BUF                    (abs)        00211
_SSP1CON2bits               (abs)        00216
_SSPADD                     (abs)        00212
_SSPBUF                     (abs)        00211
_SSPCON2                    (abs)        00216
_SSPCON2bits                (abs)        00216
_SSPCONbits                 (abs)        00215
_SSPSTAT                    (abs)        00214
_SSPSTATbits                (abs)        00214
_Send_I2C_Data              text9        00574
_StatusByte                 bssBANK0     0004C
_TRISAbits                  (abs)        0008C
_TRISBbits                  (abs)        0008D
_TRISCbits                  (abs)        0008E
_Tune550                    text8        005FF
__CFG_BOREN$OFF             (abs)        00000
__CFG_CLKOUTEN$OFF          (abs)        00000
__CFG_CP$OFF                (abs)        00000
__CFG_FCMEN$OFF             (abs)        00000
__CFG_FOSC$INTOSC           (abs)        00000
__CFG_LVP$OFF               (abs)        00000
__CFG_MCLRE$ON              (abs)        00000
__CFG_PWRTE$ON              (abs)        00000
__CFG_STVREN$OFF            (abs)        00000
__CFG_WDTE$OFF              (abs)        00000
__CFG_WRT$OFF               (abs)        00000
__Habs1                     abs1         00000
__Hbank0                    bank0        00000
__Hbank1                    bank1        00000
__Hbank10                   bank10       00000
__Hbank11                   bank11       00000
__Hbank12                   bank12       00000
__Hbank13                   bank13       00000
__Hbank14                   bank14       00000
__Hbank15                   bank15       00000
__Hbank16                   bank16       00000
__Hbank17                   bank17       00000
__Hbank18                   bank18       00000
__Hbank19                   bank19       00000
__Hbank2                    bank2        00000
__Hbank20                   bank20       00000
__Hbank21                   bank21       00000
__Hbank22                   bank22       00000
__Hbank23                   bank23       00000
__Hbank24                   bank24       00000
__Hbank25                   bank25       00000
__Hbank26                   bank26       00000
__Hbank27                   bank27       00000
__Hbank28                   bank28       00000
__Hbank29                   bank29       00000
__Hbank3                    bank3        00000
__Hbank30                   bank30       00000
__Hbank31                   bank31       00000
__Hbank4                    bank4        00000
__Hbank5                    bank5        00000
__Hbank6                    bank6        00000
__Hbank7                    bank7        00000
__Hbank8                    bank8        00000
__Hbank9                    bank9        00000
__Hbigram                   bigram       00000
__HbssBANK0                 bssBANK0     00000
__HbssBANK1                 bssBANK1     00000
__Hcinit                    cinit        00800
__Hclrtext                  clrtext      00000
__Hcode                     code         00000
__Hcommon                   common       00000
__Hconfig                   config       08009
__HcstackBANK0              cstackBANK0  00000
__HcstackCOMMON             cstackCOMMON 00000
__Heeprom_data              eeprom_data  00000
__Hend_init                 end_init     00004
__Hfunctab                  functab      00000
__Hidloc                    idloc        00000
__Hinit                     init         00002
__Hintentry                 intentry     00002
__Hmaintext                 maintext     00000
__Hpowerup                  powerup      00000
__Hram                      ram          00000
__Hreset_vec                reset_vec    00002
__Hsfr0                     sfr0         00000
__Hsfr1                     sfr1         00000
__Hsfr10                    sfr10        00000
__Hsfr11                    sfr11        00000
__Hsfr12                    sfr12        00000
__Hsfr13                    sfr13        00000
__Hsfr14                    sfr14        00000
__Hsfr15                    sfr15        00000
__Hsfr16                    sfr16        00000
__Hsfr17                    sfr17        00000
__Hsfr18                    sfr18        00000
__Hsfr19                    sfr19        00000
__Hsfr2                     sfr2         00000
__Hsfr20                    sfr20        00000
__Hsfr21                    sfr21        00000
__Hsfr22                    sfr22        00000
__Hsfr23                    sfr23        00000
__Hsfr24                    sfr24        00000
__Hsfr25                    sfr25        00000
__Hsfr26                    sfr26        00000
__Hsfr27                    sfr27        00000
__Hsfr28                    sfr28        00000
__Hsfr29                    sfr29        00000
__Hsfr3                     sfr3         00000
__Hsfr30                    sfr30        00000
__Hsfr31                    sfr31        00000
__Hsfr4                     sfr4         00000
__Hsfr5                     sfr5         00000
__Hsfr6                     sfr6         00000
__Hsfr7                     sfr7         00000
__Hsfr8                     sfr8         00000
__Hsfr9                     sfr9         00000
__Hstack                    stack        00000
__Hstrings                  strings      00000
__Htext                     text         00000
__Labs1                     abs1         00000
__Lbank0                    bank0        00000
__Lbank1                    bank1        00000
__Lbank10                   bank10       00000
__Lbank11                   bank11       00000
__Lbank12                   bank12       00000
__Lbank13                   bank13       00000
__Lbank14                   bank14       00000
__Lbank15                   bank15       00000
__Lbank16                   bank16       00000
__Lbank17                   bank17       00000
__Lbank18                   bank18       00000
__Lbank19                   bank19       00000
__Lbank2                    bank2        00000
__Lbank20                   bank20       00000
__Lbank21                   bank21       00000
__Lbank22                   bank22       00000
__Lbank23                   bank23       00000
__Lbank24                   bank24       00000
__Lbank25                   bank25       00000
__Lbank26                   bank26       00000
__Lbank27                   bank27       00000
__Lbank28                   bank28       00000
__Lbank29                   bank29       00000
__Lbank3                    bank3        00000
__Lbank30                   bank30       00000
__Lbank31                   bank31       00000
__Lbank4                    bank4        00000
__Lbank5                    bank5        00000
__Lbank6                    bank6        00000
__Lbank7                    bank7        00000
__Lbank8                    bank8        00000
__Lbank9                    bank9        00000
__Lbigram                   bigram       00000
__LbssBANK0                 bssBANK0     00000
__LbssBANK1                 bssBANK1     00000
__Lcinit                    cinit        007EE
__Lclrtext                  clrtext      00000
__Lcode                     code         00000
__Lcommon                   common       00000
__Lconfig                   config       08007
__LcstackBANK0              cstackBANK0  00000
__LcstackCOMMON             cstackCOMMON 00000
__Leeprom_data              eeprom_data  00000
__Lend_init                 end_init     00002
__Lfunctab                  functab      00000
__Lidloc                    idloc        00000
__Linit                     init         00002
__Lintentry                 intentry     00002
__Lmaintext                 maintext     00000
__Lpowerup                  powerup      00000
__Lram                      ram          00000
__Lreset_vec                reset_vec    00000
__Lsfr0                     sfr0         00000
__Lsfr1                     sfr1         00000
__Lsfr10                    sfr10        00000
__Lsfr11                    sfr11        00000
__Lsfr12                    sfr12        00000
__Lsfr13                    sfr13        00000
__Lsfr14                    sfr14        00000
__Lsfr15                    sfr15        00000
__Lsfr16                    sfr16        00000
__Lsfr17                    sfr17        00000
__Lsfr18                    sfr18        00000
__Lsfr19                    sfr19        00000
__Lsfr2                     sfr2         00000
__Lsfr20                    sfr20        00000
__Lsfr21                    sfr21        00000
__Lsfr22                    sfr22        00000
__Lsfr23                    sfr23        00000
__Lsfr24                    sfr24        00000
__Lsfr25                    sfr25        00000
__Lsfr26                    sfr26        00000
__Lsfr27                    sfr27        00000
__Lsfr28                    sfr28        00000
__Lsfr29                    sfr29        00000
__Lsfr3                     sfr3         00000
__Lsfr30                    sfr30        00000
__Lsfr31                    sfr31        00000
__Lsfr4                     sfr4         00000
__Lsfr5                     sfr5         00000
__Lsfr6                     sfr6         00000
__Lsfr7                     sfr7         00000
__Lsfr8                     sfr8         00000
__Lsfr9                     sfr9         00000
__Lstack                    stack        00000
__Lstrings                  strings      00000
__Ltext                     text         00000
__S0                        (abs)        08009
__S1                        (abs)        000AA
__S2                        (abs)        00000
___int_sp                   stack        00000
___latbits                  (abs)        00002
___lldiv                    text5        00674
___lldiv@counter            cstackCOMMON 0007D
___lldiv@dividend           cstackCOMMON 00074
___lldiv@divisor            cstackCOMMON 00070
___lldiv@quotient           cstackCOMMON 00079
___llmod                    text4        00632
___llmod@counter            cstackCOMMON 00079
___llmod@dividend           cstackCOMMON 00074
___llmod@divisor            cstackCOMMON 00070
___sp                       stack        00000
__end_of_I2C_Control_Write  text12       005B7
__end_of_I2C_Start_Bit      text11       005A7
__end_of_I2C_Stop_Bit       text10       0058A
__end_of_RST_4707           text13       00598
__end_of_Send_I2C_Data      text9        0057D
__end_of_Tune550            text8        00632
__end_of___lldiv            text5        006C6
__end_of___llmod            text4        00674
__end_of__initialization    cinit        007FD
__end_of_init_io            text7        005CF
__end_of_lcd_init           text6        0056D
__end_of_ltoa               text2        005FF
__end_of_main               maintext     007EE
__end_of_poll_lcd           text1        0056E
__end_of_ultoa              text3        0074F
__initialization            cinit        007EE
__pbssBANK0                 bssBANK0     00020
__pbssBANK1                 bssBANK1     000A0
__pcstackBANK0              cstackBANK0  00050
__pcstackCOMMON             cstackCOMMON 00070
__pmaintext                 maintext     0074F
__ptext0                    text0        00000
__ptext1                    text1        0056D
__ptext10                   text10       0057D
__ptext11                   text11       00598
__ptext12                   text12       005A7
__ptext13                   text13       0058A
__ptext2                    text2        005CF
__ptext3                    text3        006C6
__ptext4                    text4        00632
__ptext5                    text5        00674
__ptext6                    text6        0056C
__ptext7                    text7        005B7
__ptext8                    text8        005FF
__ptext9                    text9        00574
__size_of_I2C_Control_Write (abs)        00000
__size_of_I2C_Start_Bit     (abs)        00000
__size_of_I2C_Stop_Bit      (abs)        00000
__size_of_RST_4707          (abs)        00000
__size_of_Send_I2C_Data     (abs)        00000
__size_of_Tune550           (abs)        00000
__size_of___lldiv           (abs)        00000
__size_of___llmod           (abs)        00000
__size_of_init_io           (abs)        00000
__size_of_lcd_init          (abs)        00000
__size_of_ltoa              (abs)        00000
__size_of_main              (abs)        00000
__size_of_poll_lcd          (abs)        00000
__size_of_ultoa             (abs)        00000
_buf                        bssBANK1     000A0
_byte                       bssBANK0     0004D
_i                          bssBANK0     0003A
_init_io                    text7        005B7
_lcd_init                   text6        0056C
_ltoa                       text2        005CF
_main                       maintext     0074F
_poll_lcd                   text1        0056D
_temp10                     bssBANK0     00020
_temp25                     bssBANK0     00024
_tempbyte1                  bssBANK0     0004E
_tempbyte2                  bssBANK0     0004F
_tempi                      bssBANK0     00028
_tempn                      bssBANK0     0002C
_tempx                      bssBANK0     00030
_tempy                      bssBANK0     00034
_ultoa                      text3        006C6
_x                          bssBANK0     0003C
btemp                       (abs)        0007E
clear_ram0                  clrtext      0056E
end_of_initialization       cinit        007FD
intlevel0                   functab      00000
intlevel1                   functab      00000
intlevel2                   functab      00000
intlevel3                   functab      00000
intlevel4                   functab      00000
intlevel5                   functab      00000
ltemp                       (abs)        0007E
ltemp0                      (abs)        0007E
ltemp1                      (abs)        00082
ltemp2                      (abs)        00086
ltemp3                      (abs)        00080
ltoa@base                   cstackBANK0  00061
ltoa@buf                    cstackBANK0  00065
ltoa@cp                     cstackBANK0  00064
ltoa@val                    cstackBANK0  0005D
reset_vec                   reset_vec    00000
stackhi                     (abs)        021EF
stacklo                     (abs)        0205A
start                       init         00002
start_initialization        cinit        007EE
ttemp                       (abs)        0007E
ttemp0                      (abs)        0007E
ttemp1                      (abs)        00081
ttemp2                      (abs)        00084
ttemp3                      (abs)        00087
ttemp4                      (abs)        0007F
ultoa@base                  cstackBANK0  00054
ultoa@buf                   cstackBANK0  0005C
ultoa@c                     cstackBANK0  0005B
ultoa@v                     cstackBANK0  00057
ultoa@val                   cstackBANK0  00050
wtemp                       (abs)        0007E
wtemp0                      (abs)        0007E
wtemp1                      (abs)        00080
wtemp2                      (abs)        00082
wtemp3                      (abs)        00084
wtemp4                      (abs)        00086
wtemp5                      (abs)        00088
wtemp6                      (abs)        0007F


FUNCTION INFORMATION:

 *************** function _main *****************
 Defined at:
		line 636 in file "4707.c"
 Parameters:    Size  Location     Type
		None
 Auto vars:     Size  Location     Type
		None
 Return value:  Size  Location     Type
                  2  247[COMMON] int 
 Registers used:
		wreg, fsr1l, fsr1h, status,2, status,0, pclath, cstack
 Tracked objects:
		On entry : 
		On exit  : 
		Unchanged: 
 Data sizes:     COMMON   BANK0   BANK1   BANK2   BANK3   BANK4   BANK5   BANK6
      Params:         0       0       0       0       0       0       0       0
      Locals:         0       0       0       0       0       0       0       0
      Temps:          0       3       0       0       0       0       0       0
      Totals:         0       3       0       0       0       0       0       0
Total ram usage:        3 bytes
 Hardware stack levels required when called:    3
 This function calls:
		_I2C_Control_Write
		_I2C_Start_Bit
		_I2C_Stop_Bit
		_RST_4707
		_Send_I2C_Data
		_Tune550
		_init_io
		_lcd_init
		_ltoa
		_poll_lcd
 This function is called by:
		Startup code after reset
 This function uses a non-reentrant model


 *************** function _poll_lcd *****************
 Defined at:
		line 594 in file "4707.c"
 Parameters:    Size  Location     Type
		None
 Auto vars:     Size  Location     Type
		None
 Return value:  Size  Location     Type
                  2  235[COMMON] int 
 Registers used:
		None
 Tracked objects:
		On entry : 
		On exit  : 
		Unchanged: 
 Data sizes:     COMMON   BANK0   BANK1   BANK2   BANK3   BANK4   BANK5   BANK6
      Params:         0       0       0       0       0       0       0       0
      Locals:         0       0       0       0       0       0       0       0
      Temps:          0       0       0       0       0       0       0       0
      Totals:         0       0       0       0       0       0       0       0
Total ram usage:        0 bytes
 Hardware stack levels used:    1
 This function calls:
		Nothing
 This function is called by:
		_main
 This function uses a non-reentrant model


 *************** function _ltoa *****************
 Defined at:
		line 7 in file "C:\Program Files\Microchip\xc8\v1.30\sources\common\ltoa.c"
 Parameters:    Size  Location     Type
  buf             1    wreg     PTR unsigned char 
		 -> buf(10), 
  val             4   13[BANK0 ] long 
  base            2   17[BANK0 ] int 
 Auto vars:     Size  Location     Type
  buf             1   21[BANK0 ] PTR unsigned char 
		 -> buf(10), 
  cp              1   20[BANK0 ] PTR unsigned char 
		 -> buf(10), 
 Return value:  Size  Location     Type
                  1    wreg      PTR unsigned char 
 Registers used:
		wreg, fsr1l, fsr1h, status,2, status,0, pclath, cstack
 Tracked objects:
		On entry : 
		On exit  : 
		Unchanged: 
 Data sizes:     COMMON   BANK0   BANK1   BANK2   BANK3   BANK4   BANK5   BANK6
      Params:         0       6       0       0       0       0       0       0
      Locals:         0       2       0       0       0       0       0       0
      Temps:          0       1       0       0       0       0       0       0
      Totals:         0       9       0       0       0       0       0       0
Total ram usage:        9 bytes
 Hardware stack levels used:    1
 Hardware stack levels required when called:    2
 This function calls:
		_ultoa
 This function is called by:
		_main
 This function uses a non-reentrant model


 *************** function _ultoa *****************
 Defined at:
		line 32 in file "C:\Program Files\Microchip\xc8\v1.30\sources\common\ltoa.c"
 Parameters:    Size  Location     Type
  buf             1    wreg     PTR unsigned char 
		 -> buf(10), 
  val             4    0[BANK0 ] unsigned long 
  base            2    4[BANK0 ] int 
 Auto vars:     Size  Location     Type
  buf             1   12[BANK0 ] PTR unsigned char 
		 -> buf(10), 
  v               4    7[BANK0 ] unsigned long 
  c               1   11[BANK0 ] unsigned char 
 Return value:  Size  Location     Type
                  1    wreg      PTR unsigned char 
 Registers used:
		wreg, fsr1l, fsr1h, status,2, status,0, pclath, cstack
 Tracked objects:
		On entry : 
		On exit  : 
		Unchanged: 
 Data sizes:     COMMON   BANK0   BANK1   BANK2   BANK3   BANK4   BANK5   BANK6
      Params:         0       6       0       0       0       0       0       0
      Locals:         0       6       0       0       0       0       0       0
      Temps:          0       1       0       0       0       0       0       0
      Totals:         0      13       0       0       0       0       0       0
Total ram usage:       13 bytes
 Hardware stack levels used:    1
 Hardware stack levels required when called:    1
 This function calls:
		___lldiv
		___llmod
 This function is called by:
		_ltoa
 This function uses a non-reentrant model


 *************** function ___llmod *****************
 Defined at:
		line 6 in file "C:\Program Files\Microchip\xc8\v1.30\sources\common\llmod.c"
 Parameters:    Size  Location     Type
  divisor         4    0[COMMON] unsigned long 
  dividend        4    4[COMMON] unsigned long 
 Auto vars:     Size  Location     Type
  counter         1    9[COMMON] unsigned char 
 Return value:  Size  Location     Type
                  4    0[COMMON] unsigned long 
 Registers used:
		wreg, status,2, status,0
 Tracked objects:
		On entry : 
		On exit  : 
		Unchanged: 
 Data sizes:     COMMON   BANK0   BANK1   BANK2   BANK3   BANK4   BANK5   BANK6
      Params:         8       0       0       0       0       0       0       0
      Locals:         1       0       0       0       0       0       0       0
      Temps:          1       0       0       0       0       0       0       0
      Totals:        10       0       0       0       0       0       0       0
Total ram usage:       10 bytes
 Hardware stack levels used:    1
 This function calls:
		Nothing
 This function is called by:
		_ultoa
 This function uses a non-reentrant model


 *************** function ___lldiv *****************
 Defined at:
		line 6 in file "C:\Program Files\Microchip\xc8\v1.30\sources\common\lldiv.c"
 Parameters:    Size  Location     Type
  divisor         4    0[COMMON] unsigned long 
  dividend        4    4[COMMON] unsigned long 
 Auto vars:     Size  Location     Type
  quotient        4    9[COMMON] unsigned long 
  counter         1   13[COMMON] unsigned char 
 Return value:  Size  Location     Type
                  4    0[COMMON] unsigned long 
 Registers used:
		wreg, status,2, status,0
 Tracked objects:
		On entry : 
		On exit  : 
		Unchanged: 
 Data sizes:     COMMON   BANK0   BANK1   BANK2   BANK3   BANK4   BANK5   BANK6
      Params:         8       0       0       0       0       0       0       0
      Locals:         5       0       0       0       0       0       0       0
      Temps:          1       0       0       0       0       0       0       0
      Totals:        14       0       0       0       0       0       0       0
Total ram usage:       14 bytes
 Hardware stack levels used:    1
 This function calls:
		Nothing
 This function is called by:
		_ultoa
 This function uses a non-reentrant model


 *************** function _lcd_init *****************
 Defined at:
		line 78 in file "4707.c"
 Parameters:    Size  Location     Type
		None
 Auto vars:     Size  Location     Type
		None
 Return value:  Size  Location     Type
		None               void
 Registers used:
		None
 Tracked objects:
		On entry : 
		On exit  : 
		Unchanged: 
 Data sizes:     COMMON   BANK0   BANK1   BANK2   BANK3   BANK4   BANK5   BANK6
      Params:         0       0       0       0       0       0       0       0
      Locals:         0       0       0       0       0       0       0       0
      Temps:          0       0       0       0       0       0       0       0
      Totals:         0       0       0       0       0       0       0       0
Total ram usage:        0 bytes
 Hardware stack levels used:    1
 This function calls:
		Nothing
 This function is called by:
		_main
 This function uses a non-reentrant model


 *************** function _init_io *****************
 Defined at:
		line 50 in file "4707.c"
 Parameters:    Size  Location     Type
		None
 Auto vars:     Size  Location     Type
		None
 Return value:  Size  Location     Type
		None               void
 Registers used:
		status,2
 Tracked objects:
		On entry : 
		On exit  : 
		Unchanged: 
 Data sizes:     COMMON   BANK0   BANK1   BANK2   BANK3   BANK4   BANK5   BANK6
      Params:         0       0       0       0       0       0       0       0
      Locals:         0       0       0       0       0       0       0       0
      Temps:          0       0       0       0       0       0       0       0
      Totals:         0       0       0       0       0       0       0       0
Total ram usage:        0 bytes
 Hardware stack levels used:    1
 This function calls:
		Nothing
 This function is called by:
		_main
 This function uses a non-reentrant model


 *************** function _Tune550 *****************
 Defined at:
		line 303 in file "4707.c"
 Parameters:    Size  Location     Type
		None
 Auto vars:     Size  Location     Type
		None
 Return value:  Size  Location     Type
		None               void
 Registers used:
		wreg, status,2, status,0, pclath, cstack
 Tracked objects:
		On entry : 
		On exit  : 
		Unchanged: 
 Data sizes:     COMMON   BANK0   BANK1   BANK2   BANK3   BANK4   BANK5   BANK6
      Params:         0       0       0       0       0       0       0       0
      Locals:         0       0       0       0       0       0       0       0
      Temps:          3       0       0       0       0       0       0       0
      Totals:         3       0       0       0       0       0       0       0
Total ram usage:        3 bytes
 Hardware stack levels used:    1
 Hardware stack levels required when called:    1
 This function calls:
		_I2C_Control_Write
		_I2C_Start_Bit
		_I2C_Stop_Bit
		_Send_I2C_Data
 This function is called by:
		_main
 This function uses a non-reentrant model


 *************** function _Send_I2C_Data *****************
 Defined at:
		line 99 in file "4707.c"
 Parameters:    Size  Location     Type
  databyte        2    0[COMMON] unsigned int 
 Auto vars:     Size  Location     Type
		None
 Return value:  Size  Location     Type
		None               void
 Registers used:
		wreg
 Tracked objects:
		On entry : 
		On exit  : 
		Unchanged: 
 Data sizes:     COMMON   BANK0   BANK1   BANK2   BANK3   BANK4   BANK5   BANK6
      Params:         2       0       0       0       0       0       0       0
      Locals:         0       0       0       0       0       0       0       0
      Temps:          0       0       0       0       0       0       0       0
      Totals:         2       0       0       0       0       0       0       0
Total ram usage:        2 bytes
 Hardware stack levels used:    1
 This function calls:
		Nothing
 This function is called by:
		_Tune550
		_main
		_Tune400
		_Tune425
		_Tune450
		_Tune475
		_Tune500
		_Tune525
		_CheckStatus
		_CheckSAME
		_ResetSAME
 This function uses a non-reentrant model


 *************** function _I2C_Stop_Bit *****************
 Defined at:
		line 173 in file "4707.c"
 Parameters:    Size  Location     Type
		None
 Auto vars:     Size  Location     Type
		None
 Return value:  Size  Location     Type
		None               void
 Registers used:
		wreg
 Tracked objects:
		On entry : 
		On exit  : 
		Unchanged: 
 Data sizes:     COMMON   BANK0   BANK1   BANK2   BANK3   BANK4   BANK5   BANK6
      Params:         0       0       0       0       0       0       0       0
      Locals:         0       0       0       0       0       0       0       0
      Temps:          0       0       0       0       0       0       0       0
      Totals:         0       0       0       0       0       0       0       0
Total ram usage:        0 bytes
 Hardware stack levels used:    1
 This function calls:
		Nothing
 This function is called by:
		_Tune550
		_main
		_Tune400
		_Tune425
		_Tune450
		_Tune475
		_Tune500
		_Tune525
		_CheckStatus
		_CheckSAME
		_ResetSAME
 This function uses a non-reentrant model


 *************** function _I2C_Start_Bit *****************
 Defined at:
		line 141 in file "4707.c"
 Parameters:    Size  Location     Type
		None
 Auto vars:     Size  Location     Type
		None
 Return value:  Size  Location     Type
		None               void
 Registers used:
		wreg
 Tracked objects:
		On entry : 
		On exit  : 
		Unchanged: 
 Data sizes:     COMMON   BANK0   BANK1   BANK2   BANK3   BANK4   BANK5   BANK6
      Params:         0       0       0       0       0       0       0       0
      Locals:         0       0       0       0       0       0       0       0
      Temps:          0       0       0       0       0       0       0       0
      Totals:         0       0       0       0       0       0       0       0
Total ram usage:        0 bytes
 Hardware stack levels used:    1
 This function calls:
		Nothing
 This function is called by:
		_Tune550
		_main
		_Tune400
		_Tune425
		_Tune450
		_Tune475
		_Tune500
		_Tune525
		_CheckStatus
		_CheckSAME
		_ResetSAME
 This function uses a non-reentrant model


 *************** function _I2C_Control_Write *****************
 Defined at:
		line 116 in file "4707.c"
 Parameters:    Size  Location     Type
		None
 Auto vars:     Size  Location     Type
		None
 Return value:  Size  Location     Type
		None               void
 Registers used:
		wreg
 Tracked objects:
		On entry : 
		On exit  : 
		Unchanged: 
 Data sizes:     COMMON   BANK0   BANK1   BANK2   BANK3   BANK4   BANK5   BANK6
      Params:         0       0       0       0       0       0       0       0
      Locals:         0       0       0       0       0       0       0       0
      Temps:          0       0       0       0       0       0       0       0
      Totals:         0       0       0       0       0       0       0       0
Total ram usage:        0 bytes
 Hardware stack levels used:    1
 This function calls:
		Nothing
 This function is called by:
		_Tune550
		_main
		_Tune400
		_Tune425
		_Tune450
		_Tune475
		_Tune500
		_Tune525
		_CheckStatus
		_CheckSAME
		_ResetSAME
 This function uses a non-reentrant model


 *************** function _RST_4707 *****************
 Defined at:
		line 600 in file "4707.c"
 Parameters:    Size  Location     Type
		None
 Auto vars:     Size  Location     Type
		None
 Return value:  Size  Location     Type
		None               void
 Registers used:
		wreg
 Tracked objects:
		On entry : 
		On exit  : 
		Unchanged: 
 Data sizes:     COMMON   BANK0   BANK1   BANK2   BANK3   BANK4   BANK5   BANK6
      Params:         0       0       0       0       0       0       0       0
      Locals:         0       0       0       0       0       0       0       0
      Temps:          2       0       0       0       0       0       0       0
      Totals:         2       0       0       0       0       0       0       0
Total ram usage:        2 bytes
 Hardware stack levels used:    1
 This function calls:
		Nothing
 This function is called by:
		_main
 This function uses a non-reentrant model



MODULE INFORMATION

Module		Function		Class		Link	Load	Size
C:\Program Files\Microchip\xc8\v1.30\sources\common\ltoa.c
		_ltoa          		CODE           	05CF	0000	48
		_ultoa         		CODE           	06C6	0000	137

C:\Program Files\Microchip\xc8\v1.30\sources\common\ltoa.c estimated size: 185

shared
		__initializatio		CODE           	07EE	0000	15

shared estimated size: 15

C:\Program Files\Microchip\xc8\v1.30\sources\common\llmod.c
		___llmod       		CODE           	0632	0000	66

C:\Program Files\Microchip\xc8\v1.30\sources\common\llmod.c estimated size: 66

C:\Program Files\Microchip\xc8\v1.30\sources\common\lldiv.c
		___lldiv       		CODE           	0674	0000	82

C:\Program Files\Microchip\xc8\v1.30\sources\common\lldiv.c estimated size: 82

4707.c
		_I2C_Start_Bit 		CODE           	0598	0000	15
		_poll_lcd      		CODE           	056D	0000	1
		_Tune550       		CODE           	05FF	0000	51
		_main          		CODE           	074F	0000	159
		_RST_4707      		CODE           	058A	0000	14
		_Send_I2C_Data 		CODE           	0574	0000	9
		_I2C_Stop_Bit  		CODE           	057D	0000	13
		_I2C_Control_Wr		CODE           	05A7	0000	16
		_init_io       		CODE           	05B7	0000	24
		_lcd_init      		CODE           	056C	0000	1

4707.c estimated size: 303

