

Microchip Technology PIC LITE Macro Assembler V1.30 build 55553 
                                                                                               Tue Feb 25 18:55:12 2014

Microchip Technology Omniscient Code Generator (Lite mode) build 55553
     1                           	processor	16F1509
     2                           	opt	pw 120
     3                           	opt	lm
     4                           	psect	strings,global,class=STRING,delta=2
     5                           	psect	cinit,global,class=CODE,merge=1,delta=2
     6                           	psect	bssCOMMON,global,class=COMMON,space=1,delta=1
     7                           	psect	bssBANK0,global,class=BANK0,space=1,delta=1
     8                           	psect	clrtext,global,class=CODE,delta=2
     9                           	psect	cstackCOMMON,global,class=COMMON,space=1,delta=1
    10                           	psect	maintext,global,class=CODE,merge=1,split=1,delta=2
    11                           	psect	text1,local,class=CODE,merge=1,delta=2
    12                           	psect	text2,local,class=CODE,merge=1,delta=2
    13                           	psect	text3,local,class=CODE,merge=1,delta=2
    14                           	psect	text4,local,class=CODE,merge=1,delta=2
    15                           	psect	text5,local,class=CODE,merge=1,delta=2
    16                           	psect	text6,local,class=CODE,merge=1,delta=2
    17                           	dabs	1,0x7E,2
    18  0000                     	;# 
    19  0001                     	;# 
    20  0002                     	;# 
    21  0003                     	;# 
    22  0004                     	;# 
    23  0005                     	;# 
    24  0006                     	;# 
    25  0007                     	;# 
    26  0008                     	;# 
    27  0009                     	;# 
    28  000A                     	;# 
    29  000B                     	;# 
    30  000C                     	;# 
    31  000D                     	;# 
    32  000E                     	;# 
    33  0011                     	;# 
    34  0012                     	;# 
    35  0013                     	;# 
    36  0015                     	;# 
    37  0016                     	;# 
    38  0016                     	;# 
    39  0017                     	;# 
    40  0018                     	;# 
    41  0019                     	;# 
    42  001A                     	;# 
    43  001B                     	;# 
    44  001C                     	;# 
    45  008C                     	;# 
    46  008D                     	;# 
    47  008E                     	;# 
    48  0091                     	;# 
    49  0092                     	;# 
    50  0093                     	;# 
    51  0095                     	;# 
    52  0096                     	;# 
    53  0097                     	;# 
    54  0099                     	;# 
    55  009A                     	;# 
    56  009B                     	;# 
    57  009B                     	;# 
    58  009C                     	;# 
    59  009D                     	;# 
    60  009E                     	;# 
    61  009F                     	;# 
    62  010C                     	;# 
    63  010D                     	;# 
    64  010E                     	;# 
    65  0111                     	;# 
    66  0112                     	;# 
    67  0113                     	;# 
    68  0114                     	;# 
    69  0115                     	;# 
    70  0116                     	;# 
    71  0117                     	;# 
    72  0118                     	;# 
    73  0119                     	;# 
    74  011D                     	;# 
    75  018C                     	;# 
    76  018D                     	;# 
    77  018E                     	;# 
    78  0191                     	;# 
    79  0191                     	;# 
    80  0192                     	;# 
    81  0193                     	;# 
    82  0193                     	;# 
    83  0194                     	;# 
    84  0195                     	;# 
    85  0196                     	;# 
    86  0197                     	;# 
    87  0199                     	;# 
    88  019A                     	;# 
    89  019B                     	;# 
    90  019B                     	;# 
    91  019C                     	;# 
    92  019D                     	;# 
    93  019E                     	;# 
    94  019F                     	;# 
    95  020C                     	;# 
    96  020D                     	;# 
    97  0211                     	;# 
    98  0211                     	;# 
    99  0212                     	;# 
   100  0212                     	;# 
   101  0213                     	;# 
   102  0213                     	;# 
   103  0214                     	;# 
   104  0214                     	;# 
   105  0215                     	;# 
   106  0215                     	;# 
   107  0215                     	;# 
   108  0216                     	;# 
   109  0216                     	;# 
   110  0217                     	;# 
   111  0217                     	;# 
   112  0391                     	;# 
   113  0392                     	;# 
   114  0393                     	;# 
   115  0394                     	;# 
   116  0395                     	;# 
   117  0396                     	;# 
   118  0498                     	;# 
   119  0498                     	;# 
   120  0499                     	;# 
   121  049A                     	;# 
   122  049B                     	;# 
   123  049B                     	;# 
   124  049C                     	;# 
   125  049E                     	;# 
   126  049F                     	;# 
   127  0611                     	;# 
   128  0612                     	;# 
   129  0613                     	;# 
   130  0613                     	;# 
   131  0614                     	;# 
   132  0615                     	;# 
   133  0616                     	;# 
   134  0616                     	;# 
   135  0617                     	;# 
   136  0618                     	;# 
   137  0619                     	;# 
   138  0619                     	;# 
   139  061A                     	;# 
   140  061B                     	;# 
   141  061C                     	;# 
   142  061C                     	;# 
   143  0691                     	;# 
   144  0692                     	;# 
   145  0693                     	;# 
   146  0694                     	;# 
   147  0695                     	;# 
   148  0F0F                     	;# 
   149  0F10                     	;# 
   150  0F11                     	;# 
   151  0F12                     	;# 
   152  0F13                     	;# 
   153  0F14                     	;# 
   154  0F15                     	;# 
   155  0F16                     	;# 
   156  0F17                     	;# 
   157  0F18                     	;# 
   158  0F19                     	;# 
   159  0F1A                     	;# 
   160  0F1B                     	;# 
   161  0F1C                     	;# 
   162  0F1D                     	;# 
   163  0F1E                     	;# 
   164  0F1F                     	;# 
   165  0F20                     	;# 
   166  0F21                     	;# 
   167  0F22                     	;# 
   168  0F23                     	;# 
   169  0F24                     	;# 
   170  0F25                     	;# 
   171  0F26                     	;# 
   172  0F27                     	;# 
   173  0F28                     	;# 
   174  0F29                     	;# 
   175  0F2A                     	;# 
   176  0F2B                     	;# 
   177  0F2C                     	;# 
   178  0F2D                     	;# 
   179  0F2E                     	;# 
   180  0F2F                     	;# 
   181  0F8C                     	;# 
   182  0F8D                     	;# 
   183  0F91                     	;# 
   184  0F95                     	;# 
   185  0F96                     	;# 
   186  0F97                     	;# 
   187  0F9C                     	;# 
   188  0F9D                     	;# 
   189  0F9E                     	;# 
   190  0FE3                     	;# 
   191  0FE4                     	;# 
   192  0FE5                     	;# 
   193  0FE6                     	;# 
   194  0FE7                     	;# 
   195  0FE8                     	;# 
   196  0FE9                     	;# 
   197  0FEA                     	;# 
   198  0FEB                     	;# 
   199  0FED                     	;# 
   200  0FEE                     	;# 
   201  0FEF                     	;# 
   202  009D                     _ADCON0	set	157
   203  009E                     _ADCON1	set	158
   204  0099                     _OSCCONbits	set	153
   205  008C                     _TRISAbits	set	140
   206  008E                     _TRISCbits	set	142
   207  010C                     _LATAbits	set	268
   208  010E                     _LATC	set	270
   209  018E                     _ANSELCbits	set	398
   210                           
   211                           	psect	strings
   212  0004                     __pstrings:	
   213  0004                     __stringtab:	
   214  0004  3400               	retlw	0
   215  0005                     __end_of__stringtab:	
   216  0005                     __stringdata:	
   217  0005                     STR_1:	
   218  0005  3420               	retlw	32	;' '
   219  0006  3420               	retlw	32	;' '
   220  0007  3420               	retlw	32	;' '
   221  0008  3420               	retlw	32	;' '
   222  0009  3420               	retlw	32	;' '
   223  000A  3420               	retlw	32	;' '
   224  000B  3420               	retlw	32	;' '
   225  000C  3420               	retlw	32	;' '
   226  000D  3420               	retlw	32	;' '
   227  000E  3420               	retlw	32	;' '
   228  000F  3420               	retlw	32	;' '
   229  0010  3420               	retlw	32	;' '
   230  0011  3420               	retlw	32	;' '
   231  0012  3420               	retlw	32	;' '
   232  0013  3420               	retlw	32	;' '
   233  0014  3420               	retlw	32	;' '
   234  0015  3400               	retlw	0
   235  0016                     STR_2:	
   236  0016  3454               	retlw	84	;'T'
   237  0017  3465               	retlw	101	;'e'
   238  0018  3473               	retlw	115	;'s'
   239  0019  3474               	retlw	116	;'t'
   240  001A  3469               	retlw	105	;'i'
   241  001B  346E               	retlw	110	;'n'
   242  001C  3467               	retlw	103	;'g'
   243  001D  3420               	retlw	32	;' '
   244  001E  3474               	retlw	116	;'t'
   245  001F  3468               	retlw	104	;'h'
   246  0020  3465               	retlw	101	;'e'
   247  0021  3420               	retlw	32	;' '
   248  0022  344C               	retlw	76	;'L'
   249  0023  3443               	retlw	67	;'C'
   250  0024  3444               	retlw	68	;'D'
   251  0025  342E               	retlw	46	;'.'
   252  0026  3400               	retlw	0
   253  0027                     __end_of__stringdata:	
   254                           
   255                           ; #config settings
   256  0000                     
   257                           	psect	cinit
   258  07F2                     start_initialization:	
   259  07F2                     __initialization:	
   260                           
   261                           ; Clear objects allocated to COMMON
   262  07F2  01F9               	clrf	__pbssCOMMON& (0+127)
   263  07F3  01FA               	clrf	(__pbssCOMMON+1)& (0+127)
   264  07F4  01FB               	clrf	(__pbssCOMMON+2)& (0+127)
   265  07F5  01FC               	clrf	(__pbssCOMMON+3)& (0+127)
   266                           
   267                           ; Clear objects allocated to BANK0
   268  07F6  3020               	movlw	low __pbssBANK0
   269  07F7  0084               	movwf	4
   270  07F8  3000               	movlw	high __pbssBANK0
   271  07F9  0085               	movwf	5
   272  07FA  3016               	movlw	22
   273  07FB  3186  26EC         	fcall	clear_ram0
   274  07FD                     end_of_initialization:	
   275                           ;End of C runtime variable initialization code
   276                           
   277  07FD                     __end_of__initialization:	
   278  07FD  0020               	movlb	0
   279  07FE  3187  2F99         	ljmp	_main	;jump to C main() function
   280                           
   281                           	psect	bssCOMMON
   282  0079                     __pbssCOMMON:	
   283  0079                     _an9_value:	
   284  0079                     	ds	2
   285  007B                     _tempi:	
   286  007B                     	ds	2
   287                           
   288                           	psect	bssBANK0
   289  0020                     __pbssBANK0:	
   290  0020                     _buf:	
   291  0020                     	ds	10
   292  002A                     _decm:	
   293  002A                     	ds	4
   294  002E                     _fvar:	
   295  002E                     	ds	4
   296  0032                     _ones:	
   297  0032                     	ds	4
   298                           
   299                           	psect	clrtext
   300  06EC                     clear_ram0:	
   301                           ;	Called with FSR0 containing the base address, and
   302                           ;	WREG with the size to clear
   303                           
   304  06EC  0064               	clrwdt	;clear the watchdog before getting into this loop
   305  06ED                     clrloop0:	
   306  06ED  0180               	clrf	0	;clear RAM location pointed to by FSR
   307  06EE  3101               	addfsr 0,1
   308  06EF  0B89               	decfsz	9,f	;Have we reached the end of clearing yet?
   309  06F0  2EED               	goto	clrloop0	;have we reached the end yet?
   310  06F1  3400               	retlw	0	;all done for this memory range, return
   311                           
   312                           	psect	cstackCOMMON
   313  0070                     __pcstackCOMMON:	
   314  0070                     ?_lcd_strobe:	
   315  0070                     ??_lcd_strobe:	
   316                           ; 0 bytes @ 0x0
   317                           
   318  0070                     ?_lcd_write:	
   319                           ; 0 bytes @ 0x0
   320                           
   321  0070                     ?_lcd_clear:	
   322                           ; 0 bytes @ 0x0
   323                           
   324  0070                     ?_lcd_puts:	
   325                           ; 0 bytes @ 0x0
   326                           
   327  0070                     ?_lcd_goto:	
   328                           ; 0 bytes @ 0x0
   329                           
   330  0070                     ?_lcd_init:	
   331                           ; 0 bytes @ 0x0
   332                           
   333  0070                     ?_main:	
   334                           ; 0 bytes @ 0x0
   335                           
   336                           
   337                           ; 2 bytes @ 0x0
   338  0070                     	ds	2
   339  0072                     ??_lcd_write:	
   340                           
   341                           ; 0 bytes @ 0x2
   342  0072                     	ds	1
   343  0073                     lcd_write@c:	
   344                           
   345                           ; 1 bytes @ 0x3
   346  0073                     	ds	1
   347  0074                     ??_lcd_clear:	
   348  0074                     ??_lcd_puts:	
   349                           ; 0 bytes @ 0x4
   350                           
   351  0074                     ??_lcd_goto:	
   352                           ; 0 bytes @ 0x4
   353                           
   354  0074                     ??_lcd_init:	
   355                           ; 0 bytes @ 0x4
   356                           
   357  0074                     lcd_goto@pos:	
   358                           ; 0 bytes @ 0x4
   359                           
   360                           
   361                           ; 1 bytes @ 0x4
   362  0074                     	ds	1
   363  0075                     lcd_puts@s:	
   364                           
   365                           ; 1 bytes @ 0x5
   366  0075                     	ds	1
   367  0076                     ??_main:	
   368                           
   369                           ; 0 bytes @ 0x6
   370  0076                     	ds	3
   371                           
   372                           	psect	maintext
   373  0799                     __pmaintext:	
   374 ;;
   375 ;;Main: autosize = 0, tempsize = 3, incstack = 0, save=0
   376 ;;
   377 ;; *************** function _main *****************
   378 ;; Defined at:
   379 ;;		line 140 in file "main.c"
   380 ;; Parameters:    Size  Location     Type
   381 ;;		None
   382 ;; Auto vars:     Size  Location     Type
   383 ;;		None
   384 ;; Return value:  Size  Location     Type
   385 ;;                  2   56[COMMON] int 
   386 ;; Registers used:
   387 ;;		wreg, status,2, status,0, pclath, cstack
   388 ;; Tracked objects:
   389 ;;		On entry : 17F/0
   390 ;;		On exit  : 0/0
   391 ;;		Unchanged: 0/0
   392 ;; Data sizes:     COMMON   BANK0   BANK1   BANK2   BANK3   BANK4   BANK5   BANK6
   393 ;;      Params:         0       0       0       0       0       0       0       0
   394 ;;      Locals:         0       0       0       0       0       0       0       0
   395 ;;      Temps:          3       0       0       0       0       0       0       0
   396 ;;      Totals:         3       0       0       0       0       0       0       0
   397 ;;Total ram usage:        3 bytes
   398 ;; Hardware stack levels required when called:    3
   399 ;; This function calls:
   400 ;;		_lcd_clear
   401 ;;		_lcd_goto
   402 ;;		_lcd_init
   403 ;;		_lcd_puts
   404 ;; This function is called by:
   405 ;;		Startup code after reset
   406 ;; This function uses a non-reentrant model
   407 ;;
   408                           
   409                           
   410                           ;psect for function _main
   411  0799                     _main:	
   412                           
   413                           ;main.c: 142: OSCCONbits.IRCF = 0x0d;
   414                           
   415                           ;incstack = 0
   416                           ; Regs used in _main: [wreg+status,2+status,0+pclath+cstack]
   417  0799  0021               	movlb	1	; select bank1
   418  079A  0819               	movf	25,w	;volatile
   419  079B  3987               	andlw	-121
   420  079C  3868               	iorlw	104
   421  079D  0099               	movwf	25	;volatile
   422                           
   423                           ;main.c: 143: OSCCONbits.SCS = 0x02;
   424  079E  0819               	movf	25,w	;volatile
   425  079F  39FC               	andlw	-4
   426  07A0  3802               	iorlw	2
   427  07A1  0099               	movwf	25	;volatile
   428                           
   429                           ;main.c: 145: TRISCbits.TRISC0 = 0;
   430  07A2  100E               	bcf	14,0	;volatile
   431                           
   432                           ;main.c: 146: TRISCbits.TRISC1 = 0;
   433  07A3  108E               	bcf	14,1	;volatile
   434                           
   435                           ;main.c: 147: TRISCbits.TRISC2 = 0;
   436  07A4  110E               	bcf	14,2	;volatile
   437                           
   438                           ;main.c: 148: TRISCbits.TRISC3 = 0;
   439  07A5  118E               	bcf	14,3	;volatile
   440                           
   441                           ;main.c: 149: TRISAbits.TRISA0 = 0;
   442  07A6  100C               	bcf	12,0	;volatile
   443                           
   444                           ;main.c: 150: TRISAbits.TRISA4 = 0;
   445  07A7  120C               	bcf	12,4	;volatile
   446                           
   447                           ;main.c: 151: TRISAbits.TRISA5 = 0;
   448  07A8  128C               	bcf	12,5	;volatile
   449                           
   450                           ;main.c: 152: TRISCbits.TRISC7 = 1;
   451  07A9  178E               	bsf	14,7	;volatile
   452                           
   453                           ;main.c: 153: ANSELCbits.ANSC7 = 1;
   454  07AA  0023               	movlb	3	; select bank3
   455  07AB  178E               	bsf	14,7	;volatile
   456                           
   457                           ;main.c: 154: LATAbits.LATA0 = 0;
   458  07AC  0022               	movlb	2	; select bank2
   459  07AD  100C               	bcf	12,0	;volatile
   460                           
   461                           ;main.c: 156: _delay((unsigned long)((250)*(4000000/4000.0)));
   462  07AE  3002               	movlw	2
   463  07AF  00F8               	movwf	??_main+2
   464  07B0  3045               	movlw	69
   465  07B1  00F7               	movwf	??_main+1
   466  07B2  30A9               	movlw	169
   467  07B3  00F6               	movwf	??_main
   468  07B4                     u37:	
   469  07B4  0BF6               	decfsz	??_main,f
   470  07B5  2FB4               	goto	u37
   471  07B6  0BF7               	decfsz	??_main+1,f
   472  07B7  2FB4               	goto	u37
   473  07B8  0BF8               	decfsz	??_main+2,f
   474  07B9  2FB4               	goto	u37
   475  07BA  2FBB               	nop2
   476                           
   477                           ;main.c: 158: lcd_init();
   478  07BB  3187  2746  3187   	fcall	_lcd_init
   479                           
   480                           ;main.c: 159: _delay((unsigned long)((10)*(4000000/4000.0)));
   481  07BE  300D               	movlw	13
   482  07BF  00F7               	movwf	??_main+1
   483  07C0  30FB               	movlw	251
   484  07C1  00F6               	movwf	??_main
   485  07C2                     u47:	
   486  07C2  0BF6               	decfsz	??_main,f
   487  07C3  2FC2               	goto	u47
   488  07C4  0BF7               	decfsz	??_main+1,f
   489  07C5  2FC2               	goto	u47
   490  07C6  2FC7               	nop2
   491                           
   492                           ;main.c: 160: lcd_clear();
   493  07C7  3187  2708  3187   	fcall	_lcd_clear
   494                           
   495                           ;main.c: 163: lcd_goto(0);
   496  07CA  3000               	movlw	0
   497  07CB  3186  26F2  3187   	fcall	_lcd_goto
   498                           
   499                           ;main.c: 164: lcd_puts("Testing the LCD.");
   500  07CE  3016               	movlw	(STR_2| (0+32768))& (0+255)
   501  07CF  3187  2718  3187   	fcall	_lcd_puts
   502                           
   503                           ;main.c: 165: lcd_goto(64);
   504  07D2  3040               	movlw	64
   505  07D3  3186  26F2  3187   	fcall	_lcd_goto
   506                           
   507                           ;main.c: 167: ADCON0 = 0b00100101;
   508  07D6  3025               	movlw	37
   509  07D7  0021               	movlb	1	; select bank1
   510  07D8  009D               	movwf	29	;volatile
   511                           
   512                           ;main.c: 178: ADCON1 = 0b01100000;
   513  07D9  3060               	movlw	96
   514  07DA  009E               	movwf	30	;volatile
   515  07DB                     l529:	
   516                           ;main.c: 180: while(1)
   517                           
   518                           
   519                           ;main.c: 181: {
   520                           ;main.c: 182: LATAbits.LATA0 = 0;
   521  07DB  0022               	movlb	2	; select bank2
   522  07DC  100C               	bcf	12,0	;volatile
   523                           
   524                           ;main.c: 186: _delay((unsigned long)((100)*(4000000/4000000.0)));
   525  07DD  3021               	movlw	33
   526  07DE  00F6               	movwf	??_main
   527  07DF                     u57:	
   528  07DF  0BF6               	decfsz	??_main,f
   529  07E0  2FDF               	goto	u57
   530                           
   531                           ;main.c: 194: _delay((unsigned long)((1)*(4000000/4000.0)));
   532  07E1  30F9               	movlw	249
   533  07E2  00F6               	movwf	??_main
   534  07E3                     u67:	
   535  07E3  0000               	nop
   536  07E4  0BF6               	decfsz	??_main,f
   537  07E5  2FE3               	goto	u67
   538  07E6  2FE7               	nop2	;nop
   539  07E7  0000               	nop
   540                           
   541                           ;main.c: 195: LATAbits.LATA0 = 1;
   542  07E8  0022               	movlb	2	; select bank2
   543  07E9  140C               	bsf	12,0	;volatile
   544                           
   545                           ;main.c: 196: _delay((unsigned long)((1)*(4000000/4000.0)));
   546  07EA  30F9               	movlw	249
   547  07EB  00F6               	movwf	??_main
   548  07EC                     u77:	
   549  07EC  0000               	nop
   550  07ED  0BF6               	decfsz	??_main,f
   551  07EE  2FEC               	goto	u77
   552  07EF  2FF0               	nop2	;nop
   553  07F0  0000               	nop
   554  07F1  2FDB               	goto	l529
   555  07F2                     __end_of_main:	
   556                           ;main.c: 197: }
   557                           ;main.c: 198: return (0);
   558                           ;	Return value of _main is never used
   559                           
   560                           
   561                           	psect	text1
   562  0718                     __ptext1:	
   563 ;; *************** function _lcd_puts *****************
   564 ;; Defined at:
   565 ;;		line 88 in file "main.c"
   566 ;; Parameters:    Size  Location     Type
   567 ;;  s               1    wreg     PTR const unsigned char 
   568 ;;		 -> STR_2(17), STR_1(17), 
   569 ;; Auto vars:     Size  Location     Type
   570 ;;  s               1    5[COMMON] PTR const unsigned char 
   571 ;;		 -> STR_2(17), STR_1(17), 
   572 ;; Return value:  Size  Location     Type
   573 ;;		None               void
   574 ;; Registers used:
   575 ;;		wreg, status,2, status,0, pclath, cstack
   576 ;; Tracked objects:
   577 ;;		On entry : 0/0
   578 ;;		On exit  : 0/0
   579 ;;		Unchanged: 0/0
   580 ;; Data sizes:     COMMON   BANK0   BANK1   BANK2   BANK3   BANK4   BANK5   BANK6
   581 ;;      Params:         0       0       0       0       0       0       0       0
   582 ;;      Locals:         1       0       0       0       0       0       0       0
   583 ;;      Temps:          1       0       0       0       0       0       0       0
   584 ;;      Totals:         2       0       0       0       0       0       0       0
   585 ;;Total ram usage:        2 bytes
   586 ;; Hardware stack levels used:    1
   587 ;; Hardware stack levels required when called:    2
   588 ;; This function calls:
   589 ;;		_lcd_write
   590 ;; This function is called by:
   591 ;;		_main
   592 ;;		_lcd_clrline2
   593 ;; This function uses a non-reentrant model
   594 ;;
   595                           
   596                           
   597                           ;psect for function _lcd_puts
   598  0718                     _lcd_puts:	
   599                           
   600                           ;incstack = 0
   601                           ; Regs used in _lcd_puts: [wreg+status,2+status,0+pclath+cstack]
   602                           ;lcd_puts@s stored from wreg
   603  0718  00F5               	movwf	lcd_puts@s
   604                           
   605                           ;main.c: 90: LATAbits.LATA5 = 1;
   606  0719  0022               	movlb	2	; select bank2
   607  071A  168C               	bsf	12,5	;volatile
   608  071B                     l467:	
   609                           ;main.c: 91: while(*s)
   610                           
   611  071B  0875               	movf	lcd_puts@s,w
   612  071C  3180               	movlp	high __stringtab
   613  071D  000A               	callw
   614  071E  3187               	pagesel	$	;select current page
   615  071F  3800               	iorlw	0
   616  0720  1903               	btfsc	3,2
   617  0721  0008               	return
   618                           
   619                           ;main.c: 92: lcd_write(*s++);
   620  0722  0875               	movf	lcd_puts@s,w
   621  0723  3180               	movlp	high __stringtab
   622  0724  000A               	callw
   623  0725  3187               	pagesel	$	;select current page
   624  0726  3187  272E  3187   	fcall	_lcd_write
   625  0729  3001               	movlw	1
   626  072A  00F4               	movwf	??_lcd_puts
   627  072B  0874               	movf	??_lcd_puts,w
   628  072C  07F5               	addwf	lcd_puts@s,f
   629  072D  2F1B               	goto	l467
   630  072E                     __end_of_lcd_puts:	
   631                           
   632                           	psect	text2
   633  0746                     __ptext2:	
   634 ;; *************** function _lcd_init *****************
   635 ;; Defined at:
   636 ;;		line 119 in file "main.c"
   637 ;; Parameters:    Size  Location     Type
   638 ;;		None
   639 ;; Auto vars:     Size  Location     Type
   640 ;;		None
   641 ;; Return value:  Size  Location     Type
   642 ;;		None               void
   643 ;; Registers used:
   644 ;;		wreg, status,2, status,0, pclath, cstack
   645 ;; Tracked objects:
   646 ;;		On entry : 0/0
   647 ;;		On exit  : 0/0
   648 ;;		Unchanged: 0/0
   649 ;; Data sizes:     COMMON   BANK0   BANK1   BANK2   BANK3   BANK4   BANK5   BANK6
   650 ;;      Params:         0       0       0       0       0       0       0       0
   651 ;;      Locals:         0       0       0       0       0       0       0       0
   652 ;;      Temps:          2       0       0       0       0       0       0       0
   653 ;;      Totals:         2       0       0       0       0       0       0       0
   654 ;;Total ram usage:        2 bytes
   655 ;; Hardware stack levels used:    1
   656 ;; Hardware stack levels required when called:    2
   657 ;; This function calls:
   658 ;;		_lcd_strobe
   659 ;;		_lcd_write
   660 ;; This function is called by:
   661 ;;		_main
   662 ;; This function uses a non-reentrant model
   663 ;;
   664                           
   665                           
   666                           ;psect for function _lcd_init
   667  0746                     _lcd_init:	
   668                           
   669                           ;main.c: 121: LATAbits.LATA5 = 0;
   670                           
   671                           ;incstack = 0
   672                           ; Regs used in _lcd_init: [wreg+status,2+status,0+pclath+cstack]
   673  0746  0022               	movlb	2	; select bank2
   674  0747  128C               	bcf	12,5	;volatile
   675                           
   676                           ;main.c: 122: LATC = 0x03;
   677  0748  3003               	movlw	3
   678  0749  008E               	movwf	14	;volatile
   679                           
   680                           ;main.c: 123: _delay((unsigned long)((150)*(4000000/4000.0)));
   681  074A  30C3               	movlw	195
   682  074B  00F5               	movwf	??_lcd_init+1
   683  074C  30CD               	movlw	205
   684  074D  00F4               	movwf	??_lcd_init
   685  074E                     u87:	
   686  074E  0BF4               	decfsz	??_lcd_init,f
   687  074F  2F4E               	goto	u87
   688  0750  0BF5               	decfsz	??_lcd_init+1,f
   689  0751  2F4E               	goto	u87
   690                           
   691                           ;main.c: 124: lcd_strobe();
   692  0752  3186  26FA  3187   	fcall	_lcd_strobe
   693                           
   694                           ;main.c: 125: _delay((unsigned long)((5)*(4000000/4000.0)));
   695  0755  3007               	movlw	7
   696  0756  00F5               	movwf	??_lcd_init+1
   697  0757  307D               	movlw	125
   698  0758  00F4               	movwf	??_lcd_init
   699  0759                     u97:	
   700  0759  0BF4               	decfsz	??_lcd_init,f
   701  075A  2F59               	goto	u97
   702  075B  0BF5               	decfsz	??_lcd_init+1,f
   703  075C  2F59               	goto	u97
   704                           
   705                           ;main.c: 126: lcd_strobe();
   706  075D  3186  26FA  3187   	fcall	_lcd_strobe
   707                           
   708                           ;main.c: 127: _delay((unsigned long)((5)*(4000000/4000.0)));
   709  0760  3007               	movlw	7
   710  0761  00F5               	movwf	??_lcd_init+1
   711  0762  307D               	movlw	125
   712  0763  00F4               	movwf	??_lcd_init
   713  0764                     u107:	
   714  0764  0BF4               	decfsz	??_lcd_init,f
   715  0765  2F64               	goto	u107
   716  0766  0BF5               	decfsz	??_lcd_init+1,f
   717  0767  2F64               	goto	u107
   718                           
   719                           ;main.c: 128: lcd_strobe();
   720  0768  3186  26FA  3187   	fcall	_lcd_strobe
   721                           
   722                           ;main.c: 129: _delay((unsigned long)((5)*(4000000/4000.0)));
   723  076B  3007               	movlw	7
   724  076C  00F5               	movwf	??_lcd_init+1
   725  076D  307D               	movlw	125
   726  076E  00F4               	movwf	??_lcd_init
   727  076F                     u117:	
   728  076F  0BF4               	decfsz	??_lcd_init,f
   729  0770  2F6F               	goto	u117
   730  0771  0BF5               	decfsz	??_lcd_init+1,f
   731  0772  2F6F               	goto	u117
   732                           
   733                           ;main.c: 130: LATC = 0x02;
   734  0773  3002               	movlw	2
   735  0774  0022               	movlb	2	; select bank2
   736  0775  008E               	movwf	14	;volatile
   737                           
   738                           ;main.c: 131: _delay((unsigned long)((5)*(4000000/4000.0)));
   739  0776  3007               	movlw	7
   740  0777  00F5               	movwf	??_lcd_init+1
   741  0778  307D               	movlw	125
   742  0779  00F4               	movwf	??_lcd_init
   743  077A                     u127:	
   744  077A  0BF4               	decfsz	??_lcd_init,f
   745  077B  2F7A               	goto	u127
   746  077C  0BF5               	decfsz	??_lcd_init+1,f
   747  077D  2F7A               	goto	u127
   748                           
   749                           ;main.c: 132: lcd_strobe();
   750  077E  3186  26FA  3187   	fcall	_lcd_strobe
   751                           
   752                           ;main.c: 133: _delay((unsigned long)((5)*(4000000/4000.0)));
   753  0781  3007               	movlw	7
   754  0782  00F5               	movwf	??_lcd_init+1
   755  0783  307D               	movlw	125
   756  0784  00F4               	movwf	??_lcd_init
   757  0785                     u137:	
   758  0785  0BF4               	decfsz	??_lcd_init,f
   759  0786  2F85               	goto	u137
   760  0787  0BF5               	decfsz	??_lcd_init+1,f
   761  0788  2F85               	goto	u137
   762                           
   763                           ;main.c: 134: lcd_write(0x28);
   764  0789  3028               	movlw	40
   765  078A  3187  272E  3187   	fcall	_lcd_write
   766                           
   767                           ;main.c: 135: lcd_write(0x08);
   768  078D  3008               	movlw	8
   769  078E  3187  272E  3187   	fcall	_lcd_write
   770                           
   771                           ;main.c: 136: lcd_write(0x0C);
   772  0791  300C               	movlw	12
   773  0792  3187  272E  3187   	fcall	_lcd_write
   774                           
   775                           ;main.c: 137: lcd_write(0x06);
   776  0795  3006               	movlw	6
   777  0796  3187  272E         	fcall	_lcd_write
   778  0798  0008               	return
   779  0799                     __end_of_lcd_init:	
   780                           
   781                           	psect	text3
   782  06F2                     __ptext3:	
   783 ;; *************** function _lcd_goto *****************
   784 ;; Defined at:
   785 ;;		line 99 in file "main.c"
   786 ;; Parameters:    Size  Location     Type
   787 ;;  pos             1    wreg     unsigned char 
   788 ;; Auto vars:     Size  Location     Type
   789 ;;  pos             1    4[COMMON] unsigned char 
   790 ;; Return value:  Size  Location     Type
   791 ;;		None               void
   792 ;; Registers used:
   793 ;;		wreg, status,2, status,0, pclath, cstack
   794 ;; Tracked objects:
   795 ;;		On entry : 0/0
   796 ;;		On exit  : 0/0
   797 ;;		Unchanged: 0/0
   798 ;; Data sizes:     COMMON   BANK0   BANK1   BANK2   BANK3   BANK4   BANK5   BANK6
   799 ;;      Params:         0       0       0       0       0       0       0       0
   800 ;;      Locals:         1       0       0       0       0       0       0       0
   801 ;;      Temps:          0       0       0       0       0       0       0       0
   802 ;;      Totals:         1       0       0       0       0       0       0       0
   803 ;;Total ram usage:        1 bytes
   804 ;; Hardware stack levels used:    1
   805 ;; Hardware stack levels required when called:    2
   806 ;; This function calls:
   807 ;;		_lcd_write
   808 ;; This function is called by:
   809 ;;		_main
   810 ;;		_lcd_clrline2
   811 ;; This function uses a non-reentrant model
   812 ;;
   813                           
   814                           
   815                           ;psect for function _lcd_goto
   816  06F2                     _lcd_goto:	
   817                           
   818                           ;incstack = 0
   819                           ; Regs used in _lcd_goto: [wreg+status,2+status,0+pclath+cstack]
   820                           ;lcd_goto@pos stored from wreg
   821  06F2  00F4               	movwf	lcd_goto@pos
   822                           
   823                           ;main.c: 101: LATAbits.LATA5 = 0;
   824  06F3  0022               	movlb	2	; select bank2
   825  06F4  128C               	bcf	12,5	;volatile
   826                           
   827                           ;main.c: 102: lcd_write(0x80+pos);
   828  06F5  0874               	movf	lcd_goto@pos,w
   829  06F6  3E80               	addlw	128
   830  06F7  3187  272E         	fcall	_lcd_write
   831  06F9  0008               	return
   832  06FA                     __end_of_lcd_goto:	
   833                           
   834                           	psect	text4
   835  0708                     __ptext4:	
   836 ;; *************** function _lcd_clear *****************
   837 ;; Defined at:
   838 ;;		line 78 in file "main.c"
   839 ;; Parameters:    Size  Location     Type
   840 ;;		None
   841 ;; Auto vars:     Size  Location     Type
   842 ;;		None
   843 ;; Return value:  Size  Location     Type
   844 ;;		None               void
   845 ;; Registers used:
   846 ;;		wreg, status,2, status,0, pclath, cstack
   847 ;; Tracked objects:
   848 ;;		On entry : 0/0
   849 ;;		On exit  : 0/0
   850 ;;		Unchanged: 0/0
   851 ;; Data sizes:     COMMON   BANK0   BANK1   BANK2   BANK3   BANK4   BANK5   BANK6
   852 ;;      Params:         0       0       0       0       0       0       0       0
   853 ;;      Locals:         0       0       0       0       0       0       0       0
   854 ;;      Temps:          2       0       0       0       0       0       0       0
   855 ;;      Totals:         2       0       0       0       0       0       0       0
   856 ;;Total ram usage:        2 bytes
   857 ;; Hardware stack levels used:    1
   858 ;; Hardware stack levels required when called:    2
   859 ;; This function calls:
   860 ;;		_lcd_write
   861 ;; This function is called by:
   862 ;;		_main
   863 ;; This function uses a non-reentrant model
   864 ;;
   865                           
   866                           
   867                           ;psect for function _lcd_clear
   868  0708                     _lcd_clear:	
   869                           
   870                           ;main.c: 80: LATAbits.LATA5 = 0;
   871                           
   872                           ;incstack = 0
   873                           ; Regs used in _lcd_clear: [wreg+status,2+status,0+pclath+cstack]
   874  0708  0022               	movlb	2	; select bank2
   875  0709  128C               	bcf	12,5	;volatile
   876                           
   877                           ;main.c: 81: lcd_write(0x1);
   878  070A  3001               	movlw	1
   879  070B  3187  272E  3187   	fcall	_lcd_write
   880                           
   881                           ;main.c: 82: _delay((unsigned long)((2)*(4000000/4000.0)));
   882  070E  3003               	movlw	3
   883  070F  00F5               	movwf	??_lcd_clear+1
   884  0710  3097               	movlw	151
   885  0711  00F4               	movwf	??_lcd_clear
   886  0712                     u147:	
   887  0712  0BF4               	decfsz	??_lcd_clear,f
   888  0713  2F12               	goto	u147
   889  0714  0BF5               	decfsz	??_lcd_clear+1,f
   890  0715  2F12               	goto	u147
   891  0716  2F17               	nop2
   892  0717  0008               	return
   893  0718                     __end_of_lcd_clear:	
   894                           
   895                           	psect	text5
   896  072E                     __ptext5:	
   897 ;; *************** function _lcd_write *****************
   898 ;; Defined at:
   899 ;;		line 65 in file "main.c"
   900 ;; Parameters:    Size  Location     Type
   901 ;;  c               1    wreg     unsigned char 
   902 ;; Auto vars:     Size  Location     Type
   903 ;;  c               1    3[COMMON] unsigned char 
   904 ;; Return value:  Size  Location     Type
   905 ;;		None               void
   906 ;; Registers used:
   907 ;;		wreg, status,2, status,0, pclath, cstack
   908 ;; Tracked objects:
   909 ;;		On entry : 0/0
   910 ;;		On exit  : 0/0
   911 ;;		Unchanged: 0/0
   912 ;; Data sizes:     COMMON   BANK0   BANK1   BANK2   BANK3   BANK4   BANK5   BANK6
   913 ;;      Params:         0       0       0       0       0       0       0       0
   914 ;;      Locals:         1       0       0       0       0       0       0       0
   915 ;;      Temps:          1       0       0       0       0       0       0       0
   916 ;;      Totals:         2       0       0       0       0       0       0       0
   917 ;;Total ram usage:        2 bytes
   918 ;; Hardware stack levels used:    1
   919 ;; Hardware stack levels required when called:    1
   920 ;; This function calls:
   921 ;;		_lcd_strobe
   922 ;; This function is called by:
   923 ;;		_lcd_clear
   924 ;;		_lcd_puts
   925 ;;		_lcd_goto
   926 ;;		_lcd_init
   927 ;; This function uses a non-reentrant model
   928 ;;
   929                           
   930                           
   931                           ;psect for function _lcd_write
   932  072E                     _lcd_write:	
   933                           
   934                           ;incstack = 0
   935                           ; Regs used in _lcd_write: [wreg+status,2+status,0+pclath+cstack]
   936                           ;lcd_write@c stored from wreg
   937  072E  00F3               	movwf	lcd_write@c
   938                           
   939                           ;main.c: 67: LATC = c >> 4;
   940  072F  0873               	movf	lcd_write@c,w
   941  0730  00F2               	movwf	??_lcd_write
   942  0731  3004               	movlw	4
   943  0732                     u15:	
   944  0732  36F2               	lsrf	??_lcd_write,f
   945  0733  0B89               	decfsz	9,f
   946  0734  2F32               	goto	u15
   947  0735  0872               	movf	??_lcd_write,w
   948  0736  0022               	movlb	2	; select bank2
   949  0737  008E               	movwf	14	;volatile
   950                           
   951                           ;main.c: 68: lcd_strobe();
   952  0738  3186  26FA  3187   	fcall	_lcd_strobe
   953                           
   954                           ;main.c: 69: LATC = c;
   955  073B  0873               	movf	lcd_write@c,w
   956  073C  0022               	movlb	2	; select bank2
   957  073D  008E               	movwf	14	;volatile
   958                           
   959                           ;main.c: 70: lcd_strobe();
   960  073E  3186  26FA  3187   	fcall	_lcd_strobe
   961                           
   962                           ;main.c: 71: _delay((unsigned long)((100)*(4000000/4000000.0)));
   963  0741  3021               	movlw	33
   964  0742  00F2               	movwf	??_lcd_write
   965  0743                     u157:	
   966  0743  0BF2               	decfsz	??_lcd_write,f
   967  0744  2F43               	goto	u157
   968  0745  0008               	return
   969  0746                     __end_of_lcd_write:	
   970                           
   971                           	psect	text6
   972  06FA                     __ptext6:	
   973 ;; *************** function _lcd_strobe *****************
   974 ;; Defined at:
   975 ;;		line 56 in file "main.c"
   976 ;; Parameters:    Size  Location     Type
   977 ;;		None
   978 ;; Auto vars:     Size  Location     Type
   979 ;;		None
   980 ;; Return value:  Size  Location     Type
   981 ;;		None               void
   982 ;; Registers used:
   983 ;;		wreg
   984 ;; Tracked objects:
   985 ;;		On entry : 0/0
   986 ;;		On exit  : 0/0
   987 ;;		Unchanged: 0/0
   988 ;; Data sizes:     COMMON   BANK0   BANK1   BANK2   BANK3   BANK4   BANK5   BANK6
   989 ;;      Params:         0       0       0       0       0       0       0       0
   990 ;;      Locals:         0       0       0       0       0       0       0       0
   991 ;;      Temps:          2       0       0       0       0       0       0       0
   992 ;;      Totals:         2       0       0       0       0       0       0       0
   993 ;;Total ram usage:        2 bytes
   994 ;; Hardware stack levels used:    1
   995 ;; This function calls:
   996 ;;		Nothing
   997 ;; This function is called by:
   998 ;;		_lcd_write
   999 ;;		_lcd_init
  1000 ;; This function uses a non-reentrant model
  1001 ;;
  1002                           
  1003                           
  1004                           ;psect for function _lcd_strobe
  1005  06FA                     _lcd_strobe:	
  1006                           
  1007                           ;main.c: 58: LATAbits.LATA4 = 0;
  1008                           
  1009                           ;incstack = 0
  1010                           ; Regs used in _lcd_strobe: [wreg]
  1011  06FA  0022               	movlb	2	; select bank2
  1012  06FB  120C               	bcf	12,4	;volatile
  1013                           
  1014                           ;main.c: 59: _delay((unsigned long)((20)*(4000000/4000.0)));
  1015  06FC  301A               	movlw	26
  1016  06FD  00F1               	movwf	??_lcd_strobe+1
  1017  06FE  30F8               	movlw	248
  1018  06FF  00F0               	movwf	??_lcd_strobe
  1019  0700                     u167:	
  1020  0700  0BF0               	decfsz	??_lcd_strobe,f
  1021  0701  2F00               	goto	u167
  1022  0702  0BF1               	decfsz	??_lcd_strobe+1,f
  1023  0703  2F00               	goto	u167
  1024  0704  0000               	nop
  1025                           
  1026                           ;main.c: 60: LATAbits.LATA4 = 1;
  1027  0705  0022               	movlb	2	; select bank2
  1028  0706  160C               	bsf	12,4	;volatile
  1029  0707  0008               	return
  1030  0708                     __end_of_lcd_strobe:	
  1031  007E                     btemp	set	126	;btemp
  1032  007E                     wtemp	set	126
  1033  007E                     wtemp0	set	126
  1034  0080                     wtemp1	set	128
  1035  0082                     wtemp2	set	130
  1036  0084                     wtemp3	set	132
  1037  0086                     wtemp4	set	134
  1038  0088                     wtemp5	set	136
  1039  007F                     wtemp6	set	127
  1040  007E                     ttemp	set	126
  1041  007E                     ttemp0	set	126
  1042  0081                     ttemp1	set	129
  1043  0084                     ttemp2	set	132
  1044  0087                     ttemp3	set	135
  1045  007F                     ttemp4	set	127
  1046  007E                     ltemp	set	126
  1047  007E                     ltemp0	set	126
  1048  0082                     ltemp1	set	130
  1049  0086                     ltemp2	set	134
  1050  0080                     ltemp3	set	128


Data Sizes:
    Strings     34
    Constant    0
    Data        0
    BSS         26
    Persistent  0
    Stack       0

Auto Spaces:
    Space          Size  Autos    Used
    COMMON           14      9      13
    BANK0            80      0      22
    BANK1            80      0       0
    BANK2            80      0       0
    BANK3            80      0       0
    BANK4            80      0       0
    BANK5            80      0       0
    BANK6            16      0       0

Pointer List with Targets:

    lcd_puts@s	PTR const unsigned char  size(1) Largest target is 17
		 -> STR_2(CODE[17]), STR_1(CODE[17]), 


Critical Paths under _main in COMMON

    _main->_lcd_clear
    _main->_lcd_init
    _main->_lcd_puts
    _lcd_puts->_lcd_write
    _lcd_init->_lcd_write
    _lcd_goto->_lcd_write
    _lcd_clear->_lcd_write
    _lcd_write->_lcd_strobe

Critical Paths under _main in BANK0

    None.

Critical Paths under _main in BANK1

    None.

Critical Paths under _main in BANK2

    None.

Critical Paths under _main in BANK3

    None.

Critical Paths under _main in BANK4

    None.

Critical Paths under _main in BANK5

    None.

Critical Paths under _main in BANK6

    None.

Call Graph Tables:

 ---------------------------------------------------------------------------------
 (Depth) Function   	        Calls       Base Space   Used Autos Params    Refs
 ---------------------------------------------------------------------------------
 (0) _main                                                 3     3      0     213
                                              6 COMMON     3     3      0
                          _lcd_clear
                           _lcd_goto
                           _lcd_init
                           _lcd_puts
 ---------------------------------------------------------------------------------
 (1) _lcd_puts                                             2     2      0     108
                                              4 COMMON     2     2      0
                          _lcd_write
 ---------------------------------------------------------------------------------
 (1) _lcd_init                                             2     2      0      30
                                              4 COMMON     2     2      0
                         _lcd_strobe
                          _lcd_write
 ---------------------------------------------------------------------------------
 (1) _lcd_goto                                             1     1      0      45
                                              4 COMMON     1     1      0
                          _lcd_write
 ---------------------------------------------------------------------------------
 (1) _lcd_clear                                            2     2      0      30
                                              4 COMMON     2     2      0
                          _lcd_write
 ---------------------------------------------------------------------------------
 (2) _lcd_write                                            2     2      0      30
                                              2 COMMON     2     2      0
                         _lcd_strobe
 ---------------------------------------------------------------------------------
 (3) _lcd_strobe                                           2     2      0       0
                                              0 COMMON     2     2      0
 ---------------------------------------------------------------------------------
 Estimated maximum stack depth 3
 ---------------------------------------------------------------------------------

 Call Graph Graphs:

 _main (ROOT)
   _lcd_clear
     _lcd_write
       _lcd_strobe
   _lcd_goto
     _lcd_write
       _lcd_strobe
   _lcd_init
     _lcd_strobe
     _lcd_write
       _lcd_strobe
   _lcd_puts
     _lcd_write
       _lcd_strobe

 Address spaces:
Name               Size   Autos  Total    Cost      Usage
BIGRAM             1F0      0       0       0        0.0%
NULL                 0      0       0       0        0.0%
CODE                 0      0       0       0        0.0%
BITCOMMON            E      0       0       1        0.0%
BITSFR0              0      0       0       1        0.0%
SFR0                 0      0       0       1        0.0%
COMMON               E      9       D       2       92.9%
BITSFR1              0      0       0       2        0.0%
SFR1                 0      0       0       2        0.0%
BITSFR2              0      0       0       3        0.0%
SFR2                 0      0       0       3        0.0%
STACK                0      0       0       3        0.0%
BITSFR3              0      0       0       4        0.0%
SFR3                 0      0       0       4        0.0%
ABS                  0      0      23       4        0.0%
BITBANK0            50      0       0       5        0.0%
BITSFR4              0      0       0       5        0.0%
SFR4                 0      0       0       5        0.0%
BANK0               50      0      16       6       27.5%
BITSFR5              0      0       0       6        0.0%
SFR5                 0      0       0       6        0.0%
BITBANK1            50      0       0       7        0.0%
BITSFR6              0      0       0       7        0.0%
SFR6                 0      0       0       7        0.0%
BANK1               50      0       0       8        0.0%
BITSFR7              0      0       0       8        0.0%
SFR7                 0      0       0       8        0.0%
BITBANK2            50      0       0       9        0.0%
BITSFR8              0      0       0       9        0.0%
SFR8                 0      0       0       9        0.0%
BANK2               50      0       0      10        0.0%
BITSFR9              0      0       0      10        0.0%
SFR9                 0      0       0      10        0.0%
BITBANK3            50      0       0      11        0.0%
BITSFR10             0      0       0      11        0.0%
SFR10                0      0       0      11        0.0%
BANK3               50      0       0      12        0.0%
BITSFR11             0      0       0      12        0.0%
SFR11                0      0       0      12        0.0%
BITBANK4            50      0       0      13        0.0%
BITSFR12             0      0       0      13        0.0%
SFR12                0      0       0      13        0.0%
BANK4               50      0       0      14        0.0%
BITSFR13             0      0       0      14        0.0%
SFR13                0      0       0      14        0.0%
BITBANK5            50      0       0      15        0.0%
BITSFR14             0      0       0      15        0.0%
SFR14                0      0       0      15        0.0%
BANK5               50      0       0      16        0.0%
BITSFR15             0      0       0      16        0.0%
SFR15                0      0       0      16        0.0%
BITBANK6            10      0       0      17        0.0%
BITSFR16             0      0       0      17        0.0%
SFR16                0      0       0      17        0.0%
BANK6               10      0       0      18        0.0%
BITSFR17             0      0       0      18        0.0%
SFR17                0      0       0      18        0.0%
BITSFR18             0      0       0      19        0.0%
SFR18                0      0       0      19        0.0%
DATA                 0      0      23      19        0.0%
BITSFR19             0      0       0      20        0.0%
SFR19                0      0       0      20        0.0%
BITSFR20             0      0       0      21        0.0%
SFR20                0      0       0      21        0.0%
BITSFR21             0      0       0      22        0.0%
SFR21                0      0       0      22        0.0%
BITSFR22             0      0       0      23        0.0%
SFR22                0      0       0      23        0.0%
BITSFR23             0      0       0      24        0.0%
SFR23                0      0       0      24        0.0%
BITSFR24             0      0       0      25        0.0%
SFR24                0      0       0      25        0.0%
BITSFR25             0      0       0      26        0.0%
SFR25                0      0       0      26        0.0%
BITSFR26             0      0       0      27        0.0%
SFR26                0      0       0      27        0.0%
BITSFR27             0      0       0      28        0.0%
SFR27                0      0       0      28        0.0%
BITSFR28             0      0       0      29        0.0%
SFR28                0      0       0      29        0.0%
BITSFR29             0      0       0      30        0.0%
SFR29                0      0       0      30        0.0%
BITSFR30             0      0       0      31        0.0%
SFR30                0      0       0      31        0.0%
BITSFR31             0      0       0      32        0.0%
SFR31                0      0       0      32        0.0%


Microchip Technology PIC Macro Assembler V1.30 build 55553 
Symbol Table                                                                                   Tue Feb 25 18:55:12 2014

            __CFG_CP$OFF 0000                       u15 0732                       u37 07B4  
                     u47 07C2                       u57 07DF                       u67 07E3  
                     u77 07EC                       u87 074E                       u97 0759  
                    l529 07DB                      l467 071B                      u107 0764  
                    u117 076F                      u127 077A                      u137 0785  
                    u147 0712                      u157 0743                      u167 0700  
                    _buf 0020              lcd_goto@pos 0074                      wreg 0009  
           __CFG_LVP$OFF 0000                     STR_1 0005                     STR_2 0016  
                   _LATC 010E             __CFG_WRT$OFF 0000                     _decm 002A  
                   _main 0799                     _fvar 002E                     _ones 0032  
                   fsr0h 0005                     fsr0l 0004                     indf0 0000  
                   btemp 007E            __CFG_BOREN$ON 0000                     ltemp 007E  
                   start 0002                     ttemp 007E                     wtemp 007E  
          __CFG_IESO$OFF 0000            __CFG_MCLRE$ON 0000                    ?_main 0070  
          __CFG_WDTE$OFF 0000           __CFG_FCMEN$OFF 0000                    _tempi 007B  
                  ltemp0 007E                    ltemp1 0082                    ltemp2 0086  
                  ltemp3 0080                    ttemp0 007E                    ttemp1 0081  
                  ttemp2 0084                    ttemp3 0087                    ttemp4 007F  
                  wtemp0 007E                    wtemp1 0080                    wtemp2 0082  
                  wtemp3 0084                    wtemp4 0086                    wtemp5 0088  
                  wtemp6 007F          __initialization 07F2             __end_of_main 07F2  
                 ??_main 0076                   _ADCON0 009D                   _ADCON1 009E  
         __CFG_PWRTE$OFF 0000         __end_of_lcd_init 0799         __end_of_lcd_goto 06FA  
       __end_of_lcd_puts 072E  __end_of__initialization 07FD           __pcstackCOMMON 0070  
     __size_of_lcd_clear 0010       __size_of_lcd_write 0018               __pbssBANK0 0020  
             __pmaintext 0799               _lcd_strobe 06FA                ?_lcd_init 0070  
              ?_lcd_goto 0070                ?_lcd_puts 0070               __stringtab 0004  
      __end_of_lcd_clear 0718        __end_of_lcd_write 0746          __CFG_STVREN$OFF 0000  
                __ptext1 0718                  __ptext2 0746                  __ptext3 06F2  
                __ptext4 0708                  __ptext5 072E                  __ptext6 06FA  
                clrloop0 06ED               ??_lcd_init 0074               ??_lcd_goto 0074  
             ??_lcd_puts 0074     end_of_initialization 07FD         __CFG_FOSC$INTOSC 0000  
              _TRISAbits 008C                _TRISCbits 008E              ?_lcd_strobe 0070  
             lcd_write@c 0073      start_initialization 07F2      __size_of_lcd_strobe 000E  
              _an9_value 0079              __pbssCOMMON 0079                ___latbits 0002  
    __end_of__stringdata 0027        __size_of_lcd_init 0053        __size_of_lcd_goto 0008  
      __size_of_lcd_puts 0016                _lcd_clear 0708                __pstrings 0004  
              _lcd_write 072E                 _LATAbits 010C                clear_ram0 06EC  
             ?_lcd_clear 0070              __stringdata 0005               ?_lcd_write 0070  
              lcd_puts@s 0075             ??_lcd_strobe 0070       __end_of_lcd_strobe 0708  
     __end_of__stringtab 0005               _ANSELCbits 018E                 _lcd_init 0746  
               _lcd_goto 06F2                 _lcd_puts 0718            __size_of_main 0059  
            ??_lcd_clear 0074              ??_lcd_write 0072        __CFG_CLKOUTEN$OFF 0000  
             _OSCCONbits 0099  
