

Microchip Technology PIC18 LITE Macro Assembler V1.30 build 55553 
                                                                                               Thu Jan 08 16:21:08 2015

Microchip Technology Omniscient Code Generator (Lite mode) build 55553
     1                           	processor	18F14K22
     2                           	fnconf	rparam,??,?,0
     3                           	opt	pw 120
     4                           	opt	lm
     5                           	psect	intcode,global,reloc=2,class=CODE,delta=1
     6                           	psect	cinit,global,reloc=2,class=CODE,delta=1
     7                           	psect	bssCOMRAM,global,class=COMRAM,space=1,delta=1
     8                           	psect	cstackCOMRAM,global,class=COMRAM,space=1,delta=1
     9                           	psect	text0,global,reloc=2,class=CODE,delta=1
    10                           	psect	text1,global,reloc=2,class=CODE,delta=1
    11                           	psect	text2,global,reloc=2,class=CODE,delta=1
    12                           	psect	text3,global,reloc=2,class=CODE,delta=1
    13                           	psect	text4,global,reloc=2,class=CODE,delta=1
    14                           	psect	text5,global,reloc=2,class=CODE,delta=1
    15                           	psect	intsave_regs,global,class=BIGRAM,space=1,delta=1
    16                           	psect	rparam,global,class=COMRAM,space=1,delta=1
    17  0000                     _ANSEL	set	3966
    18  0000                     _ANSELH	set	3967
    19  0000                     _INTCONbits	set	4082
    20  0000                     _LATAbits	set	3977
    21  0000                     _LATCbits	set	3979
    22  0000                     _OSCCONbits	set	4051
    23  0000                     _PIE1bits	set	3997
    24  0000                     _PIR1bits	set	3998
    25  0000                     _RCREG	set	4014
    26  0000                     _RCSTAbits	set	4011
    27  0000                     _SPBRG	set	4015
    28  0000                     _SSPBUF	set	4041
    29  0000                     _SSPCON1bits	set	4038
    30  0000                     _SSPSTATbits	set	4039
    31  0000                     _TRISAbits	set	3986
    32  0000                     _TRISBbits	set	3987
    33  0000                     _TRISCbits	set	3988
    34  0000                     _TXREG	set	4013
    35  0000                     _TXSTAbits	set	4012
    36                           
    37 ;; *************** function _ISR *****************
    38 ;; Defined at:
    39 ;;		line 53 in file "main.c"
    40 ;; Parameters:    Size  Location     Type
    41 ;;		None
    42 ;; Auto vars:     Size  Location     Type
    43 ;;		None
    44 ;; Return value:  Size  Location     Type
    45 ;;		None               void
    46 ;; Registers used:
    47 ;;		None
    48 ;; Tracked objects:
    49 ;;		On entry : 0/0
    50 ;;		On exit  : 0/0
    51 ;;		Unchanged: 0/0
    52 ;; Data sizes:     COMRAM   BANK0   BANK1
    53 ;;      Params:         0       0       0
    54 ;;      Locals:         0       0       0
    55 ;;      Temps:         14       0       0
    56 ;;      Totals:        14       0       0
    57 ;;Total ram usage:       14 bytes
    58 ;; Hardware stack levels used:    1
    59 ;; This function calls:
    60 ;;		Nothing
    61 ;; This function is called by:
    62 ;;		Interrupt level 2
    63 ;; This function uses a non-reentrant model
    64 ;;
    65                           
    66                           	psect	intcode
    67  000008                     __pintcode:
    68                           	opt stack 0
    69                           
    70                           ; #config settings
    71  000008                     _ISR:
    72                           	opt stack 29
    73                           
    74                           ;incstack = 0
    75  000008  CFFA F019          	movff	pclath,??_ISR
    76  00000C  CFFB F01A          	movff	pclatu,??_ISR+1
    77  000010  CFE9 F01B          	movff	fsr0l,??_ISR+2
    78  000014  CFEA F01C          	movff	fsr0h,??_ISR+3
    79  000018  CFE1 F01D          	movff	fsr1l,??_ISR+4
    80  00001C  CFE2 F01E          	movff	fsr1h,??_ISR+5
    81  000020  CFD9 F01F          	movff	fsr2l,??_ISR+6
    82  000024  CFDA F020          	movff	fsr2h,??_ISR+7
    83  000028  CFF3 F021          	movff	prodl,??_ISR+8
    84  00002C  CFF4 F022          	movff	prodh,??_ISR+9
    85  000030  CFF6 F023          	movff	tblptrl,??_ISR+10
    86  000034  CFF7 F024          	movff	tblptrh,??_ISR+11
    87  000038  CFF8 F025          	movff	tblptru,??_ISR+12
    88  00003C  CFF5 F026          	movff	tablat,??_ISR+13
    89                           
    90                           ;main.c: 55: if (PIR1bits.RCIF)
    91  000040  AA9E               	btfss	3998,5,c	;volatile
    92  000042  D004               	goto	i2l60
    93                           
    94                           ;main.c: 56: {
    95                           ;main.c: 57: uart_data = RCREG;
    96  000044  CFAE F015          	movff	4014,_uart_data	;volatile
    97  000048  6A16               	clrf	_uart_data+1,c	;volatile
    98                           
    99                           ;main.c: 58: PIR1bits.RCIF = 0;
   100  00004A  9A9E               	bcf	3998,5,c	;volatile
   101  00004C                     i2l60:
   102  00004C  C026  FFF5         	movff	??_ISR+13,tablat
   103  000050  C025  FFF8         	movff	??_ISR+12,tblptru
   104  000054  C024  FFF7         	movff	??_ISR+11,tblptrh
   105  000058  C023  FFF6         	movff	??_ISR+10,tblptrl
   106  00005C  C022  FFF4         	movff	??_ISR+9,prodh
   107  000060  C021  FFF3         	movff	??_ISR+8,prodl
   108  000064  C020  FFDA         	movff	??_ISR+7,fsr2h
   109  000068  C01F  FFD9         	movff	??_ISR+6,fsr2l
   110  00006C  C01E  FFE2         	movff	??_ISR+5,fsr1h
   111  000070  C01D  FFE1         	movff	??_ISR+4,fsr1l
   112  000074  C01C  FFEA         	movff	??_ISR+3,fsr0h
   113  000078  C01B  FFE9         	movff	??_ISR+2,fsr0l
   114  00007C  C01A  FFFB         	movff	??_ISR+1,pclatu
   115  000080  C019  FFFA         	movff	??_ISR,pclath
   116  000084  0011               	retfie		f
   117  000086                     __end_of_ISR:
   118                           	opt stack 0
   119  0000                     pclatu	equ	0xFFB
   120                           pclath	equ	0xFFA
   121                           tblptru	equ	0xFF8
   122                           tblptrh	equ	0xFF7
   123                           tblptrl	equ	0xFF6
   124                           tablat	equ	0xFF5
   125                           prodh	equ	0xFF4
   126                           prodl	equ	0xFF3
   127                           fsr0h	equ	0xFEA
   128                           fsr0l	equ	0xFE9
   129                           fsr1h	equ	0xFE2
   130                           fsr1l	equ	0xFE1
   131                           fsr2h	equ	0xFDA
   132                           fsr2l	equ	0xFD9
   133                           
   134                           	psect	cinit
   135  000176                     __pcinit:
   136                           	opt stack 0
   137  000176                     start_initialization:
   138                           	opt stack 0
   139  000176                     __initialization:
   140                           	opt stack 0
   141                           
   142                           ; Clear objects allocated to COMRAM (24 bytes)
   143  000176  EE00  F001         	lfsr	0,__pbssCOMRAM
   144  00017A  0E18               	movlw	24
   145  00017C                     clear_0:
   146  00017C  6AEE               	clrf	postinc0,c
   147  00017E  06E8               	decf	wreg,f,c
   148  000180  E1FD               	bnz	clear_0
   149  000182                     end_of_initialization:
   150                           	opt stack 0
   151  000182                     __end_of__initialization:
   152                           	opt stack 0
   153  000182  0100               	movlb	0
   154  000184  EF45  F000         	goto	_main	;jump to C main() function
   155                           pclatu	equ	0xFFB
   156                           pclath	equ	0xFFA
   157                           tblptru	equ	0xFF8
   158                           tblptrh	equ	0xFF7
   159                           tblptrl	equ	0xFF6
   160                           tablat	equ	0xFF5
   161                           prodh	equ	0xFF4
   162                           prodl	equ	0xFF3
   163                           postinc0	equ	0xFEE
   164                           fsr0h	equ	0xFEA
   165                           fsr0l	equ	0xFE9
   166                           wreg	equ	0xFE8
   167                           fsr1h	equ	0xFE2
   168                           fsr1l	equ	0xFE1
   169                           fsr2h	equ	0xFDA
   170                           fsr2l	equ	0xFD9
   171                           
   172                           	psect	bssCOMRAM
   173  000001                     __pbssCOMRAM:
   174                           	opt stack 0
   175  000001                     _buf:
   176                           	opt stack 0
   177  000001                     	ds	10
   178  00000B                     _i:
   179                           	opt stack 0
   180  00000B                     	ds	2
   181  00000D                     _ilevel:
   182                           	opt stack 0
   183  00000D                     	ds	2
   184  00000F                     _itxdata:
   185                           	opt stack 0
   186  00000F                     	ds	2
   187  000011                     _spi_lsb:
   188                           	opt stack 0
   189  000011                     	ds	2
   190  000013                     _spi_msb:
   191                           	opt stack 0
   192  000013                     	ds	2
   193  000015                     _uart_data:
   194                           	opt stack 0
   195  000015                     	ds	2
   196  000017                     _x:
   197                           	opt stack 0
   198  000017                     	ds	2
   199                           pclatu	equ	0xFFB
   200                           pclath	equ	0xFFA
   201                           tblptru	equ	0xFF8
   202                           tblptrh	equ	0xFF7
   203                           tblptrl	equ	0xFF6
   204                           tablat	equ	0xFF5
   205                           prodh	equ	0xFF4
   206                           prodl	equ	0xFF3
   207                           postinc0	equ	0xFEE
   208                           fsr0h	equ	0xFEA
   209                           fsr0l	equ	0xFE9
   210                           wreg	equ	0xFE8
   211                           fsr1h	equ	0xFE2
   212                           fsr1l	equ	0xFE1
   213                           fsr2h	equ	0xFDA
   214                           fsr2l	equ	0xFD9
   215                           
   216                           	psect	cstackCOMRAM
   217  000019                     __pcstackCOMRAM:
   218                           	opt stack 0
   219  000019                     ??_ISR:
   220  000019                     
   221                           ; 2 bytes @ 0x0
   222  000019                     	ds	14
   223  000027                     ??_serial_init:
   224  000027                     spi_write@data_byte:
   225                           	opt stack 0
   226                           
   227                           ; 2 bytes @ 0xE
   228  000027                     	ds	2
   229  000029                     ??_main:
   230                           
   231                           ; 0 bytes @ 0x10
   232  000029                     	ds	2
   233                           pclatu	equ	0xFFB
   234                           pclath	equ	0xFFA
   235                           tblptru	equ	0xFF8
   236                           tblptrh	equ	0xFF7
   237                           tblptrl	equ	0xFF6
   238                           tablat	equ	0xFF5
   239                           prodh	equ	0xFF4
   240                           prodl	equ	0xFF3
   241                           postinc0	equ	0xFEE
   242                           fsr0h	equ	0xFEA
   243                           fsr0l	equ	0xFE9
   244                           wreg	equ	0xFE8
   245                           fsr1h	equ	0xFE2
   246                           fsr1l	equ	0xFE1
   247                           fsr2h	equ	0xFDA
   248                           fsr2l	equ	0xFD9
   249                           
   250 ;;
   251 ;;Main: autosize = 0, tempsize = 2, incstack = 0, save=0
   252 ;;
   253 ;; *************** function _main *****************
   254 ;; Defined at:
   255 ;;		line 180 in file "main.c"
   256 ;; Parameters:    Size  Location     Type
   257 ;;		None
   258 ;; Auto vars:     Size  Location     Type
   259 ;;		None
   260 ;; Return value:  Size  Location     Type
   261 ;;                  2   97[COMRAM] int 
   262 ;; Registers used:
   263 ;;		wreg, status,2, status,0, cstack
   264 ;; Tracked objects:
   265 ;;		On entry : 0/0
   266 ;;		On exit  : 0/0
   267 ;;		Unchanged: 0/0
   268 ;; Data sizes:     COMRAM   BANK0   BANK1
   269 ;;      Params:         0       0       0
   270 ;;      Locals:         0       0       0
   271 ;;      Temps:          2       0       0
   272 ;;      Totals:         2       0       0
   273 ;;Total ram usage:        2 bytes
   274 ;; Hardware stack levels required when called:    2
   275 ;; This function calls:
   276 ;;		_init_io
   277 ;;		_serial_init
   278 ;;		_spi_init
   279 ;;		_spi_stop
   280 ;;		_spi_write
   281 ;; This function is called by:
   282 ;;		Startup code after reset
   283 ;; This function uses a non-reentrant model
   284 ;;
   285                           
   286                           	psect	text0
   287  00008A                     __ptext0:
   288                           	opt stack 0
   289  00008A                     _main:
   290                           	opt stack 29
   291                           
   292                           ;main.c: 182: init_io();
   293                           
   294                           ;incstack = 0
   295  00008A  EC87  F000         	call	_init_io	;wreg free
   296                           
   297                           ;main.c: 185: OSCCONbits.IRCF = 0x07;
   298  00008E  88D3               	bsf	4051,4,c	;volatile
   299  000090  8AD3               	bsf	4051,5,c	;volatile
   300  000092  8CD3               	bsf	4051,6,c	;volatile
   301                           
   302                           ;main.c: 186: OSCCONbits.SCS = 0x02;
   303  000094  50D3               	movf	4051,w,c	;volatile
   304  000096  0BFC               	andlw	-4
   305  000098  0902               	iorlw	2
   306  00009A  6ED3               	movwf	4051,c	;volatile
   307                           
   308                           ;main.c: 188: SSPCON1bits.SSPEN = 0;
   309  00009C  9AC6               	bcf	4038,5,c	;volatile
   310                           
   311                           ;main.c: 191: serial_init();
   312  00009E  EC9D  F000         	call	_serial_init	;wreg free
   313                           
   314                           ;main.c: 192: spi_init();
   315  0000A2  ECB1  F000         	call	_spi_init	;wreg free
   316                           
   317                           ;main.c: 194: LATAbits.LATA0=0;
   318  0000A6  9089               	bcf	3977,0,c	;volatile
   319                           
   320                           ;main.c: 196: LATCbits.LATC2 = 1;
   321  0000A8  848B               	bsf	3979,2,c	;volatile
   322  0000AA                     l770:
   323                           
   324                           ;main.c: 200: x++;
   325  0000AA  4A17               	infsnz	_x,f,c
   326  0000AC  2A18               	incf	_x+1,f,c
   327                           
   328                           ;main.c: 201: i = x;
   329  0000AE  C017  F00B         	movff	_x,_i
   330  0000B2  C018  F00C         	movff	_x+1,_i+1
   331                           
   332                           ;main.c: 204: spi_msb = ((i >> 8) & 0xff);
   333  0000B6  C00C  F029         	movff	_i+1,??_main
   334  0000BA  6A2A               	clrf	(??_main+1)& (0+255),c
   335  0000BC  BE29               	btfsc	??_main& (0+255),7,c
   336  0000BE  682A               	setf	(??_main+1)& (0+255),c
   337  0000C0  5029               	movf	??_main,w,c
   338  0000C2  6E13               	movwf	_spi_msb,c
   339  0000C4  6A14               	clrf	_spi_msb+1,c
   340                           
   341                           ;main.c: 205: spi_lsb = ((i >> 0) & 0xff);
   342  0000C6  500B               	movf	_i,w,c
   343  0000C8  6E11               	movwf	_spi_lsb,c
   344  0000CA  6A12               	clrf	_spi_lsb+1,c
   345                           
   346                           ;main.c: 207: spi_msb = spi_msb + 0x50;
   347  0000CC  0E50               	movlw	80
   348  0000CE  2413               	addwf	_spi_msb,w,c
   349  0000D0  6E13               	movwf	_spi_msb,c
   350  0000D2  0E00               	movlw	0
   351  0000D4  2014               	addwfc	_spi_msb+1,w,c
   352  0000D6  6E14               	movwf	_spi_msb+1,c
   353                           
   354                           ;main.c: 211: spi_write(spi_msb);
   355  0000D8  C013  F027         	movff	_spi_msb,spi_write@data_byte
   356  0000DC  C014  F028         	movff	_spi_msb+1,spi_write@data_byte+1
   357  0000E0  ECC4  F000         	call	_spi_write	;wreg free
   358                           
   359                           ;main.c: 212: spi_write(spi_lsb);
   360  0000E4  C011  F027         	movff	_spi_lsb,spi_write@data_byte
   361  0000E8  C012  F028         	movff	_spi_lsb+1,spi_write@data_byte+1
   362  0000EC  ECC4  F000         	call	_spi_write	;wreg free
   363                           
   364                           ;main.c: 216: spi_stop();
   365  0000F0  ECCC  F000         	call	_spi_stop	;wreg free
   366                           
   367                           ;main.c: 218: if (x > 0x01FE) {
   368  0000F4  5018               	movf	_x+1,w,c
   369  0000F6  0A80               	xorlw	128
   370  0000F8  0F7F               	addlw	-129
   371  0000FA  0EFF               	movlw	255
   372  0000FC  B4D8               	btfsc	status,2,c
   373  0000FE  5C17               	subwf	_x,w,c
   374  000100  A0D8               	btfss	status,0,c
   375  000102  D7D3               	goto	l770
   376                           
   377                           ;main.c: 219: x = 0x00;
   378  000104  0E00               	movlw	0
   379  000106  6E18               	movwf	_x+1,c
   380  000108  0E00               	movlw	0
   381  00010A  6E17               	movwf	_x,c
   382  00010C  D7CE               	goto	l770
   383  00010E                     __end_of_main:
   384                           	opt stack 0
   385                           pclatu	equ	0xFFB
   386                           pclath	equ	0xFFA
   387                           tblptru	equ	0xFF8
   388                           tblptrh	equ	0xFF7
   389                           tblptrl	equ	0xFF6
   390                           tablat	equ	0xFF5
   391                           prodh	equ	0xFF4
   392                           prodl	equ	0xFF3
   393                           postinc0	equ	0xFEE
   394                           fsr0h	equ	0xFEA
   395                           fsr0l	equ	0xFE9
   396                           wreg	equ	0xFE8
   397                           fsr1h	equ	0xFE2
   398                           fsr1l	equ	0xFE1
   399                           fsr2h	equ	0xFDA
   400                           fsr2l	equ	0xFD9
   401                           status	equ	0xFD8
   402                           
   403 ;; *************** function _spi_write *****************
   404 ;; Defined at:
   405 ;;		line 105 in file "main.c"
   406 ;; Parameters:    Size  Location     Type
   407 ;;  data_byte       2   14[COMRAM] unsigned int 
   408 ;; Auto vars:     Size  Location     Type
   409 ;;		None
   410 ;; Return value:  Size  Location     Type
   411 ;;		None               void
   412 ;; Registers used:
   413 ;;		wreg
   414 ;; Tracked objects:
   415 ;;		On entry : 0/0
   416 ;;		On exit  : 0/0
   417 ;;		Unchanged: 0/0
   418 ;; Data sizes:     COMRAM   BANK0   BANK1
   419 ;;      Params:         2       0       0
   420 ;;      Locals:         0       0       0
   421 ;;      Temps:          0       0       0
   422 ;;      Totals:         2       0       0
   423 ;;Total ram usage:        2 bytes
   424 ;; Hardware stack levels used:    1
   425 ;; Hardware stack levels required when called:    1
   426 ;; This function calls:
   427 ;;		Nothing
   428 ;; This function is called by:
   429 ;;		_main
   430 ;; This function uses a non-reentrant model
   431 ;;
   432                           
   433                           	psect	text1
   434  000188                     __ptext1:
   435                           	opt stack 0
   436  000188                     _spi_write:
   437                           	opt stack 29
   438                           
   439                           ;main.c: 107: LATCbits.LATC2 = 0;
   440                           
   441                           ;incstack = 0
   442  000188  948B               	bcf	3979,2,c	;volatile
   443                           
   444                           ;main.c: 110: SSPBUF = data_byte;
   445  00018A  C027  FFC9         	movff	spi_write@data_byte,4041	;volatile
   446                           
   447                           ;main.c: 111: _delay((unsigned long)((2)*(16000000/4000000.0)));
   448  00018E  0E02               	movlw	2
   449  000190                     u87:
   450  000190  2EE8               	decfsz	wreg,f,c
   451  000192  D7FE               	goto	u87
   452  000194  D000               	nop2		;nop
   453  000196  0012               	return	
   454  000198                     __end_of_spi_write:
   455                           	opt stack 0
   456                           pclatu	equ	0xFFB
   457                           pclath	equ	0xFFA
   458                           tblptru	equ	0xFF8
   459                           tblptrh	equ	0xFF7
   460                           tblptrl	equ	0xFF6
   461                           tablat	equ	0xFF5
   462                           prodh	equ	0xFF4
   463                           prodl	equ	0xFF3
   464                           postinc0	equ	0xFEE
   465                           fsr0h	equ	0xFEA
   466                           fsr0l	equ	0xFE9
   467                           wreg	equ	0xFE8
   468                           fsr1h	equ	0xFE2
   469                           fsr1l	equ	0xFE1
   470                           fsr2h	equ	0xFDA
   471                           fsr2l	equ	0xFD9
   472                           status	equ	0xFD8
   473                           
   474 ;; *************** function _spi_stop *****************
   475 ;; Defined at:
   476 ;;		line 114 in file "main.c"
   477 ;; Parameters:    Size  Location     Type
   478 ;;		None
   479 ;; Auto vars:     Size  Location     Type
   480 ;;		None
   481 ;; Return value:  Size  Location     Type
   482 ;;		None               void
   483 ;; Registers used:
   484 ;;		None
   485 ;; Tracked objects:
   486 ;;		On entry : 0/0
   487 ;;		On exit  : 0/0
   488 ;;		Unchanged: 0/0
   489 ;; Data sizes:     COMRAM   BANK0   BANK1
   490 ;;      Params:         0       0       0
   491 ;;      Locals:         0       0       0
   492 ;;      Temps:          0       0       0
   493 ;;      Totals:         0       0       0
   494 ;;Total ram usage:        0 bytes
   495 ;; Hardware stack levels used:    1
   496 ;; Hardware stack levels required when called:    1
   497 ;; This function calls:
   498 ;;		Nothing
   499 ;; This function is called by:
   500 ;;		_main
   501 ;; This function uses a non-reentrant model
   502 ;;
   503                           
   504                           	psect	text2
   505  000198                     __ptext2:
   506                           	opt stack 0
   507  000198                     _spi_stop:
   508                           	opt stack 29
   509                           
   510                           ;main.c: 115: LATCbits.LATC2 = 1;
   511                           
   512                           ;incstack = 0
   513  000198  848B               	bsf	3979,2,c	;volatile
   514  00019A  0012               	return	
   515  00019C                     __end_of_spi_stop:
   516                           	opt stack 0
   517                           pclatu	equ	0xFFB
   518                           pclath	equ	0xFFA
   519                           tblptru	equ	0xFF8
   520                           tblptrh	equ	0xFF7
   521                           tblptrl	equ	0xFF6
   522                           tablat	equ	0xFF5
   523                           prodh	equ	0xFF4
   524                           prodl	equ	0xFF3
   525                           postinc0	equ	0xFEE
   526                           fsr0h	equ	0xFEA
   527                           fsr0l	equ	0xFE9
   528                           wreg	equ	0xFE8
   529                           fsr1h	equ	0xFE2
   530                           fsr1l	equ	0xFE1
   531                           fsr2h	equ	0xFDA
   532                           fsr2l	equ	0xFD9
   533                           status	equ	0xFD8
   534                           
   535 ;; *************** function _spi_init *****************
   536 ;; Defined at:
   537 ;;		line 119 in file "main.c"
   538 ;; Parameters:    Size  Location     Type
   539 ;;		None
   540 ;; Auto vars:     Size  Location     Type
   541 ;;		None
   542 ;; Return value:  Size  Location     Type
   543 ;;		None               void
   544 ;; Registers used:
   545 ;;		None
   546 ;; Tracked objects:
   547 ;;		On entry : 0/0
   548 ;;		On exit  : 0/0
   549 ;;		Unchanged: 0/0
   550 ;; Data sizes:     COMRAM   BANK0   BANK1
   551 ;;      Params:         0       0       0
   552 ;;      Locals:         0       0       0
   553 ;;      Temps:          0       0       0
   554 ;;      Totals:         0       0       0
   555 ;;Total ram usage:        0 bytes
   556 ;; Hardware stack levels used:    1
   557 ;; Hardware stack levels required when called:    1
   558 ;; This function calls:
   559 ;;		Nothing
   560 ;; This function is called by:
   561 ;;		_main
   562 ;; This function uses a non-reentrant model
   563 ;;
   564                           
   565                           	psect	text3
   566  000162                     __ptext3:
   567                           	opt stack 0
   568  000162                     _spi_init:
   569                           	opt stack 29
   570                           
   571                           ;main.c: 120: SSPCON1bits.WCOL = 0;
   572                           
   573                           ;incstack = 0
   574  000162  9EC6               	bcf	4038,7,c	;volatile
   575                           
   576                           ;main.c: 121: SSPCON1bits.SSPM = 0x00;
   577  000164  90C6               	bcf	4038,0,c	;volatile
   578  000166  92C6               	bcf	4038,1,c	;volatile
   579  000168  94C6               	bcf	4038,2,c	;volatile
   580  00016A  96C6               	bcf	4038,3,c	;volatile
   581                           
   582                           ;main.c: 122: SSPCON1bits.CKP = 0;
   583  00016C  98C6               	bcf	4038,4,c	;volatile
   584                           
   585                           ;main.c: 123: SSPSTATbits.CKE = 1;
   586  00016E  8CC7               	bsf	4039,6,c	;volatile
   587                           
   588                           ;main.c: 124: SSPSTATbits.SMP = 1;
   589  000170  8EC7               	bsf	4039,7,c	;volatile
   590                           
   591                           ;main.c: 125: SSPCON1bits.SSPEN = 1;
   592  000172  8AC6               	bsf	4038,5,c	;volatile
   593  000174  0012               	return	
   594  000176                     __end_of_spi_init:
   595                           	opt stack 0
   596                           pclatu	equ	0xFFB
   597                           pclath	equ	0xFFA
   598                           tblptru	equ	0xFF8
   599                           tblptrh	equ	0xFF7
   600                           tblptrl	equ	0xFF6
   601                           tablat	equ	0xFF5
   602                           prodh	equ	0xFF4
   603                           prodl	equ	0xFF3
   604                           postinc0	equ	0xFEE
   605                           fsr0h	equ	0xFEA
   606                           fsr0l	equ	0xFE9
   607                           wreg	equ	0xFE8
   608                           fsr1h	equ	0xFE2
   609                           fsr1l	equ	0xFE1
   610                           fsr2h	equ	0xFDA
   611                           fsr2l	equ	0xFD9
   612                           status	equ	0xFD8
   613                           
   614 ;; *************** function _serial_init *****************
   615 ;; Defined at:
   616 ;;		line 70 in file "main.c"
   617 ;; Parameters:    Size  Location     Type
   618 ;;		None
   619 ;; Auto vars:     Size  Location     Type
   620 ;;		None
   621 ;; Return value:  Size  Location     Type
   622 ;;		None               void
   623 ;; Registers used:
   624 ;;		wreg, status,2
   625 ;; Tracked objects:
   626 ;;		On entry : 0/0
   627 ;;		On exit  : 0/0
   628 ;;		Unchanged: 0/0
   629 ;; Data sizes:     COMRAM   BANK0   BANK1
   630 ;;      Params:         0       0       0
   631 ;;      Locals:         0       0       0
   632 ;;      Temps:          1       0       0
   633 ;;      Totals:         1       0       0
   634 ;;Total ram usage:        1 bytes
   635 ;; Hardware stack levels used:    1
   636 ;; Hardware stack levels required when called:    1
   637 ;; This function calls:
   638 ;;		Nothing
   639 ;; This function is called by:
   640 ;;		_main
   641 ;; This function uses a non-reentrant model
   642 ;;
   643                           
   644                           	psect	text4
   645  00013A                     __ptext4:
   646                           	opt stack 0
   647  00013A                     _serial_init:
   648                           	opt stack 29
   649                           
   650                           ;main.c: 80: TXSTAbits.BRGH=1;
   651                           
   652                           ;incstack = 0
   653  00013A  84AC               	bsf	4012,2,c	;volatile
   654                           
   655                           ;main.c: 81: TXSTAbits.TX9=0;
   656  00013C  9CAC               	bcf	4012,6,c	;volatile
   657                           
   658                           ;main.c: 82: TXSTAbits.TXEN = 1;
   659  00013E  8AAC               	bsf	4012,5,c	;volatile
   660                           
   661                           ;main.c: 85: RCSTAbits.SPEN=1;
   662  000140  8EAB               	bsf	4011,7,c	;volatile
   663                           
   664                           ;main.c: 86: RCSTAbits.RX9=0;
   665  000142  9CAB               	bcf	4011,6,c	;volatile
   666                           
   667                           ;main.c: 87: RCSTAbits.CREN=1;
   668  000144  88AB               	bsf	4011,4,c	;volatile
   669                           
   670                           ;main.c: 92: SPBRG=7;
   671  000146  0E07               	movlw	7
   672  000148  6EAF               	movwf	4015,c	;volatile
   673                           
   674                           ;main.c: 94: PIR1bits.RCIF=0;
   675  00014A  9A9E               	bcf	3998,5,c	;volatile
   676                           
   677                           ;main.c: 95: PIE1bits.RCIE=1;
   678  00014C  8A9D               	bsf	3997,5,c	;volatile
   679                           
   680                           ;main.c: 96: INTCONbits.PEIE = 1;
   681  00014E  8CF2               	bsf	intcon,6,c	;volatile
   682                           
   683                           ;main.c: 97: INTCONbits.GIE = 1;
   684  000150  8EF2               	bsf	intcon,7,c	;volatile
   685                           
   686                           ;main.c: 99: _delay((unsigned long)((10)*(16000000/4000.0)));
   687  000152  0E34               	movlw	52
   688  000154  6E27               	movwf	??_serial_init& (0+255),c
   689  000156  0EF2               	movlw	242
   690  000158                     u97:
   691  000158  2EE8               	decfsz	wreg,f,c
   692  00015A  D7FE               	goto	u97
   693  00015C  2E27               	decfsz	??_serial_init& (0+255),f,c
   694  00015E  D7FC               	goto	u97
   695  000160  0012               	return	
   696  000162                     __end_of_serial_init:
   697                           	opt stack 0
   698                           pclatu	equ	0xFFB
   699                           pclath	equ	0xFFA
   700                           tblptru	equ	0xFF8
   701                           tblptrh	equ	0xFF7
   702                           tblptrl	equ	0xFF6
   703                           tablat	equ	0xFF5
   704                           prodh	equ	0xFF4
   705                           prodl	equ	0xFF3
   706                           intcon	equ	0xFF2
   707                           postinc0	equ	0xFEE
   708                           fsr0h	equ	0xFEA
   709                           fsr0l	equ	0xFE9
   710                           wreg	equ	0xFE8
   711                           fsr1h	equ	0xFE2
   712                           fsr1l	equ	0xFE1
   713                           fsr2h	equ	0xFDA
   714                           fsr2l	equ	0xFD9
   715                           status	equ	0xFD8
   716                           
   717 ;; *************** function _init_io *****************
   718 ;; Defined at:
   719 ;;		line 130 in file "main.c"
   720 ;; Parameters:    Size  Location     Type
   721 ;;		None
   722 ;; Auto vars:     Size  Location     Type
   723 ;;		None
   724 ;; Return value:  Size  Location     Type
   725 ;;		None               void
   726 ;; Registers used:
   727 ;;		wreg, status,2
   728 ;; Tracked objects:
   729 ;;		On entry : 0/0
   730 ;;		On exit  : 0/0
   731 ;;		Unchanged: 0/0
   732 ;; Data sizes:     COMRAM   BANK0   BANK1
   733 ;;      Params:         0       0       0
   734 ;;      Locals:         0       0       0
   735 ;;      Temps:          0       0       0
   736 ;;      Totals:         0       0       0
   737 ;;Total ram usage:        0 bytes
   738 ;; Hardware stack levels used:    1
   739 ;; Hardware stack levels required when called:    1
   740 ;; This function calls:
   741 ;;		Nothing
   742 ;; This function is called by:
   743 ;;		_main
   744 ;; This function uses a non-reentrant model
   745 ;;
   746                           
   747                           	psect	text5
   748  00010E                     __ptext5:
   749                           	opt stack 0
   750  00010E                     _init_io:
   751                           	opt stack 29
   752                           
   753                           ;main.c: 131: TRISAbits.TRISA0 = 0;
   754                           
   755                           ;incstack = 0
   756  00010E  9092               	bcf	3986,0,c	;volatile
   757                           
   758                           ;main.c: 132: TRISAbits.TRISA1 = 0;
   759  000110  9292               	bcf	3986,1,c	;volatile
   760                           
   761                           ;main.c: 133: TRISAbits.TRISA2 = 0;
   762  000112  9492               	bcf	3986,2,c	;volatile
   763                           
   764                           ;main.c: 134: TRISAbits.TRISA4 = 0;
   765  000114  9892               	bcf	3986,4,c	;volatile
   766                           
   767                           ;main.c: 135: TRISAbits.TRISA5 = 0;
   768  000116  9A92               	bcf	3986,5,c	;volatile
   769                           
   770                           ;main.c: 137: ANSEL = 0x00;
   771  000118  0E00               	movlw	0
   772  00011A  6E7E               	movwf	3966,c	;volatile
   773                           
   774                           ;main.c: 138: ANSELH = 0x00;
   775  00011C  0E00               	movlw	0
   776  00011E  6E7F               	movwf	3967,c	;volatile
   777                           
   778                           ;main.c: 140: TRISBbits.TRISB4 = 1;
   779  000120  8893               	bsf	3987,4,c	;volatile
   780                           
   781                           ;main.c: 141: TRISBbits.TRISB5 = 1;
   782  000122  8A93               	bsf	3987,5,c	;volatile
   783                           
   784                           ;main.c: 142: TRISBbits.TRISB6 = 0;
   785  000124  9C93               	bcf	3987,6,c	;volatile
   786                           
   787                           ;main.c: 143: TRISBbits.TRISB7 = 0;
   788  000126  9E93               	bcf	3987,7,c	;volatile
   789                           
   790                           ;main.c: 145: TRISCbits.TRISC0 = 0;
   791  000128  9094               	bcf	3988,0,c	;volatile
   792                           
   793                           ;main.c: 146: TRISCbits.TRISC1 = 0;
   794  00012A  9294               	bcf	3988,1,c	;volatile
   795                           
   796                           ;main.c: 147: TRISCbits.TRISC2 = 0;
   797  00012C  9494               	bcf	3988,2,c	;volatile
   798                           
   799                           ;main.c: 148: TRISCbits.TRISC3 = 0;
   800  00012E  9694               	bcf	3988,3,c	;volatile
   801                           
   802                           ;main.c: 149: TRISCbits.TRISC4 = 0;
   803  000130  9894               	bcf	3988,4,c	;volatile
   804                           
   805                           ;main.c: 150: TRISCbits.TRISC5 = 0;
   806  000132  9A94               	bcf	3988,5,c	;volatile
   807                           
   808                           ;main.c: 151: TRISCbits.TRISC6 = 0;
   809  000134  9C94               	bcf	3988,6,c	;volatile
   810                           
   811                           ;main.c: 152: TRISCbits.TRISC7 = 0;
   812  000136  9E94               	bcf	3988,7,c	;volatile
   813  000138  0012               	return	
   814  00013A                     __end_of_init_io:
   815                           	opt stack 0
   816                           pclatu	equ	0xFFB
   817                           pclath	equ	0xFFA
   818                           tblptru	equ	0xFF8
   819                           tblptrh	equ	0xFF7
   820                           tblptrl	equ	0xFF6
   821                           tablat	equ	0xFF5
   822                           prodh	equ	0xFF4
   823                           prodl	equ	0xFF3
   824                           intcon	equ	0xFF2
   825                           postinc0	equ	0xFEE
   826                           fsr0h	equ	0xFEA
   827                           fsr0l	equ	0xFE9
   828                           wreg	equ	0xFE8
   829                           fsr1h	equ	0xFE2
   830                           fsr1l	equ	0xFE1
   831                           fsr2h	equ	0xFDA
   832                           fsr2l	equ	0xFD9
   833                           status	equ	0xFD8
   834                           pclatu	equ	0xFFB
   835                           pclath	equ	0xFFA
   836                           tblptru	equ	0xFF8
   837                           tblptrh	equ	0xFF7
   838                           tblptrl	equ	0xFF6
   839                           tablat	equ	0xFF5
   840                           prodh	equ	0xFF4
   841                           prodl	equ	0xFF3
   842                           intcon	equ	0xFF2
   843                           postinc0	equ	0xFEE
   844                           fsr0h	equ	0xFEA
   845                           fsr0l	equ	0xFE9
   846                           wreg	equ	0xFE8
   847                           fsr1h	equ	0xFE2
   848                           fsr1l	equ	0xFE1
   849                           fsr2h	equ	0xFDA
   850                           fsr2l	equ	0xFD9
   851                           status	equ	0xFD8
   852                           
   853                           	psect	rparam
   854  0000                     pclatu	equ	0xFFB
   855                           pclath	equ	0xFFA
   856                           tblptru	equ	0xFF8
   857                           tblptrh	equ	0xFF7
   858                           tblptrl	equ	0xFF6
   859                           tablat	equ	0xFF5
   860                           prodh	equ	0xFF4
   861                           prodl	equ	0xFF3
   862                           intcon	equ	0xFF2
   863                           postinc0	equ	0xFEE
   864                           fsr0h	equ	0xFEA
   865                           fsr0l	equ	0xFE9
   866                           wreg	equ	0xFE8
   867                           fsr1h	equ	0xFE2
   868                           fsr1l	equ	0xFE1
   869                           fsr2h	equ	0xFDA
   870                           fsr2l	equ	0xFD9
   871                           status	equ	0xFD8


Data Sizes:
    Strings     0
    Constant    0
    Data        0
    BSS         24
    Persistent  0
    Stack       0

Auto Spaces:
    Space          Size  Autos    Used
    COMRAM           95     18      42
    BANK0           160      0       0
    BANK1           256      0       0

Pointer List with Targets:

    None.

Critical Paths under _main in COMRAM

    _main->_spi_write

Critical Paths under _ISR in COMRAM

    None.

Critical Paths under _main in BANK0

    None.

Critical Paths under _ISR in BANK0

    None.

Critical Paths under _main in BANK1

    None.

Critical Paths under _ISR in BANK1

    None.

Call Graph Tables:

 ---------------------------------------------------------------------------------
 (Depth) Function   	        Calls       Base Space   Used Autos Params    Refs
 ---------------------------------------------------------------------------------
 (0) _main                                                 2     2      0      83
                                             16 COMRAM     2     2      0
                            _init_io
                        _serial_init
                           _spi_init
                           _spi_stop
                          _spi_write
 ---------------------------------------------------------------------------------
 (1) _spi_write                                            2     0      2      83
                                             14 COMRAM     2     0      2
 ---------------------------------------------------------------------------------
 (1) _spi_stop                                             0     0      0       0
 ---------------------------------------------------------------------------------
 (1) _spi_init                                             0     0      0       0
 ---------------------------------------------------------------------------------
 (1) _serial_init                                          1     1      0       0
                                             14 COMRAM     1     1      0
 ---------------------------------------------------------------------------------
 (1) _init_io                                              0     0      0       0
 ---------------------------------------------------------------------------------
 Estimated maximum stack depth 1
 ---------------------------------------------------------------------------------
 (Depth) Function   	        Calls       Base Space   Used Autos Params    Refs
 ---------------------------------------------------------------------------------
 (2) _ISR                                                 14    14      0       0
                                              0 COMRAM    14    14      0
 ---------------------------------------------------------------------------------
 Estimated maximum stack depth 2
 ---------------------------------------------------------------------------------

 Call Graph Graphs:

 _main (ROOT)
   _init_io
   _serial_init
   _spi_init
   _spi_stop
   _spi_write

 _ISR (ROOT)

 Address spaces:
Name               Size   Autos  Total    Cost      Usage
BIGRAM             1FF      0       0       8        0.0%
EEDATA             100      0       0       0        0.0%
BITBANK1           100      0       0       5        0.0%
BANK1              100      0       0       6        0.0%
BITBANK0            A0      0       0       3        0.0%
BANK0               A0      0       0       4        0.0%
BITCOMRAM           5F      0       0       0        0.0%
COMRAM              5F     12      2A       1       44.2%
BITSFR               0      0       0      40        0.0%
SFR                  0      0       0      40        0.0%
STACK                0      0       0       2        0.0%
NULL                 0      0       0       0        0.0%
ABS                  0      0      2A       7        0.0%
DATA                 0      0      2A       9        0.0%
CODE                 0      0       0       0        0.0%


Microchip Technology PIC18 Macro Assembler V1.30 build 55553 
Symbol Table                                                                                   Thu Jan 08 16:21:08 2015

                      _i 000B                        _x 0017              _SSPSTATbits 000FC7  
                     u87 0190                       u97 0158             __CFG_CP0$OFF 000000  
           __CFG_CP1$OFF 000000                      l770 00AA                      _ISR 0008  
                    _buf 0001                      wreg 000FE8             __CFG_LVP$OFF 000000  
                   ?_ISR 0019                     i2l60 004C       spi_write@data_byte 0027  
                   _main 008A                     fsr0h 000FEA                     fsr1h 000FE2  
                   fsr0l 000FE9                     fsr2h 000FDA                     fsr1l 000FE1  
                   fsr2l 000FD9                     pclat 000FFA            __CFG_BOREN$ON 000000  
                   prodh 000FF4                     prodl 000FF3                     start 0086  
          __CFG_IESO$OFF 000000            __CFG_FOSC$IRC 000000            __CFG_MCLRE$ON 000000  
                  ??_ISR 0019                    ?_main 0019                    _ANSEL 000F7E  
                  _RCREG 000FAE                    _SPBRG 000FAF                    _TXREG 000FAD  
         __CFG_FCMEN$OFF 000000          __end_of_init_io 013A                    tablat 000FF5  
                  status 000FD8          __initialization 0176             __end_of_main 010E  
                 ??_main 0029            __activetblptr 000000                   _ANSELH 000F7F  
         __CFG_WDTEN$OFF 000000                   _SSPBUF 000FC9             ?_serial_init 0019  
         __CFG_STVREN$ON 000000                   _ilevel 000D                   clear_0 017C  
              ??_init_io 0027                   tblptrh 000FF7                   tblptrl 000FF6  
                 tblptru 000FF8         __end_of_spi_init 0176         __end_of_spi_stop 019C  
        __CFG_HFOFST$OFF 000000               __accesstop 0060  __end_of__initialization 0182  
         __pcstackCOMRAM 0019       __size_of_spi_write 0010          __CFG_PWRTEN$OFF 000000  
                __Hparam 0000                  __Lparam 0000                ?_spi_init 0019  
              ?_spi_stop 0019     __size_of_serial_init 0028                  __pcinit 0176  
                __ramtop 0200                  __ptext0 008A                  __ptext1 0188  
                __ptext2 0198                  __ptext3 0162                  __ptext4 013A  
                __ptext5 010E             __size_of_ISR 007E                  _init_io 010E  
                _itxdata 000F                  _spi_lsb 0011                  _spi_msb 0013  
   end_of_initialization 0182                _RCSTAbits 000FAB        __end_of_spi_write 0198  
             ??_spi_init 0027                  postinc0 000FEE               ??_spi_stop 0027  
              _TRISAbits 000F92                _TRISBbits 000F93                _TRISCbits 000F94  
              _TXSTAbits 000FAC      start_initialization 0176              __end_of_ISR 0086  
            __pbssCOMRAM 0001                __pintcode 0008        __size_of_spi_init 0014  
      __size_of_spi_stop 0004                 ?_init_io 0019                 _LATAbits 000F89  
               _LATCbits 000F8B                 _PIE1bits 000F9D                 _PIR1bits 000F9E  
          ??_serial_init 0027                _uart_data 0015                _spi_write 0188  
               __Hrparam 0000                 __Lrparam 0000               ?_spi_write 0027  
    __end_of_serial_init 0162         __size_of_init_io 002C            __size_of_main 0084  
               _spi_init 0162                 _spi_stop 0198               _INTCONbits 000FF2  
               intlevel2 0000               _OSCCONbits 000FD3              _serial_init 013A  
            ??_spi_write 0029              _SSPCON1bits 000FC6  
