Microchip MPLAB XC8 Compiler V1.30 ()

Linker command line:

--edf=C:\Program Files\Microchip\xc8\v1.30\dat\en_msgs.txt -cs \
  -h+dist/default/production\spunk.X.production.sym \
  --cmf=dist/default/production\spunk.X.production.cmf -z -Q18F14K22 \
  -oC:\Users\Chas\AppData\Local\Temp\s7n0.6 \
  -Mdist/default/production/spunk.X.production.map -E1 -ver=XC8 \
  -ASTACK=060h-01ffh -pstack=STACK -ACODE=00h-03FFFh -ACONST=00h-03FFFh \
  -ASMALLCONST=0200h-02FFhx62 -AMEDIUMCONST=0200h-03FFFh -ACOMRAM=01h-05Fh \
  -AABS1=00h-01FFh -ABIGRAM=01h-01FFh -ARAM=060h-0FFh,0100h-01FFh \
  -ABANK0=060h-0FFh -ABANK1=0100h-01FFh -ASFR=0F60h-0FFFh \
  -preset_vec=00h,intcode=08h,intcodelo,powerup,init,end_init \
  -pramtop=0200h -psmallconst=SMALLCONST -pmediumconst=MEDIUMCONST \
  -pconst=CONST -AFARRAM=00h-00h -ACONFIG=0300000h-030000Dh -pconfig=CONFIG \
  -AIDLOC=0200000h-0200007h -pidloc=IDLOC -AEEDATA=0F00000h-0F000FFh \
  -peeprom_data=EEDATA \
  -prdata=COMRAM,nvrram=COMRAM,nvbit=COMRAM,rbss=COMRAM,rbit=COMRAM \
  -pfarbss=FARRAM,fardata=FARRAM,nvFARRAM=FARRAM \
  -pintsave_regs=BIGRAM,bigbss=BIGRAM,bigdata=BIGRAM -pbss=RAM \
  -pidata=CODE,irdata=CODE,ibigdata=CODE,ifardata=CODE \
  C:\Users\Chas\AppData\Local\Temp\s7n0.obj \
  dist/default/production\spunk.X.production.obj 

Object code version is 3.11

Machine type is 18F14K22

Call graph: (short form)




                Name                               Link     Load   Length Selector   Space Scale
C:\Users\Chas\AppData\Local\Temp\s7n0.obj
                end_init                             8E       8E        4        4       0
                reset_vec                             0        0        4        0       0
                idloc                            200000   200000        8   200000       0
                config                           300000   300000        E   300000       0
dist/default/production\spunk.X.production.obj
                intcode                               8        8       86        4       0
                text21                              55A      55A        A        4       0
                text20                              550      550        A        4       0
                text19                              51A      51A       10        4       0
                text18                              3BC      3BC       2E        4       0
                text17                              25E      25E       7E        4       0
                text16                              416      416       2C        4       0
                text15                              546      546        A        4       0
                text14                              2DC      2DC       6A        4       0
                text13                              346      346       40        4       0
                text12                              442      442       26        4       0
                text11                              538      538        E        4       0
                text10                              4F2      4F2       16        4       0
                text9                               3EA      3EA       2C        4       0
                text8                               4D8      4D8       1A        4       0
                text7                               386      386       36        4       0
                text6                               486      486       1E        4       0
                text5                               4BE      4BE       1A        4       0
                text4                               468      468       1E        4       0
                text3                               4A4      4A4       1A        4       0
                text2                               1D4      1D4       8A        4       0
                text1                               52A      52A        E        4       0
                text0                                92       92      142        4       0
                cstackCOMRAM                         1C       1C       12        1       1
                bssCOMRAM                             1        1       1B        1       1
                cinit                               508      508       12        4       0

TOTAL           Name                               Link     Load   Length     Space
        CLASS   STACK          

        CLASS   CODE           
                end_init                             8E       8E        4         0
                intcode                               8        8       86         0
                reset_vec                             0        0        4         0
                text21                              55A      55A        A         0
                text20                              550      550        A         0
                text19                              51A      51A       10         0
                text18                              3BC      3BC       2E         0
                text17                              25E      25E       7E         0
                text16                              416      416       2C         0
                text15                              546      546        A         0
                text14                              2DC      2DC       6A         0
                text13                              346      346       40         0
                text12                              442      442       26         0
                text11                              538      538        E         0
                text10                              4F2      4F2       16         0
                text9                               3EA      3EA       2C         0
                text8                               4D8      4D8       1A         0
                text7                               386      386       36         0
                text6                               486      486       1E         0
                text5                               4BE      4BE       1A         0
                text4                               468      468       1E         0
                text3                               4A4      4A4       1A         0
                text2                               1D4      1D4       8A         0
                text1                               52A      52A        E         0
                text0                                92       92      142         0
                cinit                               508      508       12         0

        CLASS   CONST          

        CLASS   SMALLCONST     

        CLASS   MEDIUMCONST    

        CLASS   COMRAM         
                cstackCOMRAM                         1C       1C       12         1
                bssCOMRAM                             1        1       1B         1

        CLASS   ABS1           

        CLASS   BIGRAM         

        CLASS   RAM            

        CLASS   BANK0          

        CLASS   BANK1          

        CLASS   SFR            

        CLASS   FARRAM         

        CLASS   CONFIG         
                config                           300000   300000        E         0

        CLASS   IDLOC          
                idloc                            200000   200000        8         0

        CLASS   EEDATA         



SEGMENTS        Name                           Load    Length   Top    Selector   Space  Class

                reset_vec                      000000  000004  000004         0       0  CODE    
                bssCOMRAM                      000001  00002D  00002E         1       1  COMRAM  
                intcode                        000008  00055C  000564         4       0  CODE    
                idloc                          200000  000008  200008    200000       0  IDLOC   
                config                         300000  00000E  30000E    300000       0  CONFIG  


UNUSED ADDRESS RANGES

        Name                Unused          Largest block    Delta
        BANK0            000060-0000FF               A0
        BANK1            000100-0001FF              100
        BIGRAM           00002E-0001FF              1D2
        CODE             000004-000007                4
                         000564-003FFF             3A9C
        COMRAM           00002E-00005F               32
        CONST            000004-000007                4
                         000564-003FFF             3A9C
        EEDATA           F00000-F000FF              100
        MEDIUMCONST      000564-003FFF             3A9C
        RAM              000060-0001FF               A0
        SFR              000F60-000FFF               A0
        SMALLCONST       000564-003FFF              100
        STACK            000060-0001FF              1A0

                                  Symbol Table

_ANSEL                             (abs)        000F7E
_ANSELH                            (abs)        000F7F
_DRIVEbits                         bssCOMRAM    00000B
_INTCONbits                        (abs)        000FF2
_ISR                               intcode      000008
_LATAbits                          (abs)        000F89
_OSCCONbits                        (abs)        000FD3
_PIE1bits                          (abs)        000F9D
_PIR1bits                          (abs)        000F9E
_PORTAbits                         (abs)        000F80
_PORTCbits                         (abs)        000F82
_RCREG                             (abs)        000FAE
_RCSTAbits                         (abs)        000FAB
_SENSORbits                        bssCOMRAM    00001B
_SPBRG                             (abs)        000FAF
_T0CONbits                         (abs)        000FD5
_T1CON                             (abs)        000FCD
_TMR0                              (abs)        000FD6
_TMR0H                             (abs)        000FD7
_TMR0L                             (abs)        000FD6
_TMR1                              (abs)        000FCE
_TRISAbits                         (abs)        000F92
_TRISBbits                         (abs)        000F93
_TRISCbits                         (abs)        000F94
_TXREG                             (abs)        000FAD
_TXSTAbits                         (abs)        000FAC
__CFG_BOREN$ON                     (abs)        000000
__CFG_CP0$OFF                      (abs)        000000
__CFG_CP1$OFF                      (abs)        000000
__CFG_FCMEN$OFF                    (abs)        000000
__CFG_FOSC$IRC                     (abs)        000000
__CFG_HFOFST$OFF                   (abs)        000000
__CFG_IESO$OFF                     (abs)        000000
__CFG_LVP$OFF                      (abs)        000000
__CFG_MCLRE$ON                     (abs)        000000
__CFG_PWRTEN$OFF                   (abs)        000000
__CFG_STVREN$ON                    (abs)        000000
__CFG_WDTEN$OFF                    (abs)        000000
__HRAM                             (abs)        000000
__Habs1                            abs1         000000
__Hbank0                           bank0        000000
__Hbank1                           bank1        000000
__Hbigbss                          bigbss       000000
__Hbigdata                         bigdata      000000
__Hbigram                          bigram       000000
__Hbss                             bss          000000
__HbssCOMRAM                       bssCOMRAM    000000
__Hcinit                           cinit        000000
__Hclrtext                         clrtext      000000
__Hcomram                          comram       000000
__Hconfig                          config       30000E
__Hconst                           const        000000
__HcstackCOMRAM                    cstackCOMRAM 000000
__Hdata                            data         000000
__Heeprom_data                     eeprom_data  000000
__Hend_init                        end_init     000092
__Hfarbss                          farbss       000000
__Hfardata                         fardata      000000
__Hibigdata                        ibigdata     000000
__Hidata                           idata        000000
__Hidloc                           idloc        200008
__Hifardata                        ifardata     000000
__Hinit                            init         00008E
__Hintcode                         intcode      00008E
__Hintcode_body                    intcode_body 000000
__Hintcodelo                       intcodelo    00008E
__Hintentry                        intentry     000000
__Hintret                          intret       000000
__Hintsave_regs                    intsave_regs 000000
__Hirdata                          irdata       000000
__Hmediumconst                     mediumconst  000000
__HnvFARRAM                        nvFARRAM     000000
__Hnvbit                           nvbit        000000
__Hnvrram                          nvrram       000000
__Hparam                           rparam       000000
__Hpowerup                         powerup      00008E
__Hram                             ram          000000
__Hramtop                          ramtop       000200
__Hrbit                            rbit         000000
__Hrbss                            rbss         000000
__Hrdata                           rdata        000000
__Hreset_vec                       reset_vec    000004
__Hrparam                          rparam       000000
__Hsfr                             sfr          000000
__Hsmallconst                      smallconst   000000
__Hstack                           stack        000000
__Hstruct                          struct       000000
__Htemp                            temp         000000
__Htext                            text         000000
__Htext0                           text0        000000
__Htext1                           text1        000000
__Htext10                          text10       000000
__Htext11                          text11       000000
__Htext12                          text12       000000
__Htext13                          text13       000000
__Htext14                          text14       000000
__Htext15                          text15       000000
__Htext16                          text16       000000
__Htext17                          text17       000000
__Htext18                          text18       000000
__Htext19                          text19       000000
__Htext2                           text2        000000
__Htext20                          text20       000000
__Htext21                          text21       000000
__Htext3                           text3        000000
__Htext4                           text4        000000
__Htext5                           text5        000000
__Htext6                           text6        000000
__Htext7                           text7        000000
__Htext8                           text8        000000
__Htext9                           text9        000000
__LRAM                             (abs)        000001
__Labs1                            abs1         000000
__Lbank0                           bank0        000000
__Lbank1                           bank1        000000
__Lbigbss                          bigbss       000000
__Lbigdata                         bigdata      000000
__Lbigram                          bigram       000000
__Lbss                             bss          000000
__LbssCOMRAM                       bssCOMRAM    000000
__Lcinit                           cinit        000000
__Lclrtext                         clrtext      000000
__Lcomram                          comram       000000
__Lconfig                          config       300000
__Lconst                           const        000000
__LcstackCOMRAM                    cstackCOMRAM 000000
__Ldata                            data         000000
__Leeprom_data                     eeprom_data  000000
__Lend_init                        end_init     00008E
__Lfarbss                          farbss       000000
__Lfardata                         fardata      000000
__Libigdata                        ibigdata     000000
__Lidata                           idata        000000
__Lidloc                           idloc        200000
__Lifardata                        ifardata     000000
__Linit                            init         00008E
__Lintcode                         intcode      000008
__Lintcode_body                    intcode_body 000000
__Lintcodelo                       intcodelo    00008E
__Lintentry                        intentry     000000
__Lintret                          intret       000000
__Lintsave_regs                    intsave_regs 000000
__Lirdata                          irdata       000000
__Lmediumconst                     mediumconst  000000
__LnvFARRAM                        nvFARRAM     000000
__Lnvbit                           nvbit        000000
__Lnvrram                          nvrram       000000
__Lparam                           rparam       000000
__Lpowerup                         powerup      00008E
__Lram                             ram          000000
__Lramtop                          ramtop       000200
__Lrbit                            rbit         000000
__Lrbss                            rbss         000000
__Lrdata                           rdata        000000
__Lreset_vec                       reset_vec    000000
__Lrparam                          rparam       000000
__Lsfr                             sfr          000000
__Lsmallconst                      smallconst   000000
__Lstack                           stack        000000
__Lstruct                          struct       000000
__Ltemp                            temp         000000
__Ltext                            text         000000
__Ltext0                           text0        000000
__Ltext1                           text1        000000
__Ltext10                          text10       000000
__Ltext11                          text11       000000
__Ltext12                          text12       000000
__Ltext13                          text13       000000
__Ltext14                          text14       000000
__Ltext15                          text15       000000
__Ltext16                          text16       000000
__Ltext17                          text17       000000
__Ltext18                          text18       000000
__Ltext19                          text19       000000
__Ltext2                           text2        000000
__Ltext20                          text20       000000
__Ltext21                          text21       000000
__Ltext3                           text3        000000
__Ltext4                           text4        000000
__Ltext5                           text5        000000
__Ltext6                           text6        000000
__Ltext7                           text7        000000
__Ltext8                           text8        000000
__Ltext9                           text9        000000
__S0                               (abs)        30000E
__S1                               (abs)        00002E
__S2                               (abs)        000000
___inthi_sp                        stack        000000
___intlo_sp                        stack        000000
___sp                              stack        000000
__accesstop                        (abs)        000060
__activetblptr                     (abs)        000000
__end_of_ISR                       intcode      00008E
__end_of__initialization           cinit        000514
__end_of_checkleftcliffsensor      text21       000564
__end_of_checkrightcliffsensor     text20       00055A
__end_of_clear_drive               text19       00052A
__end_of_determine_drive_by_cliff  text18       0003EA
__end_of_determine_drive_by_sonar  text17       0002DC
__end_of_init_io                   text16       000442
__end_of_init_motor_controller     text14       000346
__end_of_main                      text0        0001D4
__end_of_measure_sonar             text13       000386
__end_of_motor_controller_reset    text12       000468
__end_of_motor_left_fwd_quarter    text8        0004F2
__end_of_motor_left_rev_quarter    text6        0004A4
__end_of_motor_rev_timeroff        text11       000546
__end_of_motor_rev_timeron         text7        0003BC
__end_of_motor_right_fwd_quarter   text5        0004D8
__end_of_motor_right_rev_quarter   text4        000486
__end_of_motor_stop                text3        0004BE
__end_of_pulse_sonar               text10       000508
__end_of_serial_init               text9        000416
__end_of_set_drive                 text2        00025E
__end_of_stop_and_wait             text1        000538
__end_of_uart_xmit                 text15       000550
__initialization                   cinit        000508
__mediumconst                      mediumconst  000000
__pbssCOMRAM                       bssCOMRAM    000001
__pcinit                           cinit        000508
__pcstackCOMRAM                    cstackCOMRAM 00001C
__pintcode                         intcode      000008
__ptext0                           text0        000092
__ptext1                           text1        00052A
__ptext10                          text10       0004F2
__ptext11                          text11       000538
__ptext12                          text12       000442
__ptext13                          text13       000346
__ptext14                          text14       0002DC
__ptext15                          text15       000546
__ptext16                          text16       000416
__ptext17                          text17       00025E
__ptext18                          text18       0003BC
__ptext19                          text19       00051A
__ptext2                           text2        0001D4
__ptext20                          text20       000550
__ptext21                          text21       00055A
__ptext3                           text3        0004A4
__ptext4                           text4        000468
__ptext5                           text5        0004BE
__ptext6                           text6        000486
__ptext7                           text7        000386
__ptext8                           text8        0004D8
__ptext9                           text9        0003EA
__ramtop                           ramtop       000200
__size_of_ISR                      (abs)        000000
__size_of_checkleftcliffsensor     (abs)        000000
__size_of_checkrightcliffsensor    (abs)        000000
__size_of_clear_drive              (abs)        000000
__size_of_determine_drive_by_cliff (abs)        000000
__size_of_determine_drive_by_sonar (abs)        000000
__size_of_init_io                  (abs)        000000
__size_of_init_motor_controller    (abs)        000000
__size_of_main                     (abs)        000000
__size_of_measure_sonar            (abs)        000000
__size_of_motor_controller_reset   (abs)        000000
__size_of_motor_left_fwd_quarter   (abs)        000000
__size_of_motor_left_rev_quarter   (abs)        000000
__size_of_motor_rev_timeroff       (abs)        000000
__size_of_motor_rev_timeron        (abs)        000000
__size_of_motor_right_fwd_quarter  (abs)        000000
__size_of_motor_right_rev_quarter  (abs)        000000
__size_of_motor_stop               (abs)        000000
__size_of_pulse_sonar              (abs)        000000
__size_of_serial_init              (abs)        000000
__size_of_set_drive                (abs)        000000
__size_of_stop_and_wait            (abs)        000000
__size_of_uart_xmit                (abs)        000000
__smallconst                       smallconst   000000
_buf                               bssCOMRAM    000001
_checkleftcliffsensor              text21       00055A
_checkrightcliffsensor             text20       000550
_clear_drive                       text19       00051A
_count                             bssCOMRAM    00000D
_determine_drive_by_cliff          text18       0003BC
_determine_drive_by_sonar          text17       00025E
_i                                 bssCOMRAM    00000F
_init_io                           text16       000416
_init_motor_controller             text14       0002DC
_itxdata                           bssCOMRAM    000011
_main                              text0        000092
_measure_sonar                     text13       000346
_motor_controller_reset            text12       000442
_motor_left_fwd_quarter            text8        0004D8
_motor_left_rev_quarter            text6        000486
_motor_rev_timeroff                text11       000538
_motor_rev_timeron                 text7        000386
_motor_right_fwd_quarter           text5        0004BE
_motor_right_rev_quarter           text4        000468
_motor_stop                        text3        0004A4
_pulse_sonar                       text10       0004F2
_pulse_time                        bssCOMRAM    000013
_serial_init                       text9        0003EA
_set_drive                         text2        0001D4
_stop_and_wait                     text1        00052A
_tempi                             bssCOMRAM    000015
_timer1count                       bssCOMRAM    000017
_uart_data                         bssCOMRAM    000019
_uart_xmit                         text15       000546
end_of_initialization              cinit        000514
intlevel0                          text         000000
intlevel1                          text         000000
intlevel2                          text         000000
intlevel3                          text         000000
stackhi                            (abs)        0001FF
stacklo                            (abs)        000060
start                              init         00008E
start_initialization               cinit        000508
uart_xmit@mydata_byte              cstackCOMRAM 00002A


FUNCTION INFORMATION:

 *************** function _main *****************
 Defined at:
		line 447 in file "main.c"
 Parameters:    Size  Location     Type
		None
 Auto vars:     Size  Location     Type
		None
 Return value:  Size  Location     Type
                  2  183[COMRAM] int 
 Registers used:
		wreg, status,2, status,0, prodl, cstack
 Tracked objects:
		On entry : 
		On exit  : 
		Unchanged: 
 Data sizes:     COMRAM   BANK0   BANK1
      Params:         0       0       0
      Locals:         0       0       0
      Temps:          1       0       0
      Totals:         1       0       0
Total ram usage:        1 bytes
 Hardware stack levels required when called:    4
 This function calls:
		_checkleftcliffsensor
		_checkrightcliffsensor
		_clear_drive
		_determine_drive_by_cliff
		_determine_drive_by_sonar
		_init_io
		_init_motor_controller
		_measure_sonar
		_motor_controller_reset
		_motor_rev_timeroff
		_motor_rev_timeron
		_pulse_sonar
		_serial_init
		_set_drive
		_stop_and_wait
 This function is called by:
		Startup code after reset
 This function uses a non-reentrant model


 *************** function _stop_and_wait *****************
 Defined at:
		line 249 in file "main.c"
 Parameters:    Size  Location     Type
		None
 Auto vars:     Size  Location     Type
		None
 Return value:  Size  Location     Type
		None               void
 Registers used:
		wreg, status,2, status,0
 Tracked objects:
		On entry : 
		On exit  : 
		Unchanged: 
 Data sizes:     COMRAM   BANK0   BANK1
      Params:         0       0       0
      Locals:         0       0       0
      Temps:          0       0       0
      Totals:         0       0       0
Total ram usage:        0 bytes
 Hardware stack levels used:    1
 Hardware stack levels required when called:    1
 This function calls:
		Nothing
 This function is called by:
		_main
 This function uses a non-reentrant model


 *************** function _set_drive *****************
 Defined at:
		line 402 in file "main.c"
 Parameters:    Size  Location     Type
		None
 Auto vars:     Size  Location     Type
		None
 Return value:  Size  Location     Type
		None               void
 Registers used:
		wreg, status,2, status,0, cstack
 Tracked objects:
		On entry : 
		On exit  : 
		Unchanged: 
 Data sizes:     COMRAM   BANK0   BANK1
      Params:         0       0       0
      Locals:         0       0       0
      Temps:          0       0       0
      Totals:         0       0       0
Total ram usage:        0 bytes
 Hardware stack levels used:    1
 Hardware stack levels required when called:    3
 This function calls:
		_motor_left_fwd_quarter
		_motor_left_rev_quarter
		_motor_right_fwd_quarter
		_motor_right_rev_quarter
		_motor_stop
 This function is called by:
		_main
 This function uses a non-reentrant model


 *************** function _motor_stop *****************
 Defined at:
		line 296 in file "main.c"
 Parameters:    Size  Location     Type
		None
 Auto vars:     Size  Location     Type
		None
 Return value:  Size  Location     Type
		None               void
 Registers used:
		wreg, status,2, cstack
 Tracked objects:
		On entry : 
		On exit  : 
		Unchanged: 
 Data sizes:     COMRAM   BANK0   BANK1
      Params:         0       0       0
      Locals:         0       0       0
      Temps:          0       0       0
      Totals:         0       0       0
Total ram usage:        0 bytes
 Hardware stack levels used:    1
 Hardware stack levels required when called:    2
 This function calls:
		_uart_xmit
 This function is called by:
		_set_drive
 This function uses a non-reentrant model


 *************** function _motor_right_rev_quarter *****************
 Defined at:
		line 316 in file "main.c"
 Parameters:    Size  Location     Type
		None
 Auto vars:     Size  Location     Type
		None
 Return value:  Size  Location     Type
		None               void
 Registers used:
		wreg, status,2, status,0, cstack
 Tracked objects:
		On entry : 
		On exit  : 
		Unchanged: 
 Data sizes:     COMRAM   BANK0   BANK1
      Params:         0       0       0
      Locals:         0       0       0
      Temps:          0       0       0
      Totals:         0       0       0
Total ram usage:        0 bytes
 Hardware stack levels used:    1
 Hardware stack levels required when called:    2
 This function calls:
		_motor_rev_timeron
		_uart_xmit
 This function is called by:
		_set_drive
 This function uses a non-reentrant model


 *************** function _motor_right_fwd_quarter *****************
 Defined at:
		line 309 in file "main.c"
 Parameters:    Size  Location     Type
		None
 Auto vars:     Size  Location     Type
		None
 Return value:  Size  Location     Type
		None               void
 Registers used:
		wreg, status,2, cstack
 Tracked objects:
		On entry : 
		On exit  : 
		Unchanged: 
 Data sizes:     COMRAM   BANK0   BANK1
      Params:         0       0       0
      Locals:         0       0       0
      Temps:          0       0       0
      Totals:         0       0       0
Total ram usage:        0 bytes
 Hardware stack levels used:    1
 Hardware stack levels required when called:    2
 This function calls:
		_uart_xmit
 This function is called by:
		_set_drive
 This function uses a non-reentrant model


 *************** function _motor_left_rev_quarter *****************
 Defined at:
		line 330 in file "main.c"
 Parameters:    Size  Location     Type
		None
 Auto vars:     Size  Location     Type
		None
 Return value:  Size  Location     Type
		None               void
 Registers used:
		wreg, status,2, status,0, cstack
 Tracked objects:
		On entry : 
		On exit  : 
		Unchanged: 
 Data sizes:     COMRAM   BANK0   BANK1
      Params:         0       0       0
      Locals:         0       0       0
      Temps:          0       0       0
      Totals:         0       0       0
Total ram usage:        0 bytes
 Hardware stack levels used:    1
 Hardware stack levels required when called:    2
 This function calls:
		_motor_rev_timeron
		_uart_xmit
 This function is called by:
		_set_drive
 This function uses a non-reentrant model


 *************** function _motor_rev_timeron *****************
 Defined at:
		line 220 in file "main.c"
 Parameters:    Size  Location     Type
		None
 Auto vars:     Size  Location     Type
		None
 Return value:  Size  Location     Type
		None               void
 Registers used:
		wreg, status,2, status,0
 Tracked objects:
		On entry : 
		On exit  : 
		Unchanged: 
 Data sizes:     COMRAM   BANK0   BANK1
      Params:         0       0       0
      Locals:         0       0       0
      Temps:          0       0       0
      Totals:         0       0       0
Total ram usage:        0 bytes
 Hardware stack levels used:    1
 Hardware stack levels required when called:    1
 This function calls:
		Nothing
 This function is called by:
		_motor_right_rev_quarter
		_motor_left_rev_quarter
		_main
 This function uses a non-reentrant model


 *************** function _motor_left_fwd_quarter *****************
 Defined at:
		line 323 in file "main.c"
 Parameters:    Size  Location     Type
		None
 Auto vars:     Size  Location     Type
		None
 Return value:  Size  Location     Type
		None               void
 Registers used:
		wreg, status,2, cstack
 Tracked objects:
		On entry : 
		On exit  : 
		Unchanged: 
 Data sizes:     COMRAM   BANK0   BANK1
      Params:         0       0       0
      Locals:         0       0       0
      Temps:          0       0       0
      Totals:         0       0       0
Total ram usage:        0 bytes
 Hardware stack levels used:    1
 Hardware stack levels required when called:    2
 This function calls:
		_uart_xmit
 This function is called by:
		_set_drive
 This function uses a non-reentrant model


 *************** function _serial_init *****************
 Defined at:
		line 95 in file "main.c"
 Parameters:    Size  Location     Type
		None
 Auto vars:     Size  Location     Type
		None
 Return value:  Size  Location     Type
		None               void
 Registers used:
		wreg, status,2
 Tracked objects:
		On entry : 
		On exit  : 
		Unchanged: 
 Data sizes:     COMRAM   BANK0   BANK1
      Params:         0       0       0
      Locals:         0       0       0
      Temps:          1       0       0
      Totals:         1       0       0
Total ram usage:        1 bytes
 Hardware stack levels used:    1
 Hardware stack levels required when called:    1
 This function calls:
		Nothing
 This function is called by:
		_main
 This function uses a non-reentrant model


 *************** function _pulse_sonar *****************
 Defined at:
		line 192 in file "main.c"
 Parameters:    Size  Location     Type
		None
 Auto vars:     Size  Location     Type
		None
 Return value:  Size  Location     Type
		None               void
 Registers used:
		wreg
 Tracked objects:
		On entry : 
		On exit  : 
		Unchanged: 
 Data sizes:     COMRAM   BANK0   BANK1
      Params:         0       0       0
      Locals:         0       0       0
      Temps:          1       0       0
      Totals:         1       0       0
Total ram usage:        1 bytes
 Hardware stack levels used:    1
 Hardware stack levels required when called:    1
 This function calls:
		Nothing
 This function is called by:
		_main
 This function uses a non-reentrant model


 *************** function _motor_rev_timeroff *****************
 Defined at:
		line 242 in file "main.c"
 Parameters:    Size  Location     Type
		None
 Auto vars:     Size  Location     Type
		None
 Return value:  Size  Location     Type
		None               void
 Registers used:
		wreg, status,2
 Tracked objects:
		On entry : 
		On exit  : 
		Unchanged: 
 Data sizes:     COMRAM   BANK0   BANK1
      Params:         0       0       0
      Locals:         0       0       0
      Temps:          0       0       0
      Totals:         0       0       0
Total ram usage:        0 bytes
 Hardware stack levels used:    1
 Hardware stack levels required when called:    1
 This function calls:
		Nothing
 This function is called by:
		_main
 This function uses a non-reentrant model


 *************** function _motor_controller_reset *****************
 Defined at:
		line 201 in file "main.c"
 Parameters:    Size  Location     Type
		None
 Auto vars:     Size  Location     Type
		None
 Return value:  Size  Location     Type
		None               void
 Registers used:
		wreg
 Tracked objects:
		On entry : 
		On exit  : 
		Unchanged: 
 Data sizes:     COMRAM   BANK0   BANK1
      Params:         0       0       0
      Locals:         0       0       0
      Temps:          1       0       0
      Totals:         1       0       0
Total ram usage:        1 bytes
 Hardware stack levels used:    1
 Hardware stack levels required when called:    1
 This function calls:
		Nothing
 This function is called by:
		_main
 This function uses a non-reentrant model


 *************** function _measure_sonar *****************
 Defined at:
		line 165 in file "main.c"
 Parameters:    Size  Location     Type
		None
 Auto vars:     Size  Location     Type
		None
 Return value:  Size  Location     Type
		None               void
 Registers used:
		wreg, status,2
 Tracked objects:
		On entry : 
		On exit  : 
		Unchanged: 
 Data sizes:     COMRAM   BANK0   BANK1
      Params:         0       0       0
      Locals:         0       0       0
      Temps:          0       0       0
      Totals:         0       0       0
Total ram usage:        0 bytes
 Hardware stack levels used:    1
 Hardware stack levels required when called:    1
 This function calls:
		Nothing
 This function is called by:
		_main
 This function uses a non-reentrant model


 *************** function _init_motor_controller *****************
 Defined at:
		line 256 in file "main.c"
 Parameters:    Size  Location     Type
		None
 Auto vars:     Size  Location     Type
		None
 Return value:  Size  Location     Type
		None               void
 Registers used:
		wreg, status,2, cstack
 Tracked objects:
		On entry : 
		On exit  : 
		Unchanged: 
 Data sizes:     COMRAM   BANK0   BANK1
      Params:         0       0       0
      Locals:         0       0       0
      Temps:          1       0       0
      Totals:         1       0       0
Total ram usage:        1 bytes
 Hardware stack levels used:    1
 Hardware stack levels required when called:    2
 This function calls:
		_uart_xmit
 This function is called by:
		_main
 This function uses a non-reentrant model


 *************** function _uart_xmit *****************
 Defined at:
		line 89 in file "main.c"
 Parameters:    Size  Location     Type
  mydata_byte     2   14[COMRAM] unsigned int 
 Auto vars:     Size  Location     Type
		None
 Return value:  Size  Location     Type
		None               void
 Registers used:
		None
 Tracked objects:
		On entry : 
		On exit  : 
		Unchanged: 
 Data sizes:     COMRAM   BANK0   BANK1
      Params:         2       0       0
      Locals:         0       0       0
      Temps:          0       0       0
      Totals:         2       0       0
Total ram usage:        2 bytes
 Hardware stack levels used:    1
 Hardware stack levels required when called:    1
 This function calls:
		Nothing
 This function is called by:
		_init_motor_controller
		_motor_stop
		_motor_right_fwd_quarter
		_motor_right_rev_quarter
		_motor_left_fwd_quarter
		_motor_left_rev_quarter
 This function uses a non-reentrant model


 *************** function _init_io *****************
 Defined at:
		line 126 in file "main.c"
 Parameters:    Size  Location     Type
		None
 Auto vars:     Size  Location     Type
		None
 Return value:  Size  Location     Type
		None               void
 Registers used:
		wreg, status,2
 Tracked objects:
		On entry : 
		On exit  : 
		Unchanged: 
 Data sizes:     COMRAM   BANK0   BANK1
      Params:         0       0       0
      Locals:         0       0       0
      Temps:          0       0       0
      Totals:         0       0       0
Total ram usage:        0 bytes
 Hardware stack levels used:    1
 Hardware stack levels required when called:    1
 This function calls:
		Nothing
 This function is called by:
		_main
 This function uses a non-reentrant model


 *************** function _determine_drive_by_sonar *****************
 Defined at:
		line 374 in file "main.c"
 Parameters:    Size  Location     Type
		None
 Auto vars:     Size  Location     Type
		None
 Return value:  Size  Location     Type
		None               void
 Registers used:
		wreg, status,2, status,0, prodl
 Tracked objects:
		On entry : 
		On exit  : 
		Unchanged: 
 Data sizes:     COMRAM   BANK0   BANK1
      Params:         0       0       0
      Locals:         0       0       0
      Temps:          0       0       0
      Totals:         0       0       0
Total ram usage:        0 bytes
 Hardware stack levels used:    1
 Hardware stack levels required when called:    1
 This function calls:
		Nothing
 This function is called by:
		_main
 This function uses a non-reentrant model


 *************** function _determine_drive_by_cliff *****************
 Defined at:
		line 349 in file "main.c"
 Parameters:    Size  Location     Type
		None
 Auto vars:     Size  Location     Type
		None
 Return value:  Size  Location     Type
		None               void
 Registers used:
		None
 Tracked objects:
		On entry : 
		On exit  : 
		Unchanged: 
 Data sizes:     COMRAM   BANK0   BANK1
      Params:         0       0       0
      Locals:         0       0       0
      Temps:          0       0       0
      Totals:         0       0       0
Total ram usage:        0 bytes
 Hardware stack levels used:    1
 Hardware stack levels required when called:    1
 This function calls:
		Nothing
 This function is called by:
		_main
 This function uses a non-reentrant model


 *************** function _clear_drive *****************
 Defined at:
		line 337 in file "main.c"
 Parameters:    Size  Location     Type
		None
 Auto vars:     Size  Location     Type
		None
 Return value:  Size  Location     Type
		None               void
 Registers used:
		None
 Tracked objects:
		On entry : 
		On exit  : 
		Unchanged: 
 Data sizes:     COMRAM   BANK0   BANK1
      Params:         0       0       0
      Locals:         0       0       0
      Temps:          0       0       0
      Totals:         0       0       0
Total ram usage:        0 bytes
 Hardware stack levels used:    1
 Hardware stack levels required when called:    1
 This function calls:
		Nothing
 This function is called by:
		_main
 This function uses a non-reentrant model


 *************** function _checkrightcliffsensor *****************
 Defined at:
		line 158 in file "main.c"
 Parameters:    Size  Location     Type
		None
 Auto vars:     Size  Location     Type
		None
 Return value:  Size  Location     Type
		None               void
 Registers used:
		None
 Tracked objects:
		On entry : 
		On exit  : 
		Unchanged: 
 Data sizes:     COMRAM   BANK0   BANK1
      Params:         0       0       0
      Locals:         0       0       0
      Temps:          0       0       0
      Totals:         0       0       0
Total ram usage:        0 bytes
 Hardware stack levels used:    1
 Hardware stack levels required when called:    1
 This function calls:
		Nothing
 This function is called by:
		_main
 This function uses a non-reentrant model


 *************** function _checkleftcliffsensor *****************
 Defined at:
		line 152 in file "main.c"
 Parameters:    Size  Location     Type
		None
 Auto vars:     Size  Location     Type
		None
 Return value:  Size  Location     Type
		None               void
 Registers used:
		None
 Tracked objects:
		On entry : 
		On exit  : 
		Unchanged: 
 Data sizes:     COMRAM   BANK0   BANK1
      Params:         0       0       0
      Locals:         0       0       0
      Temps:          0       0       0
      Totals:         0       0       0
Total ram usage:        0 bytes
 Hardware stack levels used:    1
 Hardware stack levels required when called:    1
 This function calls:
		Nothing
 This function is called by:
		_main
 This function uses a non-reentrant model


 *************** function _ISR *****************
 Defined at:
		line 73 in file "main.c"
 Parameters:    Size  Location     Type
		None
 Auto vars:     Size  Location     Type
		None
 Return value:  Size  Location     Type
		None               void
 Registers used:
		None
 Tracked objects:
		On entry : 
		On exit  : 
		Unchanged: 
 Data sizes:     COMRAM   BANK0   BANK1
      Params:         0       0       0
      Locals:         0       0       0
      Temps:         14       0       0
      Totals:        14       0       0
Total ram usage:       14 bytes
 Hardware stack levels used:    1
 This function calls:
		Nothing
 This function is called by:
		Interrupt level 2
 This function uses a non-reentrant model



MODULE INFORMATION

Module		Function		Class		Link	Load	Size
shared
		__initializatio		CODE           	0508	0000	12

shared estimated size: 12

main.c
		_ISR           		CODE           	0008	0000	134
		_motor_rev_time		CODE           	0386	0000	54
		_clear_drive   		CODE           	051A	0000	16
		_set_drive     		CODE           	01D4	0000	138
		_main          		CODE           	0092	0000	322
		_motor_rev_time		CODE           	0538	0000	14
		_measure_sonar 		CODE           	0346	0000	64
		_pulse_sonar   		CODE           	04F2	0000	22
		_determine_driv		CODE           	03BC	0000	46
		_motor_stop    		CODE           	04A4	0000	26
		_checkleftcliff		CODE           	055A	0000	10
		_serial_init   		CODE           	03EA	0000	44
		_motor_left_fwd		CODE           	04D8	0000	26
		_determine_driv		CODE           	025E	0000	126
		_motor_controll		CODE           	0442	0000	38
		_motor_left_rev		CODE           	0486	0000	30
		_stop_and_wait 		CODE           	052A	0000	14
		_motor_right_fw		CODE           	04BE	0000	26
		_checkrightclif		CODE           	0550	0000	10
		_motor_right_re		CODE           	0468	0000	30
		_init_io       		CODE           	0416	0000	44
		_uart_xmit     		CODE           	0546	0000	10
		_init_motor_con		CODE           	02DC	0000	106

main.c estimated size: 1350

