

Microchip Technology PIC18 LITE Macro Assembler V1.31 build 56723 
                                                                                               Fri May 16 18:34:46 2014

Microchip Technology Omniscient Code Generator (Lite mode) build 56723
     1                           	processor	18F47J53
     2                           	fnconf	rparam,??,?,0
     3                           	opt	pw 120
     4                           	opt	lm
     5                           	psect	idataCOMRAM,global,class=CODE,delta=1
     6                           	psect	cinit,global,reloc=2,class=CODE,delta=1
     7                           	psect	dataCOMRAM,global,class=COMRAM,space=1,delta=1
     8                           	psect	cstackCOMRAM,global,class=COMRAM,space=1,delta=1
     9                           	psect	text0,global,reloc=2,class=CODE,delta=1
    10                           	psect	intsave_regs,global,class=BIGRAM,space=1,delta=1
    11                           	psect	rparam,global,class=COMRAM,space=1,delta=1
    12  0000                     
    13                           	psect	idataCOMRAM
    14  01FFD0                     __pidataCOMRAM:
    15                           	opt stack 0
    16                           
    17                           ;initializer for _a
    18  01FFD0  01                 	db	1
    19                           
    20                           ;initializer for _b
    21  01FFD1  02                 	db	2
    22                           
    23                           ; #config settings
    24  0000                     
    25                           	psect	cinit
    26  01FFDA                     __pcinit:
    27                           	opt stack 0
    28  01FFDA                     start_initialization:
    29                           	opt stack 0
    30  01FFDA                     __initialization:
    31                           	opt stack 0
    32                           
    33                           ; Initialize objects allocated to COMRAM (2 bytes)
    34                           ; load TBLPTR registers with __pidataCOMRAM
    35  01FFDA  0ED0               	movlw	low __pidataCOMRAM
    36  01FFDC  6EF6               	movwf	tblptrl,c
    37  01FFDE  0EFF               	movlw	high __pidataCOMRAM
    38  01FFE0  6EF7               	movwf	tblptrh,c
    39  01FFE2  0E01               	movlw	low (__pidataCOMRAM shr (0+16))
    40  01FFE4  6EF8               	movwf	tblptru,c
    41  01FFE6  0009               	tblrd		*+	;fetch initializer
    42  01FFE8  CFF5 F001          	movff	tablat,__pdataCOMRAM
    43  01FFEC  0009               	tblrd		*+	;fetch initializer
    44  01FFEE  CFF5 F002          	movff	tablat,__pdataCOMRAM+1
    45  01FFF2                     end_of_initialization:
    46                           	opt stack 0
    47  01FFF2                     __end_of__initialization:
    48                           	opt stack 0
    49  01FFF2  0100               	movlb	0
    50  01FFF4  EFE9  F0FF         	goto	_main	;jump to C main() function
    51                           tblptru	equ	0xFF8
    52                           tblptrh	equ	0xFF7
    53                           tblptrl	equ	0xFF6
    54                           tablat	equ	0xFF5
    55                           
    56                           	psect	dataCOMRAM
    57  000001                     __pdataCOMRAM:
    58                           	opt stack 0
    59  000001                     _a:
    60                           	opt stack 0
    61  000001                     	ds	1
    62  000002                     _b:
    63                           	opt stack 0
    64  000002                     	ds	1
    65                           tblptru	equ	0xFF8
    66                           tblptrh	equ	0xFF7
    67                           tblptrl	equ	0xFF6
    68                           tablat	equ	0xFF5
    69                           
    70                           	psect	cstackCOMRAM
    71  000000                     __pcstackCOMRAM:
    72                           	opt stack 0
    73  000000                     tblptru	equ	0xFF8
    74                           tblptrh	equ	0xFF7
    75                           tblptrl	equ	0xFF6
    76                           tablat	equ	0xFF5
    77                           
    78                           ; 0 bytes @ 0x0
    79 ;;
    80 ;;Main: autosize = 0, tempsize = 0, incstack = 0, save=0
    81 ;;
    82 ;; *************** function _main *****************
    83 ;; Defined at:
    84 ;;		line 13 in file "newmain.c"
    85 ;; Parameters:    Size  Location     Type
    86 ;;		None
    87 ;; Auto vars:     Size  Location     Type
    88 ;;		None
    89 ;; Return value:  Size  Location     Type
    90 ;;		None               void
    91 ;; Registers used:
    92 ;;		wreg, status,2, status,0
    93 ;; Tracked objects:
    94 ;;		On entry : 0/0
    95 ;;		On exit  : 0/0
    96 ;;		Unchanged: 0/0
    97 ;; Data sizes:     COMRAM   BANK0   BANK1   BANK2   BANK3   BANK4   BANK5   BANK6   BANK7   BANK8   BANK9  BANK10  BANK1
      +1  BANK12  BANK13  BANK14
    98 ;;      Params:         0       0       0       0       0       0       0       0       0       0       0       0       
      +0       0       0       0
    99 ;;      Locals:         0       0       0       0       0       0       0       0       0       0       0       0       
      +0       0       0       0
   100 ;;      Temps:          0       0       0       0       0       0       0       0       0       0       0       0       
      +0       0       0       0
   101 ;;      Totals:         0       0       0       0       0       0       0       0       0       0       0       0       
      +0       0       0       0
   102 ;;Total ram usage:        0 bytes
   103 ;; This function calls:
   104 ;;		Nothing
   105 ;; This function is called by:
   106 ;;		Startup code after reset
   107 ;; This function uses a non-reentrant model
   108 ;;
   109                           
   110                           	psect	text0
   111  01FFD2                     __ptext0:
   112                           	opt stack 0
   113  01FFD2                     _main:
   114                           	opt stack 31
   115  01FFD2                     l7:
   116                           
   117                           ;newmain.c: 15: a ++;
   118  01FFD2  2A01               	incf	_a,f,c
   119                           
   120                           ;newmain.c: 16: b=b+1;
   121  01FFD4  2802               	incf	_b,w,c
   122  01FFD6  6E02               	movwf	_b,c
   123  01FFD8  D7FC               	goto	l7
   124  01FFDA                     __end_of_main:
   125                           	opt stack 0
   126  0000                     tblptru	equ	0xFF8
   127                           tblptrh	equ	0xFF7
   128                           tblptrl	equ	0xFF6
   129                           tablat	equ	0xFF5
   130                           tblptru	equ	0xFF8
   131                           tblptrh	equ	0xFF7
   132                           tblptrl	equ	0xFF6
   133                           tablat	equ	0xFF5
   134                           
   135                           	psect	rparam
   136  0000                     tblptru	equ	0xFF8
   137                           tblptrh	equ	0xFF7
   138                           tblptrl	equ	0xFF6
   139                           tablat	equ	0xFF5


Data Sizes:
    Strings     0
    Constant    0
    Data        2
    BSS         0
    Persistent  0
    Stack       0

Auto Spaces:
    Space          Size  Autos    Used
    COMRAM           95      0       2
    BANK0           160      0       0
    BANK1           256      0       0
    BANK2           256      0       0
    BANK3           256      0       0
    BANK4           256      0       0
    BANK5           256      0       0
    BANK6           256      0       0
    BANK7           256      0       0
    BANK8           256      0       0
    BANK9           256      0       0
    BANK10          256      0       0
    BANK11          256      0       0
    BANK12          256      0       0
    BANK13          256      0       0
    BANK14          176      0       0

Pointer List with Targets:

    None.

Critical Paths under _main in COMRAM

    None.

Critical Paths under _main in BANK0

    None.

Critical Paths under _main in BANK1

    None.

Critical Paths under _main in BANK2

    None.

Critical Paths under _main in BANK3

    None.

Critical Paths under _main in BANK4

    None.

Critical Paths under _main in BANK5

    None.

Critical Paths under _main in BANK6

    None.

Critical Paths under _main in BANK7

    None.

Critical Paths under _main in BANK8

    None.

Critical Paths under _main in BANK9

    None.

Critical Paths under _main in BANK10

    None.

Critical Paths under _main in BANK11

    None.

Critical Paths under _main in BANK12

    None.

Critical Paths under _main in BANK13

    None.

Critical Paths under _main in BANK14

    None.

Call Graph Tables:

 ---------------------------------------------------------------------------------
 (Depth) Function   	        Calls       Base Space   Used Autos Params    Refs
 ---------------------------------------------------------------------------------
 (0) _main                                                 0     0      0       0
 ---------------------------------------------------------------------------------
 Estimated maximum stack depth 0
 ---------------------------------------------------------------------------------

 Call Graph Graphs:

 _main (ROOT)

 Address spaces:
Name               Size   Autos  Total    Cost      Usage
BIGRAM             EAF      0       0      35        0.0%
BITBANK13          100      0       0      31        0.0%
BANK13             100      0       0      32        0.0%
BITBANK12          100      0       0      29        0.0%
BANK12             100      0       0      30        0.0%
BITBANK11          100      0       0      27        0.0%
BANK11             100      0       0      28        0.0%
BITBANK10          100      0       0      25        0.0%
BANK10             100      0       0      26        0.0%
BITBANK9           100      0       0      23        0.0%
BANK9              100      0       0      24        0.0%
BITBANK8           100      0       0      21        0.0%
BANK8              100      0       0      22        0.0%
BITBANK7           100      0       0      19        0.0%
BANK7              100      0       0      20        0.0%
BITBANK6           100      0       0      17        0.0%
BANK6              100      0       0      18        0.0%
BITBANK5           100      0       0      15        0.0%
BANK5              100      0       0      16        0.0%
BITBANK4           100      0       0      13        0.0%
BANK4              100      0       0      14        0.0%
BITBANK3           100      0       0      11        0.0%
BANK3              100      0       0      12        0.0%
BITBANK2           100      0       0       9        0.0%
BANK2              100      0       0      10        0.0%
BITBANK1           100      0       0       7        0.0%
BANK1              100      0       0       8        0.0%
BITBANK14           B0      0       0      33        0.0%
BANK14              B0      0       0      34        0.0%
BITBANK0            A0      0       0       4        0.0%
BANK0               A0      0       0       5        0.0%
BITCOMRAM           5F      0       0       0        0.0%
COMRAM              5F      0       2       1        2.1%
BITSFR_2             0      0       0      40        0.0%
SFR_2                0      0       0      40        0.0%
BITSFR_1             0      0       0      40        0.0%
SFR_1                0      0       0      40        0.0%
BITSFR               0      0       0      40        0.0%
SFR                  0      0       0      40        0.0%
STACK                0      0       0       2        0.0%
NULL                 0      0       0       0        0.0%
ABS                  0      0       2       6        0.0%
DATA                 0      0       2       3        0.0%
CODE                 0      0       0       0        0.0%


Microchip Technology PIC18 Macro Assembler V1.31 build 56723 
Symbol Table                                                                                   Fri May 16 18:34:46 2014

                      l7 FFD2                        _a 0001                        _b 0002  
           __CFG_CP0$OFF 000000                     _main FFD2                     start 0000  
          __CFG_IESO$OFF 000000                    ?_main 0000           __CFG_FCMEN$OFF 000000  
                  tablat 000FF5          __initialization FFDA             __end_of_main FFDA  
                 ??_main 0000            __activetblptr 000000           __CFG_WDTEN$OFF 000000  
         __CFG_XINST$OFF 000000           __CFG_STVREN$ON 000000             __pdataCOMRAM 0001  
                 tblptrh 000FF7                   tblptrl 000FF6                   tblptru 000FF8  
             __accesstop 0060  __end_of__initialization FFF2           __pcstackCOMRAM 0000  
        __CFG_OSC$INTOSC 000000                  __Hparam 0000                  __Lparam 0000  
                __pcinit FFDA                  __ramtop 0F00                  __ptext0 FFD2  
   end_of_initialization FFF2            __pidataCOMRAM FFD0      start_initialization FFDA  
               __Hrparam 0000                 __Lrparam 0000            __size_of_main 0008  
