

Microchip Technology PIC18 LITE Macro Assembler V1.32 build 58300 
                                                                                               Mon Sep 01 12:48:17 2014

Microchip Technology Omniscient Code Generator (Lite mode) build 58300
     1                           	processor	18F26K22
     2                           	fnconf	rparam,??,?,0
     3                           	opt	pw 120
     4                           	opt	lm
     5                           	psect	intcode,global,reloc=2,class=CODE,delta=1
     6                           	psect	cinit,global,reloc=2,class=CODE,delta=1
     7                           	psect	bssCOMRAM,global,class=COMRAM,space=1,delta=1
     8                           	psect	cstackCOMRAM,global,class=COMRAM,space=1,delta=1
     9                           	psect	text0,global,reloc=2,class=CODE,delta=1
    10                           	psect	text1,global,reloc=2,class=CODE,delta=1
    11                           	psect	text2,global,reloc=2,class=CODE,delta=1
    12                           	psect	text3,global,reloc=2,class=CODE,delta=1
    13                           	psect	intsave_regs,global,class=BIGRAM,space=1,delta=1
    14                           	psect	rparam,global,class=COMRAM,space=1,delta=1
    15  0000                     _ANSELA	set	3896
    16  0000                     _ANSELB	set	3897
    17  0000                     _ANSELC	set	3898
    18  0000                     _INTCONbits	set	4082
    19  0000                     _OSCCONbits	set	4051
    20  0000                     _PIE1bits	set	3997
    21  0000                     _PIR1bits	set	3998
    22  0000                     _PORTAbits	set	3968
    23  0000                     _RCREG	set	4014
    24  0000                     _RCSTA1bits	set	4011
    25  0000                     _SPBRG1	set	4015
    26  0000                     _SPBRGH1	set	4016
    27  0000                     _TRISAbits	set	3986
    28  0000                     _TRISBbits	set	3987
    29  0000                     _TRISCbits	set	3988
    30  0000                     _TXREG	set	4013
    31  0000                     _TXSTA1bits	set	4012
    32                           
    33 ;; *************** function _ISR *****************
    34 ;; Defined at:
    35 ;;		line 52 in file "main.c"
    36 ;; Parameters:    Size  Location     Type
    37 ;;		None
    38 ;; Auto vars:     Size  Location     Type
    39 ;;		None
    40 ;; Return value:  Size  Location     Type
    41 ;;		None               void
    42 ;; Registers used:
    43 ;;		wreg
    44 ;; Tracked objects:
    45 ;;		On entry : 0/0
    46 ;;		On exit  : 0/0
    47 ;;		Unchanged: 0/0
    48 ;; Data sizes:     COMRAM   BANK0   BANK1   BANK2   BANK3   BANK4   BANK5   BANK6   BANK7   BANK8   BANK9  BANK10  BANK1
      +1  BANK12  BANK13  BANK14  BANK15
    49 ;;      Params:         0       0       0       0       0       0       0       0       0       0       0       0       
      +0       0       0       0       0
    50 ;;      Locals:         0       0       0       0       0       0       0       0       0       0       0       0       
      +0       0       0       0       0
    51 ;;      Temps:         14       0       0       0       0       0       0       0       0       0       0       0       
      +0       0       0       0       0
    52 ;;      Totals:        14       0       0       0       0       0       0       0       0       0       0       0       
      +0       0       0       0       0
    53 ;;Total ram usage:       14 bytes
    54 ;; Hardware stack levels used:    1
    55 ;; This function calls:
    56 ;;		Nothing
    57 ;; This function is called by:
    58 ;;		Interrupt level 2
    59 ;; This function uses a non-reentrant model
    60 ;;
    61                           
    62                           	psect	intcode
    63  000008                     __pintcode:
    64                           	opt stack 0
    65                           
    66                           ; #config settings
    67  000008                     _ISR:
    68                           	opt stack 29
    69                           
    70                           ;incstack = 0
    71  000008  CFFA F027          	movff	pclath,??_ISR
    72  00000C  CFFB F028          	movff	pclatu,??_ISR+1
    73  000010  CFE9 F029          	movff	fsr0l,??_ISR+2
    74  000014  CFEA F02A          	movff	fsr0h,??_ISR+3
    75  000018  CFE1 F02B          	movff	fsr1l,??_ISR+4
    76  00001C  CFE2 F02C          	movff	fsr1h,??_ISR+5
    77  000020  CFD9 F02D          	movff	fsr2l,??_ISR+6
    78  000024  CFDA F02E          	movff	fsr2h,??_ISR+7
    79  000028  CFF3 F02F          	movff	prodl,??_ISR+8
    80  00002C  CFF4 F030          	movff	prodh,??_ISR+9
    81  000030  CFF6 F031          	movff	tblptrl,??_ISR+10
    82  000034  CFF7 F032          	movff	tblptrh,??_ISR+11
    83  000038  CFF8 F033          	movff	tblptru,??_ISR+12
    84  00003C  CFF5 F034          	movff	tablat,??_ISR+13
    85                           
    86                           ;main.c: 54: if (PIR1bits.RCIF)
    87  000040  AA9E               	btfss	3998,5,c	;volatile
    88  000042  D008               	goto	i2l66
    89                           
    90                           ;main.c: 55: {
    91                           ;main.c: 56: parity_rx = RCSTA1bits.RX9D;
    92  000044  0E00               	movlw	0
    93  000046  B0AB               	btfsc	4011,0,c	;volatile
    94  000048  0E01               	movlw	1
    95  00004A  6E25               	movwf	_parity_rx,c
    96                           
    97                           ;main.c: 57: uart_data = RCREG;
    98  00004C  CFAE F021          	movff	4014,_uart_data	;volatile
    99  000050  6A22               	clrf	_uart_data+1,c	;volatile
   100                           
   101                           ;main.c: 58: PIR1bits.RCIF = 0;
   102  000052  9A9E               	bcf	3998,5,c	;volatile
   103  000054                     i2l66:
   104  000054  C034  FFF5         	movff	??_ISR+13,tablat
   105  000058  C033  FFF8         	movff	??_ISR+12,tblptru
   106  00005C  C032  FFF7         	movff	??_ISR+11,tblptrh
   107  000060  C031  FFF6         	movff	??_ISR+10,tblptrl
   108  000064  C030  FFF4         	movff	??_ISR+9,prodh
   109  000068  C02F  FFF3         	movff	??_ISR+8,prodl
   110  00006C  C02E  FFDA         	movff	??_ISR+7,fsr2h
   111  000070  C02D  FFD9         	movff	??_ISR+6,fsr2l
   112  000074  C02C  FFE2         	movff	??_ISR+5,fsr1h
   113  000078  C02B  FFE1         	movff	??_ISR+4,fsr1l
   114  00007C  C02A  FFEA         	movff	??_ISR+3,fsr0h
   115  000080  C029  FFE9         	movff	??_ISR+2,fsr0l
   116  000084  C028  FFFB         	movff	??_ISR+1,pclatu
   117  000088  C027  FFFA         	movff	??_ISR,pclath
   118  00008C  0011               	retfie		f
   119  00008E                     __end_of_ISR:
   120                           	opt stack 0
   121  0000                     pclatu	equ	0xFFB
   122                           pclath	equ	0xFFA
   123                           tblptru	equ	0xFF8
   124                           tblptrh	equ	0xFF7
   125                           tblptrl	equ	0xFF6
   126                           tablat	equ	0xFF5
   127                           prodh	equ	0xFF4
   128                           prodl	equ	0xFF3
   129                           fsr0h	equ	0xFEA
   130                           fsr0l	equ	0xFE9
   131                           fsr1h	equ	0xFE2
   132                           fsr1l	equ	0xFE1
   133                           fsr2h	equ	0xFDA
   134                           fsr2l	equ	0xFD9
   135                           
   136                           	psect	cinit
   137  000198                     __pcinit:
   138                           	opt stack 0
   139  000198                     start_initialization:
   140                           	opt stack 0
   141  000198                     __initialization:
   142                           	opt stack 0
   143                           
   144                           ; Clear objects allocated to COMRAM (38 bytes)
   145  000198  EE00  F001         	lfsr	0,__pbssCOMRAM
   146  00019C  0E26               	movlw	38
   147  00019E                     clear_0:
   148  00019E  6AEE               	clrf	postinc0,c
   149  0001A0  06E8               	decf	wreg,f,c
   150  0001A2  E1FD               	bnz	clear_0
   151  0001A4                     end_of_initialization:
   152                           	opt stack 0
   153  0001A4                     __end_of__initialization:
   154                           	opt stack 0
   155  0001A4  0100               	movlb	0
   156  0001A6  EF49  F000         	goto	_main	;jump to C main() function
   157                           pclatu	equ	0xFFB
   158                           pclath	equ	0xFFA
   159                           tblptru	equ	0xFF8
   160                           tblptrh	equ	0xFF7
   161                           tblptrl	equ	0xFF6
   162                           tablat	equ	0xFF5
   163                           prodh	equ	0xFF4
   164                           prodl	equ	0xFF3
   165                           postinc0	equ	0xFEE
   166                           fsr0h	equ	0xFEA
   167                           fsr0l	equ	0xFE9
   168                           wreg	equ	0xFE8
   169                           fsr1h	equ	0xFE2
   170                           fsr1l	equ	0xFE1
   171                           fsr2h	equ	0xFDA
   172                           fsr2l	equ	0xFD9
   173                           
   174                           	psect	bssCOMRAM
   175  000001                     __pbssCOMRAM:
   176                           	opt stack 0
   177  000001                     _buf:
   178                           	opt stack 0
   179  000001                     	ds	10
   180  00000B                     _decm:
   181                           	opt stack 0
   182  00000B                     	ds	4
   183  00000F                     _fvar:
   184                           	opt stack 0
   185  00000F                     	ds	4
   186  000013                     _tens:
   187                           	opt stack 0
   188  000013                     	ds	4
   189  000017                     _an8_value:
   190                           	opt stack 0
   191  000017                     	ds	2
   192  000019                     _an9_value:
   193                           	opt stack 0
   194  000019                     	ds	2
   195  00001B                     _itxdata:
   196                           	opt stack 0
   197  00001B                     	ds	2
   198  00001D                     _parity:
   199                           	opt stack 0
   200  00001D                     	ds	2
   201  00001F                     _tempi:
   202                           	opt stack 0
   203  00001F                     	ds	2
   204  000021                     _uart_data:
   205                           	opt stack 0
   206  000021                     	ds	2
   207  000023                     _vtxdata:
   208                           	opt stack 0
   209  000023                     	ds	2
   210  000025                     _parity_rx:
   211                           	opt stack 0
   212  000025                     	ds	1
   213  000026                     _rx_data:
   214                           	opt stack 0
   215  000026                     	ds	1
   216                           pclatu	equ	0xFFB
   217                           pclath	equ	0xFFA
   218                           tblptru	equ	0xFF8
   219                           tblptrh	equ	0xFF7
   220                           tblptrl	equ	0xFF6
   221                           tablat	equ	0xFF5
   222                           prodh	equ	0xFF4
   223                           prodl	equ	0xFF3
   224                           postinc0	equ	0xFEE
   225                           fsr0h	equ	0xFEA
   226                           fsr0l	equ	0xFE9
   227                           wreg	equ	0xFE8
   228                           fsr1h	equ	0xFE2
   229                           fsr1l	equ	0xFE1
   230                           fsr2h	equ	0xFDA
   231                           fsr2l	equ	0xFD9
   232                           
   233                           	psect	cstackCOMRAM
   234  000027                     __pcstackCOMRAM:
   235                           	opt stack 0
   236  000027                     ??_ISR:
   237  000027                     
   238                           ; 2 bytes @ 0x0
   239  000027                     	ds	14
   240  000035                     ??_serial_init:
   241  000035                     calculateparity@parity:
   242                           	opt stack 0
   243                           
   244                           ; 1 bytes @ 0xE
   245  000035                     	ds	1
   246  000036                     calculateparity@scancode:
   247                           	opt stack 0
   248                           
   249                           ; 1 bytes @ 0xF
   250  000036                     	ds	1
   251  000037                     ??_main:
   252                           
   253                           ; 0 bytes @ 0x10
   254  000037                     	ds	2
   255                           pclatu	equ	0xFFB
   256                           pclath	equ	0xFFA
   257                           tblptru	equ	0xFF8
   258                           tblptrh	equ	0xFF7
   259                           tblptrl	equ	0xFF6
   260                           tablat	equ	0xFF5
   261                           prodh	equ	0xFF4
   262                           prodl	equ	0xFF3
   263                           postinc0	equ	0xFEE
   264                           fsr0h	equ	0xFEA
   265                           fsr0l	equ	0xFE9
   266                           wreg	equ	0xFE8
   267                           fsr1h	equ	0xFE2
   268                           fsr1l	equ	0xFE1
   269                           fsr2h	equ	0xFDA
   270                           fsr2l	equ	0xFD9
   271                           
   272 ;;
   273 ;;Main: autosize = 0, tempsize = 2, incstack = 0, save=0
   274 ;;
   275 ;; *************** function _main *****************
   276 ;; Defined at:
   277 ;;		line 157 in file "main.c"
   278 ;; Parameters:    Size  Location     Type
   279 ;;		None
   280 ;; Auto vars:     Size  Location     Type
   281 ;;		None
   282 ;; Return value:  Size  Location     Type
   283 ;;                  2   87[COMRAM] int 
   284 ;; Registers used:
   285 ;;		wreg, status,2, status,0, cstack
   286 ;; Tracked objects:
   287 ;;		On entry : 0/0
   288 ;;		On exit  : 0/0
   289 ;;		Unchanged: 0/0
   290 ;; Data sizes:     COMRAM   BANK0   BANK1   BANK2   BANK3   BANK4   BANK5   BANK6   BANK7   BANK8   BANK9  BANK10  BANK1
      +1  BANK12  BANK13  BANK14  BANK15
   291 ;;      Params:         0       0       0       0       0       0       0       0       0       0       0       0       
      +0       0       0       0       0
   292 ;;      Locals:         0       0       0       0       0       0       0       0       0       0       0       0       
      +0       0       0       0       0
   293 ;;      Temps:          2       0       0       0       0       0       0       0       0       0       0       0       
      +0       0       0       0       0
   294 ;;      Totals:         2       0       0       0       0       0       0       0       0       0       0       0       
      +0       0       0       0       0
   295 ;;Total ram usage:        2 bytes
   296 ;; Hardware stack levels required when called:    2
   297 ;; This function calls:
   298 ;;		_calculateparity
   299 ;;		_init_io
   300 ;;		_serial_init
   301 ;; This function is called by:
   302 ;;		Startup code after reset
   303 ;; This function uses a non-reentrant model
   304 ;;
   305                           
   306                           	psect	text0
   307  000092                     __ptext0:
   308                           	opt stack 0
   309  000092                     _main:
   310                           	opt stack 29
   311                           
   312                           ;main.c: 159: init_io();
   313                           
   314                           ;incstack = 0
   315  000092  EC8B  F000         	call	_init_io	;wreg free
   316                           
   317                           ;main.c: 160: serial_init();
   318  000096  ECA7  F000         	call	_serial_init	;wreg free
   319                           
   320                           ;main.c: 164: OSCCONbits.IRCF = 0x05;
   321  00009A  50D3               	movf	4051,w,c	;volatile
   322  00009C  0B8F               	andlw	-113
   323  00009E  0950               	iorlw	80
   324  0000A0  6ED3               	movwf	4051,c	;volatile
   325                           
   326                           ;main.c: 165: OSCCONbits.SCS = 0x02;
   327  0000A2  50D3               	movf	4051,w,c	;volatile
   328  0000A4  0BFC               	andlw	-4
   329  0000A6  0902               	iorlw	2
   330  0000A8  6ED3               	movwf	4051,c	;volatile
   331  0000AA                     l742:
   332                           
   333                           ;main.c: 170: PORTAbits.RA0 = 0;
   334  0000AA  9080               	bcf	3968,0,c	;volatile
   335                           
   336                           ;main.c: 171: if (uart_data) {
   337  0000AC  5022               	movf	_uart_data+1,w,c	;volatile
   338  0000AE  1021               	iorwf	_uart_data,w,c	;volatile
   339  0000B0  B4D8               	btfsc	status,2,c
   340  0000B2  D7FB               	goto	l742
   341                           
   342                           ;main.c: 173: if (RCSTA1bits.FERR) {
   343  0000B4  A4AB               	btfss	4011,2,c	;volatile
   344  0000B6  D004               	goto	l750
   345                           
   346                           ;main.c: 174: uart_data = (0);
   347  0000B8  0E00               	movlw	0
   348  0000BA  6E22               	movwf	_uart_data+1,c	;volatile
   349  0000BC  0E00               	movlw	0
   350  0000BE  6E21               	movwf	_uart_data,c	;volatile
   351  0000C0                     l750:
   352                           
   353                           ;main.c: 175: }
   354                           ;main.c: 177: if (RCSTA1bits.OERR) {
   355  0000C0  A2AB               	btfss	4011,1,c	;volatile
   356  0000C2  D007               	goto	l756
   357                           
   358                           ;main.c: 178: RCSTA1bits.CREN=0;
   359  0000C4  98AB               	bcf	4011,4,c	;volatile
   360                           
   361                           ;main.c: 179: _delay((unsigned long)((1)*(4000000/4000000.0)));
   362  0000C6  F000               	nop	
   363                           
   364                           ;main.c: 180: RCSTA1bits.CREN=1;
   365  0000C8  88AB               	bsf	4011,4,c	;volatile
   366                           
   367                           ;main.c: 181: uart_data = (0);
   368  0000CA  0E00               	movlw	0
   369  0000CC  6E22               	movwf	_uart_data+1,c	;volatile
   370  0000CE  0E00               	movlw	0
   371  0000D0  6E21               	movwf	_uart_data,c	;volatile
   372  0000D2                     l756:
   373                           
   374                           ;main.c: 182: }
   375                           ;main.c: 184: parity = calculateparity(uart_data);
   376  0000D2  5021               	movf	_uart_data,w,c	;volatile
   377  0000D4  ECBE  F000         	call	_calculateparity
   378  0000D8  6E37               	movwf	??_main& (0+255),c
   379  0000DA  5037               	movf	??_main,w,c
   380  0000DC  6E1D               	movwf	_parity,c	;volatile
   381  0000DE  6A1E               	clrf	_parity+1,c	;volatile
   382                           
   383                           ;main.c: 185: if (parity_rx == parity) {
   384  0000E0  5025               	movf	_parity_rx,w,c
   385  0000E2  6E37               	movwf	??_main& (0+255),c
   386  0000E4  6A38               	clrf	(??_main+1)& (0+255),c
   387  0000E6  501E               	movf	_parity+1,w,c	;volatile
   388  0000E8  1838               	xorwf	??_main+1,w,c
   389  0000EA  E102               	bnz	u85
   390  0000EC  501D               	movf	_parity,w,c	;volatile
   391  0000EE  1837               	xorwf	??_main,w,c
   392  0000F0                     u85:
   393  0000F0  A4D8               	btfss	status,2,c
   394  0000F2  D00C               	goto	l770
   395                           
   396                           ;main.c: 187: rx_data = uart_data;
   397  0000F4  C021  F026         	movff	_uart_data,_rx_data	;volatile
   398                           
   399                           ;main.c: 188: if (rx_data == 'a') {
   400  0000F8  5026               	movf	_rx_data,w,c
   401  0000FA  0A61               	xorlw	97
   402  0000FC  A4D8               	btfss	status,2,c
   403  0000FE  D006               	goto	l770
   404                           
   405                           ;main.c: 189: PORTAbits.RA0 = 1;
   406  000100  8080               	bsf	3968,0,c	;volatile
   407                           
   408                           ;main.c: 190: _delay((unsigned long)((1)*(4000000/4000.0)));
   409  000102  0EFA               	movlw	250
   410  000104                     u107:
   411  000104  F000               	nop	
   412  000106  2EE8               	decfsz	wreg,f,c
   413  000108  D7FD               	goto	u107
   414                           
   415                           ;main.c: 191: PORTAbits.RA0 = 0;
   416  00010A  9080               	bcf	3968,0,c	;volatile
   417  00010C                     l770:
   418                           
   419                           ;main.c: 192: }
   420                           ;main.c: 193: }
   421                           ;main.c: 196: uart_data = (0);
   422  00010C  0E00               	movlw	0
   423  00010E  6E22               	movwf	_uart_data+1,c	;volatile
   424  000110  0E00               	movlw	0
   425  000112  6E21               	movwf	_uart_data,c	;volatile
   426  000114  D7CA               	goto	l742
   427  000116                     __end_of_main:
   428                           	opt stack 0
   429                           pclatu	equ	0xFFB
   430                           pclath	equ	0xFFA
   431                           tblptru	equ	0xFF8
   432                           tblptrh	equ	0xFF7
   433                           tblptrl	equ	0xFF6
   434                           tablat	equ	0xFF5
   435                           prodh	equ	0xFF4
   436                           prodl	equ	0xFF3
   437                           postinc0	equ	0xFEE
   438                           fsr0h	equ	0xFEA
   439                           fsr0l	equ	0xFE9
   440                           wreg	equ	0xFE8
   441                           fsr1h	equ	0xFE2
   442                           fsr1l	equ	0xFE1
   443                           fsr2h	equ	0xFDA
   444                           fsr2l	equ	0xFD9
   445                           status	equ	0xFD8
   446                           
   447 ;; *************** function _serial_init *****************
   448 ;; Defined at:
   449 ;;		line 115 in file "main.c"
   450 ;; Parameters:    Size  Location     Type
   451 ;;		None
   452 ;; Auto vars:     Size  Location     Type
   453 ;;		None
   454 ;; Return value:  Size  Location     Type
   455 ;;		None               void
   456 ;; Registers used:
   457 ;;		wreg, status,2
   458 ;; Tracked objects:
   459 ;;		On entry : 0/0
   460 ;;		On exit  : 0/0
   461 ;;		Unchanged: 0/0
   462 ;; Data sizes:     COMRAM   BANK0   BANK1   BANK2   BANK3   BANK4   BANK5   BANK6   BANK7   BANK8   BANK9  BANK10  BANK1
      +1  BANK12  BANK13  BANK14  BANK15
   463 ;;      Params:         0       0       0       0       0       0       0       0       0       0       0       0       
      +0       0       0       0       0
   464 ;;      Locals:         0       0       0       0       0       0       0       0       0       0       0       0       
      +0       0       0       0       0
   465 ;;      Temps:          1       0       0       0       0       0       0       0       0       0       0       0       
      +0       0       0       0       0
   466 ;;      Totals:         1       0       0       0       0       0       0       0       0       0       0       0       
      +0       0       0       0       0
   467 ;;Total ram usage:        1 bytes
   468 ;; Hardware stack levels used:    1
   469 ;; Hardware stack levels required when called:    1
   470 ;; This function calls:
   471 ;;		Nothing
   472 ;; This function is called by:
   473 ;;		_main
   474 ;; This function uses a non-reentrant model
   475 ;;
   476                           
   477                           	psect	text1
   478  00014E                     __ptext1:
   479                           	opt stack 0
   480  00014E                     _serial_init:
   481                           	opt stack 29
   482                           
   483                           ;main.c: 125: TXSTA1bits.BRGH=1;
   484                           
   485                           ;incstack = 0
   486  00014E  84AC               	bsf	4012,2,c	;volatile
   487                           
   488                           ;main.c: 126: TXSTA1bits.TX9=1;
   489  000150  8CAC               	bsf	4012,6,c	;volatile
   490                           
   491                           ;main.c: 127: TXSTA1bits.TXEN = 1;
   492  000152  8AAC               	bsf	4012,5,c	;volatile
   493                           
   494                           ;main.c: 130: RCSTA1bits.SPEN=1;
   495  000154  8EAB               	bsf	4011,7,c	;volatile
   496                           
   497                           ;main.c: 131: RCSTA1bits.RX9=1;
   498  000156  8CAB               	bsf	4011,6,c	;volatile
   499                           
   500                           ;main.c: 132: RCSTA1bits.CREN=1;
   501  000158  88AB               	bsf	4011,4,c	;volatile
   502                           
   503                           ;main.c: 145: SPBRG1=103;
   504  00015A  0E67               	movlw	103
   505  00015C  6EAF               	movwf	4015,c	;volatile
   506                           
   507                           ;main.c: 146: SPBRGH1=0;
   508  00015E  0E00               	movlw	0
   509  000160  6EB0               	movwf	4016,c	;volatile
   510                           
   511                           ;main.c: 148: PIR1bits.RCIF=0;
   512  000162  9A9E               	bcf	3998,5,c	;volatile
   513                           
   514                           ;main.c: 149: PIE1bits.RCIE=1;
   515  000164  8A9D               	bsf	3997,5,c	;volatile
   516                           
   517                           ;main.c: 150: INTCONbits.PEIE = 1;
   518  000166  8CF2               	bsf	intcon,6,c	;volatile
   519                           
   520                           ;main.c: 151: INTCONbits.GIE = 1;
   521  000168  8EF2               	bsf	intcon,7,c	;volatile
   522                           
   523                           ;main.c: 153: _delay((unsigned long)((50)*(4000000/4000.0)));
   524  00016A  0E41               	movlw	65
   525  00016C  6E35               	movwf	??_serial_init& (0+255),c
   526  00016E  0EEE               	movlw	238
   527  000170                     u117:
   528  000170  2EE8               	decfsz	wreg,f,c
   529  000172  D7FE               	goto	u117
   530  000174  2E35               	decfsz	??_serial_init& (0+255),f,c
   531  000176  D7FC               	goto	u117
   532  000178  D000               	nop2	
   533  00017A  0012               	return	
   534  00017C                     __end_of_serial_init:
   535                           	opt stack 0
   536                           pclatu	equ	0xFFB
   537                           pclath	equ	0xFFA
   538                           tblptru	equ	0xFF8
   539                           tblptrh	equ	0xFF7
   540                           tblptrl	equ	0xFF6
   541                           tablat	equ	0xFF5
   542                           prodh	equ	0xFF4
   543                           prodl	equ	0xFF3
   544                           intcon	equ	0xFF2
   545                           postinc0	equ	0xFEE
   546                           fsr0h	equ	0xFEA
   547                           fsr0l	equ	0xFE9
   548                           wreg	equ	0xFE8
   549                           fsr1h	equ	0xFE2
   550                           fsr1l	equ	0xFE1
   551                           fsr2h	equ	0xFDA
   552                           fsr2l	equ	0xFD9
   553                           status	equ	0xFD8
   554                           
   555 ;; *************** function _init_io *****************
   556 ;; Defined at:
   557 ;;		line 63 in file "main.c"
   558 ;; Parameters:    Size  Location     Type
   559 ;;		None
   560 ;; Auto vars:     Size  Location     Type
   561 ;;		None
   562 ;; Return value:  Size  Location     Type
   563 ;;		None               void
   564 ;; Registers used:
   565 ;;		wreg, status,2
   566 ;; Tracked objects:
   567 ;;		On entry : 0/0
   568 ;;		On exit  : 0/0
   569 ;;		Unchanged: 0/0
   570 ;; Data sizes:     COMRAM   BANK0   BANK1   BANK2   BANK3   BANK4   BANK5   BANK6   BANK7   BANK8   BANK9  BANK10  BANK1
      +1  BANK12  BANK13  BANK14  BANK15
   571 ;;      Params:         0       0       0       0       0       0       0       0       0       0       0       0       
      +0       0       0       0       0
   572 ;;      Locals:         0       0       0       0       0       0       0       0       0       0       0       0       
      +0       0       0       0       0
   573 ;;      Temps:          0       0       0       0       0       0       0       0       0       0       0       0       
      +0       0       0       0       0
   574 ;;      Totals:         0       0       0       0       0       0       0       0       0       0       0       0       
      +0       0       0       0       0
   575 ;;Total ram usage:        0 bytes
   576 ;; Hardware stack levels used:    1
   577 ;; Hardware stack levels required when called:    1
   578 ;; This function calls:
   579 ;;		Nothing
   580 ;; This function is called by:
   581 ;;		_main
   582 ;; This function uses a non-reentrant model
   583 ;;
   584                           
   585                           	psect	text2
   586  000116                     __ptext2:
   587                           	opt stack 0
   588  000116                     _init_io:
   589                           	opt stack 29
   590                           
   591                           ;main.c: 64: TRISAbits.TRISA0 = 0;
   592                           
   593                           ;incstack = 0
   594  000116  9092               	bcf	3986,0,c	;volatile
   595                           
   596                           ;main.c: 65: TRISAbits.TRISA1 = 0;
   597  000118  9292               	bcf	3986,1,c	;volatile
   598                           
   599                           ;main.c: 66: TRISAbits.TRISA2 = 0;
   600  00011A  9492               	bcf	3986,2,c	;volatile
   601                           
   602                           ;main.c: 67: TRISAbits.TRISA3 = 0;
   603  00011C  9692               	bcf	3986,3,c	;volatile
   604                           
   605                           ;main.c: 68: TRISAbits.TRISA4 = 0;
   606  00011E  9892               	bcf	3986,4,c	;volatile
   607                           
   608                           ;main.c: 69: TRISAbits.TRISA5 = 0;
   609  000120  9A92               	bcf	3986,5,c	;volatile
   610                           
   611                           ;main.c: 72: ANSELA = 0x00;
   612  000122  0E00               	movlw	0
   613  000124  010F               	movlb	15	; () banked
   614  000126  6F38               	movwf	56,b	;volatile
   615                           
   616                           ; BSR set to: 15
   617                           ;main.c: 75: TRISBbits.TRISB4 = 0;
   618  000128  9893               	bcf	3987,4,c	;volatile
   619                           
   620                           ; BSR set to: 15
   621                           ;main.c: 76: TRISBbits.TRISB5 = 1;
   622  00012A  8A93               	bsf	3987,5,c	;volatile
   623                           
   624                           ; BSR set to: 15
   625                           ;main.c: 77: TRISBbits.TRISB6 = 0;
   626  00012C  9C93               	bcf	3987,6,c	;volatile
   627                           
   628                           ; BSR set to: 15
   629                           ;main.c: 78: TRISBbits.TRISB7 = 0;
   630  00012E  9E93               	bcf	3987,7,c	;volatile
   631                           
   632                           ;main.c: 80: ANSELB = 0b00001000;
   633  000130  0E08               	movlw	8
   634  000132  010F               	movlb	15	; () banked
   635  000134  6F39               	movwf	57,b	;volatile
   636                           
   637                           ; BSR set to: 15
   638                           ;main.c: 82: TRISCbits.TRISC0 = 0;
   639  000136  9094               	bcf	3988,0,c	;volatile
   640                           
   641                           ; BSR set to: 15
   642                           ;main.c: 83: TRISCbits.TRISC1 = 0;
   643  000138  9294               	bcf	3988,1,c	;volatile
   644                           
   645                           ; BSR set to: 15
   646                           ;main.c: 84: TRISCbits.TRISC2 = 0;
   647  00013A  9494               	bcf	3988,2,c	;volatile
   648                           
   649                           ; BSR set to: 15
   650                           ;main.c: 85: TRISCbits.TRISC3 = 0;
   651  00013C  9694               	bcf	3988,3,c	;volatile
   652                           
   653                           ; BSR set to: 15
   654                           ;main.c: 86: TRISCbits.TRISC4 = 0;
   655  00013E  9894               	bcf	3988,4,c	;volatile
   656                           
   657                           ; BSR set to: 15
   658                           ;main.c: 87: TRISCbits.TRISC5 = 0;
   659  000140  9A94               	bcf	3988,5,c	;volatile
   660                           
   661                           ; BSR set to: 15
   662                           ;main.c: 88: TRISCbits.TRISC6 = 1;
   663  000142  8C94               	bsf	3988,6,c	;volatile
   664                           
   665                           ; BSR set to: 15
   666                           ;main.c: 89: TRISCbits.TRISC7 = 1;
   667  000144  8E94               	bsf	3988,7,c	;volatile
   668                           
   669                           ;main.c: 90: ANSELC = 0x00;
   670  000146  0E00               	movlw	0
   671  000148  010F               	movlb	15	; () banked
   672  00014A  6F3A               	movwf	58,b	;volatile
   673                           
   674                           ; BSR set to: 15
   675  00014C  0012               	return	
   676  00014E                     __end_of_init_io:
   677                           	opt stack 0
   678                           pclatu	equ	0xFFB
   679                           pclath	equ	0xFFA
   680                           tblptru	equ	0xFF8
   681                           tblptrh	equ	0xFF7
   682                           tblptrl	equ	0xFF6
   683                           tablat	equ	0xFF5
   684                           prodh	equ	0xFF4
   685                           prodl	equ	0xFF3
   686                           intcon	equ	0xFF2
   687                           postinc0	equ	0xFEE
   688                           fsr0h	equ	0xFEA
   689                           fsr0l	equ	0xFE9
   690                           wreg	equ	0xFE8
   691                           fsr1h	equ	0xFE2
   692                           fsr1l	equ	0xFE1
   693                           fsr2h	equ	0xFDA
   694                           fsr2l	equ	0xFD9
   695                           status	equ	0xFD8
   696                           
   697 ;; *************** function _calculateparity *****************
   698 ;; Defined at:
   699 ;;		line 93 in file "main.c"
   700 ;; Parameters:    Size  Location     Type
   701 ;;  scancode        1    wreg     unsigned char 
   702 ;; Auto vars:     Size  Location     Type
   703 ;;  scancode        1   15[COMRAM] unsigned char 
   704 ;;  parity          1   14[COMRAM] unsigned char 
   705 ;; Return value:  Size  Location     Type
   706 ;;                  1    wreg      unsigned char 
   707 ;; Registers used:
   708 ;;		wreg, status,2, status,0
   709 ;; Tracked objects:
   710 ;;		On entry : 0/0
   711 ;;		On exit  : 0/0
   712 ;;		Unchanged: 0/0
   713 ;; Data sizes:     COMRAM   BANK0   BANK1   BANK2   BANK3   BANK4   BANK5   BANK6   BANK7   BANK8   BANK9  BANK10  BANK1
      +1  BANK12  BANK13  BANK14  BANK15
   714 ;;      Params:         0       0       0       0       0       0       0       0       0       0       0       0       
      +0       0       0       0       0
   715 ;;      Locals:         2       0       0       0       0       0       0       0       0       0       0       0       
      +0       0       0       0       0
   716 ;;      Temps:          0       0       0       0       0       0       0       0       0       0       0       0       
      +0       0       0       0       0
   717 ;;      Totals:         2       0       0       0       0       0       0       0       0       0       0       0       
      +0       0       0       0       0
   718 ;;Total ram usage:        2 bytes
   719 ;; Hardware stack levels used:    1
   720 ;; Hardware stack levels required when called:    1
   721 ;; This function calls:
   722 ;;		Nothing
   723 ;; This function is called by:
   724 ;;		_main
   725 ;; This function uses a non-reentrant model
   726 ;;
   727                           
   728                           	psect	text3
   729  00017C                     __ptext3:
   730                           	opt stack 0
   731  00017C                     _calculateparity:
   732                           	opt stack 29
   733                           
   734                           ; BSR set to: 15
   735                           ;incstack = 0
   736                           ;calculateparity@scancode stored from wreg
   737  00017C  6E36               	movwf	calculateparity@scancode,c
   738                           
   739                           ;main.c: 95: unsigned char parity = 0;
   740  00017E  0E00               	movlw	0
   741  000180  6E35               	movwf	calculateparity@parity,c
   742                           
   743                           ;main.c: 97: while(scancode > 0)
   744  000182  D005               	goto	l72
   745  000184                     l702:
   746                           
   747                           ;main.c: 98: {
   748                           ;main.c: 99: if(scancode & 0x01)
   749  000184  B036               	btfsc	calculateparity@scancode,0,c
   750                           
   751                           ;main.c: 100: {
   752                           ;main.c: 101: parity++;
   753  000186  2A35               	incf	calculateparity@parity,f,c
   754                           
   755                           ;main.c: 102: }
   756                           ;main.c: 103: scancode = scancode >> 1;
   757  000188  90D8               	bcf	status,0,c
   758  00018A  3036               	rrcf	calculateparity@scancode,w,c
   759  00018C  6E36               	movwf	calculateparity@scancode,c
   760  00018E                     l72:
   761  00018E  6636               	tstfsz	calculateparity@scancode,c
   762  000190  D7F9               	goto	l702
   763                           
   764                           ;main.c: 104: }
   765                           ;main.c: 106: return (parity & 0x01);
   766  000192  5035               	movf	calculateparity@parity,w,c
   767  000194  0B01               	andlw	1
   768  000196  0012               	return	
   769  000198                     __end_of_calculateparity:
   770                           	opt stack 0
   771                           pclatu	equ	0xFFB
   772                           pclath	equ	0xFFA
   773                           tblptru	equ	0xFF8
   774                           tblptrh	equ	0xFF7
   775                           tblptrl	equ	0xFF6
   776                           tablat	equ	0xFF5
   777                           prodh	equ	0xFF4
   778                           prodl	equ	0xFF3
   779                           intcon	equ	0xFF2
   780                           postinc0	equ	0xFEE
   781                           fsr0h	equ	0xFEA
   782                           fsr0l	equ	0xFE9
   783                           wreg	equ	0xFE8
   784                           fsr1h	equ	0xFE2
   785                           fsr1l	equ	0xFE1
   786                           fsr2h	equ	0xFDA
   787                           fsr2l	equ	0xFD9
   788                           status	equ	0xFD8
   789                           pclatu	equ	0xFFB
   790                           pclath	equ	0xFFA
   791                           tblptru	equ	0xFF8
   792                           tblptrh	equ	0xFF7
   793                           tblptrl	equ	0xFF6
   794                           tablat	equ	0xFF5
   795                           prodh	equ	0xFF4
   796                           prodl	equ	0xFF3
   797                           intcon	equ	0xFF2
   798                           postinc0	equ	0xFEE
   799                           fsr0h	equ	0xFEA
   800                           fsr0l	equ	0xFE9
   801                           wreg	equ	0xFE8
   802                           fsr1h	equ	0xFE2
   803                           fsr1l	equ	0xFE1
   804                           fsr2h	equ	0xFDA
   805                           fsr2l	equ	0xFD9
   806                           status	equ	0xFD8
   807                           
   808                           	psect	rparam
   809  0000                     pclatu	equ	0xFFB
   810                           pclath	equ	0xFFA
   811                           tblptru	equ	0xFF8
   812                           tblptrh	equ	0xFF7
   813                           tblptrl	equ	0xFF6
   814                           tablat	equ	0xFF5
   815                           prodh	equ	0xFF4
   816                           prodl	equ	0xFF3
   817                           intcon	equ	0xFF2
   818                           postinc0	equ	0xFEE
   819                           fsr0h	equ	0xFEA
   820                           fsr0l	equ	0xFE9
   821                           wreg	equ	0xFE8
   822                           fsr1h	equ	0xFE2
   823                           fsr1l	equ	0xFE1
   824                           fsr2h	equ	0xFDA
   825                           fsr2l	equ	0xFD9
   826                           status	equ	0xFD8


Data Sizes:
    Strings     0
    Constant    0
    Data        0
    BSS         38
    Persistent  0
    Stack       0

Auto Spaces:
    Space          Size  Autos    Used
    COMRAM           95     18      56
    BANK0           160      0       0
    BANK1           256      0       0
    BANK2           256      0       0
    BANK3           256      0       0
    BANK4           256      0       0
    BANK5           256      0       0
    BANK6           256      0       0
    BANK7           256      0       0
    BANK8           256      0       0
    BANK9           256      0       0
    BANK10          256      0       0
    BANK11          256      0       0
    BANK12          256      0       0
    BANK13          256      0       0
    BANK14          256      0       0
    BANK15           56      0       0

Pointer List with Targets:

    None.

Critical Paths under _main in COMRAM

    _main->_calculateparity

Critical Paths under _ISR in COMRAM

    None.

Critical Paths under _main in BANK0

    None.

Critical Paths under _ISR in BANK0

    None.

Critical Paths under _main in BANK1

    None.

Critical Paths under _ISR in BANK1

    None.

Critical Paths under _main in BANK2

    None.

Critical Paths under _ISR in BANK2

    None.

Critical Paths under _main in BANK3

    None.

Critical Paths under _ISR in BANK3

    None.

Critical Paths under _main in BANK4

    None.

Critical Paths under _ISR in BANK4

    None.

Critical Paths under _main in BANK5

    None.

Critical Paths under _ISR in BANK5

    None.

Critical Paths under _main in BANK6

    None.

Critical Paths under _ISR in BANK6

    None.

Critical Paths under _main in BANK7

    None.

Critical Paths under _ISR in BANK7

    None.

Critical Paths under _main in BANK8

    None.

Critical Paths under _ISR in BANK8

    None.

Critical Paths under _main in BANK9

    None.

Critical Paths under _ISR in BANK9

    None.

Critical Paths under _main in BANK10

    None.

Critical Paths under _ISR in BANK10

    None.

Critical Paths under _main in BANK11

    None.

Critical Paths under _ISR in BANK11

    None.

Critical Paths under _main in BANK12

    None.

Critical Paths under _ISR in BANK12

    None.

Critical Paths under _main in BANK13

    None.

Critical Paths under _ISR in BANK13

    None.

Critical Paths under _main in BANK14

    None.

Critical Paths under _ISR in BANK14

    None.

Critical Paths under _main in BANK15

    None.

Critical Paths under _ISR in BANK15

    None.

Call Graph Tables:

 ---------------------------------------------------------------------------------
 (Depth) Function   	        Calls       Base Space   Used Autos Params    Refs
 ---------------------------------------------------------------------------------
 (0) _main                                                 2     2      0      60
                                             16 COMRAM     2     2      0
                    _calculateparity
                            _init_io
                        _serial_init
 ---------------------------------------------------------------------------------
 (1) _serial_init                                          1     1      0       0
                                             14 COMRAM     1     1      0
 ---------------------------------------------------------------------------------
 (1) _init_io                                              0     0      0       0
 ---------------------------------------------------------------------------------
 (1) _calculateparity                                      2     2      0      60
                                             14 COMRAM     2     2      0
 ---------------------------------------------------------------------------------
 Estimated maximum stack depth 1
 ---------------------------------------------------------------------------------
 (Depth) Function   	        Calls       Base Space   Used Autos Params    Refs
 ---------------------------------------------------------------------------------
 (2) _ISR                                                 14    14      0       0
                                              0 COMRAM    14    14      0
 ---------------------------------------------------------------------------------
 Estimated maximum stack depth 2
 ---------------------------------------------------------------------------------

 Call Graph Graphs:

 _main (ROOT)
   _calculateparity
   _init_io
   _serial_init

 _ISR (ROOT)

 Address spaces:
Name               Size   Autos  Total    Cost      Usage
BIGRAM             F37      0       0      37        0.0%
EEDATA             400      0       0       0        0.0%
BITBANK14          100      0       0      33        0.0%
BANK14             100      0       0      34        0.0%
BITBANK13          100      0       0      31        0.0%
BANK13             100      0       0      32        0.0%
BITBANK12          100      0       0      29        0.0%
BANK12             100      0       0      30        0.0%
BITBANK11          100      0       0      27        0.0%
BANK11             100      0       0      28        0.0%
BITBANK10          100      0       0      25        0.0%
BANK10             100      0       0      26        0.0%
BITBANK9           100      0       0      23        0.0%
BANK9              100      0       0      24        0.0%
BITBANK8           100      0       0      21        0.0%
BANK8              100      0       0      22        0.0%
BITBANK7           100      0       0      19        0.0%
BANK7              100      0       0      20        0.0%
BITBANK6           100      0       0      17        0.0%
BANK6              100      0       0      18        0.0%
BITBANK5           100      0       0      15        0.0%
BANK5              100      0       0      16        0.0%
BITBANK4           100      0       0      13        0.0%
BANK4              100      0       0      14        0.0%
BITBANK3           100      0       0      10        0.0%
BANK3              100      0       0      11        0.0%
BITBANK2           100      0       0       8        0.0%
BANK2              100      0       0       9        0.0%
BITBANK1           100      0       0       6        0.0%
BANK1              100      0       0       7        0.0%
BITBANK0            A0      0       0       4        0.0%
BANK0               A0      0       0       5        0.0%
BITCOMRAM           5F      0       0       0        0.0%
COMRAM              5F     12      38       1       58.9%
BITBANK15           38      0       0      35        0.0%
BANK15              38      0       0      36        0.0%
BITSFR_1             0      0       0      40        0.0%
SFR_1                0      0       0      40        0.0%
BITSFR               0      0       0      40        0.0%
SFR                  0      0       0      40        0.0%
STACK                0      0       0       2        0.0%
NULL                 0      0       0       0        0.0%
ABS                  0      0      38      12        0.0%
DATA                 0      0      38       3        0.0%
CODE                 0      0       0       0        0.0%


Microchip Technology PIC18 Macro Assembler V1.32 build 58300 
Symbol Table                                                                                   Mon Sep 01 12:48:17 2014

                      l72 018E                        u85 00F0              __CFG_CP0$OFF 000000  
            __CFG_CP1$OFF 000000                       l702 0184                       l750 00C0  
                     l742 00AA                       l770 010C                       l756 00D2  
                     u107 0104                       u117 0170                       _ISR 0008  
                     _buf 0001                       wreg 000FE8                _TXSTA1bits 000FAC  
            __CFG_LVP$OFF 000000                      ?_ISR 0027                      i2l66 0054  
                    _decm 000B                      _main 0092                      _fvar 000F  
                    _tens 0013                      fsr0h 000FEA                      fsr1h 000FE2  
                    fsr0l 000FE9                      fsr2h 000FDA                      fsr1l 000FE1  
                    fsr2l 000FD9                      pclat 000FFA             __CFG_BOREN$ON 000000  
                    prodh 000FF4                      prodl 000FF3                      start 008E  
           __CFG_IESO$OFF 000000                     ??_ISR 0027                     ?_main 0027  
                   _RCREG 000FAE                     _TXREG 000FAD          ?_calculateparity 0027  
          __CFG_FCMEN$OFF 000000           __end_of_init_io 014E                     _tempi 001F  
                   tablat 000FF5                     status 000FD8           __initialization 0198  
            __end_of_main 0116   calculateparity@scancode 0036                    ??_main 0037  
           __activetblptr 000000                    _ANSELA 000F38                    _ANSELB 000F39  
                  _ANSELC 000F3A            __CFG_WDTEN$OFF 000000                    _SPBRG1 000FAF  
            ?_serial_init 0027            __CFG_STVREN$ON 000000                    clear_0 019E  
                  _parity 001D                 ??_init_io 0035                    tblptrh 000FF7  
                  tblptrl 000FF6                    tblptru 000FF8           __CFG_HFOFST$OFF 000000  
              __accesstop 0060   __end_of__initialization 01A4            __pcstackCOMRAM 0027  
   calculateparity@parity 0035                   _SPBRGH1 000FB0           __CFG_PWRTEN$OFF 000000  
                 __Hparam 0000                   __Lparam 0000      __size_of_serial_init 002E  
                 __pcinit 0198                   __ramtop 1000                   __ptext0 0092  
                 __ptext1 014E                   __ptext2 0116                   __ptext3 017C  
            __size_of_ISR 0086                   _init_io 0116                   _itxdata 001B  
                 _rx_data 0026      end_of_initialization 01A4                   _vtxdata 0023  
__size_of_calculateparity 001C                   postinc0 000FEE                 _PORTAbits 000F80  
               _TRISAbits 000F92                 _TRISBbits 000F93                 _TRISCbits 000F94  
     start_initialization 0198               __end_of_ISR 008E         ??_calculateparity 0035  
               _an8_value 0017                 _an9_value 0019               __pbssCOMRAM 0001  
               __pintcode 0008                  ?_init_io 0027                 _parity_rx 0025  
                _PIE1bits 000F9D                  _PIR1bits 000F9E             ??_serial_init 0035  
               _uart_data 0021                  __Hrparam 0000                  __Lrparam 0000  
     __end_of_serial_init 017C          __size_of_init_io 0038           _calculateparity 017C  
           __size_of_main 0084                _INTCONbits 000FF2                  intlevel2 0000  
              _RCSTA1bits 000FAB                _OSCCONbits 000FD3               _serial_init 014E  
 __end_of_calculateparity 0198         __CFG_FOSC$INTIO67 000000  
