

Microchip Technology PIC18 LITE Macro Assembler V1.31 build 56723 
                                                                                               Wed Jul 02 14:39:01 2014

Microchip Technology Omniscient Code Generator (Lite mode) build 56723
     1                           	processor	18F14K22
     2                           	fnconf	rparam,??,?,0
     3                           	opt	pw 120
     4                           	opt	lm
     5                           	psect	smallconst,global,reloc=2,class=SMALLCONST,delta=1
     6                           	psect	cinit,global,reloc=2,class=CODE,delta=1
     7                           	psect	bssCOMRAM,global,class=COMRAM,space=1,delta=1
     8                           	psect	cstackCOMRAM,global,class=COMRAM,space=1,delta=1
     9                           	psect	text0,global,reloc=2,class=CODE,delta=1
    10                           	psect	text1,global,reloc=2,class=CODE,delta=1
    11                           	psect	text2,global,reloc=2,class=CODE,delta=1
    12                           	psect	text3,global,reloc=2,class=CODE,delta=1
    13                           	psect	text4,global,reloc=2,class=CODE,delta=1
    14                           	psect	intcode,global,reloc=2,class=CODE,delta=1
    15                           	psect	intsave_regs,global,class=BIGRAM,space=1,delta=1
    16                           	psect	rparam,global,class=COMRAM,space=1,delta=1
    17  0000                     _ANSEL	set	3966
    18  0000                     _ANSELH	set	3967
    19  0000                     _INTCONbits	set	4082
    20  0000                     _LATAbits	set	3977
    21  0000                     _OSCCONbits	set	4051
    22  0000                     _PIE1bits	set	3997
    23  0000                     _PIR1bits	set	3998
    24  0000                     _RCREG	set	4014
    25  0000                     _RCSTAbits	set	4011
    26  0000                     _SPBRG	set	4015
    27  0000                     _TRISAbits	set	3986
    28  0000                     _TRISBbits	set	3987
    29  0000                     _TRISCbits	set	3988
    30  0000                     _TXREG	set	4013
    31  0000                     _TXSTAbits	set	4012
    32                           
    33                           	psect	smallconst
    34  000200                     __psmallconst:
    35                           	opt stack 0
    36  000200  00                 	db	0
    37  000201                     __stringdata:
    38                           	opt stack 0
    39  000201                     STR_1:
    40  000201  48                 	db	72	;'H'
    41  000202  65                 	db	101	;'e'
    42  000203  6C                 	db	108	;'l'
    43  000204  6C                 	db	108	;'l'
    44  000205  6F                 	db	111	;'o'
    45  000206  2C                 	db	44
    46  000207  20                 	db	32
    47  000208  77                 	db	119	;'w'
    48  000209  6F                 	db	111	;'o'
    49  00020A  72                 	db	114	;'r'
    50  00020B  6C                 	db	108	;'l'
    51  00020C  64                 	db	100	;'d'
    52  00020D  21                 	db	33
    53  00020E  00                 	db	0
    54  00020F                     STR_2:
    55  00020F  46                 	db	70	;'F'
    56  000210  72                 	db	114	;'r'
    57  000211  6F                 	db	111	;'o'
    58  000212  6D                 	db	109	;'m'
    59  000213  20                 	db	32
    60  000214  30                 	db	48	;'0'
    61  000215  78                 	db	120	;'x'
    62  000216  45                 	db	69	;'E'
    63  000217  45                 	db	69	;'E'
    64  000218  2E                 	db	46
    65  000219  6E                 	db	110	;'n'
    66  00021A  65                 	db	101	;'e'
    67  00021B  74                 	db	116	;'t'
    68  00021C  00                 	db	0
    69  00021D                     __end_of__stringdata:
    70                           	opt stack 0
    71                           
    72                           ; #config settings
    73  00021D  00                 	db	0	; dummy byte at the end
    74  0000                     
    75                           	psect	cinit
    76  0003AE                     __pcinit:
    77                           	opt stack 0
    78  0003AE                     start_initialization:
    79                           	opt stack 0
    80  0003AE                     __initialization:
    81                           	opt stack 0
    82                           
    83                           ; Clear objects allocated to COMRAM (24 bytes)
    84  0003AE  EE00  F001         	lfsr	0,__pbssCOMRAM
    85  0003B2  0E18               	movlw	24
    86  0003B4                     clear_0:
    87  0003B4  6AEE               	clrf	postinc0,c
    88  0003B6  06E8               	decf	wreg,f,c
    89  0003B8  E1FD               	bnz	clear_0
    90  0003BA                     end_of_initialization:
    91                           	opt stack 0
    92  0003BA                     __end_of__initialization:
    93                           	opt stack 0
    94  0003BA  0E00               	movlw	low (__Lsmallconst shr (0+16))
    95  0003BC  6EF8               	movwf	tblptru,c
    96  0003BE  0E02               	movlw	high __Lsmallconst
    97  0003C0  6EF7               	movwf	tblptrh,c
    98  0003C2  0100               	movlb	0
    99  0003C4  EF0F  F001         	goto	_main	;jump to C main() function
   100                           tblptru	equ	0xFF8
   101                           tblptrh	equ	0xFF7
   102                           postinc0	equ	0xFEE
   103                           wreg	equ	0xFE8
   104                           
   105                           	psect	bssCOMRAM
   106  000001                     __pbssCOMRAM:
   107                           	opt stack 0
   108  000001                     _buf:
   109                           	opt stack 0
   110  000001                     	ds	10
   111  00000B                     _count1:
   112                           	opt stack 0
   113  00000B                     	ds	2
   114  00000D                     _count2:
   115                           	opt stack 0
   116  00000D                     	ds	2
   117  00000F                     _itxdata:
   118                           	opt stack 0
   119  00000F                     	ds	2
   120  000011                     _noncharkey:
   121                           	opt stack 0
   122  000011                     	ds	2
   123  000013                     _uart_data:
   124                           	opt stack 0
   125  000013                     	ds	2
   126  000015                     _x:
   127                           	opt stack 0
   128  000015                     	ds	2
   129  000017                     _FLAGbits:
   130                           	opt stack 0
   131  000017                     	ds	1
   132  000018                     _keyp:
   133                           	opt stack 0
   134  000018                     	ds	1
   135                           tblptru	equ	0xFF8
   136                           tblptrh	equ	0xFF7
   137                           postinc0	equ	0xFEE
   138                           wreg	equ	0xFE8
   139                           
   140                           	psect	cstackCOMRAM
   141  000019                     __pcstackCOMRAM:
   142                           	opt stack 0
   143  000019                     ??_ISR:
   144  000019                     
   145                           ; 2 bytes @ 0x0
   146  000019                     	ds	14
   147  000027                     ??_serial_init:
   148  000027                     uart_xmit@mydata_byte:
   149                           	opt stack 0
   150                           
   151                           ; 2 bytes @ 0xE
   152  000027                     	ds	2
   153  000029                     write_uart@txt:
   154                           	opt stack 0
   155                           
   156                           ; 2 bytes @ 0x10
   157  000029                     	ds	2
   158  00002B                     ??_main:
   159                           
   160                           ; 0 bytes @ 0x12
   161  00002B                     	ds	1
   162                           tblptru	equ	0xFF8
   163                           tblptrh	equ	0xFF7
   164                           postinc0	equ	0xFEE
   165                           wreg	equ	0xFE8
   166                           
   167 ;;
   168 ;;Main: autosize = 0, tempsize = 1, incstack = 0, save=0
   169 ;;
   170 ;; *************** function _main *****************
   171 ;; Defined at:
   172 ;;		line 144 in file "14k22main.c"
   173 ;; Parameters:    Size  Location     Type
   174 ;;		None
   175 ;; Auto vars:     Size  Location     Type
   176 ;;		None
   177 ;; Return value:  Size  Location     Type
   178 ;;                  2   75[COMRAM] int 
   179 ;; Registers used:
   180 ;;		wreg, status,2, status,0, tblptrl, tblptrh, tblptru, cstack
   181 ;; Tracked objects:
   182 ;;		On entry : 0/0
   183 ;;		On exit  : 0/0
   184 ;;		Unchanged: 0/0
   185 ;; Data sizes:     COMRAM   BANK0   BANK1
   186 ;;      Params:         0       0       0
   187 ;;      Locals:         0       0       0
   188 ;;      Temps:          1       0       0
   189 ;;      Totals:         1       0       0
   190 ;;Total ram usage:        1 bytes
   191 ;; Hardware stack levels required when called:    3
   192 ;; This function calls:
   193 ;;		_init_io
   194 ;;		_serial_init
   195 ;;		_uart_xmit
   196 ;;		_write_uart
   197 ;; This function is called by:
   198 ;;		Startup code after reset
   199 ;; This function uses a non-reentrant model
   200 ;;
   201                           
   202                           	psect	text0
   203  00021E                     __ptext0:
   204                           	opt stack 0
   205  00021E                     _main:
   206                           	opt stack 28
   207                           
   208                           ;14k22main.c: 147: OSCCONbits.IRCF = 0x05;
   209                           
   210                           ;incstack = 0
   211  00021E  50D3               	movf	4051,w,c	;volatile
   212  000220  0B8F               	andlw	-113
   213  000222  0950               	iorlw	80
   214  000224  6ED3               	movwf	4051,c	;volatile
   215                           
   216                           ;14k22main.c: 148: OSCCONbits.SCS = 0x02;
   217  000226  50D3               	movf	4051,w,c	;volatile
   218  000228  0BFC               	andlw	-4
   219  00022A  0902               	iorlw	2
   220  00022C  6ED3               	movwf	4051,c	;volatile
   221                           
   222                           ;14k22main.c: 151: init_io();
   223  00022E  ECC1  F001         	call	_init_io	;wreg free
   224                           
   225                           ;14k22main.c: 152: serial_init();
   226  000232  ECAB  F001         	call	_serial_init	;wreg free
   227                           
   228                           ;14k22main.c: 154: x = 0;
   229  000236  0E00               	movlw	0
   230  000238  6E16               	movwf	_x+1,c
   231  00023A  0E00               	movlw	0
   232  00023C  6E15               	movwf	_x,c
   233                           
   234                           ;14k22main.c: 156: _delay((unsigned long)((100)*(4000000/4000.0)));
   235  00023E  0E82               	movlw	130
   236  000240  6E2B               	movwf	??_main& (0+255),c
   237  000242  0EDE               	movlw	222
   238  000244                     u57:
   239  000244  2EE8               	decfsz	wreg,f,c
   240  000246  D7FE               	goto	u57
   241  000248  2E2B               	decfsz	??_main& (0+255),f,c
   242  00024A  D7FC               	goto	u57
   243  00024C                     l731:
   244                           
   245                           ;14k22main.c: 163: write_uart("Hello, world!");
   246  00024C  0E02               	movlw	high STR_1
   247  00024E  6E2A               	movwf	write_uart@txt+1,c
   248  000250  0E01               	movlw	low STR_1
   249  000252  6E29               	movwf	write_uart@txt,c
   250  000254  EC94  F001         	call	_write_uart	;wreg free
   251                           
   252                           ;14k22main.c: 164: uart_xmit(0x0A);
   253  000258  0E00               	movlw	0
   254  00025A  6E28               	movwf	uart_xmit@mydata_byte+1,c
   255  00025C  0E0A               	movlw	10
   256  00025E  6E27               	movwf	uart_xmit@mydata_byte,c
   257  000260  ECE4  F001         	call	_uart_xmit	;wreg free
   258                           
   259                           ;14k22main.c: 165: _delay((unsigned long)((149)*(4000000/4000.0)));
   260  000264  0EC2               	movlw	194
   261  000266  6E2B               	movwf	??_main& (0+255),c
   262  000268  0E80               	movlw	128
   263  00026A                     u67:
   264  00026A  2EE8               	decfsz	wreg,f,c
   265  00026C  D7FE               	goto	u67
   266  00026E  2E2B               	decfsz	??_main& (0+255),f,c
   267  000270  D7FC               	goto	u67
   268  000272  D000               	nop2	
   269                           
   270                           ;14k22main.c: 166: write_uart("From 0xEE.net");
   271  000274  0E02               	movlw	high STR_2
   272  000276  6E2A               	movwf	write_uart@txt+1,c
   273  000278  0E0F               	movlw	low STR_2
   274  00027A  6E29               	movwf	write_uart@txt,c
   275  00027C  EC94  F001         	call	_write_uart	;wreg free
   276                           
   277                           ;14k22main.c: 167: uart_xmit(0x0A);
   278  000280  0E00               	movlw	0
   279  000282  6E28               	movwf	uart_xmit@mydata_byte+1,c
   280  000284  0E0A               	movlw	10
   281  000286  6E27               	movwf	uart_xmit@mydata_byte,c
   282  000288  ECE4  F001         	call	_uart_xmit	;wreg free
   283                           
   284                           ;14k22main.c: 169: _delay((unsigned long)((100)*(4000000/4000.0)));
   285  00028C  0E82               	movlw	130
   286  00028E  6E2B               	movwf	??_main& (0+255),c
   287  000290  0EDE               	movlw	222
   288  000292                     u77:
   289  000292  2EE8               	decfsz	wreg,f,c
   290  000294  D7FE               	goto	u77
   291  000296  2E2B               	decfsz	??_main& (0+255),f,c
   292  000298  D7FC               	goto	u77
   293                           
   294                           ;14k22main.c: 170: _delay((unsigned long)((100)*(4000000/4000.0)));
   295  00029A  0E82               	movlw	130
   296  00029C  6E2B               	movwf	??_main& (0+255),c
   297  00029E  0EDE               	movlw	222
   298  0002A0                     u87:
   299  0002A0  2EE8               	decfsz	wreg,f,c
   300  0002A2  D7FE               	goto	u87
   301  0002A4  2E2B               	decfsz	??_main& (0+255),f,c
   302  0002A6  D7FC               	goto	u87
   303                           
   304                           ;14k22main.c: 171: _delay((unsigned long)((100)*(4000000/4000.0)));
   305  0002A8  0E82               	movlw	130
   306  0002AA  6E2B               	movwf	??_main& (0+255),c
   307  0002AC  0EDE               	movlw	222
   308  0002AE                     u97:
   309  0002AE  2EE8               	decfsz	wreg,f,c
   310  0002B0  D7FE               	goto	u97
   311  0002B2  2E2B               	decfsz	??_main& (0+255),f,c
   312  0002B4  D7FC               	goto	u97
   313                           
   314                           ;14k22main.c: 172: _delay((unsigned long)((100)*(4000000/4000.0)));
   315  0002B6  0E82               	movlw	130
   316  0002B8  6E2B               	movwf	??_main& (0+255),c
   317  0002BA  0EDE               	movlw	222
   318  0002BC                     u107:
   319  0002BC  2EE8               	decfsz	wreg,f,c
   320  0002BE  D7FE               	goto	u107
   321  0002C0  2E2B               	decfsz	??_main& (0+255),f,c
   322  0002C2  D7FC               	goto	u107
   323                           
   324                           ;14k22main.c: 173: _delay((unsigned long)((100)*(4000000/4000.0)));
   325  0002C4  0E82               	movlw	130
   326  0002C6  6E2B               	movwf	??_main& (0+255),c
   327  0002C8  0EDE               	movlw	222
   328  0002CA                     u117:
   329  0002CA  2EE8               	decfsz	wreg,f,c
   330  0002CC  D7FE               	goto	u117
   331  0002CE  2E2B               	decfsz	??_main& (0+255),f,c
   332  0002D0  D7FC               	goto	u117
   333                           
   334                           ;14k22main.c: 174: _delay((unsigned long)((100)*(4000000/4000.0)));
   335  0002D2  0E82               	movlw	130
   336  0002D4  6E2B               	movwf	??_main& (0+255),c
   337  0002D6  0EDE               	movlw	222
   338  0002D8                     u127:
   339  0002D8  2EE8               	decfsz	wreg,f,c
   340  0002DA  D7FE               	goto	u127
   341  0002DC  2E2B               	decfsz	??_main& (0+255),f,c
   342  0002DE  D7FC               	goto	u127
   343                           
   344                           ;14k22main.c: 175: _delay((unsigned long)((100)*(4000000/4000.0)));
   345  0002E0  0E82               	movlw	130
   346  0002E2  6E2B               	movwf	??_main& (0+255),c
   347  0002E4  0EDE               	movlw	222
   348  0002E6                     u137:
   349  0002E6  2EE8               	decfsz	wreg,f,c
   350  0002E8  D7FE               	goto	u137
   351  0002EA  2E2B               	decfsz	??_main& (0+255),f,c
   352  0002EC  D7FC               	goto	u137
   353                           
   354                           ;14k22main.c: 176: _delay((unsigned long)((100)*(4000000/4000.0)));
   355  0002EE  0E82               	movlw	130
   356  0002F0  6E2B               	movwf	??_main& (0+255),c
   357  0002F2  0EDE               	movlw	222
   358  0002F4                     u147:
   359  0002F4  2EE8               	decfsz	wreg,f,c
   360  0002F6  D7FE               	goto	u147
   361  0002F8  2E2B               	decfsz	??_main& (0+255),f,c
   362  0002FA  D7FC               	goto	u147
   363                           
   364                           ;14k22main.c: 177: _delay((unsigned long)((100)*(4000000/4000.0)));
   365  0002FC  0E82               	movlw	130
   366  0002FE  6E2B               	movwf	??_main& (0+255),c
   367  000300  0EDE               	movlw	222
   368  000302                     u157:
   369  000302  2EE8               	decfsz	wreg,f,c
   370  000304  D7FE               	goto	u157
   371  000306  2E2B               	decfsz	??_main& (0+255),f,c
   372  000308  D7FC               	goto	u157
   373                           
   374                           ;14k22main.c: 178: _delay((unsigned long)((100)*(4000000/4000.0)));
   375  00030A  0E82               	movlw	130
   376  00030C  6E2B               	movwf	??_main& (0+255),c
   377  00030E  0EDE               	movlw	222
   378  000310                     u167:
   379  000310  2EE8               	decfsz	wreg,f,c
   380  000312  D7FE               	goto	u167
   381  000314  2E2B               	decfsz	??_main& (0+255),f,c
   382  000316  D7FC               	goto	u167
   383                           
   384                           ;14k22main.c: 179: _delay((unsigned long)((100)*(4000000/4000.0)));
   385  000318  0E82               	movlw	130
   386  00031A  6E2B               	movwf	??_main& (0+255),c
   387  00031C  0EDE               	movlw	222
   388  00031E                     u177:
   389  00031E  2EE8               	decfsz	wreg,f,c
   390  000320  D7FE               	goto	u177
   391  000322  2E2B               	decfsz	??_main& (0+255),f,c
   392  000324  D7FC               	goto	u177
   393  000326  D792               	goto	l731
   394  000328                     __end_of_main:
   395                           	opt stack 0
   396                           tblptru	equ	0xFF8
   397                           tblptrh	equ	0xFF7
   398                           postinc0	equ	0xFEE
   399                           wreg	equ	0xFE8
   400                           
   401 ;; *************** function _write_uart *****************
   402 ;; Defined at:
   403 ;;		line 65 in file "14k22main.c"
   404 ;; Parameters:    Size  Location     Type
   405 ;;  txt             2   16[COMRAM] PTR const unsigned char 
   406 ;;		 -> STR_2(14), STR_1(14), 
   407 ;; Auto vars:     Size  Location     Type
   408 ;;		None
   409 ;; Return value:  Size  Location     Type
   410 ;;		None               void
   411 ;; Registers used:
   412 ;;		wreg, status,2, status,0, tblptrl, tblptrh, tblptru, cstack
   413 ;; Tracked objects:
   414 ;;		On entry : 0/0
   415 ;;		On exit  : 0/0
   416 ;;		Unchanged: 0/0
   417 ;; Data sizes:     COMRAM   BANK0   BANK1
   418 ;;      Params:         2       0       0
   419 ;;      Locals:         0       0       0
   420 ;;      Temps:          0       0       0
   421 ;;      Totals:         2       0       0
   422 ;;Total ram usage:        2 bytes
   423 ;; Hardware stack levels used:    1
   424 ;; Hardware stack levels required when called:    2
   425 ;; This function calls:
   426 ;;		_uart_xmit
   427 ;; This function is called by:
   428 ;;		_main
   429 ;; This function uses a non-reentrant model
   430 ;;
   431                           
   432                           	psect	text1
   433  000328                     __ptext1:
   434                           	opt stack 0
   435  000328                     _write_uart:
   436                           	opt stack 28
   437                           
   438                           ;14k22main.c: 66: while(*txt != 0) uart_xmit(*txt++);
   439                           
   440                           ;incstack = 0
   441  000328  D00C               	goto	l671
   442  00032A                     l667:
   443  00032A  C029  FFF6         	movff	write_uart@txt,tblptrl
   444  00032E  C02A  FFF7         	movff	write_uart@txt+1,tblptrh
   445  000332  0008               	tblrd		*
   446  000334  50F5               	movf	tablat,w,c
   447  000336  6E27               	movwf	uart_xmit@mydata_byte,c
   448  000338  6A28               	clrf	uart_xmit@mydata_byte+1,c
   449  00033A  ECE4  F001         	call	_uart_xmit	;wreg free
   450  00033E  4A29               	infsnz	write_uart@txt,f,c
   451  000340  2A2A               	incf	write_uart@txt+1,f,c
   452  000342                     l671:
   453  000342  C029  FFF6         	movff	write_uart@txt,tblptrl
   454  000346  C02A  FFF7         	movff	write_uart@txt+1,tblptrh
   455  00034A  0008               	tblrd		*
   456  00034C  50F5               	movf	tablat,w,c
   457  00034E  0900               	iorlw	0
   458  000350  B4D8               	btfsc	status,2,c
   459  000352  0012               	return	
   460  000354  D7EA               	goto	l667
   461  000356                     __end_of_write_uart:
   462                           	opt stack 0
   463                           tblptru	equ	0xFF8
   464                           tblptrh	equ	0xFF7
   465                           tblptrl	equ	0xFF6
   466                           tablat	equ	0xFF5
   467                           postinc0	equ	0xFEE
   468                           wreg	equ	0xFE8
   469                           status	equ	0xFD8
   470                           
   471 ;; *************** function _uart_xmit *****************
   472 ;; Defined at:
   473 ;;		line 60 in file "14k22main.c"
   474 ;; Parameters:    Size  Location     Type
   475 ;;  mydata_byte     2   14[COMRAM] unsigned int 
   476 ;; Auto vars:     Size  Location     Type
   477 ;;		None
   478 ;; Return value:  Size  Location     Type
   479 ;;		None               void
   480 ;; Registers used:
   481 ;;		None
   482 ;; Tracked objects:
   483 ;;		On entry : 0/0
   484 ;;		On exit  : 0/0
   485 ;;		Unchanged: 0/0
   486 ;; Data sizes:     COMRAM   BANK0   BANK1
   487 ;;      Params:         2       0       0
   488 ;;      Locals:         0       0       0
   489 ;;      Temps:          0       0       0
   490 ;;      Totals:         2       0       0
   491 ;;Total ram usage:        2 bytes
   492 ;; Hardware stack levels used:    1
   493 ;; Hardware stack levels required when called:    1
   494 ;; This function calls:
   495 ;;		Nothing
   496 ;; This function is called by:
   497 ;;		_write_uart
   498 ;;		_main
   499 ;; This function uses a non-reentrant model
   500 ;;
   501                           
   502                           	psect	text2
   503  0003C8                     __ptext2:
   504                           	opt stack 0
   505  0003C8                     _uart_xmit:
   506                           	opt stack 28
   507  0003C8                     l53:
   508  0003C8  A2AC               	btfss	4012,1,c	;volatile
   509  0003CA  D7FE               	goto	l53
   510                           
   511                           ;14k22main.c: 62: TXREG = mydata_byte;
   512  0003CC  C027  FFAD         	movff	uart_xmit@mydata_byte,4013	;volatile
   513  0003D0  0012               	return	
   514  0003D2                     __end_of_uart_xmit:
   515                           	opt stack 0
   516                           tblptru	equ	0xFF8
   517                           tblptrh	equ	0xFF7
   518                           tblptrl	equ	0xFF6
   519                           tablat	equ	0xFF5
   520                           postinc0	equ	0xFEE
   521                           wreg	equ	0xFE8
   522                           status	equ	0xFD8
   523                           
   524 ;; *************** function _serial_init *****************
   525 ;; Defined at:
   526 ;;		line 70 in file "14k22main.c"
   527 ;; Parameters:    Size  Location     Type
   528 ;;		None
   529 ;; Auto vars:     Size  Location     Type
   530 ;;		None
   531 ;; Return value:  Size  Location     Type
   532 ;;		None               void
   533 ;; Registers used:
   534 ;;		wreg, status,2
   535 ;; Tracked objects:
   536 ;;		On entry : 0/0
   537 ;;		On exit  : 0/0
   538 ;;		Unchanged: 0/0
   539 ;; Data sizes:     COMRAM   BANK0   BANK1
   540 ;;      Params:         0       0       0
   541 ;;      Locals:         0       0       0
   542 ;;      Temps:          1       0       0
   543 ;;      Totals:         1       0       0
   544 ;;Total ram usage:        1 bytes
   545 ;; Hardware stack levels used:    1
   546 ;; Hardware stack levels required when called:    1
   547 ;; This function calls:
   548 ;;		Nothing
   549 ;; This function is called by:
   550 ;;		_main
   551 ;; This function uses a non-reentrant model
   552 ;;
   553                           
   554                           	psect	text3
   555  000356                     __ptext3:
   556                           	opt stack 0
   557  000356                     _serial_init:
   558                           	opt stack 29
   559                           
   560                           ;14k22main.c: 80: TXSTAbits.BRGH=1;
   561                           
   562                           ;incstack = 0
   563  000356  84AC               	bsf	4012,2,c	;volatile
   564                           
   565                           ;14k22main.c: 81: TXSTAbits.TX9=0;
   566  000358  9CAC               	bcf	4012,6,c	;volatile
   567                           
   568                           ;14k22main.c: 82: TXSTAbits.TXEN = 1;
   569  00035A  8AAC               	bsf	4012,5,c	;volatile
   570                           
   571                           ;14k22main.c: 85: RCSTAbits.SPEN=1;
   572  00035C  8EAB               	bsf	4011,7,c	;volatile
   573                           
   574                           ;14k22main.c: 86: RCSTAbits.RX9=0;
   575  00035E  9CAB               	bcf	4011,6,c	;volatile
   576                           
   577                           ;14k22main.c: 87: RCSTAbits.CREN=1;
   578  000360  88AB               	bsf	4011,4,c	;volatile
   579                           
   580                           ;14k22main.c: 89: SPBRG=25;
   581  000362  0E19               	movlw	25
   582  000364  6EAF               	movwf	4015,c	;volatile
   583                           
   584                           ;14k22main.c: 91: PIR1bits.RCIF=0;
   585  000366  9A9E               	bcf	3998,5,c	;volatile
   586                           
   587                           ;14k22main.c: 92: PIE1bits.RCIE=1;
   588  000368  8A9D               	bsf	3997,5,c	;volatile
   589                           
   590                           ;14k22main.c: 93: INTCONbits.PEIE = 1;
   591  00036A  8CF2               	bsf	intcon,6,c	;volatile
   592                           
   593                           ;14k22main.c: 94: INTCONbits.GIE = 1;
   594  00036C  8EF2               	bsf	intcon,7,c	;volatile
   595                           
   596                           ;14k22main.c: 95: INTCONbits.T0IE = 0;
   597  00036E  9AF2               	bcf	intcon,5,c	;volatile
   598                           
   599                           ;14k22main.c: 97: _delay((unsigned long)((50)*(4000000/4000.0)));
   600  000370  0E41               	movlw	65
   601  000372  6E27               	movwf	??_serial_init& (0+255),c
   602  000374  0EEE               	movlw	238
   603  000376                     u187:
   604  000376  2EE8               	decfsz	wreg,f,c
   605  000378  D7FE               	goto	u187
   606  00037A  2E27               	decfsz	??_serial_init& (0+255),f,c
   607  00037C  D7FC               	goto	u187
   608  00037E  D000               	nop2	
   609  000380  0012               	return	
   610  000382                     __end_of_serial_init:
   611                           	opt stack 0
   612                           tblptru	equ	0xFF8
   613                           tblptrh	equ	0xFF7
   614                           tblptrl	equ	0xFF6
   615                           tablat	equ	0xFF5
   616                           intcon	equ	0xFF2
   617                           postinc0	equ	0xFEE
   618                           wreg	equ	0xFE8
   619                           status	equ	0xFD8
   620                           
   621 ;; *************** function _init_io *****************
   622 ;; Defined at:
   623 ;;		line 101 in file "14k22main.c"
   624 ;; Parameters:    Size  Location     Type
   625 ;;		None
   626 ;; Auto vars:     Size  Location     Type
   627 ;;		None
   628 ;; Return value:  Size  Location     Type
   629 ;;		None               void
   630 ;; Registers used:
   631 ;;		wreg, status,2
   632 ;; Tracked objects:
   633 ;;		On entry : 0/0
   634 ;;		On exit  : 0/0
   635 ;;		Unchanged: 0/0
   636 ;; Data sizes:     COMRAM   BANK0   BANK1
   637 ;;      Params:         0       0       0
   638 ;;      Locals:         0       0       0
   639 ;;      Temps:          0       0       0
   640 ;;      Totals:         0       0       0
   641 ;;Total ram usage:        0 bytes
   642 ;; Hardware stack levels used:    1
   643 ;; Hardware stack levels required when called:    1
   644 ;; This function calls:
   645 ;;		Nothing
   646 ;; This function is called by:
   647 ;;		_main
   648 ;; This function uses a non-reentrant model
   649 ;;
   650                           
   651                           	psect	text4
   652  000382                     __ptext4:
   653                           	opt stack 0
   654  000382                     _init_io:
   655                           	opt stack 29
   656                           
   657                           ;14k22main.c: 102: TRISAbits.TRISA0 = 0;
   658                           
   659                           ;incstack = 0
   660  000382  9092               	bcf	3986,0,c	;volatile
   661                           
   662                           ;14k22main.c: 103: TRISAbits.TRISA1 = 1;
   663  000384  8292               	bsf	3986,1,c	;volatile
   664                           
   665                           ;14k22main.c: 104: TRISAbits.TRISA2 = 1;
   666  000386  8492               	bsf	3986,2,c	;volatile
   667                           
   668                           ;14k22main.c: 105: TRISAbits.TRISA4 = 1;
   669  000388  8892               	bsf	3986,4,c	;volatile
   670                           
   671                           ;14k22main.c: 106: TRISAbits.TRISA5 = 1;
   672  00038A  8A92               	bsf	3986,5,c	;volatile
   673                           
   674                           ;14k22main.c: 108: ANSEL = 0x00;
   675  00038C  0E00               	movlw	0
   676  00038E  6E7E               	movwf	3966,c	;volatile
   677                           
   678                           ;14k22main.c: 109: ANSELH = 0x00;
   679  000390  0E00               	movlw	0
   680  000392  6E7F               	movwf	3967,c	;volatile
   681                           
   682                           ;14k22main.c: 111: TRISBbits.TRISB4 = 0;
   683  000394  9893               	bcf	3987,4,c	;volatile
   684                           
   685                           ;14k22main.c: 112: TRISBbits.TRISB5 = 1;
   686  000396  8A93               	bsf	3987,5,c	;volatile
   687                           
   688                           ;14k22main.c: 113: TRISBbits.TRISB6 = 0;
   689  000398  9C93               	bcf	3987,6,c	;volatile
   690                           
   691                           ;14k22main.c: 114: TRISBbits.TRISB7 = 0;
   692  00039A  9E93               	bcf	3987,7,c	;volatile
   693                           
   694                           ;14k22main.c: 116: TRISCbits.TRISC0 = 1;
   695  00039C  8094               	bsf	3988,0,c	;volatile
   696                           
   697                           ;14k22main.c: 117: TRISCbits.TRISC1 = 1;
   698  00039E  8294               	bsf	3988,1,c	;volatile
   699                           
   700                           ;14k22main.c: 118: TRISCbits.TRISC2 = 1;
   701  0003A0  8494               	bsf	3988,2,c	;volatile
   702                           
   703                           ;14k22main.c: 119: TRISCbits.TRISC3 = 0;
   704  0003A2  9694               	bcf	3988,3,c	;volatile
   705                           
   706                           ;14k22main.c: 120: TRISCbits.TRISC4 = 0;
   707  0003A4  9894               	bcf	3988,4,c	;volatile
   708                           
   709                           ;14k22main.c: 121: TRISCbits.TRISC5 = 0;
   710  0003A6  9A94               	bcf	3988,5,c	;volatile
   711                           
   712                           ;14k22main.c: 122: TRISCbits.TRISC6 = 1;
   713  0003A8  8C94               	bsf	3988,6,c	;volatile
   714                           
   715                           ;14k22main.c: 123: TRISCbits.TRISC7 = 1;
   716  0003AA  8E94               	bsf	3988,7,c	;volatile
   717  0003AC  0012               	return	
   718  0003AE                     __end_of_init_io:
   719                           	opt stack 0
   720                           tblptru	equ	0xFF8
   721                           tblptrh	equ	0xFF7
   722                           tblptrl	equ	0xFF6
   723                           tablat	equ	0xFF5
   724                           intcon	equ	0xFF2
   725                           postinc0	equ	0xFEE
   726                           wreg	equ	0xFE8
   727                           status	equ	0xFD8
   728                           
   729 ;; *************** function _ISR *****************
   730 ;; Defined at:
   731 ;;		line 127 in file "14k22main.c"
   732 ;; Parameters:    Size  Location     Type
   733 ;;		None
   734 ;; Auto vars:     Size  Location     Type
   735 ;;		None
   736 ;; Return value:  Size  Location     Type
   737 ;;		None               void
   738 ;; Registers used:
   739 ;;		None
   740 ;; Tracked objects:
   741 ;;		On entry : 0/0
   742 ;;		On exit  : 0/0
   743 ;;		Unchanged: 0/0
   744 ;; Data sizes:     COMRAM   BANK0   BANK1
   745 ;;      Params:         0       0       0
   746 ;;      Locals:         0       0       0
   747 ;;      Temps:         14       0       0
   748 ;;      Totals:        14       0       0
   749 ;;Total ram usage:       14 bytes
   750 ;; Hardware stack levels used:    1
   751 ;; This function calls:
   752 ;;		Nothing
   753 ;; This function is called by:
   754 ;;		Interrupt level 2
   755 ;; This function uses a non-reentrant model
   756 ;;
   757                           
   758                           	psect	intcode
   759  000008                     __pintcode:
   760                           	opt stack 0
   761  000008                     _ISR:
   762                           	opt stack 28
   763                           
   764                           ;incstack = 0
   765  000008  CFFA F019          	movff	pclath,??_ISR
   766  00000C  CFFB F01A          	movff	pclatu,??_ISR+1
   767  000010  CFE9 F01B          	movff	fsr0l,??_ISR+2
   768  000014  CFEA F01C          	movff	fsr0h,??_ISR+3
   769  000018  CFE1 F01D          	movff	fsr1l,??_ISR+4
   770  00001C  CFE2 F01E          	movff	fsr1h,??_ISR+5
   771  000020  CFD9 F01F          	movff	fsr2l,??_ISR+6
   772  000024  CFDA F020          	movff	fsr2h,??_ISR+7
   773  000028  CFF3 F021          	movff	prodl,??_ISR+8
   774  00002C  CFF4 F022          	movff	prodh,??_ISR+9
   775  000030  CFF6 F023          	movff	tblptrl,??_ISR+10
   776  000034  CFF7 F024          	movff	tblptrh,??_ISR+11
   777  000038  CFF8 F025          	movff	tblptru,??_ISR+12
   778  00003C  CFF5 F026          	movff	tablat,??_ISR+13
   779                           
   780                           ;14k22main.c: 129: if (PIR1bits.RCIF)
   781  000040  AA9E               	btfss	3998,5,c	;volatile
   782  000042  D004               	goto	i2l71
   783                           
   784                           ;14k22main.c: 130: {
   785                           ;14k22main.c: 131: uart_data = RCREG;
   786  000044  CFAE F013          	movff	4014,_uart_data	;volatile
   787  000048  6A14               	clrf	_uart_data+1,c	;volatile
   788                           
   789                           ;14k22main.c: 132: PIR1bits.RCIF = 0;
   790  00004A  9A9E               	bcf	3998,5,c	;volatile
   791  00004C                     i2l71:
   792                           
   793                           ;14k22main.c: 134: }
   794                           ;14k22main.c: 135: if (INTCONbits.T0IF)
   795  00004C  A4F2               	btfss	intcon,2,c	;volatile
   796  00004E  D002               	goto	i2l73
   797                           
   798                           ;14k22main.c: 136: {
   799                           ;14k22main.c: 137: LATAbits.LATA0 = 1;
   800  000050  8089               	bsf	3977,0,c	;volatile
   801                           
   802                           ;14k22main.c: 138: INTCONbits.T0IF = 0;
   803  000052  94F2               	bcf	intcon,2,c	;volatile
   804  000054                     i2l73:
   805  000054  C026  FFF5         	movff	??_ISR+13,tablat
   806  000058  C025  FFF8         	movff	??_ISR+12,tblptru
   807  00005C  C024  FFF7         	movff	??_ISR+11,tblptrh
   808  000060  C023  FFF6         	movff	??_ISR+10,tblptrl
   809  000064  C022  FFF4         	movff	??_ISR+9,prodh
   810  000068  C021  FFF3         	movff	??_ISR+8,prodl
   811  00006C  C020  FFDA         	movff	??_ISR+7,fsr2h
   812  000070  C01F  FFD9         	movff	??_ISR+6,fsr2l
   813  000074  C01E  FFE2         	movff	??_ISR+5,fsr1h
   814  000078  C01D  FFE1         	movff	??_ISR+4,fsr1l
   815  00007C  C01C  FFEA         	movff	??_ISR+3,fsr0h
   816  000080  C01B  FFE9         	movff	??_ISR+2,fsr0l
   817  000084  C01A  FFFB         	movff	??_ISR+1,pclatu
   818  000088  C019  FFFA         	movff	??_ISR,pclath
   819  00008C  0011               	retfie		f
   820  00008E                     __end_of_ISR:
   821                           	opt stack 0
   822                           pclatu	equ	0xFFB
   823                           pclath	equ	0xFFA
   824                           tblptru	equ	0xFF8
   825                           tblptrh	equ	0xFF7
   826                           tblptrl	equ	0xFF6
   827                           tablat	equ	0xFF5
   828                           prodh	equ	0xFF4
   829                           prodl	equ	0xFF3
   830                           intcon	equ	0xFF2
   831                           postinc0	equ	0xFEE
   832                           fsr0h	equ	0xFEA
   833                           fsr0l	equ	0xFE9
   834                           wreg	equ	0xFE8
   835                           fsr1h	equ	0xFE2
   836                           fsr1l	equ	0xFE1
   837                           fsr2h	equ	0xFDA
   838                           fsr2l	equ	0xFD9
   839                           status	equ	0xFD8
   840                           pclatu	equ	0xFFB
   841                           pclath	equ	0xFFA
   842                           tblptru	equ	0xFF8
   843                           tblptrh	equ	0xFF7
   844                           tblptrl	equ	0xFF6
   845                           tablat	equ	0xFF5
   846                           prodh	equ	0xFF4
   847                           prodl	equ	0xFF3
   848                           intcon	equ	0xFF2
   849                           postinc0	equ	0xFEE
   850                           fsr0h	equ	0xFEA
   851                           fsr0l	equ	0xFE9
   852                           wreg	equ	0xFE8
   853                           fsr1h	equ	0xFE2
   854                           fsr1l	equ	0xFE1
   855                           fsr2h	equ	0xFDA
   856                           fsr2l	equ	0xFD9
   857                           status	equ	0xFD8
   858                           
   859                           	psect	rparam
   860  0000                     pclatu	equ	0xFFB
   861                           pclath	equ	0xFFA
   862                           tblptru	equ	0xFF8
   863                           tblptrh	equ	0xFF7
   864                           tblptrl	equ	0xFF6
   865                           tablat	equ	0xFF5
   866                           prodh	equ	0xFF4
   867                           prodl	equ	0xFF3
   868                           intcon	equ	0xFF2
   869                           postinc0	equ	0xFEE
   870                           fsr0h	equ	0xFEA
   871                           fsr0l	equ	0xFE9
   872                           wreg	equ	0xFE8
   873                           fsr1h	equ	0xFE2
   874                           fsr1l	equ	0xFE1
   875                           fsr2h	equ	0xFDA
   876                           fsr2l	equ	0xFD9
   877                           status	equ	0xFD8


Data Sizes:
    Strings     28
    Constant    0
    Data        0
    BSS         24
    Persistent  0
    Stack       0

Auto Spaces:
    Space          Size  Autos    Used
    COMRAM           95     19      43
    BANK0           160      0       0
    BANK1           256      0       0

Pointer List with Targets:

    write_uart@txt	PTR const unsigned char  size(2) Largest target is 14
		 -> STR_2(CODE[14]), STR_1(CODE[14]), 


Critical Paths under _main in COMRAM

    _main->_write_uart
    _write_uart->_uart_xmit

Critical Paths under _ISR in COMRAM

    None.

Critical Paths under _main in BANK0

    None.

Critical Paths under _ISR in BANK0

    None.

Critical Paths under _main in BANK1

    None.

Critical Paths under _ISR in BANK1

    None.

Call Graph Tables:

 ---------------------------------------------------------------------------------
 (Depth) Function   	        Calls       Base Space   Used Autos Params    Refs
 ---------------------------------------------------------------------------------
 (0) _main                                                 1     1      0     404
                                             18 COMRAM     1     1      0
                            _init_io
                        _serial_init
                          _uart_xmit
                         _write_uart
 ---------------------------------------------------------------------------------
 (1) _write_uart                                           2     0      2     260
                                             16 COMRAM     2     0      2
                          _uart_xmit
 ---------------------------------------------------------------------------------
 (2) _uart_xmit                                            2     0      2     144
                                             14 COMRAM     2     0      2
 ---------------------------------------------------------------------------------
 (1) _serial_init                                          1     1      0       0
                                             14 COMRAM     1     1      0
 ---------------------------------------------------------------------------------
 (1) _init_io                                              0     0      0       0
 ---------------------------------------------------------------------------------
 Estimated maximum stack depth 2
 ---------------------------------------------------------------------------------
 (Depth) Function   	        Calls       Base Space   Used Autos Params    Refs
 ---------------------------------------------------------------------------------
 (3) _ISR                                                 14    14      0       0
                                              0 COMRAM    14    14      0
 ---------------------------------------------------------------------------------
 Estimated maximum stack depth 3
 ---------------------------------------------------------------------------------

 Call Graph Graphs:

 _main (ROOT)
   _init_io
   _serial_init
   _uart_xmit
   _write_uart
     _uart_xmit

 _ISR (ROOT)

 Address spaces:
Name               Size   Autos  Total    Cost      Usage
BIGRAM             1FF      0       0       8        0.0%
EEDATA             100      0       0       0        0.0%
BITBANK1           100      0       0       5        0.0%
BANK1              100      0       0       6        0.0%
BITBANK0            A0      0       0       3        0.0%
BANK0               A0      0       0       4        0.0%
BITCOMRAM           5F      0       0       0        0.0%
COMRAM              5F     13      2B       1       45.3%
BITSFR               0      0       0      40        0.0%
SFR                  0      0       0      40        0.0%
STACK                0      0       0       2        0.0%
NULL                 0      0       0       0        0.0%
ABS                  0      0      2B       7        0.0%
DATA                 0      0      2B       9        0.0%
CODE                 0      0       0       0        0.0%


Microchip Technology PIC18 Macro Assembler V1.31 build 56723 
Symbol Table                                                                                   Wed Jul 02 14:39:01 2014

                      _x 0015                       l53 03C8                       u57 0244  
                     u67 026A                       u77 0292                       u87 02A0  
                     u97 02AE             __CFG_CP0$OFF 000000             __CFG_CP1$OFF 000000  
                    l731 024C                      l671 0342                      l667 032A  
                    u107 02BC                      u117 02CA                      u127 02D8  
                    u137 02E6                      u147 02F4                      u157 0302  
                    u167 0310                      u177 031E                      u187 0376  
                    _ISR 0008                      _buf 0001                      wreg 000FE8  
           __CFG_LVP$OFF 000000                     ?_ISR 0019                     STR_1 0201  
                   STR_2 020F                     i2l71 004C                     i2l73 0054  
                   _main 021E                     _keyp 0018                     fsr0h 000FEA  
                   fsr1h 000FE2                     fsr0l 000FE9                     fsr2h 000FDA  
                   fsr1l 000FE1                     fsr2l 000FD9                     pclat 000FFA  
          __CFG_BOREN$ON 000000                     prodh 000FF4                     prodl 000FF3  
                   start 008E            __CFG_IESO$OFF 000000            __CFG_FOSC$IRC 000000  
          __CFG_MCLRE$ON 000000                    ??_ISR 0019            write_uart@txt 0029  
                  ?_main 0019                    _ANSEL 000F7E                    _RCREG 000FAE  
                  _SPBRG 000FAF                    _TXREG 000FAD           __CFG_FCMEN$OFF 000000  
        __end_of_init_io 03AE                    tablat 000FF5                    status 000FD8  
        __initialization 03AE             __end_of_main 0328                   ??_main 002B  
          __activetblptr 000001                   _ANSELH 000F7F           __CFG_WDTEN$OFF 000000  
           ?_serial_init 0019           __CFG_STVREN$ON 000000                   _count1 000B  
                 _count2 000D                   clear_0 03B4                ??_init_io 0027  
           __mediumconst 0000                   tblptrh 000FF7                   tblptrl 000FF6  
                 tblptru 000FF8          __CFG_HFOFST$OFF 000000               __accesstop 0060  
__end_of__initialization 03BA           __pcstackCOMRAM 0019       __size_of_uart_xmit 000A  
        __CFG_PWRTEN$OFF 000000                  __Hparam 0000                  __Lparam 0000  
   __size_of_serial_init 002C             __psmallconst 0200                  __pcinit 03AE  
                __ramtop 0200                  __ptext0 021E                  __ptext1 0328  
                __ptext2 03C8                  __ptext3 0356                  __ptext4 0382  
           __size_of_ISR 0086                  _init_io 0382                  _itxdata 000F  
   end_of_initialization 03BA               _noncharkey 0011        __end_of_uart_xmit 03D2  
              _RCSTAbits 000FAB                  postinc0 000FEE                _TRISAbits 000F92  
              _TRISBbits 000F93                _TRISCbits 000F94     uart_xmit@mydata_byte 0027  
              _TXSTAbits 000FAC               _write_uart 0328      start_initialization 03AE  
            __end_of_ISR 008E              __pbssCOMRAM 0001      __end_of__stringdata 021D  
              __pintcode 0008              ?_write_uart 0029              __smallconst 0200  
               ?_init_io 0019                 _FLAGbits 0017                 _LATAbits 000F89  
               _PIE1bits 000F9D                 _PIR1bits 000F9E            ??_serial_init 0027  
              _uart_data 0013                _uart_xmit 03C8              __stringdata 0201  
    __size_of_write_uart 002E                 __Hrparam 0000                 __Lrparam 0000  
           __Lsmallconst 0200               ?_uart_xmit 0027      __end_of_serial_init 0382  
       __size_of_init_io 002C            __size_of_main 010A               _INTCONbits 000FF2  
               intlevel2 0000               _OSCCONbits 000FD3              _serial_init 0356  
            ??_uart_xmit 0029             ??_write_uart 002B       __end_of_write_uart 0356  
