Microchip MPLAB XC8 Compiler V1.21 ()

Linker command line:

--edf=C:\Program Files\Microchip\xc8\v1.21\dat\en_msgs.txt -cs \
  -h+dist/default/production\48v_battery_mon.X.production.sym \
  --cmf=dist/default/production\48v_battery_mon.X.production.cmf -z \
  -Q16F1509 -oC:\Users\Chas\AppData\Local\Temp\s3l0.6 \
  -Mdist/default/production/48v_battery_mon.X.production.map -E1 -ver=XC8 \
  -ACONST=00h-0FFhx32 -ACODE=00h-07FFhx4 -ASTRCODE=00h-01FFFh \
  -AENTRY=00h-0FFhx32 -ASTRING=00h-0FFhx32 -ACOMMON=070h-07Fh \
  -ABANK0=020h-06Fh -ABANK1=0A0h-0EFh -ABANK2=0120h-016Fh \
  -ABANK3=01A0h-01EFh -ABANK4=0220h-026Fh -ABANK5=02A0h-02EFh \
  -ABANK6=0320h-032Fh -ABIGRAM=02000h-021EFh \
  -ARAM=020h-06Fh,0A0h-0EFh,0120h-016Fh,01A0h-01EFh,0220h-026Fh,02A0h-02EFh,0320h-032Fh \
  -AABS1=020h-07Fh,0A0h-0EFh,0120h-016Fh,01A0h-01EFh,0220h-026Fh,02A0h-02EFh,0320h-032Fh \
  -ASFR0=00h-01Fh -ASFR1=080h-09Fh -ASFR2=0100h-011Fh -ASFR3=0180h-019Fh \
  -ASFR4=0200h-021Fh -ASFR5=0280h-029Fh -ASFR6=0300h-031Fh \
  -ASFR7=0380h-03EFh -ASFR8=0400h-046Fh -ASFR9=0480h-04EFh \
  -ASFR10=0500h-056Fh -ASFR11=0580h-05EFh -ASFR12=0600h-066Fh \
  -ASFR13=0680h-06EFh -ASFR14=0700h-076Fh -ASFR15=0780h-07EFh \
  -ASFR16=0800h-086Fh -ASFR17=0880h-08EFh -ASFR18=0900h-096Fh \
  -ASFR19=0980h-09EFh -ASFR20=0A00h-0A6Fh -ASFR21=0A80h-0AEFh \
  -ASFR22=0B00h-0B6Fh -ASFR23=0B80h-0BEFh -ASFR24=0C00h-0C6Fh \
  -ASFR25=0C80h-0CEFh -ASFR26=0D00h-0D6Fh -ASFR27=0D80h-0DEFh \
  -ASFR28=0E00h-0E6Fh -ASFR29=0E80h-0EEFh -ASFR30=0F00h-0F6Fh \
  -ASFR31=0F80h-0FEFh -preset_vec=00h,intentry=04h,init,end_init \
  -ppowerup=CODE -pcinit=CODE -pfunctab=CODE -ACONFIG=08007h-08008h \
  -pconfig=CONFIG -DCONFIG=2 -AIDLOC=08000h-08003h -pidloc=IDLOC -DIDLOC=2 \
  -DCODE=2 -DSTRCODE=2 -DSTRING=2 -DCONST=2 -DENTRY=2 -k \
  C:\Users\Chas\AppData\Local\Temp\s3l0.obj \
  dist/default/production\48v_battery_mon.X.production.obj 

Object code version is 3.11

Machine type is 16F1509



                Name                               Link     Load   Length Selector   Space Scale
C:\Users\Chas\AppData\Local\Temp\s3l0.obj
                end_init                             17       17        2        8       0
                reset_vec                             0        0        2        0       0
                config                             8007     8007        2    1000E       0
dist/default/production\48v_battery_mon.X.production.obj
                cinit                                19       19        C        8       0
                intentry                              4        4       13        8       0
                text28                              F9B      F9B        E     1F36       0
                text27                              7AD      7AD       18      CCC       0
                text26                              FB8      FB8       10     1F70       0
                text25                              FD8      FD8       13     1FB0       0
                text24                              FEB      FEB       15     1FD6       0
                text23                              F87      F87        6     1F0E       0
                text22                              69D      69D       35      CCC       0
                text21                              594      594       53        8       0
                text20                              7C5      7C5       17      CCC       0
                text19                              F93      F93        8     1F26       0
                text18                              FA9      FA9        F     1F52       0
                text17                              7DC      7DC       16      CCC       0
                text16                              666      666       37      CCC       0
                text15                              732      732       2E      CCC       0
                text14                              45F      45F       74        8       0
                text13                              760      760       28      CCC       0
                text12                              541      541       53        8       0
                text11                              5E7      5E7       43        8       0
                text10                              354      354       89        8       0
                text9                               702      702       30      CCC       0
                text8                               788      788       25      CCC       0
                text7                               3DD      3DD       82        8       0
                text6                               4D3      4D3       6E        8       0
                text5                               6D2      6D2       30      CCC       0
                text4                               175      175      138        8       0
                text3                               7F2      7F2        E      CCC       0
                text2                                25       25      150        8       0
                text1                               FC8      FC8       10     1F90       0
                maintext                            2AD      2AD       A7        8       0
                cstackBANK0                          20       20       27       20       1
                cstackCOMMON                         70       70        9       70       1
                clrtext                             F8D      F8D        6     1F1A       0
                bssBANK0                             47       47       22       20       1
                bssCOMMON                            79       79        2       70       1
                strings                             62A      62A       3C      C54       0

TOTAL           Name                               Link     Load   Length     Space
        CLASS   CONST          

        CLASS   CODE           
                end_init                             17       17        2         0
                cinit                                19       19        C         0
                intentry                              4        4       13         0
                reset_vec                             0        0        2         0
                text28                              F9B      F9B        E         0
                text27                              7AD      7AD       18         0
                text26                              FB8      FB8       10         0
                text25                              FD8      FD8       13         0
                text24                              FEB      FEB       15         0
                text23                              F87      F87        6         0
                text22                              69D      69D       35         0
                text21                              594      594       53         0
                text20                              7C5      7C5       17         0
                text19                              F93      F93        8         0
                text18                              FA9      FA9        F         0
                text17                              7DC      7DC       16         0
                text16                              666      666       37         0
                text15                              732      732       2E         0
                text14                              45F      45F       74         0
                text13                              760      760       28         0
                text12                              541      541       53         0
                text11                              5E7      5E7       43         0
                text10                              354      354       89         0
                text9                               702      702       30         0
                text8                               788      788       25         0
                text7                               3DD      3DD       82         0
                text6                               4D3      4D3       6E         0
                text5                               6D2      6D2       30         0
                text4                               175      175      138         0
                text3                               7F2      7F2        E         0
                text2                                25       25      150         0
                text1                               FC8      FC8       10         0
                maintext                            2AD      2AD       A7         0
                clrtext                             F8D      F8D        6         0

        CLASS   STRCODE        

        CLASS   ENTRY          

        CLASS   STRING         
                strings                             62A      62A       3C         0

        CLASS   COMMON         
                cstackCOMMON                         70       70        9         1
                bssCOMMON                            79       79        2         1

        CLASS   BANK0          
                cstackBANK0                          20       20       27         1
                bssBANK0                             47       47       22         1

        CLASS   BANK1          

        CLASS   BANK2          

        CLASS   BANK3          

        CLASS   BANK4          

        CLASS   BANK5          

        CLASS   BANK6          

        CLASS   BIGRAM         

        CLASS   RAM            

        CLASS   ABS1           
                abs_s1                               7E       7E        2         1

        CLASS   SFR0           

        CLASS   SFR1           

        CLASS   SFR2           

        CLASS   SFR3           

        CLASS   SFR4           

        CLASS   SFR5           

        CLASS   SFR6           

        CLASS   SFR7           

        CLASS   SFR8           

        CLASS   SFR9           

        CLASS   SFR10          

        CLASS   SFR11          

        CLASS   SFR12          

        CLASS   SFR13          

        CLASS   SFR14          

        CLASS   SFR15          

        CLASS   SFR16          

        CLASS   SFR17          

        CLASS   SFR18          

        CLASS   SFR19          

        CLASS   SFR20          

        CLASS   SFR21          

        CLASS   SFR22          

        CLASS   SFR23          

        CLASS   SFR24          

        CLASS   SFR25          

        CLASS   SFR26          

        CLASS   SFR27          

        CLASS   SFR28          

        CLASS   SFR29          

        CLASS   SFR30          

        CLASS   SFR31          

        CLASS   CONFIG         
                config                             8007     8007        2         0

        CLASS   IDLOC          

        CLASS   BANK31         

        CLASS   BANK30         

        CLASS   BANK29         

        CLASS   BANK28         

        CLASS   BANK27         

        CLASS   BANK26         

        CLASS   BANK25         

        CLASS   BANK24         

        CLASS   BANK23         

        CLASS   BANK22         

        CLASS   BANK21         

        CLASS   BANK20         

        CLASS   BANK19         

        CLASS   BANK18         

        CLASS   BANK17         

        CLASS   BANK16         

        CLASS   BANK15         

        CLASS   BANK14         

        CLASS   BANK13         

        CLASS   BANK12         

        CLASS   BANK11         

        CLASS   BANK10         

        CLASS   BANK9          

        CLASS   BANK8          

        CLASS   BANK7          

        CLASS   EEDATA         



SEGMENTS        Name                           Load    Length   Top    Selector   Space  Class     Delta

                reset_vec                      000000  000002  000002         0       0  CODE        2
                intentry                       000004  000626  00062A         8       0  CODE        2
                cstackBANK0                    000020  000049  000069        20       1  BANK0       1
                cstackCOMMON                   000070  00000B  00007B        70       1  COMMON      1
                strings                        00062A  00003C  000666       C54       0  STRING      2
                text16                         000666  00019A  000800       CCC       0  CODE        2
                text23                         000F87  000006  000F8D      1F0E       0  CODE        2
                clrtext                        000F8D  000006  000F93      1F1A       0  CODE        2
                text19                         000F93  000008  000F9B      1F26       0  CODE        2
                text28                         000F9B  00000E  000FA9      1F36       0  CODE        2
                text18                         000FA9  00000F  000FB8      1F52       0  CODE        2
                text26                         000FB8  000010  000FC8      1F70       0  CODE        2
                text1                          000FC8  000010  000FD8      1F90       0  CODE        2
                text25                         000FD8  000013  000FEB      1FB0       0  CODE        2
                text24                         000FEB  000015  001000      1FD6       0  CODE        2
                config                         008007  000002  008009     1000E       0  CONFIG      2


UNUSED ADDRESS RANGES

        Name                Unused          Largest block    Delta
        BANK0            00069-0006F               7           1
        BANK1            000A0-000EF              50           1
        BANK2            00120-0016F              50           1
        BANK3            001A0-001EF              50           1
        BANK4            00220-0026F              50           1
        BANK5            002A0-002EF              50           1
        BANK6            00320-0032F              10           1
        BIGRAM           02000-021EF             1F0           1
        CODE             00002-00003               2           2
                         00800-00F86             787
                         01000-01FFF             800
        COMMON           0007B-0007D               3           1
        CONST            00002-00003               2           2
                         00800-00F86             100
                         01000-01FFF             100
        ENTRY            00002-00003               2           2
                         00800-00F86             100
                         01000-01FFF             100
        IDLOC            08000-08003               4           2
        RAM              00069-0006F               7           1
                         000A0-000EF              50
                         00120-0016F              50
                         001A0-001EF              50
                         00220-0026F              50
                         002A0-002EF              50
                         00320-0032F              10
        SFR0             00000-0001F              20           1
        SFR1             00080-0009F              20           1
        SFR10            00500-0056F              70           1
        SFR11            00580-005EF              70           1
        SFR12            00600-0066F              70           1
        SFR13            00680-006EF              70           1
        SFR14            00700-0076F              70           1
        SFR15            00780-007EF              70           1
        SFR16            00800-0086F              70           1
        SFR17            00880-008EF              70           1
        SFR18            00900-0096F              70           1
        SFR19            00980-009EF              70           1
        SFR2             00100-0011F              20           1
        SFR20            00A00-00A6F              70           1
        SFR21            00A80-00AEF              70           1
        SFR22            00B00-00B6F              70           1
        SFR23            00B80-00BEF              70           1
        SFR24            00C00-00C6F              70           1
        SFR25            00C80-00CEF              70           1
        SFR26            00D00-00D6F              70           1
        SFR27            00D80-00DEF              70           1
        SFR28            00E00-00E6F              70           1
        SFR29            00E80-00EEF              70           1
        SFR3             00180-0019F              20           1
        SFR30            00F00-00F6F              70           1
        SFR31            00F80-00FEF              70           1
        SFR4             00200-0021F              20           1
        SFR5             00280-0029F              20           1
        SFR6             00300-0031F              20           1
        SFR7             00380-003EF              70           1
        SFR8             00400-0046F              70           1
        SFR9             00480-004EF              70           1
        STRCODE          00002-00003               2           2
                         00800-00F86             787
                         01000-01FFF            1000
        STRING           00002-00003               2           2
                         00800-00F86             100
                         01000-01FFF             100

                                  Symbol Table

?___aldiv                cstackBANK0  00020
?___almod                cstackBANK0  00020
?___lldiv                cstackBANK0  00020
?___llmod                cstackBANK0  00020
?___lmul                 cstackBANK0  00020
?___lwdiv                cstackCOMMON 00073
?___lwmod                cstackCOMMON 00073
?_abs                    cstackCOMMON 00073
?_itoa                   cstackBANK0  0002C
?_lcd_puts               cstackCOMMON 00077
?_ltoa                   cstackBANK0  00035
?_strlen                 cstackCOMMON 00073
?_uart_xmit              cstackCOMMON 00073
?_ultoa                  cstackBANK0  00028
?_utoa                   cstackBANK0  00023
_ADCON0                  (abs)        0009D
_ADCON1                  (abs)        0009E
_ADRESH                  (abs)        0009C
_ANSELA                  (abs)        0018C
_ANSELB                  (abs)        0018D
_ANSELCbits              (abs)        0018E
_GO                      (abs)        004E9
_INTCONbits              (abs)        0000B
_ISR                     intentry     00004
_LATAbits                (abs)        0010C
_LATC                    (abs)        0010E
_OPTION_REGbits          (abs)        00095
_OSCCONbits              (abs)        00099
_PIE1bits                (abs)        00091
_PIR1bits                (abs)        00011
_RCREG                   (abs)        00199
_RCSTAbits               (abs)        0019D
_SPBRGH                  (abs)        0019C
_SPBRGL                  (abs)        0019B
_TRISAbits               (abs)        0008C
_TRISBbits               (abs)        0008D
_TRISCbits               (abs)        0008E
_TXREG                   (abs)        0019A
_TXSTAbits               (abs)        0019E
__CFG_BOREN$ON           (abs)        00000
__CFG_CLKOUTEN$OFF       (abs)        00000
__CFG_CP$OFF             (abs)        00000
__CFG_FCMEN$OFF          (abs)        00000
__CFG_FOSC$INTOSC        (abs)        00000
__CFG_IESO$OFF           (abs)        00000
__CFG_LVP$OFF            (abs)        00000
__CFG_MCLRE$ON           (abs)        00000
__CFG_PWRTE$OFF          (abs)        00000
__CFG_STVREN$OFF         (abs)        00000
__CFG_WDTE$OFF           (abs)        00000
__CFG_WRT$OFF            (abs)        00000
__Habs1                  abs1         00000
__Hbank0                 bank0        00000
__Hbank1                 bank1        00000
__Hbank10                bank10       00000
__Hbank11                bank11       00000
__Hbank12                bank12       00000
__Hbank13                bank13       00000
__Hbank14                bank14       00000
__Hbank15                bank15       00000
__Hbank16                bank16       00000
__Hbank17                bank17       00000
__Hbank18                bank18       00000
__Hbank19                bank19       00000
__Hbank2                 bank2        00000
__Hbank20                bank20       00000
__Hbank21                bank21       00000
__Hbank22                bank22       00000
__Hbank23                bank23       00000
__Hbank24                bank24       00000
__Hbank25                bank25       00000
__Hbank26                bank26       00000
__Hbank27                bank27       00000
__Hbank28                bank28       00000
__Hbank29                bank29       00000
__Hbank3                 bank3        00000
__Hbank30                bank30       00000
__Hbank31                bank31       00000
__Hbank4                 bank4        00000
__Hbank5                 bank5        00000
__Hbank6                 bank6        00000
__Hbank7                 bank7        00000
__Hbank8                 bank8        00000
__Hbank9                 bank9        00000
__Hbigram                bigram       00000
__HbssBANK0              bssBANK0     00000
__HbssCOMMON             bssCOMMON    00000
__Hcinit                 cinit        00025
__Hclrtext               clrtext      00000
__Hcode                  code         00000
__Hcommon                common       00000
__Hconfig                config       08009
__HcstackBANK0           cstackBANK0  00000
__HcstackCOMMON          cstackCOMMON 00000
__Heeprom_data           eeprom_data  00000
__Hend_init              end_init     00019
__Hfunctab               functab      00000
__Hidloc                 idloc        00000
__Hinit                  init         00017
__Hintentry              intentry     00017
__Hmaintext              maintext     00000
__Hpowerup               powerup      00000
__Hram                   ram          00000
__Hreset_vec             reset_vec    00002
__Hsfr0                  sfr0         00000
__Hsfr1                  sfr1         00000
__Hsfr10                 sfr10        00000
__Hsfr11                 sfr11        00000
__Hsfr12                 sfr12        00000
__Hsfr13                 sfr13        00000
__Hsfr14                 sfr14        00000
__Hsfr15                 sfr15        00000
__Hsfr16                 sfr16        00000
__Hsfr17                 sfr17        00000
__Hsfr18                 sfr18        00000
__Hsfr19                 sfr19        00000
__Hsfr2                  sfr2         00000
__Hsfr20                 sfr20        00000
__Hsfr21                 sfr21        00000
__Hsfr22                 sfr22        00000
__Hsfr23                 sfr23        00000
__Hsfr24                 sfr24        00000
__Hsfr25                 sfr25        00000
__Hsfr26                 sfr26        00000
__Hsfr27                 sfr27        00000
__Hsfr28                 sfr28        00000
__Hsfr29                 sfr29        00000
__Hsfr3                  sfr3         00000
__Hsfr30                 sfr30        00000
__Hsfr31                 sfr31        00000
__Hsfr4                  sfr4         00000
__Hsfr5                  sfr5         00000
__Hsfr6                  sfr6         00000
__Hsfr7                  sfr7         00000
__Hsfr8                  sfr8         00000
__Hsfr9                  sfr9         00000
__Hstrings               strings      00000
__Htext                  text         00000
__Labs1                  abs1         00000
__Lbank0                 bank0        00000
__Lbank1                 bank1        00000
__Lbank10                bank10       00000
__Lbank11                bank11       00000
__Lbank12                bank12       00000
__Lbank13                bank13       00000
__Lbank14                bank14       00000
__Lbank15                bank15       00000
__Lbank16                bank16       00000
__Lbank17                bank17       00000
__Lbank18                bank18       00000
__Lbank19                bank19       00000
__Lbank2                 bank2        00000
__Lbank20                bank20       00000
__Lbank21                bank21       00000
__Lbank22                bank22       00000
__Lbank23                bank23       00000
__Lbank24                bank24       00000
__Lbank25                bank25       00000
__Lbank26                bank26       00000
__Lbank27                bank27       00000
__Lbank28                bank28       00000
__Lbank29                bank29       00000
__Lbank3                 bank3        00000
__Lbank30                bank30       00000
__Lbank31                bank31       00000
__Lbank4                 bank4        00000
__Lbank5                 bank5        00000
__Lbank6                 bank6        00000
__Lbank7                 bank7        00000
__Lbank8                 bank8        00000
__Lbank9                 bank9        00000
__Lbigram                bigram       00000
__LbssBANK0              bssBANK0     00000
__LbssCOMMON             bssCOMMON    00000
__Lcinit                 cinit        00019
__Lclrtext               clrtext      00000
__Lcode                  code         00000
__Lcommon                common       00000
__Lconfig                config       08007
__LcstackBANK0           cstackBANK0  00000
__LcstackCOMMON          cstackCOMMON 00000
__Leeprom_data           eeprom_data  00000
__Lend_init              end_init     00017
__Lfunctab               functab      00000
__Lidloc                 idloc        00000
__Linit                  init         00017
__Lintentry              intentry     00004
__Lmaintext              maintext     00000
__Lpowerup               powerup      00000
__Lram                   ram          00000
__Lreset_vec             reset_vec    00000
__Lsfr0                  sfr0         00000
__Lsfr1                  sfr1         00000
__Lsfr10                 sfr10        00000
__Lsfr11                 sfr11        00000
__Lsfr12                 sfr12        00000
__Lsfr13                 sfr13        00000
__Lsfr14                 sfr14        00000
__Lsfr15                 sfr15        00000
__Lsfr16                 sfr16        00000
__Lsfr17                 sfr17        00000
__Lsfr18                 sfr18        00000
__Lsfr19                 sfr19        00000
__Lsfr2                  sfr2         00000
__Lsfr20                 sfr20        00000
__Lsfr21                 sfr21        00000
__Lsfr22                 sfr22        00000
__Lsfr23                 sfr23        00000
__Lsfr24                 sfr24        00000
__Lsfr25                 sfr25        00000
__Lsfr26                 sfr26        00000
__Lsfr27                 sfr27        00000
__Lsfr28                 sfr28        00000
__Lsfr29                 sfr29        00000
__Lsfr3                  sfr3         00000
__Lsfr30                 sfr30        00000
__Lsfr31                 sfr31        00000
__Lsfr4                  sfr4         00000
__Lsfr5                  sfr5         00000
__Lsfr6                  sfr6         00000
__Lsfr7                  sfr7         00000
__Lsfr8                  sfr8         00000
__Lsfr9                  sfr9         00000
__Lstrings               strings      00000
__Ltext                  text         00000
__S0                     (abs)        08009
__S1                     (abs)        0007B
___aldiv                 text7        003DD
___aldiv@counter         cstackBANK0  00028
___aldiv@dividend        cstackBANK0  00024
___aldiv@divisor         cstackBANK0  00020
___aldiv@quotient        cstackBANK0  0002A
___aldiv@sign            cstackBANK0  00029
___almod                 text6        004D3
___almod@counter         cstackCOMMON 00074
___almod@dividend        cstackBANK0  00024
___almod@divisor         cstackBANK0  00020
___almod@sign            cstackCOMMON 00075
___latbits               (abs)        00002
___lldiv                 text12       00541
___lldiv@counter         cstackCOMMON 00078
___lldiv@dividend        cstackBANK0  00024
___lldiv@divisor         cstackBANK0  00020
___lldiv@quotient        cstackCOMMON 00074
___llmod                 text11       005E7
___llmod@counter         cstackCOMMON 00074
___llmod@dividend        cstackBANK0  00024
___llmod@divisor         cstackBANK0  00020
___lmul                  text5        006D2
___lmul@multiplicand     cstackBANK0  00024
___lmul@multiplier       cstackBANK0  00020
___lmul@product          cstackCOMMON 00073
___lwdiv                 text16       00666
___lwdiv@counter         cstackBANK0  00020
___lwdiv@dividend        cstackCOMMON 00075
___lwdiv@divisor         cstackCOMMON 00073
___lwdiv@quotient        cstackBANK0  00021
___lwmod                 text15       00732
___lwmod@counter         cstackCOMMON 00078
___lwmod@dividend        cstackCOMMON 00075
___lwmod@divisor         cstackCOMMON 00073
__end_of_ISR             intentry     00017
__end_of___aldiv         text7        0045F
__end_of___almod         text6        00541
__end_of___lldiv         text12       00594
__end_of___llmod         text11       0062A
__end_of___lmul          text5        00702
__end_of___lwdiv         text16       0069D
__end_of___lwmod         text15       00760
__end_of__initialization cinit        00022
__end_of__stringdata     strings      00666
__end_of__stringtab      strings      0062B
__end_of_abs             text3        00800
__end_of_blinkLEDfast    text25       00FEB
__end_of_blinkLEDslow    text24       01000
__end_of_itoa            text13       00788
__end_of_lcd_clear       text26       00FC8
__end_of_lcd_clrline2    text18       00FB8
__end_of_lcd_goto        text19       00F9B
__end_of_lcd_init        text21       005E7
__end_of_lcd_puts        text20       007DC
__end_of_lcd_strobe      text28       00FA9
__end_of_lcd_write       text27       007C5
__end_of_ltoa            text9        00732
__end_of_main            maintext     00354
__end_of_print_status    text17       007F2
__end_of_read_all        text1        00FD8
__end_of_read_current    text2        00175
__end_of_read_volts      text4        002AD
__end_of_serial_init     text22       006D2
__end_of_strlen          text8        007AD
__end_of_uart_xmit       text23       00F8D
__end_of_ultoa           text10       003DD
__end_of_utoa            text14       004D3
__initialization         cinit        00019
__pbssBANK0              bssBANK0     00047
__pbssCOMMON             bssCOMMON    00079
__pcstackBANK0           cstackBANK0  00020
__pcstackCOMMON          cstackCOMMON 00070
__pintentry              intentry     00004
__pmaintext              maintext     002AD
__pstrings               strings      0062A
__ptext1                 text1        00FC8
__ptext10                text10       00354
__ptext11                text11       005E7
__ptext12                text12       00541
__ptext13                text13       00760
__ptext14                text14       0045F
__ptext15                text15       00732
__ptext16                text16       00666
__ptext17                text17       007DC
__ptext18                text18       00FA9
__ptext19                text19       00F93
__ptext2                 text2        00025
__ptext20                text20       007C5
__ptext21                text21       00594
__ptext22                text22       0069D
__ptext23                text23       00F87
__ptext24                text24       00FEB
__ptext25                text25       00FD8
__ptext26                text26       00FB8
__ptext27                text27       007AD
__ptext28                text28       00F9B
__ptext3                 text3        007F2
__ptext4                 text4        00175
__ptext5                 text5        006D2
__ptext6                 text6        004D3
__ptext7                 text7        003DD
__ptext8                 text8        00788
__ptext9                 text9        00702
__size_of_ISR            (abs)        00000
__size_of___aldiv        (abs)        00000
__size_of___almod        (abs)        00000
__size_of___lldiv        (abs)        00000
__size_of___llmod        (abs)        00000
__size_of___lmul         (abs)        00000
__size_of___lwdiv        (abs)        00000
__size_of___lwmod        (abs)        00000
__size_of_abs            (abs)        00000
__size_of_blinkLEDfast   (abs)        00000
__size_of_blinkLEDslow   (abs)        00000
__size_of_itoa           (abs)        00000
__size_of_lcd_clear      (abs)        00000
__size_of_lcd_clrline2   (abs)        00000
__size_of_lcd_goto       (abs)        00000
__size_of_lcd_init       (abs)        00000
__size_of_lcd_puts       (abs)        00000
__size_of_lcd_strobe     (abs)        00000
__size_of_lcd_write      (abs)        00000
__size_of_ltoa           (abs)        00000
__size_of_main           (abs)        00000
__size_of_print_status   (abs)        00000
__size_of_read_all       (abs)        00000
__size_of_read_current   (abs)        00000
__size_of_read_volts     (abs)        00000
__size_of_serial_init    (abs)        00000
__size_of_strlen         (abs)        00000
__size_of_uart_xmit      (abs)        00000
__size_of_ultoa          (abs)        00000
__size_of_utoa           (abs)        00000
__stringdata             strings      0062B
__stringtab              strings      0062A
_abs                     text3        007F2
_an8_value               bssBANK0     00053
_an9_value               bssBANK0     00055
_batt_status             bssBANK0     00057
_blinkLEDfast            text25       00FD8
_blinkLEDslow            text24       00FEB
_buf                     bssBANK0     0005F
_decm                    bssBANK0     00047
_fvar                    bssBANK0     0004B
_itoa                    text13       00760
_itxdata                 bssBANK0     00059
_lcd_clear               text26       00FB8
_lcd_clrline2            text18       00FA9
_lcd_goto                text19       00F93
_lcd_init                text21       00594
_lcd_puts                text20       007C5
_lcd_strobe              text28       00F9B
_lcd_write               text27       007AD
_ltoa                    text9        00702
_main                    maintext     002AD
_print_status            text17       007DC
_read_all                text1        00FC8
_read_current            text2        00025
_read_volts              text4        00175
_serial_init             text22       0069D
_strlen                  text8        00788
_tempi                   bssBANK0     0005B
_tens                    bssBANK0     0004F
_uart_data               bssCOMMON    00079
_uart_xmit               text23       00F87
_ultoa                   text10       00354
_utoa                    text14       0045F
_vtxdata                 bssBANK0     0005D
abs@a                    cstackCOMMON 00073
btemp                    (abs)        0007E
clear_ram0               clrtext      00F8D
end_of_initialization    cinit        00022
intlevel0                functab      00000
intlevel1                functab      00000
intlevel2                functab      00000
intlevel3                functab      00000
intlevel4                functab      00000
intlevel5                functab      00000
itoa@base                cstackBANK0  0002E
itoa@buf                 cstackBANK0  00032
itoa@cp                  cstackBANK0  00031
itoa@val                 cstackBANK0  0002C
lcd_goto@pos             cstackCOMMON 00077
lcd_puts@s               cstackCOMMON 00077
lcd_write@c              cstackCOMMON 00076
ltoa@base                cstackBANK0  00039
ltoa@buf                 cstackBANK0  0003D
ltoa@cp                  cstackBANK0  0003C
ltoa@val                 cstackBANK0  00035
reset_vec                reset_vec    00000
start                    init         00017
start_initialization     cinit        00019
strlen@cp                cstackBANK0  00021
strlen@s                 cstackBANK0  00020
uart_xmit@mydata_byte    cstackCOMMON 00073
ultoa@base               cstackBANK0  0002C
ultoa@buf                cstackBANK0  00034
ultoa@c                  cstackBANK0  00033
ultoa@v                  cstackBANK0  0002F
ultoa@val                cstackBANK0  00028
utoa@base                cstackBANK0  00025
utoa@buf                 cstackBANK0  0002B
utoa@c                   cstackBANK0  0002A
utoa@v                   cstackBANK0  00028
utoa@val                 cstackBANK0  00023
wtemp0                   (abs)        0007E


FUNCTION INFORMATION:

 *************** function _main *****************
 Defined at:
		line 351 in file "main1.c"
 Parameters:    Size  Location     Type
		None
 Auto vars:     Size  Location     Type
		None
 Return value:  Size  Location     Type
                  2  150[COMMON] int 
 Registers used:
		wreg, fsr0l, fsr0h, fsr1l, fsr1h, fsr1l, fsr1h, status,2, status,0, btemp+1, pclath, cstack
 Tracked objects:
		On entry : 
		On exit  : 
		Unchanged: 
 Data sizes:     COMMON   BANK0   BANK1   BANK2   BANK3   BANK4   BANK5   BANK6
      Params:         0       0       0       0       0       0       0       0
      Locals:         0       0       0       0       0       0       0       0
      Temps:          0       3       0       0       0       0       0       0
      Totals:         0       3       0       0       0       0       0       0
Total ram usage:        3 bytes
 Hardware stack levels required when called:    7
 This function calls:
		_lcd_clear
		_lcd_puts
		_blinkLEDfast
		_blinkLEDslow
		_serial_init
		_lcd_init
		_read_volts
		_print_status
		_read_all
 This function is called by:
		Startup code after reset
 This function uses a non-reentrant model


 *************** function _read_all *****************
 Defined at:
		line 345 in file "main1.c"
 Parameters:    Size  Location     Type
		None
 Auto vars:     Size  Location     Type
		None
 Return value:  Size  Location     Type
		None               void
 Registers used:
		wreg, fsr0l, fsr0h, fsr1l, fsr1h, fsr1l, fsr1h, status,2, status,0, btemp+1, pclath, cstack
 Tracked objects:
		On entry : 
		On exit  : 
		Unchanged: 
 Data sizes:     COMMON   BANK0   BANK1   BANK2   BANK3   BANK4   BANK5   BANK6
      Params:         0       0       0       0       0       0       0       0
      Locals:         0       0       0       0       0       0       0       0
      Temps:          0       2       0       0       0       0       0       0
      Totals:         0       2       0       0       0       0       0       0
Total ram usage:        2 bytes
 Hardware stack levels used:    1
 Hardware stack levels required when called:    6
 This function calls:
		_read_volts
		_read_current
 This function is called by:
		_main
 This function uses a non-reentrant model


 *************** function _read_current *****************
 Defined at:
		line 280 in file "main1.c"
 Parameters:    Size  Location     Type
		None
 Auto vars:     Size  Location     Type
		None
 Return value:  Size  Location     Type
		None               void
 Registers used:
		wreg, fsr0l, fsr0h, fsr1l, fsr1h, status,2, status,0, pclath, cstack
 Tracked objects:
		On entry : 
		On exit  : 
		Unchanged: 
 Data sizes:     COMMON   BANK0   BANK1   BANK2   BANK3   BANK4   BANK5   BANK6
      Params:         0       0       0       0       0       0       0       0
      Locals:         0       0       0       0       0       0       0       0
      Temps:          0       4       0       0       0       0       0       0
      Totals:         0       4       0       0       0       0       0       0
Total ram usage:        4 bytes
 Hardware stack levels used:    1
 Hardware stack levels required when called:    4
 This function calls:
		_uart_xmit
		_lcd_puts
		_itoa
		_ltoa
		_strlen
		_abs
		___aldiv
		___almod
		___lmul
 This function is called by:
		_read_all
 This function uses a non-reentrant model


 *************** function _abs *****************
 Defined at:
		line 5 in file "C:\Program Files\Microchip\xc8\v1.21\sources\common\abs.c"
 Parameters:    Size  Location     Type
  a               2    3[COMMON] int 
 Auto vars:     Size  Location     Type
		None
 Return value:  Size  Location     Type
                  2    3[COMMON] int 
 Registers used:
		wreg, status,2, status,0
 Tracked objects:
		On entry : 
		On exit  : 
		Unchanged: 
 Data sizes:     COMMON   BANK0   BANK1   BANK2   BANK3   BANK4   BANK5   BANK6
      Params:         2       0       0       0       0       0       0       0
      Locals:         0       0       0       0       0       0       0       0
      Temps:          2       0       0       0       0       0       0       0
      Totals:         4       0       0       0       0       0       0       0
Total ram usage:        4 bytes
 Hardware stack levels used:    1
 Hardware stack levels required when called:    1
 This function calls:
		Nothing
 This function is called by:
		_read_current
 This function uses a non-reentrant model


 *************** function _read_volts *****************
 Defined at:
		line 221 in file "main1.c"
 Parameters:    Size  Location     Type
		None
 Auto vars:     Size  Location     Type
		None
 Return value:  Size  Location     Type
		None               void
 Registers used:
		wreg, fsr0l, fsr0h, fsr1l, fsr1h, fsr1l, fsr1h, status,2, status,0, btemp+1, pclath, cstack
 Tracked objects:
		On entry : 
		On exit  : 
		Unchanged: 
 Data sizes:     COMMON   BANK0   BANK1   BANK2   BANK3   BANK4   BANK5   BANK6
      Params:         0       0       0       0       0       0       0       0
      Locals:         0       0       0       0       0       0       0       0
      Temps:          0       2       0       0       0       0       0       0
      Totals:         0       2       0       0       0       0       0       0
Total ram usage:        2 bytes
 Hardware stack levels used:    1
 Hardware stack levels required when called:    5
 This function calls:
		_uart_xmit
		_lcd_puts
		_lcd_clrline2
		_itoa
		_ltoa
		_strlen
		___aldiv
		___almod
		___lmul
 This function is called by:
		_read_all
		_main
 This function uses a non-reentrant model


 *************** function ___lmul *****************
 Defined at:
		line 3 in file "C:\Program Files\Microchip\xc8\v1.21\sources\pic\lmul.c"
 Parameters:    Size  Location     Type
  multiplier      4    0[BANK0 ] unsigned long 
  multiplicand    4    4[BANK0 ] unsigned long 
 Auto vars:     Size  Location     Type
  product         4    3[COMMON] unsigned long 
 Return value:  Size  Location     Type
                  4    0[BANK0 ] unsigned long 
 Registers used:
		wreg, status,2, status,0
 Tracked objects:
		On entry : 
		On exit  : 
		Unchanged: 
 Data sizes:     COMMON   BANK0   BANK1   BANK2   BANK3   BANK4   BANK5   BANK6
      Params:         0       8       0       0       0       0       0       0
      Locals:         4       0       0       0       0       0       0       0
      Temps:          0       0       0       0       0       0       0       0
      Totals:         4       8       0       0       0       0       0       0
Total ram usage:       12 bytes
 Hardware stack levels used:    1
 Hardware stack levels required when called:    1
 This function calls:
		Nothing
 This function is called by:
		_read_volts
		_read_current
 This function uses a non-reentrant model


 *************** function ___almod *****************
 Defined at:
		line 5 in file "C:\Program Files\Microchip\xc8\v1.21\sources\pic\almod.c"
 Parameters:    Size  Location     Type
  divisor         4    0[BANK0 ] long 
  dividend        4    4[BANK0 ] long 
 Auto vars:     Size  Location     Type
  sign            1    5[COMMON] unsigned char 
  counter         1    4[COMMON] unsigned char 
 Return value:  Size  Location     Type
                  4    0[BANK0 ] long 
 Registers used:
		wreg, status,2, status,0
 Tracked objects:
		On entry : 
		On exit  : 
		Unchanged: 
 Data sizes:     COMMON   BANK0   BANK1   BANK2   BANK3   BANK4   BANK5   BANK6
      Params:         0       8       0       0       0       0       0       0
      Locals:         2       0       0       0       0       0       0       0
      Temps:          1       0       0       0       0       0       0       0
      Totals:         3       8       0       0       0       0       0       0
Total ram usage:       11 bytes
 Hardware stack levels used:    1
 Hardware stack levels required when called:    1
 This function calls:
		Nothing
 This function is called by:
		_read_volts
		_read_current
 This function uses a non-reentrant model


 *************** function ___aldiv *****************
 Defined at:
		line 5 in file "C:\Program Files\Microchip\xc8\v1.21\sources\pic\aldiv.c"
 Parameters:    Size  Location     Type
  divisor         4    0[BANK0 ] long 
  dividend        4    4[BANK0 ] long 
 Auto vars:     Size  Location     Type
  quotient        4   10[BANK0 ] long 
  sign            1    9[BANK0 ] unsigned char 
  counter         1    8[BANK0 ] unsigned char 
 Return value:  Size  Location     Type
                  4    0[BANK0 ] long 
 Registers used:
		wreg, status,2, status,0
 Tracked objects:
		On entry : 
		On exit  : 
		Unchanged: 
 Data sizes:     COMMON   BANK0   BANK1   BANK2   BANK3   BANK4   BANK5   BANK6
      Params:         0       8       0       0       0       0       0       0
      Locals:         0       6       0       0       0       0       0       0
      Temps:          1       0       0       0       0       0       0       0
      Totals:         1      14       0       0       0       0       0       0
Total ram usage:       15 bytes
 Hardware stack levels used:    1
 Hardware stack levels required when called:    1
 This function calls:
		Nothing
 This function is called by:
		_read_volts
		_read_current
 This function uses a non-reentrant model


 *************** function _strlen *****************
 Defined at:
		line 5 in file "C:\Program Files\Microchip\xc8\v1.21\sources\common\strlen.c"
 Parameters:    Size  Location     Type
  s               1    wreg     PTR const unsigned char 
		 -> buf(10), 
 Auto vars:     Size  Location     Type
  s               1    0[BANK0 ] PTR const unsigned char 
		 -> buf(10), 
  cp              1    1[BANK0 ] PTR const unsigned char 
		 -> buf(10), 
 Return value:  Size  Location     Type
                  2    3[COMMON] unsigned int 
 Registers used:
		wreg, fsr1l, fsr1h, status,2, status,0
 Tracked objects:
		On entry : 
		On exit  : 
		Unchanged: 
 Data sizes:     COMMON   BANK0   BANK1   BANK2   BANK3   BANK4   BANK5   BANK6
      Params:         2       0       0       0       0       0       0       0
      Locals:         0       2       0       0       0       0       0       0
      Temps:          4       0       0       0       0       0       0       0
      Totals:         6       2       0       0       0       0       0       0
Total ram usage:        8 bytes
 Hardware stack levels used:    1
 Hardware stack levels required when called:    1
 This function calls:
		Nothing
 This function is called by:
		_read_volts
		_read_current
 This function uses a non-reentrant model


 *************** function _ltoa *****************
 Defined at:
		line 9 in file "C:\Program Files\Microchip\xc8\v1.21\sources\common\ltoa.c"
 Parameters:    Size  Location     Type
  buf             1    wreg     PTR unsigned char 
		 -> buf(10), 
  val             4   21[BANK0 ] long 
  base            2   25[BANK0 ] int 
 Auto vars:     Size  Location     Type
  buf             1   29[BANK0 ] PTR unsigned char 
		 -> buf(10), 
  cp              1   28[BANK0 ] PTR unsigned char 
		 -> buf(10), 
 Return value:  Size  Location     Type
                  1    wreg      PTR unsigned char 
 Registers used:
		wreg, fsr1l, fsr1h, status,2, status,0, pclath, cstack
 Tracked objects:
		On entry : 
		On exit  : 
		Unchanged: 
 Data sizes:     COMMON   BANK0   BANK1   BANK2   BANK3   BANK4   BANK5   BANK6
      Params:         0       6       0       0       0       0       0       0
      Locals:         0       2       0       0       0       0       0       0
      Temps:          0       1       0       0       0       0       0       0
      Totals:         0       9       0       0       0       0       0       0
Total ram usage:        9 bytes
 Hardware stack levels used:    1
 Hardware stack levels required when called:    3
 This function calls:
		_ultoa
 This function is called by:
		_read_volts
		_read_current
 This function uses a non-reentrant model


 *************** function _ultoa *****************
 Defined at:
		line 34 in file "C:\Program Files\Microchip\xc8\v1.21\sources\common\ltoa.c"
 Parameters:    Size  Location     Type
  buf             1    wreg     PTR unsigned char 
		 -> buf(10), 
  val             4    8[BANK0 ] unsigned long 
  base            2   12[BANK0 ] int 
 Auto vars:     Size  Location     Type
  buf             1   20[BANK0 ] PTR unsigned char 
		 -> buf(10), 
  v               4   15[BANK0 ] unsigned long 
  c               1   19[BANK0 ] unsigned char 
 Return value:  Size  Location     Type
                  1    wreg      PTR unsigned char 
 Registers used:
		wreg, fsr1l, fsr1h, status,2, status,0, pclath, cstack
 Tracked objects:
		On entry : 
		On exit  : 
		Unchanged: 
 Data sizes:     COMMON   BANK0   BANK1   BANK2   BANK3   BANK4   BANK5   BANK6
      Params:         0       6       0       0       0       0       0       0
      Locals:         0       6       0       0       0       0       0       0
      Temps:          0       1       0       0       0       0       0       0
      Totals:         0      13       0       0       0       0       0       0
Total ram usage:       13 bytes
 Hardware stack levels used:    1
 Hardware stack levels required when called:    2
 This function calls:
		___lldiv
		___llmod
 This function is called by:
		_ltoa
 This function uses a non-reentrant model


 *************** function ___llmod *****************
 Defined at:
		line 5 in file "C:\Program Files\Microchip\xc8\v1.21\sources\pic\llmod.c"
 Parameters:    Size  Location     Type
  divisor         4    0[BANK0 ] unsigned long 
  dividend        4    4[BANK0 ] unsigned long 
 Auto vars:     Size  Location     Type
  counter         1    4[COMMON] unsigned char 
 Return value:  Size  Location     Type
                  4    0[BANK0 ] unsigned long 
 Registers used:
		wreg, status,2, status,0
 Tracked objects:
		On entry : 
		On exit  : 
		Unchanged: 
 Data sizes:     COMMON   BANK0   BANK1   BANK2   BANK3   BANK4   BANK5   BANK6
      Params:         0       8       0       0       0       0       0       0
      Locals:         1       0       0       0       0       0       0       0
      Temps:          1       0       0       0       0       0       0       0
      Totals:         2       8       0       0       0       0       0       0
Total ram usage:       10 bytes
 Hardware stack levels used:    1
 Hardware stack levels required when called:    1
 This function calls:
		Nothing
 This function is called by:
		_ultoa
 This function uses a non-reentrant model


 *************** function ___lldiv *****************
 Defined at:
		line 5 in file "C:\Program Files\Microchip\xc8\v1.21\sources\pic\lldiv.c"
 Parameters:    Size  Location     Type
  divisor         4    0[BANK0 ] unsigned long 
  dividend        4    4[BANK0 ] unsigned long 
 Auto vars:     Size  Location     Type
  quotient        4    4[COMMON] unsigned long 
  counter         1    8[COMMON] unsigned char 
 Return value:  Size  Location     Type
                  4    0[BANK0 ] unsigned long 
 Registers used:
		wreg, status,2, status,0
 Tracked objects:
		On entry : 
		On exit  : 
		Unchanged: 
 Data sizes:     COMMON   BANK0   BANK1   BANK2   BANK3   BANK4   BANK5   BANK6
      Params:         0       8       0       0       0       0       0       0
      Locals:         5       0       0       0       0       0       0       0
      Temps:          1       0       0       0       0       0       0       0
      Totals:         6       8       0       0       0       0       0       0
Total ram usage:       14 bytes
 Hardware stack levels used:    1
 Hardware stack levels required when called:    1
 This function calls:
		Nothing
 This function is called by:
		_ultoa
 This function uses a non-reentrant model


 *************** function _itoa *****************
 Defined at:
		line 5 in file "C:\Program Files\Microchip\xc8\v1.21\sources\common\itoa.c"
 Parameters:    Size  Location     Type
  buf             1    wreg     PTR unsigned char 
		 -> buf(10), 
  val             2   12[BANK0 ] int 
  base            2   14[BANK0 ] int 
 Auto vars:     Size  Location     Type
  buf             1   18[BANK0 ] PTR unsigned char 
		 -> buf(10), 
  cp              1   17[BANK0 ] PTR unsigned char 
		 -> buf(10), 
 Return value:  Size  Location     Type
                  1    wreg      PTR unsigned char 
 Registers used:
		wreg, fsr1l, fsr1h, status,2, status,0, pclath, cstack
 Tracked objects:
		On entry : 
		On exit  : 
		Unchanged: 
 Data sizes:     COMMON   BANK0   BANK1   BANK2   BANK3   BANK4   BANK5   BANK6
      Params:         0       4       0       0       0       0       0       0
      Locals:         0       2       0       0       0       0       0       0
      Temps:          0       1       0       0       0       0       0       0
      Totals:         0       7       0       0       0       0       0       0
Total ram usage:        7 bytes
 Hardware stack levels used:    1
 Hardware stack levels required when called:    3
 This function calls:
		_utoa
 This function is called by:
		_read_volts
		_read_current
 This function uses a non-reentrant model


 *************** function _utoa *****************
 Defined at:
		line 18 in file "C:\Program Files\Microchip\xc8\v1.21\sources\common\itoa.c"
 Parameters:    Size  Location     Type
  buf             1    wreg     PTR unsigned char 
		 -> buf(10), 
  val             2    3[BANK0 ] unsigned int 
  base            2    5[BANK0 ] int 
 Auto vars:     Size  Location     Type
  buf             1   11[BANK0 ] PTR unsigned char 
		 -> buf(10), 
  v               2    8[BANK0 ] unsigned int 
  c               1   10[BANK0 ] unsigned char 
 Return value:  Size  Location     Type
                  1    wreg      PTR unsigned char 
 Registers used:
		wreg, fsr1l, fsr1h, status,2, status,0, pclath, cstack
 Tracked objects:
		On entry : 
		On exit  : 
		Unchanged: 
 Data sizes:     COMMON   BANK0   BANK1   BANK2   BANK3   BANK4   BANK5   BANK6
      Params:         0       4       0       0       0       0       0       0
      Locals:         0       4       0       0       0       0       0       0
      Temps:          0       1       0       0       0       0       0       0
      Totals:         0       9       0       0       0       0       0       0
Total ram usage:        9 bytes
 Hardware stack levels used:    1
 Hardware stack levels required when called:    2
 This function calls:
		___lwdiv
		___lwmod
 This function is called by:
		_itoa
 This function uses a non-reentrant model


 *************** function ___lwmod *****************
 Defined at:
		line 5 in file "C:\Program Files\Microchip\xc8\v1.21\sources\pic\lwmod.c"
 Parameters:    Size  Location     Type
  divisor         2    3[COMMON] unsigned int 
  dividend        2    5[COMMON] unsigned int 
 Auto vars:     Size  Location     Type
  counter         1    8[COMMON] unsigned char 
 Return value:  Size  Location     Type
                  2    3[COMMON] unsigned int 
 Registers used:
		wreg, status,2, status,0
 Tracked objects:
		On entry : 
		On exit  : 
		Unchanged: 
 Data sizes:     COMMON   BANK0   BANK1   BANK2   BANK3   BANK4   BANK5   BANK6
      Params:         4       0       0       0       0       0       0       0
      Locals:         1       0       0       0       0       0       0       0
      Temps:          1       0       0       0       0       0       0       0
      Totals:         6       0       0       0       0       0       0       0
Total ram usage:        6 bytes
 Hardware stack levels used:    1
 Hardware stack levels required when called:    1
 This function calls:
		Nothing
 This function is called by:
		_utoa
 This function uses a non-reentrant model


 *************** function ___lwdiv *****************
 Defined at:
		line 5 in file "C:\Program Files\Microchip\xc8\v1.21\sources\pic\lwdiv.c"
 Parameters:    Size  Location     Type
  divisor         2    3[COMMON] unsigned int 
  dividend        2    5[COMMON] unsigned int 
 Auto vars:     Size  Location     Type
  quotient        2    1[BANK0 ] unsigned int 
  counter         1    0[BANK0 ] unsigned char 
 Return value:  Size  Location     Type
                  2    3[COMMON] unsigned int 
 Registers used:
		wreg, status,2, status,0
 Tracked objects:
		On entry : 
		On exit  : 
		Unchanged: 
 Data sizes:     COMMON   BANK0   BANK1   BANK2   BANK3   BANK4   BANK5   BANK6
      Params:         4       0       0       0       0       0       0       0
      Locals:         0       3       0       0       0       0       0       0
      Temps:          1       0       0       0       0       0       0       0
      Totals:         5       3       0       0       0       0       0       0
Total ram usage:        8 bytes
 Hardware stack levels used:    1
 Hardware stack levels required when called:    1
 This function calls:
		Nothing
 This function is called by:
		_utoa
 This function uses a non-reentrant model


 *************** function _print_status *****************
 Defined at:
		line 336 in file "main1.c"
 Parameters:    Size  Location     Type
		None
 Auto vars:     Size  Location     Type
		None
 Return value:  Size  Location     Type
		None               void
 Registers used:
		wreg, fsr0l, fsr0h, status,2, status,0, pclath, cstack
 Tracked objects:
		On entry : 
		On exit  : 
		Unchanged: 
 Data sizes:     COMMON   BANK0   BANK1   BANK2   BANK3   BANK4   BANK5   BANK6
      Params:         0       0       0       0       0       0       0       0
      Locals:         0       0       0       0       0       0       0       0
      Temps:          0       0       0       0       0       0       0       0
      Totals:         0       0       0       0       0       0       0       0
Total ram usage:        0 bytes
 Hardware stack levels used:    1
 Hardware stack levels required when called:    5
 This function calls:
		_lcd_puts
		_lcd_clrline2
 This function is called by:
		_main
 This function uses a non-reentrant model


 *************** function _lcd_clrline2 *****************
 Defined at:
		line 138 in file "main1.c"
 Parameters:    Size  Location     Type
		None
 Auto vars:     Size  Location     Type
		None
 Return value:  Size  Location     Type
		None               void
 Registers used:
		wreg, fsr0l, fsr0h, status,2, status,0, pclath, cstack
 Tracked objects:
		On entry : 
		On exit  : 
		Unchanged: 
 Data sizes:     COMMON   BANK0   BANK1   BANK2   BANK3   BANK4   BANK5   BANK6
      Params:         0       0       0       0       0       0       0       0
      Locals:         0       0       0       0       0       0       0       0
      Temps:          0       0       0       0       0       0       0       0
      Totals:         0       0       0       0       0       0       0       0
Total ram usage:        0 bytes
 Hardware stack levels used:    1
 Hardware stack levels required when called:    4
 This function calls:
		_lcd_puts
		_lcd_goto
 This function is called by:
		_read_volts
		_print_status
 This function uses a non-reentrant model


 *************** function _lcd_goto *****************
 Defined at:
		line 127 in file "main1.c"
 Parameters:    Size  Location     Type
  pos             1    wreg     unsigned char 
 Auto vars:     Size  Location     Type
  pos             1    7[COMMON] unsigned char 
 Return value:  Size  Location     Type
		None               void
 Registers used:
		wreg, status,2, status,0, pclath, cstack
 Tracked objects:
		On entry : 
		On exit  : 
		Unchanged: 
 Data sizes:     COMMON   BANK0   BANK1   BANK2   BANK3   BANK4   BANK5   BANK6
      Params:         0       0       0       0       0       0       0       0
      Locals:         1       0       0       0       0       0       0       0
      Temps:          0       0       0       0       0       0       0       0
      Totals:         1       0       0       0       0       0       0       0
Total ram usage:        1 bytes
 Hardware stack levels used:    1
 Hardware stack levels required when called:    3
 This function calls:
		_lcd_write
 This function is called by:
		_lcd_clrline2
 This function uses a non-reentrant model


 *************** function _lcd_puts *****************
 Defined at:
		line 116 in file "main1.c"
 Parameters:    Size  Location     Type
  s               2    7[COMMON] PTR const unsigned char 
		 -> STR_12(2), STR_11(15), STR_10(7), STR_9(6), 
		 -> STR_8(3), STR_7(2), STR_6(2), STR_5(3), 
		 -> STR_4(2), STR_3(2), buf(10), STR_2(2), 
		 -> STR_1(17), 
 Auto vars:     Size  Location     Type
		None
 Return value:  Size  Location     Type
		None               void
 Registers used:
		wreg, fsr0l, fsr0h, status,2, status,0, pclath, cstack
 Tracked objects:
		On entry : 
		On exit  : 
		Unchanged: 
 Data sizes:     COMMON   BANK0   BANK1   BANK2   BANK3   BANK4   BANK5   BANK6
      Params:         2       0       0       0       0       0       0       0
      Locals:         0       0       0       0       0       0       0       0
      Temps:          0       0       0       0       0       0       0       0
      Totals:         2       0       0       0       0       0       0       0
Total ram usage:        2 bytes
 Hardware stack levels used:    1
 Hardware stack levels required when called:    3
 This function calls:
		_lcd_write
 This function is called by:
		_lcd_clrline2
		_read_volts
		_read_current
		_print_status
		_main
 This function uses a non-reentrant model


 *************** function _lcd_init *****************
 Defined at:
		line 200 in file "main1.c"
 Parameters:    Size  Location     Type
		None
 Auto vars:     Size  Location     Type
		None
 Return value:  Size  Location     Type
		None               void
 Registers used:
		wreg, status,2, status,0, pclath, cstack
 Tracked objects:
		On entry : 
		On exit  : 
		Unchanged: 
 Data sizes:     COMMON   BANK0   BANK1   BANK2   BANK3   BANK4   BANK5   BANK6
      Params:         0       0       0       0       0       0       0       0
      Locals:         0       0       0       0       0       0       0       0
      Temps:          2       0       0       0       0       0       0       0
      Totals:         2       0       0       0       0       0       0       0
Total ram usage:        2 bytes
 Hardware stack levels used:    1
 Hardware stack levels required when called:    3
 This function calls:
		_lcd_strobe
		_lcd_write
 This function is called by:
		_main
 This function uses a non-reentrant model


 *************** function _serial_init *****************
 Defined at:
		line 161 in file "main1.c"
 Parameters:    Size  Location     Type
		None
 Auto vars:     Size  Location     Type
		None
 Return value:  Size  Location     Type
		None               void
 Registers used:
		wreg, status,2, status,0, pclath, cstack
 Tracked objects:
		On entry : 
		On exit  : 
		Unchanged: 
 Data sizes:     COMMON   BANK0   BANK1   BANK2   BANK3   BANK4   BANK5   BANK6
      Params:         0       0       0       0       0       0       0       0
      Locals:         0       0       0       0       0       0       0       0
      Temps:          2       0       0       0       0       0       0       0
      Totals:         2       0       0       0       0       0       0       0
Total ram usage:        2 bytes
 Hardware stack levels used:    1
 Hardware stack levels required when called:    2
 This function calls:
		_uart_xmit
 This function is called by:
		_main
 This function uses a non-reentrant model


 *************** function _uart_xmit *****************
 Defined at:
		line 76 in file "main1.c"
 Parameters:    Size  Location     Type
  mydata_byte     2    3[COMMON] unsigned int 
 Auto vars:     Size  Location     Type
		None
 Return value:  Size  Location     Type
		None               void
 Registers used:
		wreg
 Tracked objects:
		On entry : 
		On exit  : 
		Unchanged: 
 Data sizes:     COMMON   BANK0   BANK1   BANK2   BANK3   BANK4   BANK5   BANK6
      Params:         2       0       0       0       0       0       0       0
      Locals:         0       0       0       0       0       0       0       0
      Temps:          0       0       0       0       0       0       0       0
      Totals:         2       0       0       0       0       0       0       0
Total ram usage:        2 bytes
 Hardware stack levels used:    1
 Hardware stack levels required when called:    1
 This function calls:
		Nothing
 This function is called by:
		_serial_init
		_read_volts
		_read_current
 This function uses a non-reentrant model


 *************** function _blinkLEDslow *****************
 Defined at:
		line 153 in file "main1.c"
 Parameters:    Size  Location     Type
		None
 Auto vars:     Size  Location     Type
		None
 Return value:  Size  Location     Type
		None               void
 Registers used:
		wreg, status,2
 Tracked objects:
		On entry : 
		On exit  : 
		Unchanged: 
 Data sizes:     COMMON   BANK0   BANK1   BANK2   BANK3   BANK4   BANK5   BANK6
      Params:         0       0       0       0       0       0       0       0
      Locals:         0       0       0       0       0       0       0       0
      Temps:          3       0       0       0       0       0       0       0
      Totals:         3       0       0       0       0       0       0       0
Total ram usage:        3 bytes
 Hardware stack levels used:    1
 Hardware stack levels required when called:    1
 This function calls:
		Nothing
 This function is called by:
		_main
 This function uses a non-reentrant model


 *************** function _blinkLEDfast *****************
 Defined at:
		line 145 in file "main1.c"
 Parameters:    Size  Location     Type
		None
 Auto vars:     Size  Location     Type
		None
 Return value:  Size  Location     Type
		None               void
 Registers used:
		wreg
 Tracked objects:
		On entry : 
		On exit  : 
		Unchanged: 
 Data sizes:     COMMON   BANK0   BANK1   BANK2   BANK3   BANK4   BANK5   BANK6
      Params:         0       0       0       0       0       0       0       0
      Locals:         0       0       0       0       0       0       0       0
      Temps:          2       0       0       0       0       0       0       0
      Totals:         2       0       0       0       0       0       0       0
Total ram usage:        2 bytes
 Hardware stack levels used:    1
 Hardware stack levels required when called:    1
 This function calls:
		Nothing
 This function is called by:
		_main
 This function uses a non-reentrant model


 *************** function _lcd_clear *****************
 Defined at:
		line 106 in file "main1.c"
 Parameters:    Size  Location     Type
		None
 Auto vars:     Size  Location     Type
		None
 Return value:  Size  Location     Type
		None               void
 Registers used:
		wreg, status,2, status,0, pclath, cstack
 Tracked objects:
		On entry : 
		On exit  : 
		Unchanged: 
 Data sizes:     COMMON   BANK0   BANK1   BANK2   BANK3   BANK4   BANK5   BANK6
      Params:         0       0       0       0       0       0       0       0
      Locals:         0       0       0       0       0       0       0       0
      Temps:          2       0       0       0       0       0       0       0
      Totals:         2       0       0       0       0       0       0       0
Total ram usage:        2 bytes
 Hardware stack levels used:    1
 Hardware stack levels required when called:    3
 This function calls:
		_lcd_write
 This function is called by:
		_main
 This function uses a non-reentrant model


 *************** function _lcd_write *****************
 Defined at:
		line 93 in file "main1.c"
 Parameters:    Size  Location     Type
  c               1    wreg     unsigned char 
 Auto vars:     Size  Location     Type
  c               1    6[COMMON] unsigned char 
 Return value:  Size  Location     Type
		None               void
 Registers used:
		wreg, status,2, status,0, pclath, cstack
 Tracked objects:
		On entry : 
		On exit  : 
		Unchanged: 
 Data sizes:     COMMON   BANK0   BANK1   BANK2   BANK3   BANK4   BANK5   BANK6
      Params:         0       0       0       0       0       0       0       0
      Locals:         1       0       0       0       0       0       0       0
      Temps:          1       0       0       0       0       0       0       0
      Totals:         2       0       0       0       0       0       0       0
Total ram usage:        2 bytes
 Hardware stack levels used:    1
 Hardware stack levels required when called:    2
 This function calls:
		_lcd_strobe
 This function is called by:
		_lcd_clear
		_lcd_puts
		_lcd_goto
		_lcd_init
 This function uses a non-reentrant model


 *************** function _lcd_strobe *****************
 Defined at:
		line 84 in file "main1.c"
 Parameters:    Size  Location     Type
		None
 Auto vars:     Size  Location     Type
		None
 Return value:  Size  Location     Type
		None               void
 Registers used:
		wreg
 Tracked objects:
		On entry : 
		On exit  : 
		Unchanged: 
 Data sizes:     COMMON   BANK0   BANK1   BANK2   BANK3   BANK4   BANK5   BANK6
      Params:         0       0       0       0       0       0       0       0
      Locals:         0       0       0       0       0       0       0       0
      Temps:          2       0       0       0       0       0       0       0
      Totals:         2       0       0       0       0       0       0       0
Total ram usage:        2 bytes
 Hardware stack levels used:    1
 Hardware stack levels required when called:    1
 This function calls:
		Nothing
 This function is called by:
		_lcd_write
		_lcd_init
 This function uses a non-reentrant model


 *************** function _ISR *****************
 Defined at:
		line 66 in file "main1.c"
 Parameters:    Size  Location     Type
		None
 Auto vars:     Size  Location     Type
		None
 Return value:  Size  Location     Type
		None               void
 Registers used:
		wreg
 Tracked objects:
		On entry : 
		On exit  : 
		Unchanged: 
 Data sizes:     COMMON   BANK0   BANK1   BANK2   BANK3   BANK4   BANK5   BANK6
      Params:         0       0       0       0       0       0       0       0
      Locals:         0       0       0       0       0       0       0       0
      Temps:          3       0       0       0       0       0       0       0
      Totals:         3       0       0       0       0       0       0       0
Total ram usage:        3 bytes
 Hardware stack levels used:    1
 This function calls:
		Nothing
 This function is called by:
		Interrupt level 1
 This function uses a non-reentrant model



MODULE INFORMATION

Module		Function		Class		Link	Load	Size
C:\Program Files\Microchip\xc8\v1.21\sources\pic\lwmod.c
		___lwmod       		CODE           	0732	0000	46

C:\Program Files\Microchip\xc8\v1.21\sources\pic\lwmod.c estimated size: 46

main1.c
		_lcd_puts      		CODE           	07C5	0000	23
		_ISR           		CODE           	0004	0000	19
		_read_current  		CODE           	0025	0000	336
		_read_all      		CODE           	0FC8	0000	16
		_main          		CODE           	02AD	0000	167
		_lcd_clrline2  		CODE           	0FA9	0000	15
		_lcd_clear     		CODE           	0FB8	0000	16
		_blinkLEDfast  		CODE           	0FD8	0000	19
		_blinkLEDslow  		CODE           	0FEB	0000	21
		_print_status  		CODE           	07DC	0000	22
		_lcd_goto      		CODE           	0F93	0000	8
		_read_volts    		CODE           	0175	0000	312
		_serial_init   		CODE           	069D	0000	53
		_lcd_write     		CODE           	07AD	0000	24
		_uart_xmit     		CODE           	0F87	0000	6
		_lcd_strobe    		CODE           	0F9B	0000	14
		_lcd_init      		CODE           	0594	0000	83

main1.c estimated size: 1154

C:\Program Files\Microchip\xc8\v1.21\sources\pic\lwdiv.c
		___lwdiv       		CODE           	0666	0000	55

C:\Program Files\Microchip\xc8\v1.21\sources\pic\lwdiv.c estimated size: 55

C:\Program Files\Microchip\xc8\v1.21\sources\pic\lmul.c
		___lmul        		CODE           	06D2	0000	48

C:\Program Files\Microchip\xc8\v1.21\sources\pic\lmul.c estimated size: 48

shared
		__stringtab    		STRING         	062A	0000	1
		__stringdata   		STRING         	062B	0000	59
		__initializatio		CODE           	0019	0000	9

shared estimated size: 69

C:\Program Files\Microchip\xc8\v1.21\sources\common\itoa.c
		_itoa          		CODE           	0760	0000	40
		_utoa          		CODE           	045F	0000	116

C:\Program Files\Microchip\xc8\v1.21\sources\common\itoa.c estimated size: 156

C:\Program Files\Microchip\xc8\v1.21\sources\pic\almod.c
		___almod       		CODE           	04D3	0000	110

C:\Program Files\Microchip\xc8\v1.21\sources\pic\almod.c estimated size: 110

C:\Program Files\Microchip\xc8\v1.21\sources\common\strlen.c
		_strlen        		CODE           	0788	0000	37

C:\Program Files\Microchip\xc8\v1.21\sources\common\strlen.c estimated size: 37

C:\Program Files\Microchip\xc8\v1.21\sources\pic\llmod.c
		___llmod       		CODE           	05E7	0000	67

C:\Program Files\Microchip\xc8\v1.21\sources\pic\llmod.c estimated size: 67

C:\Program Files\Microchip\xc8\v1.21\sources\pic\aldiv.c
		___aldiv       		CODE           	03DD	0000	130

C:\Program Files\Microchip\xc8\v1.21\sources\pic\aldiv.c estimated size: 130

C:\Program Files\Microchip\xc8\v1.21\sources\common\abs.c
		_abs           		CODE           	07F2	0000	14

C:\Program Files\Microchip\xc8\v1.21\sources\common\abs.c estimated size: 14

C:\Program Files\Microchip\xc8\v1.21\sources\pic\lldiv.c
		___lldiv       		CODE           	0541	0000	83

C:\Program Files\Microchip\xc8\v1.21\sources\pic\lldiv.c estimated size: 83

C:\Program Files\Microchip\xc8\v1.21\sources\common\ltoa.c
		_ltoa          		CODE           	0702	0000	48
		_ultoa         		CODE           	0354	0000	137

C:\Program Files\Microchip\xc8\v1.21\sources\common\ltoa.c estimated size: 185

