MPASM  5.47                      MAIN_V0X.ASM   2-7-2013  19:06:00         PAGE  1


LOC  OBJECT CODE     LINE SOURCE TEXT
  VALUE

                      00001 ;------------------------------------------------------------
                      00002 ;SumoRoomba Subsystem PIC by Charles M Douvier
                      00003 ;PIC16F690
                      00004 ;VERSION=0.10
                      00005 ;filename=main_v0x.asm
                      00006 ;
                      00007 ;This susbsystem will:
                      00008 ;- handle power switch, start up timer and initialization
                      00009 ;- tacometer input and math
                      00010 ;- watch Vbatt and Ibatt 
                      00011 ;- potiential selectable bumper/cliff sensor input
                      00012 ;- bluetooth communication to monitoring PC
                      00013 ;POWER METERING
                      00014 ;...ditched LTC2990 I2C support (well start of what is there) to leave it for future integration
                      00015 ;TACHOMETER
                      00016 ;...on the back burner is encoder tachometer integration 
                      00017 ;update: tachometer to be put in alternate processor and read by voltage 0-3.3V on AN4, AN5
                      00018 ;Likely have to add 2x16F628 1 for each CCP for the encoders
                      00019 ;(60sec*(1/Fosc*4))/(Period*Interruptions per 360deg)
                      00020 ;
                      00021 ;
                      00022 ;v0.01  1/1/13          just enough to compile nothing
                      00023 ;v0.02                          hello world (toggling port outputs, ditched ISM and misc code from i2c)
                      00024 ;v0.03                          Extensive Port Setup, Added core RS-232 code.
                      00025 ;v0.04                          added core A2D code, not complete.
                      00026 ;v0.05                          TX->>232 works.
                      00027 ;v0.06                          AN4 ->> Sucessful 0-3.3v = 0-100 output
                      00028 ;v0.07  1/5/2013        tweaked to work with VB app, fixed resetting bug (on dly)
                      00029 ;v0.08  1/6/2013        cliff sensors work/right not wired though (require calibration replacement for D
                            IP)
                      00030 ;v0.10  1/7/2013        power_button enables power_en; cliff sensors communicate. 1st potiential release
                      00031 ;
                      00032 ;To Do:
                      00033 ;
                      00034 ;2. send status on poll (grab status from 18F2331)
                      00035 ;power polling
                      00036 ;LED status and power on control 
                      00037 ;AN5 0-5v --> send rx232
                      00038 ;bumper polling ... make room?
                      00039 ;bumper logic
                      00040 ;I2C power logic someday..
                      00041 ;
                      00042 ;------------------------------------------------------------
                      00043         errorlevel    -302      ;kill those annoying bank messages
                      00044 ;------------------------------------------------------------
                      00045 ;NOTES
                      00046 ;
                      00047 ;Pin Function Diagram 
                      00048 ;
                      00049 ;RA0 I  PGD                                                                             RC0 I   AN4/LTAC
                            OMTR_AI 
                      00050 ;RA1 I  PGC                                                                             RC1 I   AN5/RTAC
                            OMTR_AI
MPASM  5.47                      MAIN_V0X.ASM   2-7-2013  19:06:00         PAGE  2


LOC  OBJECT CODE     LINE SOURCE TEXT
  VALUE

                      00051 ;RA2 O  POWER_EN                                                                RC2 I   ATTACK_MODE (fro
                            m 18F2331)
                      00052 ;RA3 I  |MCLR/VPP                                                               RC3 I   POWER_SW
                      00053 ;RA4 O  LED_1                   RB4 O   SDA                             RC4 I   LR-CLFSENS
                      00054 ;RA5 O  HeartBeat LED   RB5 I   RX232                   RC5 I   LF-CLFSENS
                      00055 ;                                               RB6 O   SDL                             RC6 I   RF-CLFSE
                            NS
                      00056 ;                                               RB7 I   TX232                   RC7 I   RR-CLFSENS
                      00057 ;
                      00058 ;---------------------------------------------------------------------
                      00059 ; Include Files and Configuration
                      00060 ; No Clock, No WDT, No Code Protection, No Brownout Detection   
                      00061 ; _MCLRE_OFF?
                      00062 ;---------------------------------------------------------------------
                      00063 #include <p16f690.inc> 
                      00001         LIST
                      00002 
                      00003 ;==========================================================================
                      00004 ;  MPASM PIC16F690 processor include
                      00005 ; 
                      00006 ;  (c) Copyright 1999-2012 Microchip Technology, All rights reserved
                      00007 ;==========================================================================
                      00008 
                      00756         LIST
                      00064 ;
2007   30C4           00065    __config (_INTRC_OSC_NOCLKOUT & _WDT_OFF & _PWRTE_ON & _MCLRE_OFF & _CP_OFF & _BOR_OFF & _IESO_OFF & 
                            _FCMEN_OFF)
                      00066 
                      00067 ;---------------------------------------------------------------------
                      00068 ; Variable declarations
                      00069 ;---------------------------------------------------------------------
                      00070         udata
0000                  00071 d1 res 1                ;delay
0001                  00072 d2 res 1                ;delay
0002                  00073 d3 res 1                ;delay
                      00074 
                      00075         cblock  0x20
  00000020            00076                 myflags
  00000021            00077                 dly0
  00000022            00078                 CVD00
  00000023            00079                 CVD01
  00000024            00080                 CVD02
  00000025            00081                 CVD03
  00000026            00082                 CVD04
  00000027            00083                 CVD05
  00000028            00084                 ADHIGH
  00000029            00085                 ADLOW
  0000002A            00086                 CLFSEN
                      00087         endc
                      00088 
                      00089 ;---------------------------------------------------------------------
                      00090 ;Constant Definitions
                      00091 ;---------------------------------------------------------------------
MPASM  5.47                      MAIN_V0X.ASM   2-7-2013  19:06:00         PAGE  3


LOC  OBJECT CODE     LINE SOURCE TEXT
  VALUE

                      00092 #define mode myflags,0
                      00093 #define attack_mode myflags,1
                      00094 #define LFCS    CLFSEN,0
                      00095 #define LRCS    CLFSEN,1
                      00096 #define RFCS    CLFSEN,2
                      00097 #define RRCS    CLFSEN,3
                      00098 #define LBUMP   CLFSEN,4
                      00099 #define RBUMP   CLFSEN,5
                      00100         
                      00101 ;#define NODE_ADDR 0x02 ; I2C address of this node
                      00102 
                      00103 ;---------------------------------------------------------------------
                      00104 ; Vectors -- Whats your vector victor?
                      00105 ;---------------------------------------------------------------------
                      00106 
                      00107     org 0
0000   0000           00108         nop
0001   2???           00109         goto    start
                      00110         org 4
0004   14A0           00111         bsf     attack_mode
0005   2???           00112         goto start
                      00113 
                      00114 
                      00115 
                      00116 ;---------------------------------------------------------------------
                      00117 ;init_ports
                      00118 ;Initializes ports and set up the basics
                      00119 ;
                      00120 ;RP1 RP0
                      00121 ;0 0 ? Bank 0 is selected
                      00122 ;0 1 ? Bank 1 is selected
                      00123 ;1 0 ? Bank 2 is selected
                      00124 ;1 1 ? Bank 3 is selected
                      00125 ;---------------------------------------------------------------------
0006                  00126 init_ports      
                      00127 
0006   1283           00128                 BCF STATUS,RP0          ;Bank 0
0007   1303           00129                 BCF STATUS,RP1          ;
                      00130 
0008   0185           00131                 CLRF    PORTA
0009   0186           00132                 CLRF    PORTB
000A   0187           00133                 CLRF    PORTC
                      00134 
000B   1703           00135                 BSF STATUS,RP1          ;Bank 2
                      00136 
000C   3030           00137                 movlw   0x30            ;00110000
000D   009E           00138                 movwf   ANSEL           ;Enable AN4,5--Rest Digital I/O
000E   019F           00139                 CLRF    ANSELH          ;Mostly to kill aN11 for RS-232 but I'm not using the other AIs 
                            either
                      00140 
000F   1683           00141                 BSF STATUS,RP0          ;Bank 1
                      00142                 
                      00143                                                         ;PORTA
MPASM  5.47                      MAIN_V0X.ASM   2-7-2013  19:06:00         PAGE  4


LOC  OBJECT CODE     LINE SOURCE TEXT
  VALUE

0010   0185           00144                 CLRF    PORTA
0011   300B           00145                 movlw   0x0B            ;0000 1011
0012   0085           00146                 MOVWF   TRISA
                      00147                                                         ;PORTB
0013   30F0           00148                 movlw   0xF0            ;1111 0000
0014   0086           00149                 MOVWF   TRISB
                      00150                                                         ;PORTC
0015   30FF           00151                 movlw   0xFF            ;1111 1111
0016   0087           00152                 MOVWF   TRISC
                      00153                                                         ;A2D Setup
0017   3070           00154                 MOVLW b'01110000'       ;A/D clock from internal clk
0018   009F           00155                 MOVWF ADCON1
                      00156 
0019   1283           00157                 bcf      STATUS,RP0     ;Bank 0
                      00158 
                      00159 
                      00160                 ;RS-232 initialization
                      00161                 ;Port Map
                      00162                 ;               bit7    bit6    bit5    bit4    bit3    bit2    bit1    bit0
                      00163                 ;TXSTA  CSRC    TX9     TXEN    SYNC    SENDB   BRGH    TRMT    TX9D    0000 0010
                      00164                 ;RCSTA  SPEN    RX9     SREN    CREN    ADDEN   FERR    OERR    RX9D    0000 000X
                      00165                 ;
                      00166                 ;TXSTA
                      00167                 ;
                      00168                 ;bit 7 CSRC: Clock Source Select bit
                      00169                 ;       Asynchronous :
                      00170                 ;       Don’t care.
                      00171                 ;       Synchronous mode:
                      00172                 ;       1 = Master mode (clock generated internally from BRG)
                      00173                 ;       0 = Slave mode (clock from external source)
                      00174                 ;bit 6 TX9: 9-Bit Transmit Enable bit
                      00175                 ;       1 = Selects 9-bit transmission
                      00176                 ;       0 = Selects 8-bit transmission
                      00177                 ;bit 5 TXEN: Transmit Enable bit(1)
                      00178                 ;       1 = Transmit enabled
                      00179                 ;       0 = Transmit disabled
                      00180                 ;bit 4 SYNC: EUSART Mode Select bit
                      00181                 ;       1 = Synchronous mode
                      00182                 ;       0 = Asynchronous mode
                      00183                 ;bit 3 SENDB: Send Break Character bit
                      00184                 ;       Asynchronous mode:
                      00185                 ;       1 = Send Sync Break on next transmission (cleared by hardware upon completion)
                      00186                 ;       0 = Sync Break transmission completed
                      00187                 ;       Synchronous mode:
                      00188                 ;       Don’t care.
                      00189                 ;bit 2 BRGH: High Baud Rate Select bit
                      00190                 ;       Asynchronous mode:
                      00191                 ;       1 = High speed
                      00192                 ;       0 = Low speed
                      00193                 ;       Synchronous mode:
                      00194                 ;       Unused in this mode.
                      00195                 ;bit 1 TRMT: Transmit Shift Register Status bit
                      00196                 ;       1 = TSR is empty
MPASM  5.47                      MAIN_V0X.ASM   2-7-2013  19:06:00         PAGE  5


LOC  OBJECT CODE     LINE SOURCE TEXT
  VALUE

                      00197                 ;       0 = TSR is full
                      00198                 ;bit 0 TX9D: 9th Bit of Transmit Data
                      00199                 ;       Can be address/data bit or a parity bit
                      00200                 ;
                      00201                 ;RCSTA
                      00202                 ;
                      00203                 ;bit 7 SPEN: Serial Port Enable bit
                      00204                 ;       1 = Serial port enabled
                      00205                 ;       0 = Serial port disabled
                      00206                 ;bit 6 RX9: 9-Bit Receive Enable bit
                      00207                 ;       1 = Selects 9-bit reception
                      00208                 ;       0 = Selects 8-bit reception
                      00209                 ;bit 5 SREN: Single Receive Enable bit
                      00210                 ;       Asynchronous mode:
                      00211                 ;       Don’t care.
                      00212                 ;       Synchronous mode – Master:
                      00213                 ;       1 = Enables single receive
                      00214                 ;       0 = Disables single receive
                      00215                 ;       This bit is cleared after reception is complete.
                      00216                 ;       Synchronous mode – Slave:
                      00217                 ;       Don’t care.
                      00218                 ;bit 4 CREN: Continuous Receive Enable bit
                      00219                 ;       Asynchronous mode:
                      00220                 ;       1 = Enables receiver
                      00221                 ;       0 = Disables receiver
                      00222                 ;       Synchronous mode:
                      00223                 ;       1 = Enables continuous receive until enable bit, CREN, is cleared (CREN override
                            s SREN)
                      00224                 ;       0 = Disables continuous receive
                      00225                 ;bit 3 ADDEN: Address Detect Enable bit
                      00226                 ;       Asynchronous mode 9-Bit (RX9 = 1):
                      00227                 ;       1 = Enables address detection, enables interrupt and loads the receive buffer wh
                            en RSR<8> is set
                      00228                 ;       0 = Disables address detection, all bytes are received and ninth bit can be used
                             as parity bit
                      00229                 ;       Asynchronous mode 8-Bit (RX9 = 0):
                      00230                 ;       Don’t care.
                      00231                 ;bit 2 FERR: Framing Error bit
                      00232                 ;       1 = Framing error (can be cleared by reading RCREGx register and receiving next 
                            valid byte)
                      00233                 ;       0 = No framing error
                      00234                 ;bit 1 OERR: Overrun Error bit
                      00235                 ;       1 = Overrun error (can be cleared by clearing bit, CREN)
                      00236                 ;       0 = No overrun error
                      00237                 ;bit 0 RX9D: 9th Bit of Received Data
                      00238                 ;       This can be address/data bit or a parity bit and must be calculated by user firm
                            ware.
                      00239         ;Clock Frequence Determination
                      00240         ;       For a device with FOSC of 16 MHz, desired baud rate of 9600, Asynchronous mode, 8-bit BR
                            G:
                      00241         ;       Desired Baud Rate = FOSC/(64 ([SPBRGH:SPBRG] + 1))
                      00242         ;       Solving for SPBRGH:SPBRG:
                      00243         ;       X = ((FOSC/Desired Baud Rate)/64) – 1
MPASM  5.47                      MAIN_V0X.ASM   2-7-2013  19:06:00         PAGE  6


LOC  OBJECT CODE     LINE SOURCE TEXT
  VALUE

                      00244         ;       = ((16000000/9600)/64) – 1
                      00245         ;       = [25.042] = 25
                      00246         ;       Calculated Baud Rate = 16000000/(64 (25 + 1))
                      00247         ;       = 9615
                      00248         ;       Error = (Calculated Baud Rate – Desired Baud Rate)/Desired Baud Rate
                      00249         ;       = (9615 – 9600)/9600 = 0.16%
                      00250         ;The PIC16F690 has one or two quirks that are only hinted about in the EUSART section. One is th
                            at RX input is shared with AN11. If you don't set ANSELH bit 3 to zero the receiver never works.
                      00251         ;• SPEN (RCSTA<7>) bit must be set (= 1),
                      00252         ;• TRISB<6> bit must be set (= 1), and
                      00253         ;• TRISB<7> bit must be set (= 1).
                      00254 
001A   1683           00255                 bsf     STATUS, RP0                             ;Bank 1
001B   1303           00256                 bcf     STATUS, RP1
                      00257                 ;bsf    BAUDCTL,3
                      00258 
001C   30A4           00259                 movlw    b'10100100'        ;initialize USART
001D   0098           00260             movwf    TXSTA              ;8-bit, Async, High Speed, tx enable                            
                                                            
                      00261                                                                         ;9615bps 
001E   3019           00262         movlw 0x19                      ; 0x19=9600 bps (0x0C=19200 bps)
001F   0099           00263         movwf SPBRG             
                      00264 
                      00265 
0020   1283           00266                 bcf     STATUS, RP0                             ;Bank 0
0021   1303           00267                 bcf     STATUS, RP1
                      00268 
0022   3090           00269             movlw    b'10010000'
0023   0098           00270             movwf    RCSTA                              ;Enable Port SPEN&CREN
                      00271 
                      00272 
                      00273                 ;1. Configure the A/D module:
                      00274                 ;• Configure analog/digital I/O (ANSx)
                      00275                 ;• Select A/D conversion clock (ADCON1<6:4>)
                      00276                 ;• Configure voltage reference (ADCON0<6>)
                      00277                 ;• Select A/D input channel (ADCON0<5:2>)
                      00278                 ;• Select result format (ADCON0<7>)
                      00279                 ;• Turn on A/D module (ADCON0<0>)
                      00280                 ;2. Configure A/D interrupt (if desired):
                      00281                 ;• Clear ADIF bit (PIR1<6>)
                      00282                 ;• Set ADIE bit (PIE1<6>)
                      00283                 ;• Set PEIE and GIE bits (INTCON<7:6>)
                      00284                 ;3. Wait the required acquisition time.
                      00285                 ;4. Start conversion:
                      00286                 ;• Set GO/DONE bit (ADCON0<1>)
                      00287                 ;5. Wait for A/D conversion to complete, by either:
                      00288                 ;• Polling for the GO/DONE bit to be cleared
                      00289                 ;(with interrupts disabled); OR
                      00290                 ;• Waiting for the A/D interrupt
                      00291                 ;6. Read A/D Result register pair
                      00292                 ;(ADRESH:ADRESL), clear bit ADIF if required.
                      00293                 ;7. For next conversion, go to step 1 or step 2 as
                      00294                 ;required. The A/D conversion time per bit is
MPASM  5.47                      MAIN_V0X.ASM   2-7-2013  19:06:00         PAGE  7


LOC  OBJECT CODE     LINE SOURCE TEXT
  VALUE

                      00295                 ;defined as TAD. A minimum wait of 2 TAD is
                      00296                 ;required before the next acquisition starts.
                      00297 
0024   1683           00298                 BSF STATUS,RP0 ;Bank 1
0025   1303           00299                 BCF STATUS,RP1 ;
                      00300                 
0026   3070           00301                 MOVLW B'01110000' ;A/D clock from internal clk
0027   009F           00302                 MOVWF ADCON1 ;
                      00303                 
0028   1283           00304                 BCF STATUS,RP0                  ;Bank 2
0029   1703           00305                 BSF STATUS,RP1                  ;
                      00306                 
002A   161E           00307                 BSF ANSEL,4                     ;Set RA4 to analog
002B   169E           00308                 BSF ANSEL,5                     ;Set RA5 to analog
                      00309                 
002C   1283           00310                 BCF STATUS,RP0                  ;Bank 0
002D   1303           00311                 BCF STATUS,RP1
                      00312 
                      00313                 
                      00314 
002E   0008           00315                 return
                      00316 
                      00317 
                      00318 
                      00319 ;---------------------------------------------------------------------
                      00320 ;TX 232  W -->
                      00321 ;               send whatever is in W to the BlueTooth Module                   
                      00322 ;RP1 RP0
                      00323 ;0 0 ? Bank 0 is selected
                      00324 ;0 1 ? Bank 1 is selected               
                      00325 ;---------------------------------------------------------------------
002F                  00326 send_232
002F   1283           00327                 bcf     STATUS, RP0                             ;Bank 0
0030   1303           00328                 bcf     STATUS, RP1
                      00329                                                                         ;Move W to TXREG
0031   0099           00330                 movwf    TXREG  
                      00331                                                                         ;
0032   1683           00332                 bsf     STATUS, RP0                             ;Bank 1
0033   1303           00333                 bcf     STATUS, RP1
                      00334 
0034   1C98           00335             btfss    TXSTA,TRMT         ;wait for data TX
0035   2???           00336             goto    $-1
                      00337 
0036   1283           00338                 bcf     STATUS, RP0                             ;Bank 0
0037   1303           00339                 bcf     STATUS, RP1
                      00340 
0038   0008           00341                 return
                      00342 
                      00343 ;---------------------------------------------------------------------
                      00344 ;RX 232 --> W
                      00345 ;                       edit to skip and not wait
                      00346 ;               READ FROM BT (If I even use this.. ? testing?)
                      00347 ;---------------------------------------------------------------------
MPASM  5.47                      MAIN_V0X.ASM   2-7-2013  19:06:00         PAGE  8


LOC  OBJECT CODE     LINE SOURCE TEXT
  VALUE

                      00348 
0039                  00349 receive_232
0039   1E8C           00350                 btfss PIR1,RCIF         ; (5) check for received data
003A   2???           00351         goto receive_232
                      00352 
003B   081A           00353         movf RCREG,W            ; save received data in W
003C   1283           00354                 BCF STATUS,RP0                          ;Bank 0
003D   1303           00355                 BCF STATUS,RP1
003E   0008           00356         return
                      00357 
                      00358 ;---------------------------------------------------------------------
                      00359 ;AN4_READ
                      00360 ;
                      00361 ;---------------------------------------------------------------------
003F                  00362 AN4_READ
                      00363 ;
                      00364 ;;This code block configures the A/D
                      00365 ;for polling, Vdd reference, R/C clock
                      00366 ;and RA0 input.
                      00367 ;
                      00368 
003F   1283           00369                 BCF STATUS,RP0                  ;Bank 0
0040   1303           00370                 BCF STATUS,RP1
                      00371 
0041   3011           00372                 MOVLW B'00010001'               ;left, Vdd Vref, AN4, turn on
0042   009F           00373                 MOVWF ADCON0 ;
                      00374 
0043   149F           00375                 BSF ADCON0,GO ;Start conversion
0044   1303           00376                 BCF STATUS,RP1 ;
0045   189F           00377                 BTFSC ADCON0,GO ;Is conversion done?
0046   2???           00378                 GOTO $-1 ;No, test again
0047   081E           00379                 MOVF ADRESH,W                           ;Read upper bits
0048   00A9           00380                 MOVWF ADLOW ;
                      00381 ;               BSF STATUS,RP0                          ;Bank 1
                      00382 ;               MOVF ADRESL,W ;Read lower bits
0049   1283           00383                 BCF STATUS,RP0                          ;Bank 0
004A   1303           00384                 BCF STATUS,RP1
                      00385 ;               MOVWF ADLOW
                      00386                                                                         ;ready to convert
004B   1283           00387                 BCF STATUS,RP0                          ;Bank 0
004C   1303           00388                 BCF STATUS,RP1
004D   0008           00389                 return
                      00390 
                      00391 ;---------------------------------------------------------------------
                      00392 ;AN5_READ
                      00393 ;               Read A2D on AN5
                      00394 ;---------------------------------------------------------------------
004E                  00395 AN5_READ
                      00396 ;
                      00397 ;;This code block configures the A/D
                      00398 ;for polling, Vdd reference, R/C clock
                      00399 ;and RA0 input.
                      00400 ;
MPASM  5.47                      MAIN_V0X.ASM   2-7-2013  19:06:00         PAGE  9


LOC  OBJECT CODE     LINE SOURCE TEXT
  VALUE

004E   1283           00401                 BCF STATUS,RP0 ;Bank 0
004F   1303           00402                 BCF STATUS,RP1
                      00403 
0050   3015           00404                 MOVLW B'00010101'               ;left, Vdd Vref, AN5, turn on
0051   009F           00405                 MOVWF ADCON0 ;
                      00406 
0052   149F           00407                 BSF ADCON0,GO ;Start conversion
0053   1303           00408                 BCF STATUS,RP1 ;
0054   189F           00409                 BTFSC ADCON0,GO ;Is conversion done?
0055   2???           00410                 GOTO $-1 ;No, test again
0056   081E           00411                 MOVF ADRESH,W                           ;Read upper bits
0057   00A9           00412                 MOVWF ADLOW ;
                      00413 ;               BSF STATUS,RP0                          ;Bank 1
                      00414 ;               MOVF ADRESL,W ;Read lower bits
0058   1283           00415                 BCF STATUS,RP0                          ;Bank 0
0059   1303           00416                 BCF STATUS,RP1
                      00417 ;               MOVWF ADLOW
                      00418                                                                         ;ready to convert
005A   1283           00419                 BCF STATUS,RP0                          ;Bank 0
005B   1303           00420                 BCF STATUS,RP1
005C   0008           00421                 return
                      00422 
                      00423 ;---------------------------------------------------------------------
                      00424 ;A2D Stuff CVDEC Converts A2D Values to Decimal
                      00425 ;0-Vdd = 0-200
                      00426 ;---------------------------------------------------------------------
                      00427 
                      00428 
005D                  00429 CVDEC
                      00430 
                      00431 ;    clear receiving bytes
                      00432 
005D   01A2           00433         CLRF    CVD00
005E   01A3           00434         CLRF    CVD01
005F   01A4           00435         CLRF    CVD02
0060   01A5           00436         CLRF    CVD03
0061   01A6           00437         CLRF    CVD04
0062   01A7           00438         CLRF    CVD05
                      00439 ;  for bit 0     50
0063                  00440 CVDEC00
0063   1FA9           00441         BTFSS   ADLOW,07
0064   2???           00442         GOTO    CVDEC01
0065   3005           00443         MOVLW   D'05'
0066   07A3           00444         ADDWF   CVD01,F
                      00445 ;  for bit 1     25
                      00446 
0067                  00447 CVDEC01
0067   1F29           00448         BTFSS   ADLOW,06
0068   2???           00449         GOTO    CVDEC02
                      00450 
0069   3002           00451         MOVLW   D'02'
006A   07A3           00452         ADDWF   CVD01,F
                      00453 
MPASM  5.47                      MAIN_V0X.ASM   2-7-2013  19:06:00         PAGE 10


LOC  OBJECT CODE     LINE SOURCE TEXT
  VALUE

006B   3005           00454         MOVLW   D'05'
006C   07A4           00455         ADDWF   CVD02,F
                      00456 
                      00457 
                      00458 
                      00459 ;  for bit 2     12.5
                      00460 
006D                  00461 CVDEC02
006D   1EA9           00462         BTFSS   ADLOW,05
006E   2???           00463         GOTO    CVDEC03
                      00464 
006F   3001           00465         MOVLW   D'01'
0070   07A3           00466         ADDWF   CVD01,F
                      00467 
0071   3002           00468         MOVLW   D'02'
0072   07A4           00469         ADDWF   CVD02,F
                      00470 
0073   3005           00471         MOVLW   D'05'
0074   07A5           00472         ADDWF   CVD03,F
                      00473 
                      00474 
                      00475 
                      00476 ;  for bit 3     6.25
                      00477 
0075                  00478 CVDEC03
0075   1E29           00479         BTFSS   ADLOW,04
0076   2???           00480         GOTO    CVDEC04
                      00481 
0077   3006           00482         MOVLW   D'06'
0078   07A4           00483         ADDWF   CVD02,F
                      00484 
0079   3002           00485         MOVLW   D'02'
007A   07A5           00486         ADDWF   CVD03,F
                      00487 
007B   3005           00488         MOVLW   D'05'
007C   07A6           00489         ADDWF   CVD04,F
                      00490 
                      00491 
                      00492 
                      00493 ;  for bit 4     3.125
                      00494 
007D                  00495 CVDEC04
007D   1DA9           00496         BTFSS   ADLOW,03
007E   2???           00497         GOTO    CVDEC05
                      00498 
007F   3003           00499         MOVLW   D'03'
0080   07A4           00500         ADDWF   CVD02,F
                      00501 
0081   3001           00502         MOVLW   D'01'
0082   07A5           00503         ADDWF   CVD03,F
                      00504 
0083   3002           00505         MOVLW   D'02'
0084   07A6           00506         ADDWF   CVD04,F
MPASM  5.47                      MAIN_V0X.ASM   2-7-2013  19:06:00         PAGE 11


LOC  OBJECT CODE     LINE SOURCE TEXT
  VALUE

                      00507 
0085   3005           00508         MOVLW   D'05'
0086   07A7           00509         ADDWF   CVD05,F
                      00510 
                      00511 
                      00512 
                      00513 ;  for bit 5     1.5625
                      00514 
0087                  00515 CVDEC05
0087   1D29           00516         BTFSS   ADLOW,02
0088   2???           00517         GOTO    CVDEC06
                      00518 
0089   3001           00519         MOVLW   D'01'
008A   07A4           00520         ADDWF   CVD02,F
                      00521 
008B   3005           00522         MOVLW   D'05'
008C   07A5           00523         ADDWF   CVD03,F
                      00524 
008D   3006           00525         MOVLW   D'06'
008E   07A6           00526         ADDWF   CVD04,F
                      00527 
008F   3003           00528         MOVLW   D'03'
0090   07A7           00529         ADDWF   CVD05,F
                      00530 
                      00531 
                      00532 
                      00533 ;  for bit 6     0.78125
                      00534 
0091                  00535 CVDEC06
0091   1CA9           00536         BTFSS   ADLOW,01
0092   2???           00537         GOTO    CVDEC07
                      00538 
0093   3007           00539         MOVLW   D'07'
0094   07A5           00540         ADDWF   CVD03,F
                      00541 
0095   3008           00542         MOVLW   D'08'
0096   07A6           00543         ADDWF   CVD04,F
                      00544 
0097   3001           00545         MOVLW   D'01'
0098   07A7           00546         ADDWF   CVD05,F
                      00547 
                      00548 
                      00549 
                      00550 ;  for bit 7     0.390625
                      00551 
0099                  00552 CVDEC07
0099   1C29           00553         BTFSS   ADLOW,00
009A   2???           00554         GOTO    CVDEC08
                      00555 
009B   3003           00556         MOVLW   D'03'
009C   07A5           00557         ADDWF   CVD03,F
                      00558 
009D   3009           00559         MOVLW   D'09'
MPASM  5.47                      MAIN_V0X.ASM   2-7-2013  19:06:00         PAGE 12


LOC  OBJECT CODE     LINE SOURCE TEXT
  VALUE

009E   07A6           00560         ADDWF   CVD04,F
                      00561 
009F   3001           00562         MOVLW   D'01'
00A0   07A7           00563         ADDWF   CVD05,F
                      00564 
                      00565 
00A1                  00566 CVDEC08
00A1   300A           00567         MOVLW   D'10'
                      00568 
                      00569 ;   adjust digit  5
                      00570 
00A2   0AA6           00571         INCF    CVD04,F
00A3   02A7           00572         SUBWF   CVD05,F
00A4   1803           00573         BTFSC   STATUS,C
00A5   2???           00574         GOTO    $-3
                      00575 
                      00576         ;  went past zero
                      00577 
00A6   03A6           00578         DECF    CVD04,F
00A7   07A7           00579         ADDWF   CVD05,F
                      00580 
                      00581 ;   adjust digit  4
                      00582 
00A8   0AA5           00583         INCF    CVD03,F
00A9   02A6           00584         SUBWF   CVD04,F
00AA   1803           00585         BTFSC   STATUS,C
00AB   2???           00586         GOTO    $-3
                      00587 
                      00588         ;  went past zero
                      00589 
00AC   03A5           00590         DECF    CVD03,F
00AD   07A6           00591         ADDWF   CVD04,F
                      00592 
                      00593 ;   adjust digit  3
                      00594 
00AE   0AA4           00595         INCF    CVD02,F
00AF   02A5           00596         SUBWF   CVD03,F
00B0   1803           00597         BTFSC   STATUS,C
00B1   2???           00598         GOTO    $-3
                      00599 
                      00600         ;  went past zero
                      00601 
00B2   03A4           00602         DECF    CVD02,F
00B3   07A5           00603         ADDWF   CVD03,F
                      00604 
                      00605 ;   adjust digit  2
                      00606 
00B4   0AA3           00607         INCF    CVD01,F
00B5   02A4           00608         SUBWF   CVD02,F
00B6   1803           00609         BTFSC   STATUS,C
00B7   2???           00610         GOTO    $-3
                      00611 
                      00612         ;  went past zero
MPASM  5.47                      MAIN_V0X.ASM   2-7-2013  19:06:00         PAGE 13


LOC  OBJECT CODE     LINE SOURCE TEXT
  VALUE

                      00613 
00B8   03A3           00614         DECF    CVD01,F
00B9   07A4           00615         ADDWF   CVD02,F
                      00616 
                      00617 ;   adjust digit  1
                      00618 
00BA   0AA2           00619         INCF    CVD00,F
00BB   02A3           00620         SUBWF   CVD01,F
00BC   1803           00621         BTFSC   STATUS,C
00BD   2???           00622         GOTO    $-3
                      00623 
                      00624         ;  went past zero
                      00625 
00BE   03A2           00626         DECF    CVD00,F
00BF   07A3           00627         ADDWF   CVD01,F
                      00628 ;  no need to adjust high order byte
                      00629 ;   convert to ascii
                      00630 
00C0   3030           00631         MOVLW   D'48'
                      00632 
00C1   07A2           00633         ADDWF   CVD00,F
00C2   07A3           00634         ADDWF   CVD01,F
00C3   07A4           00635         ADDWF   CVD02,F
00C4   07A5           00636         ADDWF   CVD03,F
00C5   07A6           00637         ADDWF   CVD04,F
00C6   07A7           00638         ADDWF   CVD05,F
                      00639 ;       max value a/d is 99.61
00C7   1283           00640                 BCF STATUS,RP0                          ;Bank 0
00C8   1303           00641                 BCF STATUS,RP1
00C9   0008           00642         return
                      00643 
                      00644 ;---------------------------------------------------------------------
                      00645 ; leds
                      00646 ;---------------------------------------------------------------------  
00CA                  00647 led_on
                      00648                 ;if on display 5 second count in binary on LED1-3
                      00649 ;               BCF     PORTA,4
00CA   0000           00650                 nop
00CB   0008           00651                 return
                      00652 
00CC                  00653 led_off
                      00654 ;               BSF     PORTA,4
00CC   0000           00655                 nop
00CD   0008           00656                 return
                      00657 
                      00658 ;---------------------------------------------------------------------
                      00659 ; poll_18f (RC2)
                      00660 ;in attack mode? 0=search 1=attack
                      00661 ;---------------------------------------------------------------------
00CE                  00662 poll_18f
00CE   1907           00663                 BTFSC   PORTC,2
00CF   14A0           00664                 bsf             attack_mode
00D0   1D07           00665                 BTFSS   PORTC,2
MPASM  5.47                      MAIN_V0X.ASM   2-7-2013  19:06:00         PAGE 14


LOC  OBJECT CODE     LINE SOURCE TEXT
  VALUE

00D1   10A0           00666                 bcf             attack_mode
00D2   1283           00667                 BCF STATUS,RP0                          ;Bank 0
00D3   1303           00668                 BCF STATUS,RP1
00D4   0008           00669                 return
                      00670 
                      00671 ;---------------------------------------------------------------------
                      00672 ; poll_power (RC3)
                      00673 ;---------------------------------------------------------------------
00D5                  00674 poll_power      
00D5   1283           00675                 BCF STATUS,RP0                          ;Bank 0
00D6   1303           00676                 BCF STATUS,RP1
                      00677 
00D7   1D87           00678                 BTFSS PORTC,3
00D8   1420           00679                 bsf     mode
00D9   0000           00680                 NOP
                      00681 ;               BCF     PORTA,2                                 ;Tell that free loadn' 18F2331 it's time
                             to dance!
00DA   1820           00682                 btfsc   mode
00DB   1505           00683                 BSF     PORTA,2
00DC   0000           00684                 NOP             
                      00685 
00DD   1283           00686                 BCF STATUS,RP0                          ;Bank 0
00DE   1303           00687                 BCF STATUS,RP1
00DF   0008           00688                 return
                      00689 
                      00690 ;---------------------------------------------------------------------
                      00691 ; send232_status
                      00692 ;---------------------------------------------------------------------
00E0                  00693 send232_status
                      00694                                                 ;send + mode attack +
00E0   302B           00695                 movlw   '+'
00E1   2???           00696                 call    send_232
00E2   1820           00697                 btfsc   mode
00E3   3031           00698                 movlw   '1'
00E4   1C20           00699                 btfss   mode
00E5   3030           00700                 movlw   '0'
00E6   2???           00701                 call    send_232
00E7   18A0           00702                 btfsc   attack_mode
00E8   3031           00703                 movlw   '1'
00E9   1CA0           00704                 btfss   attack_mode
00EA   3030           00705                 movlw   '0'
00EB   2???           00706                 call    send_232
00EC   302B           00707                 movlw   '+'
00ED   2???           00708                 call    send_232
00EE   1283           00709                 BCF STATUS,RP0                          ;Bank 0
00EF   1303           00710                 BCF STATUS,RP1
00F0   0008           00711                 return
                      00712 
                      00713 ;---------------------------------------------------------------------
                      00714 ; send232_adc
                      00715 ;drop the contents of the converted ADC info to RS232
                      00716 ;---------------------------------------------------------------------
00F1                  00717 send_adc
MPASM  5.47                      MAIN_V0X.ASM   2-7-2013  19:06:00         PAGE 15


LOC  OBJECT CODE     LINE SOURCE TEXT
  VALUE

                      00718 
00F1   2???           00719                 call    CVDEC
                      00720 ;               movfw   CVD00
                      00721 ;               call    send_232
00F2   0823           00722                 movfw   CVD01
00F3   2???           00723                 call    send_232
00F4   0824           00724                 movfw   CVD02
00F5   2???           00725                 call    send_232
00F6   0825           00726                 movfw   CVD03
00F7   2???           00727                 call    send_232
00F8   0826           00728                 movfw   CVD04
00F9   2???           00729                 call    send_232
00FA   1283           00730                 BCF STATUS,RP0                          ;Bank 0
00FB   1303           00731                 BCF STATUS,RP1
00FC   0008           00732                 return
                      00733 
                      00734 
                      00735 
                      00736 ;---------------------------------------------------------------------
                      00737 ; poll_bumpers
                      00738 ;.. polling the bumpers 
                      00739 ;---------------------------------------------------------------------
                      00740 
00FD                  00741 poll_bumpers
00FD   1283           00742                 BCF STATUS,RP0                          ;Bank 0
00FE   1303           00743                 BCF STATUS,RP1
                      00744 
00FF   01AA           00745                 CLRF    CLFSEN
0100   1A87           00746                 btfsc   PORTC,5                 ;RC5 Left Front Cliff Sensor
0101   142A           00747                 bsf             LFCS
0102   0000           00748                 nop                             
                      00749 
0103   1283           00750                 BCF STATUS,RP0                          ;Bank 0
0104   1303           00751                 BCF STATUS,RP1
0105   0008           00752                 return
                      00753 
                      00754 
                      00755 ;---------------------------------------------------------------------
                      00756 ; poll_cliffsensors     FUTURE USE? NOT USED NOW.
                      00757 ;.. a start/polls the cliff sensors
                      00758 ;---------------------------------------------------------------------
0106                  00759 poll_cliffsensors
0106   1283           00760                 BCF STATUS,RP0                          ;Bank 0
0107   1303           00761                 BCF STATUS,RP1
                      00762 
0108   01AA           00763                 CLRF    CLFSEN
                      00764 ;               btfsc   PORTC,5                 ;RC5 Left Front Cliff Sensor
                      00765 ;               bsf             LFCS
                      00766 ;               nop
                      00767 ;               btfsc   PORTC,4                 ;RC4 Left Rear Cliff Sensor
                      00768 ;               bsf             LRCS
                      00769 ;               nop
                      00770 ;               btfsc   PORTC,6                 ;RC6 Right Front Cliff Sensor
MPASM  5.47                      MAIN_V0X.ASM   2-7-2013  19:06:00         PAGE 16


LOC  OBJECT CODE     LINE SOURCE TEXT
  VALUE

                      00771 ;               bsf             RFCS
                      00772 ;               nop
                      00773 ;               btfsc   PORTC,7                 ;RC7 Right Rear Cliff Sensor
                      00774 ;               bsf             RRCS
0109   0000           00775                 nop
                      00776 
010A   1283           00777                 BCF STATUS,RP0                          ;Bank 0
010B   1303           00778                 BCF STATUS,RP1
010C   0008           00779                 return
                      00780 ;---------------------------------------------------------------------
                      00781 ; Main Code
                      00782 ;---------------------------------------------------------------------
010D                  00783 start
010D   1283           00784                 BCF STATUS,RP0                          ;Bank 0
010E   1303           00785                 BCF STATUS,RP1
010F   01A1           00786                 clrf dly0
0110   0BA1           00787                 decfsz dly0 ,f
0111   2???           00788                 goto $-1
0112   0000           00789                 nop
0113   2???           00790                 call    init_ports
0114   01A0           00791                 clrf    myflags
0115   01A8           00792                 CLRF    ADHIGH          ;not used right now
0116                  00793 main
0116   0000           00794                 NOP
                      00795 
0117   1283           00796                 BCF STATUS,RP0                          ;Bank 0
0118   1303           00797                 BCF STATUS,RP1
                      00798 
0119   01AA           00799                 CLRF    CLFSEN                          ;reset cliff sensor status
                      00800 
011A   2???           00801                 call    poll_power              ;power switch pressed?
                      00802                         
                      00803 ;               btfsc   mode
                      00804 ;               call    led_on
                      00805 
                      00806 ;               btfss   mode
                      00807 ;               call    led_off
                      00808 
011B   1685           00809                 bsf             PORTA,5                 ;visual heatbeat/turn on LED
                      00810 
011C   2???           00811                 call    send232_status  ;update monitoring software   +00+ xxxx xxxx xxxx xxxx
                      00812 
011D   2???           00813                 call    AN4_READ                ;read tachometer and send via BT  xxxx 999xxx xxxx xxxx 
                            xxxx
011E   2???           00814                 call    send_adc
                      00815 
011F   2???           00816                 call    AN5_READ                ;read tachometer and send via BT  xxxx xxx999 xxxx xxxx 
                            xxxx
0120   2???           00817                 call    send_adc
                      00818 
                      00819                 ;call   poll_battery    ;future battery monitoring
0121   3030           00820                 movlw   '0'                             ;send 00.0v for now
0122   2???           00821                 call    send_232
MPASM  5.47                      MAIN_V0X.ASM   2-7-2013  19:06:00         PAGE 17


LOC  OBJECT CODE     LINE SOURCE TEXT
  VALUE

0123   3030           00822                 movlw   '0'
0124   2???           00823                 call    send_232
0125   3030           00824                 movlw   '0'
0126   2???           00825                 call    send_232
0127   3030           00826                 movlw   '0'                             ;also send 0.0 amps
0128   2???           00827                 call    send_232
0129   3030           00828                 movlw   '0'
012A   2???           00829                 call    send_232
                      00830 
012B   2???           00831                 call    poll_bumpers            ;this is technicially disabled.
                      00832 
012C   3030           00833                 movlw   '0'                                     ;send no Left Bumper
012D   1A2A           00834                 btfsc   LBUMP                           ;
012E   3031           00835                 movlw   '1'
012F   2???           00836                 call    send_232
                      00837 
0130   3030           00838                 movlw   '0'                                     ;send no Right Bumper
0131   1AAA           00839                 btfsc   RBUMP                           ;
0132   3031           00840                 movlw   '1'
0133   2???           00841                 call    send_232                        
                      00842 
0134   01AA           00843                 CLRF    CLFSEN
0135   2???           00844                 call    poll_cliffsensors       ;any cliffs?
                      00845                 
0136   3030           00846                 movlw   '0'                     
0137   18AA           00847                 btfsc   LRCS                            ;LRCS
0138   3031           00848                 movlw   '1'
0139   0000           00849                 nop                             
013A   2???           00850                 call    send_232
                      00851         
013B   3030           00852                 movlw   '0'     
013C   182A           00853                 btfsc   LFCS                            ;LFCS
013D   3031           00854                 movlw   '1'
013E   0000           00855                 nop                             
013F   2???           00856                 call    send_232
                      00857 
0140   3030           00858                 movlw   '0'                                     ;FRCS
0141   192A           00859                 btfsc   RFCS                            ;FRCS
0142   3031           00860                 movlw   '1'
0143   2???           00861                 call    send_232
                      00862 
0144   3030           00863                 movlw   '0'                                     ;RRCS
0145   19AA           00864                 btfsc   RRCS                            ;RRCS
0146   3031           00865                 movlw   '1'
0147   2???           00866                 call    send_232
                      00867 
0148   302D           00868                 movlw   '-'                                     ;"done" bit
0149   2???           00869                 call    send_232
                      00870 
014A   300D           00871                 movlw   0x0D    ;CR
                      00872 
014B   2???           00873                 call    send_232
                      00874 
MPASM  5.47                      MAIN_V0X.ASM   2-7-2013  19:06:00         PAGE 18


LOC  OBJECT CODE     LINE SOURCE TEXT
  VALUE

014C   2???           00875                 call    poll_18f        ;poll for bot's mode (seek/attack)
                      00876 
014D   1285           00877                 bcf     PORTA,5                 ;visual heartbeat/turn off LED
014E   01A1           00878                 clrf dly0
014F   0BA1           00879                 decfsz dly0 ,f
0150   2???           00880                 goto $-1
0151   0000           00881                 nop
0152   01A1           00882                 clrf dly0
0153   0BA1           00883                 decfsz dly0 ,f
0154   2???           00884                 goto $-1
0155   0000           00885                 nop
0156   01A1           00886                 clrf dly0
0157   0BA1           00887                 decfsz dly0 ,f
0158   2???           00888                 goto $-1
0159   0000           00889                 nop
015A   01A1           00890                 clrf dly0
015B   0BA1           00891                 decfsz dly0 ,f
015C   2???           00892                 goto $-1
015D   0000           00893                 nop
015E   01A1           00894                 clrf dly0
015F   0BA1           00895                 decfsz dly0 ,f
0160   2???           00896                 goto $-1
0161   0000           00897                 nop
0162   01A1           00898                 clrf dly0
0163   0BA1           00899                 decfsz dly0 ,f
0164   2???           00900                 goto $-1
0165   0000           00901                 nop
0166   01A1           00902                 clrf dly0
0167   0BA1           00903                 decfsz dly0 ,f
0168   2???           00904                 goto $-1
0169   0000           00905                 nop
016A   01A1           00906                 clrf dly0
016B   0BA1           00907                 decfsz dly0 ,f
016C   2???           00908                 goto $-1
016D   0000           00909                 nop
016E   01A1           00910                 clrf dly0
016F   0BA1           00911                 decfsz dly0 ,f
0170   2???           00912                 goto $-1
0171   0000           00913                 nop
0172   01A1           00914                 clrf dly0
0173   0BA1           00915                 decfsz dly0 ,f
0174   2???           00916                 goto $-1
0175   0000           00917                 nop
0176   01A1           00918                 clrf dly0
0177   0BA1           00919                 decfsz dly0 ,f
0178   2???           00920                 goto $-1
0179   0000           00921                 nop
017A   01A1           00922                 clrf dly0
017B   0BA1           00923                 decfsz dly0 ,f
017C   2???           00924                 goto $-1
017D   0000           00925                 nop
017E   01A1           00926                 clrf dly0
017F   0BA1           00927                 decfsz dly0 ,f
MPASM  5.47                      MAIN_V0X.ASM   2-7-2013  19:06:00         PAGE 19


LOC  OBJECT CODE     LINE SOURCE TEXT
  VALUE

0180   2???           00928                 goto $-1
0181   0000           00929                 nop
0182   01A1           00930                 clrf dly0
0183   0BA1           00931                 decfsz dly0 ,f
0184   2???           00932                 goto $-1
0185   0000           00933                 nop
0186   01A1           00934                 clrf dly0
0187   0BA1           00935                 decfsz dly0 ,f
0188   2???           00936                 goto $-1
0189   0000           00937                 nop
018A   01A1           00938                 clrf dly0
018B   0BA1           00939                 decfsz dly0 ,f
018C   2???           00940                 goto $-1
018D   0000           00941                 nop
018E   01A1           00942                 clrf dly0
018F   0BA1           00943                 decfsz dly0 ,f
0190   2???           00944                 goto $-1
0191   0000           00945                 nop
0192   01A1           00946                 clrf dly0
0193   0BA1           00947                 decfsz dly0 ,f
0194   2???           00948                 goto $-1
0195   0000           00949                 nop
0196   2???           00950                 goto main
30C4                  00951         end
MPASM  5.47                      MAIN_V0X.ASM   2-7-2013  19:06:00         PAGE 20


SYMBOL TABLE
  LABEL                             VALUE 

ABDEN                             00000000
ABDOVF                            00000007
ADCON0                            0000001F
ADCON1                            0000009F
ADCS0                             00000004
ADCS1                             00000005
ADCS2                             00000006
ADDEN                             00000003
ADFM                              00000007
ADHIGH                            00000028
ADIE                              00000006
ADIF                              00000006
ADLOW                             00000029
ADON                              00000000
ADRESH                            0000001E
ADRESL                            0000009E
AN4_READ                          0000003F
AN5_READ                          0000004E
ANS0                              00000000
ANS1                              00000001
ANS10                             00000002
ANS11                             00000003
ANS2                              00000002
ANS3                              00000003
ANS4                              00000004
ANS5                              00000005
ANS6                              00000006
ANS7                              00000007
ANS8                              00000000
ANS9                              00000001
ANSEL                             0000011E
ANSELH                            0000011F
BAUDCTL                           0000009B
BF                                00000000
BRG0                              00000000
BRG1                              00000001
BRG10                             00000002
BRG11                             00000003
BRG12                             00000004
BRG13                             00000005
BRG14                             00000006
BRG15                             00000007
BRG16                             00000003
BRG2                              00000002
BRG3                              00000003
BRG4                              00000004
BRG5                              00000005
BRG6                              00000006
BRG7                              00000007
BRG8                              00000000
BRG9                              00000001
BRGH                              00000002
C                                 00000000
MPASM  5.47                      MAIN_V0X.ASM   2-7-2013  19:06:00         PAGE 21


SYMBOL TABLE
  LABEL                             VALUE 

C1CH0                             00000000
C1CH1                             00000001
C1IE                              00000005
C1IF                              00000005
C1OE                              00000005
C1ON                              00000007
C1OUT                             00000006
C1POL                             00000004
C1R                               00000002
C1SEN                             00000005
C1VREN                            00000007
C2CH0                             00000000
C2CH1                             00000001
C2IE                              00000006
C2IF                              00000006
C2OE                              00000005
C2ON                              00000007
C2OUT                             00000006
C2POL                             00000004
C2R                               00000002
C2REN                             00000004
C2SYNC                            00000000
C2VREN                            00000006
CCP1CON                           00000017
CCP1IE                            00000002
CCP1IF                            00000002
CCP1M0                            00000000
CCP1M1                            00000001
CCP1M2                            00000002
CCP1M3                            00000003
CCPR                              00000015
CCPR1H                            00000016
CCPR1L                            00000015
CHS0                              00000002
CHS1                              00000003
CHS2                              00000004
CHS3                              00000005
CKE                               00000006
CKP                               00000004
CLFSEN                            0000002A
CM1CON0                           00000119
CM2CON0                           0000011A
CM2CON1                           0000011B
CREN                              00000004
CSRC                              00000007
CVD00                             00000022
CVD01                             00000023
CVD02                             00000024
CVD03                             00000025
CVD04                             00000026
CVD05                             00000027
CVDEC                             0000005D
CVDEC00                           00000063
MPASM  5.47                      MAIN_V0X.ASM   2-7-2013  19:06:00         PAGE 22


SYMBOL TABLE
  LABEL                             VALUE 

CVDEC01                           00000067
CVDEC02                           0000006D
CVDEC03                           00000075
CVDEC04                           0000007D
CVDEC05                           00000087
CVDEC06                           00000091
CVDEC07                           00000099
CVDEC08                           000000A1
D                                 00000005
DATA_ADDRESS                      00000005
DC                                00000001
DC1B0                             00000004
DC1B1                             00000005
D_A                               00000005
D_NOT_A                           00000005
ECCPAS                            0000001D
ECCPAS0                           00000004
ECCPAS1                           00000005
ECCPAS2                           00000006
ECCPASE                           00000007
EEADR                             0000010D
EEADRH                            0000010F
EECON1                            0000018C
EECON2                            0000018D
EEDAT                             0000010C
EEDATA                            0000010C
EEDATH                            0000010E
EEIE                              00000004
EEIF                              00000004
EEPGD                             00000007
F                                 00000001
FERR                              00000002
FSR                               00000004
GIE                               00000007
GO                                00000001
GO_DONE                           00000001
GO_NOT_DONE                       00000001
HTS                               00000002
I2C_DATA                          00000005
I2C_READ                          00000002
I2C_START                         00000003
I2C_STOP                          00000004
INDF                              00000000
INTCON                            0000000B
INTE                              00000004
INTEDG                            00000006
INTF                              00000001
IOC                               00000096
IOC0                              00000000
IOC1                              00000001
IOC2                              00000002
IOC3                              00000003
IOC4                              00000004
MPASM  5.47                      MAIN_V0X.ASM   2-7-2013  19:06:00         PAGE 23


SYMBOL TABLE
  LABEL                             VALUE 

IOC5                              00000005
IOCA                              00000096
IOCA0                             00000000
IOCA1                             00000001
IOCA2                             00000002
IOCA3                             00000003
IOCA4                             00000004
IOCA5                             00000005
IOCB                              00000116
IOCB4                             00000004
IOCB5                             00000005
IOCB6                             00000006
IOCB7                             00000007
IRCF0                             00000004
IRCF1                             00000005
IRCF2                             00000006
IRP                               00000007
LBUMP                             CLFSEN,4
LFCS                              CLFSEN,0
LRCS                              CLFSEN,1
LTS                               00000001
MC1OUT                            00000007
MC2OUT                            00000006
MSK                               00000093
MSK0                              00000000
MSK1                              00000001
MSK2                              00000002
MSK3                              00000003
MSK4                              00000004
MSK5                              00000005
MSK6                              00000006
MSK7                              00000007
NOT_A                             00000005
NOT_ADDRESS                       00000005
NOT_BOR                           00000000
NOT_DONE                          00000001
NOT_PD                            00000003
NOT_POR                           00000001
NOT_RABPU                         00000007
NOT_T1SYNC                        00000002
NOT_TO                            00000004
NOT_W                             00000002
NOT_WRITE                         00000002
OERR                              00000001
OPTION_REG                        00000081
OSCCON                            0000008F
OSCTUNE                           00000090
OSFIE                             00000007
OSFIF                             00000007
OSTS                              00000003
P                                 00000004
P1M0                              00000006
P1M1                              00000007
MPASM  5.47                      MAIN_V0X.ASM   2-7-2013  19:06:00         PAGE 24


SYMBOL TABLE
  LABEL                             VALUE 

PCL                               00000002
PCLATH                            0000000A
PCON                              0000008E
PDC0                              00000000
PDC1                              00000001
PDC2                              00000002
PDC3                              00000003
PDC4                              00000004
PDC5                              00000005
PDC6                              00000006
PEIE                              00000006
PIE1                              0000008C
PIE2                              0000008D
PIR1                              0000000C
PIR2                              0000000D
PORTA                             00000005
PORTB                             00000006
PORTC                             00000007
PR2                               00000092
PRSEN                             00000007
PS0                               00000000
PS1                               00000001
PS2                               00000002
PSA                               00000003
PSSAC0                            00000002
PSSAC1                            00000003
PSSBD0                            00000000
PSSBD1                            00000001
PSTRCON                           0000019D
PULSR                             00000002
PULSS                             00000003
PWM1CON                           0000001C
R                                 00000002
RA0                               00000000
RA1                               00000001
RA2                               00000002
RA3                               00000003
RA4                               00000004
RA5                               00000005
RABIE                             00000003
RABIF                             00000000
RB4                               00000004
RB5                               00000005
RB6                               00000006
RB7                               00000007
RBUMP                             CLFSEN,5
RC0                               00000000
RC1                               00000001
RC2                               00000002
RC3                               00000003
RC4                               00000004
RC5                               00000005
RC6                               00000006
MPASM  5.47                      MAIN_V0X.ASM   2-7-2013  19:06:00         PAGE 25


SYMBOL TABLE
  LABEL                             VALUE 

RC7                               00000007
RCIDL                             00000006
RCIE                              00000005
RCIF                              00000005
RCREG                             0000001A
RCSTA                             00000018
RD                                00000000
READ_WRITE                        00000002
RFCS                              CLFSEN,2
RP0                               00000005
RP1                               00000006
RRCS                              CLFSEN,3
RX9                               00000006
RX9D                              00000000
R_NOT_W                           00000002
R_W                               00000002
S                                 00000003
SBOREN                            00000004
SCKP                              00000004
SCS                               00000000
SENB                              00000003
SENDB                             00000003
SMP                               00000007
SPBRG                             00000099
SPBRGH                            0000009A
SPEN                              00000007
SR0                               00000006
SR1                               00000007
SRCON                             0000019E
SREN                              00000005
SSPADD                            00000093
SSPBUF                            00000013
SSPCON                            00000014
SSPEN                             00000005
SSPIE                             00000003
SSPIF                             00000003
SSPM0                             00000000
SSPM1                             00000001
SSPM2                             00000002
SSPM3                             00000003
SSPMSK                            00000093
SSPOV                             00000006
SSPSTAT                           00000094
STATUS                            00000003
STRA                              00000000
STRB                              00000001
STRC                              00000002
STRD                              00000003
STRSYNC                           00000004
SWDTEN                            00000000
SYNC                              00000004
T0CS                              00000005
T0IE                              00000005
MPASM  5.47                      MAIN_V0X.ASM   2-7-2013  19:06:00         PAGE 26


SYMBOL TABLE
  LABEL                             VALUE 

T0IF                              00000002
T0SE                              00000004
T1CKPS0                           00000004
T1CKPS1                           00000005
T1CON                             00000010
T1GINV                            00000007
T1GSS                             00000001
T1IE                              00000000
T1IF                              00000000
T1OSCEN                           00000003
T2CKPS0                           00000000
T2CKPS1                           00000001
T2CON                             00000012
T2IE                              00000001
T2IF                              00000001
TMR0                              00000001
TMR1                              0000000E
TMR1CS                            00000001
TMR1GE                            00000006
TMR1H                             0000000F
TMR1IE                            00000000
TMR1IF                            00000000
TMR1L                             0000000E
TMR1ON                            00000000
TMR2                              00000011
TMR2IE                            00000001
TMR2IF                            00000001
TMR2ON                            00000002
TOUTPS0                           00000003
TOUTPS1                           00000004
TOUTPS2                           00000005
TOUTPS3                           00000006
TRISA                             00000085
TRISA0                            00000000
TRISA1                            00000001
TRISA2                            00000002
TRISA3                            00000003
TRISA4                            00000004
TRISA5                            00000005
TRISB                             00000086
TRISB4                            00000004
TRISB5                            00000005
TRISB6                            00000006
TRISB7                            00000007
TRISC                             00000087
TRISC0                            00000000
TRISC1                            00000001
TRISC2                            00000002
TRISC3                            00000003
TRISC4                            00000004
TRISC5                            00000005
TRISC6                            00000006
TRISC7                            00000007
MPASM  5.47                      MAIN_V0X.ASM   2-7-2013  19:06:00         PAGE 27


SYMBOL TABLE
  LABEL                             VALUE 

TRMT                              00000001
TUN0                              00000000
TUN1                              00000001
TUN2                              00000002
TUN3                              00000003
TUN4                              00000004
TX9                               00000006
TX9D                              00000000
TXEN                              00000005
TXIE                              00000004
TXIF                              00000004
TXREG                             00000019
TXSTA                             00000098
UA                                00000001
ULPWUE                            00000005
VCFG                              00000006
VP6EN                             00000004
VR0                               00000000
VR1                               00000001
VR2                               00000002
VR3                               00000003
VRCON                             00000118
VRR                               00000005
W                                 00000000
WCOL                              00000007
WDTCON                            00000097
WDTPS0                            00000001
WDTPS1                            00000002
WDTPS2                            00000003
WDTPS3                            00000004
WPU                               00000095
WPU0                              00000000
WPU1                              00000001
WPU2                              00000002
WPU4                              00000004
WPU5                              00000005
WPUA                              00000095
WPUA0                             00000000
WPUA1                             00000001
WPUA2                             00000002
WPUA4                             00000004
WPUA5                             00000005
WPUB                              00000115
WPUB4                             00000004
WPUB5                             00000005
WPUB6                             00000006
WPUB7                             00000007
WR                                00000001
WREN                              00000002
WRERR                             00000003
WUE                               00000001
Z                                 00000002
_.org_1_0035                      00000035
MPASM  5.47                      MAIN_V0X.ASM   2-7-2013  19:06:00         PAGE 28


SYMBOL TABLE
  LABEL                             VALUE 

_.org_1_0046                      00000046
_.org_1_0055                      00000055
_.org_1_00A5                      000000A5
_.org_1_00AB                      000000AB
_.org_1_00B1                      000000B1
_.org_1_00B7                      000000B7
_.org_1_00BD                      000000BD
_.org_1_0111                      00000111
_.org_1_0150                      00000150
_.org_1_0154                      00000154
_.org_1_0158                      00000158
_.org_1_015C                      0000015C
_.org_1_0160                      00000160
_.org_1_0164                      00000164
_.org_1_0168                      00000168
_.org_1_016C                      0000016C
_.org_1_0170                      00000170
_.org_1_0174                      00000174
_.org_1_0178                      00000178
_.org_1_017C                      0000017C
_.org_1_0180                      00000180
_.org_1_0184                      00000184
_.org_1_0188                      00000188
_.org_1_018C                      0000018C
_.org_1_0190                      00000190
_.org_1_0194                      00000194
_BOD_NSLEEP                       00003EFF
_BOD_OFF                          00003CFF
_BOD_ON                           00003FFF
_BOD_SBODEN                       00003DFF
_BOREN_NSLEEP                     00003EFF
_BOREN_OFF                        00003CFF
_BOREN_ON                         00003FFF
_BOREN_SBODEN                     00003DFF
_BOR_NSLEEP                       00003EFF
_BOR_OFF                          00003CFF
_BOR_ON                           00003FFF
_BOR_SBODEN                       00003DFF
_CONFIG                           00002007
_CPD_OFF                          00003FFF
_CPD_ON                           00003F7F
_CP_OFF                           00003FFF
_CP_ON                            00003FBF
_DEVID1                           00002006
_EC_OSC                           00003FFB
_EXTRC                            00003FFF
_EXTRCIO                          00003FFE
_EXTRC_OSC_CLKOUT                 00003FFF
_EXTRC_OSC_NOCLKOUT               00003FFE
_FCMEN_OFF                        000037FF
_FCMEN_ON                         00003FFF
_FOSC_EC                          00003FFB
_FOSC_EXTRCCLK                    00003FFF
MPASM  5.47                      MAIN_V0X.ASM   2-7-2013  19:06:00         PAGE 29


SYMBOL TABLE
  LABEL                             VALUE 

_FOSC_EXTRCIO                     00003FFE
_FOSC_HS                          00003FFA
_FOSC_INTRCCLK                    00003FFD
_FOSC_INTRCIO                     00003FFC
_FOSC_LP                          00003FF8
_FOSC_XT                          00003FF9
_HS_OSC                           00003FFA
_IDLOC0                           00002000
_IDLOC1                           00002001
_IDLOC2                           00002002
_IDLOC3                           00002003
_IESO_OFF                         00003BFF
_IESO_ON                          00003FFF
_INTOSC                           00003FFD
_INTOSCIO                         00003FFC
_INTRC_OSC_CLKOUT                 00003FFD
_INTRC_OSC_NOCLKOUT               00003FFC
_LP_OSC                           00003FF8
_MCLRE_OFF                        00003FDF
_MCLRE_ON                         00003FFF
_PWRTE_OFF                        00003FFF
_PWRTE_ON                         00003FEF
_WDTE_OFF                         00003FF7
_WDTE_ON                          00003FFF
_WDT_OFF                          00003FF7
_WDT_ON                           00003FFF
_XT_OSC                           00003FF9
__16F690                          00000001
attack_mode                       myflags,1
d1                                00000000
d2                                00000001
d3                                00000002
dly0                              00000021
init_ports                        00000006
led_off                           000000CC
led_on                            000000CA
main                              00000116
mode                              myflags,0
myflags                           00000020
poll_18f                          000000CE
poll_bumpers                      000000FD
poll_cliffsensors                 00000106
poll_power                        000000D5
receive_232                       00000039
send232_status                    000000E0
send_232                          0000002F
send_adc                          000000F1
start                             0000010D

Errors   :     0
Warnings :     0 reported,     0 suppressed
Messages :     0 reported,    12 suppressed

